[0.015s] Invoking command in '/home/mario/master_ws/build/rviz_marker_tools': CMAKE_PREFIX_PATH=${CMAKE_PREFIX_PATH}:/home/mario/master_ws/install/estun_description:/opt/ros/jazzy DEBUGINFOD_URLS=https://debuginfod.ubuntu.com /usr/bin/cmake --build /home/mario/master_ws/build/rviz_marker_tools -- -j12 -l12
[0.079s] [100%] Built target rviz_marker_tools
[0.244s] Invoked command in '/home/mario/master_ws/build/rviz_marker_tools' returned '0': CMAKE_PREFIX_PATH=${CMAKE_PREFIX_PATH}:/home/mario/master_ws/install/estun_description:/opt/ros/jazzy DEBUGINFOD_URLS=https://debuginfod.ubuntu.com /usr/bin/cmake --build /home/mario/master_ws/build/rviz_marker_tools -- -j12 -l12
[0.254s] Invoking command in '/home/mario/master_ws/build/rviz_marker_tools': CMAKE_PREFIX_PATH=${CMAKE_PREFIX_PATH}:/home/mario/master_ws/install/estun_description:/opt/ros/jazzy DEBUGINFOD_URLS=https://debuginfod.ubuntu.com /usr/bin/cmake --install /home/mario/master_ws/build/rviz_marker_tools
[0.266s] -- Install configuration: "Release"
[0.266s] -- Up-to-date: /home/mario/master_ws/install/rviz_marker_tools/include
[0.266s] -- Up-to-date: /home/mario/master_ws/install/rviz_marker_tools/include/rviz_marker_tools
[0.266s] -- Up-to-date: /home/mario/master_ws/install/rviz_marker_tools/include/rviz_marker_tools/marker_creation.h
[0.267s] -- Up-to-date: /home/mario/master_ws/install/rviz_marker_tools/lib/librviz_marker_tools.so
[0.267s] -- Up-to-date: /home/mario/master_ws/install/rviz_marker_tools/share/rviz_marker_tools/environment/library_path.sh
[0.267s] -- Up-to-date: /home/mario/master_ws/install/rviz_marker_tools/share/rviz_marker_tools/environment/library_path.dsv
[0.267s] -- Up-to-date: /home/mario/master_ws/install/rviz_marker_tools/share/ament_index/resource_index/package_run_dependencies/rviz_marker_tools
[0.267s] -- Up-to-date: /home/mario/master_ws/install/rviz_marker_tools/share/ament_index/resource_index/parent_prefix_path/rviz_marker_tools
[0.267s] -- Up-to-date: /home/mario/master_ws/install/rviz_marker_tools/share/rviz_marker_tools/environment/ament_prefix_path.sh
[0.267s] -- Up-to-date: /home/mario/master_ws/install/rviz_marker_tools/share/rviz_marker_tools/environment/ament_prefix_path.dsv
[0.268s] -- Up-to-date: /home/mario/master_ws/install/rviz_marker_tools/share/rviz_marker_tools/environment/path.sh
[0.268s] -- Up-to-date: /home/mario/master_ws/install/rviz_marker_tools/share/rviz_marker_tools/environment/path.dsv
[0.268s] -- Up-to-date: /home/mario/master_ws/install/rviz_marker_tools/share/rviz_marker_tools/local_setup.bash
[0.268s] -- Up-to-date: /home/mario/master_ws/install/rviz_marker_tools/share/rviz_marker_tools/local_setup.sh
[0.268s] -- Up-to-date: /home/mario/master_ws/install/rviz_marker_tools/share/rviz_marker_tools/local_setup.zsh
[0.268s] -- Up-to-date: /home/mario/master_ws/install/rviz_marker_tools/share/rviz_marker_tools/local_setup.dsv
[0.268s] -- Installing: /home/mario/master_ws/install/rviz_marker_tools/share/rviz_marker_tools/package.dsv
[0.268s] -- Up-to-date: /home/mario/master_ws/install/rviz_marker_tools/share/ament_index/resource_index/packages/rviz_marker_tools
[0.269s] -- Up-to-date: /home/mario/master_ws/install/rviz_marker_tools/share/rviz_marker_tools/cmake/rviz_marker_toolsTargetsExport.cmake
[0.269s] -- Up-to-date: /home/mario/master_ws/install/rviz_marker_tools/share/rviz_marker_tools/cmake/rviz_marker_toolsTargetsExport-release.cmake
[0.269s] -- Up-to-date: /home/mario/master_ws/install/rviz_marker_tools/share/rviz_marker_tools/cmake/ament_cmake_export_targets-extras.cmake
[0.269s] -- Up-to-date: /home/mario/master_ws/install/rviz_marker_tools/share/rviz_marker_tools/cmake/ament_cmake_export_dependencies-extras.cmake
[0.269s] -- Up-to-date: /home/mario/master_ws/install/rviz_marker_tools/share/rviz_marker_tools/cmake/rviz_marker_toolsConfig.cmake
[0.269s] -- Up-to-date: /home/mario/master_ws/install/rviz_marker_tools/share/rviz_marker_tools/cmake/rviz_marker_toolsConfig-version.cmake
[0.269s] -- Up-to-date: /home/mario/master_ws/install/rviz_marker_tools/share/rviz_marker_tools/package.xml
[0.271s] Invoked command in '/home/mario/master_ws/build/rviz_marker_tools' returned '0': CMAKE_PREFIX_PATH=${CMAKE_PREFIX_PATH}:/home/mario/master_ws/install/estun_description:/opt/ros/jazzy DEBUGINFOD_URLS=https://debuginfod.ubuntu.com /usr/bin/cmake --install /home/mario/master_ws/build/rviz_marker_tools
