[0.019s] Invoking command in '/home/mario/master_ws/build/moveit_task_constructor_core': CMAKE_PREFIX_PATH=/home/mario/master_ws/install/rviz_marker_tools:/home/mario/master_ws/install/moveit_task_constructor_msgs:/home/mario/master_ws/install/vision_control:/home/mario/master_ws/install/moveit_task_constructor_demo:/home/mario/master_ws/install/moveit_task_constructor_visualization:/home/mario/master_ws/install/moveit_task_constructor_capabilities:/home/mario/master_ws/install/estun_control:/home/mario/master_ws/install/moveit_task_constructor_core:/home/mario/master_ws/install/estun_moveit:/opt/ros/jazzy/opt/gz_sim_vendor:/opt/ros/jazzy/opt/gz_sensors_vendor:/opt/ros/jazzy/opt/gz_physics_vendor:/opt/ros/jazzy/opt/sdformat_vendor:/opt/ros/jazzy/opt/gz_gui_vendor:/opt/ros/jazzy/opt/gz_transport_vendor:/opt/ros/jazzy/opt/gz_rendering_vendor:/opt/ros/jazzy/opt/gz_plugin_vendor:/opt/ros/jazzy/opt/gz_fuel_tools_vendor:/opt/ros/jazzy/opt/gz_msgs_vendor:/opt/ros/jazzy/opt/gz_common_vendor:/opt/ros/jazzy/opt/gz_math_vendor:/opt/ros/jazzy/opt/gz_utils_vendor:/opt/ros/jazzy/opt/gz_tools_vendor:/opt/ros/jazzy/opt/gz_ogre_next_vendor:/opt/ros/jazzy/opt/gz_dartsim_vendor:/opt/ros/jazzy/opt/gz_cmake_vendor:/home/mario/master_ws/install/estun_description:/opt/ros/jazzy DEBUGINFOD_URLS=https://debuginfod.ubuntu.com LD_LIBRARY_PATH=/home/mario/master_ws/install/rviz_marker_tools/lib:/home/mario/master_ws/install/moveit_task_constructor_msgs/lib:/home/mario/master_ws/install/moveit_task_constructor_demo/lib:/home/mario/master_ws/install/moveit_task_constructor_visualization/lib:/home/mario/master_ws/install/moveit_task_constructor_capabilities/lib:/home/mario/master_ws/install/moveit_task_constructor_core/lib:/opt/ros/jazzy/opt/gz_sim_vendor/lib:/opt/ros/jazzy/opt/gz_sensors_vendor/lib:/opt/ros/jazzy/opt/gz_physics_vendor/lib:/opt/ros/jazzy/opt/sdformat_vendor/lib:/opt/ros/jazzy/opt/rviz_ogre_vendor/lib:/opt/ros/jazzy/lib/x86_64-linux-gnu:/opt/ros/jazzy/opt/gz_gui_vendor/lib:/opt/ros/jazzy/opt/gz_transport_vendor/lib:/opt/ros/jazzy/opt/gz_rendering_vendor/lib:/opt/ros/jazzy/opt/gz_plugin_vendor/lib:/opt/ros/jazzy/opt/gz_fuel_tools_vendor/lib:/opt/ros/jazzy/opt/gz_msgs_vendor/lib:/opt/ros/jazzy/opt/gz_common_vendor/lib:/opt/ros/jazzy/opt/gz_math_vendor/lib:/opt/ros/jazzy/opt/gz_utils_vendor/lib:/opt/ros/jazzy/opt/gz_tools_vendor/lib:/opt/ros/jazzy/opt/gz_ogre_next_vendor/lib:/opt/ros/jazzy/opt/gz_dartsim_vendor/lib:/opt/ros/jazzy/opt/gz_cmake_vendor/lib:/opt/ros/jazzy/lib PYTHONPATH=/home/mario/master_ws/install/moveit_task_constructor_msgs/lib/python3.12/site-packages:/home/mario/master_ws/install/moveit_task_constructor_core/lib/python3.12/site-packages:/home/mario/master_ws/install/estun_description/lib/python3.12/site-packages:/opt/ros/jazzy/opt/gz_sim_vendor/lib/python:/opt/ros/jazzy/opt/sdformat_vendor/lib/python:/opt/ros/jazzy/opt/gz_transport_vendor/lib/python:/opt/ros/jazzy/opt/gz_msgs_vendor/lib/python:/opt/ros/jazzy/opt/gz_math_vendor/lib/python:/opt/ros/jazzy/lib/python3.12/site-packages /usr/bin/cmake --build /home/mario/master_ws/build/moveit_task_constructor_core -- -j12 -l12
[0.103s] [  0%] Built target ament_cmake_python_copy_moveit
[0.129s] [  2%] Built target gtest
[0.371s] running egg_info
[0.399s] writing moveit.egg-info/PKG-INFO
[0.399s] writing dependency_links to moveit.egg-info/dependency_links.txt
[0.399s] writing top-level names to moveit.egg-info/top_level.txt
[0.481s] reading manifest file 'moveit.egg-info/SOURCES.txt'
[0.481s] writing manifest file 'moveit.egg-info/SOURCES.txt'
[0.511s] [  2%] Built target ament_cmake_python_build_moveit_egg
[0.542s] [  4%] Built target gmock_main
[0.574s] [  8%] Built target gmock
[0.607s] [ 10%] Built target gtest_main
[0.714s] [ 29%] Built target moveit_task_constructor_core
[0.791s] [ 51%] Built target moveit_task_constructor_core_stages
[0.834s] [ 55%] Built target gtest_utils
[0.874s] [ 58%] Built target pick_pa10
[0.915s] [ 60%] Built target moveit_task_constructor_core-test-cost-terms
[0.953s] [ 62%] Built target moveit_task_constructor_core-test-storage
[0.996s] [ 65%] Built target moveit_task_constructor_core-test-fallback
[1.033s] [ 67%] Built target moveit_task_constructor_core-test-cost-queue
[1.069s] [ 69%] Built target moveit_task_constructor_core-test-interface-state
[1.107s] [ 72%] Built target moveit_task_constructor_core-test-move-to
[1.147s] [ 74%] Built target moveit_task_constructor_core-test-move-relative
[1.184s] [ 76%] Built target moveit_task_constructor_core-test-pipeline-planner
[1.216s] [ 79%] Built target moveit_task_constructor_core-test-properties
[1.258s] [ 81%] Built target moveit_task_constructor_core-test-pruning
[1.297s] [ 83%] Built target moveit_task_constructor_core-test-serial
[1.340s] [ 86%] Built target moveit_task_constructor_core-test-container
[1.380s] [ 88%] Built target moveit_task_constructor_core-test-limit-solutions
[1.425s] [ 90%] Built target moveit_task_constructor_core-test-stage
[1.472s] [ 93%] Built target moveit_task_constructor_core-test-mockups
[1.512s] [ 95%] Built target pick_pr2
[1.553s] [ 97%] Built target pick_ur5
[1.588s] [100%] Built target moveit_task_constructor_core_stage_plugins
[1.608s] Invoked command in '/home/mario/master_ws/build/moveit_task_constructor_core' returned '0': CMAKE_PREFIX_PATH=/home/mario/master_ws/install/rviz_marker_tools:/home/mario/master_ws/install/moveit_task_constructor_msgs:/home/mario/master_ws/install/vision_control:/home/mario/master_ws/install/moveit_task_constructor_demo:/home/mario/master_ws/install/moveit_task_constructor_visualization:/home/mario/master_ws/install/moveit_task_constructor_capabilities:/home/mario/master_ws/install/estun_control:/home/mario/master_ws/install/moveit_task_constructor_core:/home/mario/master_ws/install/estun_moveit:/opt/ros/jazzy/opt/gz_sim_vendor:/opt/ros/jazzy/opt/gz_sensors_vendor:/opt/ros/jazzy/opt/gz_physics_vendor:/opt/ros/jazzy/opt/sdformat_vendor:/opt/ros/jazzy/opt/gz_gui_vendor:/opt/ros/jazzy/opt/gz_transport_vendor:/opt/ros/jazzy/opt/gz_rendering_vendor:/opt/ros/jazzy/opt/gz_plugin_vendor:/opt/ros/jazzy/opt/gz_fuel_tools_vendor:/opt/ros/jazzy/opt/gz_msgs_vendor:/opt/ros/jazzy/opt/gz_common_vendor:/opt/ros/jazzy/opt/gz_math_vendor:/opt/ros/jazzy/opt/gz_utils_vendor:/opt/ros/jazzy/opt/gz_tools_vendor:/opt/ros/jazzy/opt/gz_ogre_next_vendor:/opt/ros/jazzy/opt/gz_dartsim_vendor:/opt/ros/jazzy/opt/gz_cmake_vendor:/home/mario/master_ws/install/estun_description:/opt/ros/jazzy DEBUGINFOD_URLS=https://debuginfod.ubuntu.com LD_LIBRARY_PATH=/home/mario/master_ws/install/rviz_marker_tools/lib:/home/mario/master_ws/install/moveit_task_constructor_msgs/lib:/home/mario/master_ws/install/moveit_task_constructor_demo/lib:/home/mario/master_ws/install/moveit_task_constructor_visualization/lib:/home/mario/master_ws/install/moveit_task_constructor_capabilities/lib:/home/mario/master_ws/install/moveit_task_constructor_core/lib:/opt/ros/jazzy/opt/gz_sim_vendor/lib:/opt/ros/jazzy/opt/gz_sensors_vendor/lib:/opt/ros/jazzy/opt/gz_physics_vendor/lib:/opt/ros/jazzy/opt/sdformat_vendor/lib:/opt/ros/jazzy/opt/rviz_ogre_vendor/lib:/opt/ros/jazzy/lib/x86_64-linux-gnu:/opt/ros/jazzy/opt/gz_gui_vendor/lib:/opt/ros/jazzy/opt/gz_transport_vendor/lib:/opt/ros/jazzy/opt/gz_rendering_vendor/lib:/opt/ros/jazzy/opt/gz_plugin_vendor/lib:/opt/ros/jazzy/opt/gz_fuel_tools_vendor/lib:/opt/ros/jazzy/opt/gz_msgs_vendor/lib:/opt/ros/jazzy/opt/gz_common_vendor/lib:/opt/ros/jazzy/opt/gz_math_vendor/lib:/opt/ros/jazzy/opt/gz_utils_vendor/lib:/opt/ros/jazzy/opt/gz_tools_vendor/lib:/opt/ros/jazzy/opt/gz_ogre_next_vendor/lib:/opt/ros/jazzy/opt/gz_dartsim_vendor/lib:/opt/ros/jazzy/opt/gz_cmake_vendor/lib:/opt/ros/jazzy/lib PYTHONPATH=/home/mario/master_ws/install/moveit_task_constructor_msgs/lib/python3.12/site-packages:/home/mario/master_ws/install/moveit_task_constructor_core/lib/python3.12/site-packages:/home/mario/master_ws/install/estun_description/lib/python3.12/site-packages:/opt/ros/jazzy/opt/gz_sim_vendor/lib/python:/opt/ros/jazzy/opt/sdformat_vendor/lib/python:/opt/ros/jazzy/opt/gz_transport_vendor/lib/python:/opt/ros/jazzy/opt/gz_msgs_vendor/lib/python:/opt/ros/jazzy/opt/gz_math_vendor/lib/python:/opt/ros/jazzy/lib/python3.12/site-packages /usr/bin/cmake --build /home/mario/master_ws/build/moveit_task_constructor_core -- -j12 -l12
[1.609s] Invoking command in '/home/mario/master_ws/build/moveit_task_constructor_core': CMAKE_PREFIX_PATH=/home/mario/master_ws/install/rviz_marker_tools:/home/mario/master_ws/install/moveit_task_constructor_msgs:/home/mario/master_ws/install/vision_control:/home/mario/master_ws/install/moveit_task_constructor_demo:/home/mario/master_ws/install/moveit_task_constructor_visualization:/home/mario/master_ws/install/moveit_task_constructor_capabilities:/home/mario/master_ws/install/estun_control:/home/mario/master_ws/install/moveit_task_constructor_core:/home/mario/master_ws/install/estun_moveit:/opt/ros/jazzy/opt/gz_sim_vendor:/opt/ros/jazzy/opt/gz_sensors_vendor:/opt/ros/jazzy/opt/gz_physics_vendor:/opt/ros/jazzy/opt/sdformat_vendor:/opt/ros/jazzy/opt/gz_gui_vendor:/opt/ros/jazzy/opt/gz_transport_vendor:/opt/ros/jazzy/opt/gz_rendering_vendor:/opt/ros/jazzy/opt/gz_plugin_vendor:/opt/ros/jazzy/opt/gz_fuel_tools_vendor:/opt/ros/jazzy/opt/gz_msgs_vendor:/opt/ros/jazzy/opt/gz_common_vendor:/opt/ros/jazzy/opt/gz_math_vendor:/opt/ros/jazzy/opt/gz_utils_vendor:/opt/ros/jazzy/opt/gz_tools_vendor:/opt/ros/jazzy/opt/gz_ogre_next_vendor:/opt/ros/jazzy/opt/gz_dartsim_vendor:/opt/ros/jazzy/opt/gz_cmake_vendor:/home/mario/master_ws/install/estun_description:/opt/ros/jazzy DEBUGINFOD_URLS=https://debuginfod.ubuntu.com LD_LIBRARY_PATH=/home/mario/master_ws/install/rviz_marker_tools/lib:/home/mario/master_ws/install/moveit_task_constructor_msgs/lib:/home/mario/master_ws/install/moveit_task_constructor_demo/lib:/home/mario/master_ws/install/moveit_task_constructor_visualization/lib:/home/mario/master_ws/install/moveit_task_constructor_capabilities/lib:/home/mario/master_ws/install/moveit_task_constructor_core/lib:/opt/ros/jazzy/opt/gz_sim_vendor/lib:/opt/ros/jazzy/opt/gz_sensors_vendor/lib:/opt/ros/jazzy/opt/gz_physics_vendor/lib:/opt/ros/jazzy/opt/sdformat_vendor/lib:/opt/ros/jazzy/opt/rviz_ogre_vendor/lib:/opt/ros/jazzy/lib/x86_64-linux-gnu:/opt/ros/jazzy/opt/gz_gui_vendor/lib:/opt/ros/jazzy/opt/gz_transport_vendor/lib:/opt/ros/jazzy/opt/gz_rendering_vendor/lib:/opt/ros/jazzy/opt/gz_plugin_vendor/lib:/opt/ros/jazzy/opt/gz_fuel_tools_vendor/lib:/opt/ros/jazzy/opt/gz_msgs_vendor/lib:/opt/ros/jazzy/opt/gz_common_vendor/lib:/opt/ros/jazzy/opt/gz_math_vendor/lib:/opt/ros/jazzy/opt/gz_utils_vendor/lib:/opt/ros/jazzy/opt/gz_tools_vendor/lib:/opt/ros/jazzy/opt/gz_ogre_next_vendor/lib:/opt/ros/jazzy/opt/gz_dartsim_vendor/lib:/opt/ros/jazzy/opt/gz_cmake_vendor/lib:/opt/ros/jazzy/lib PYTHONPATH=/home/mario/master_ws/install/moveit_task_constructor_msgs/lib/python3.12/site-packages:/home/mario/master_ws/install/moveit_task_constructor_core/lib/python3.12/site-packages:/home/mario/master_ws/install/estun_description/lib/python3.12/site-packages:/opt/ros/jazzy/opt/gz_sim_vendor/lib/python:/opt/ros/jazzy/opt/sdformat_vendor/lib/python:/opt/ros/jazzy/opt/gz_transport_vendor/lib/python:/opt/ros/jazzy/opt/gz_msgs_vendor/lib/python:/opt/ros/jazzy/opt/gz_math_vendor/lib/python:/opt/ros/jazzy/lib/python3.12/site-packages /usr/bin/cmake --install /home/mario/master_ws/build/moveit_task_constructor_core
[1.619s] -- Install configuration: "Release"
[1.619s] -- Up-to-date: /home/mario/master_ws/install/moveit_task_constructor_core/lib/libmoveit_task_constructor_core_stages.so
[1.620s] -- Up-to-date: /home/mario/master_ws/install/moveit_task_constructor_core/lib/libmoveit_task_constructor_core_stage_plugins.so
[1.620s] -- Up-to-date: /home/mario/master_ws/install/moveit_task_constructor_core/lib/libmoveit_task_constructor_core.so
[1.620s] -- Up-to-date: /home/mario/master_ws/install/moveit_task_constructor_core/share/moveit_task_constructor_core/environment/pythonpath.sh
[1.620s] -- Up-to-date: /home/mario/master_ws/install/moveit_task_constructor_core/share/moveit_task_constructor_core/environment/pythonpath.dsv
[1.620s] -- Up-to-date: /home/mario/master_ws/install/moveit_task_constructor_core/lib/python3.12/site-packages/moveit-0.2.0-py3.12.egg-info
[1.621s] -- Installing: /home/mario/master_ws/install/moveit_task_constructor_core/lib/python3.12/site-packages/moveit-0.2.0-py3.12.egg-info/PKG-INFO
[1.621s] -- Installing: /home/mario/master_ws/install/moveit_task_constructor_core/lib/python3.12/site-packages/moveit-0.2.0-py3.12.egg-info/top_level.txt
[1.621s] -- Installing: /home/mario/master_ws/install/moveit_task_constructor_core/lib/python3.12/site-packages/moveit-0.2.0-py3.12.egg-info/SOURCES.txt
[1.621s] -- Installing: /home/mario/master_ws/install/moveit_task_constructor_core/lib/python3.12/site-packages/moveit-0.2.0-py3.12.egg-info/dependency_links.txt
[1.621s] -- Up-to-date: /home/mario/master_ws/install/moveit_task_constructor_core/lib/python3.12/site-packages/moveit
[1.621s] -- Up-to-date: /home/mario/master_ws/install/moveit_task_constructor_core/lib/python3.12/site-packages/moveit/task_constructor
[1.621s] -- Up-to-date: /home/mario/master_ws/install/moveit_task_constructor_core/lib/python3.12/site-packages/moveit/task_constructor/core.py
[1.621s] -- Up-to-date: /home/mario/master_ws/install/moveit_task_constructor_core/lib/python3.12/site-packages/moveit/task_constructor/stages.py
[1.622s] -- Up-to-date: /home/mario/master_ws/install/moveit_task_constructor_core/lib/python3.12/site-packages/moveit/task_constructor/__init__.py
[1.622s] -- Up-to-date: /home/mario/master_ws/install/moveit_task_constructor_core/lib/python3.12/site-packages/moveit/__init__.py
[1.659s] Listing '/home/mario/master_ws/install/moveit_task_constructor_core/lib/python3.12/site-packages/moveit'...
[1.659s] Listing '/home/mario/master_ws/install/moveit_task_constructor_core/lib/python3.12/site-packages/moveit/task_constructor'...
[1.662s] -- Up-to-date: /home/mario/master_ws/install/moveit_task_constructor_core/include
[1.663s] -- Up-to-date: /home/mario/master_ws/install/moveit_task_constructor_core/include/moveit
[1.663s] -- Up-to-date: /home/mario/master_ws/install/moveit_task_constructor_core/include/moveit/python
[1.663s] -- Up-to-date: /home/mario/master_ws/install/moveit_task_constructor_core/include/moveit/python/task_constructor
[1.663s] -- Up-to-date: /home/mario/master_ws/install/moveit_task_constructor_core/include/moveit/python/task_constructor/properties.h
[1.664s] -- Up-to-date: /home/mario/master_ws/install/moveit_task_constructor_core/include/moveit/task_constructor
[1.664s] -- Up-to-date: /home/mario/master_ws/install/moveit_task_constructor_core/include/moveit/task_constructor/type_traits.h
[1.664s] -- Up-to-date: /home/mario/master_ws/install/moveit_task_constructor_core/include/moveit/task_constructor/task.h
[1.664s] -- Up-to-date: /home/mario/master_ws/install/moveit_task_constructor_core/include/moveit/task_constructor/marker_tools.h
[1.664s] -- Up-to-date: /home/mario/master_ws/install/moveit_task_constructor_core/include/moveit/task_constructor/solvers.h
[1.664s] -- Up-to-date: /home/mario/master_ws/install/moveit_task_constructor_core/include/moveit/task_constructor/cost_queue.h
[1.665s] -- Up-to-date: /home/mario/master_ws/install/moveit_task_constructor_core/include/moveit/task_constructor/trajectory_execution_info.h
[1.665s] -- Up-to-date: /home/mario/master_ws/install/moveit_task_constructor_core/include/moveit/task_constructor/container.h
[1.665s] -- Up-to-date: /home/mario/master_ws/install/moveit_task_constructor_core/include/moveit/task_constructor/utils.h
[1.665s] -- Up-to-date: /home/mario/master_ws/install/moveit_task_constructor_core/include/moveit/task_constructor/storage.h
[1.665s] -- Up-to-date: /home/mario/master_ws/install/moveit_task_constructor_core/include/moveit/task_constructor/solvers
[1.665s] -- Up-to-date: /home/mario/master_ws/install/moveit_task_constructor_core/include/moveit/task_constructor/solvers/joint_interpolation.h
[1.666s] -- Up-to-date: /home/mario/master_ws/install/moveit_task_constructor_core/include/moveit/task_constructor/solvers/pipeline_planner.h
[1.666s] -- Up-to-date: /home/mario/master_ws/install/moveit_task_constructor_core/include/moveit/task_constructor/solvers/planner_interface.h
[1.666s] -- Up-to-date: /home/mario/master_ws/install/moveit_task_constructor_core/include/moveit/task_constructor/solvers/cartesian_path.h
[1.666s] -- Up-to-date: /home/mario/master_ws/install/moveit_task_constructor_core/include/moveit/task_constructor/solvers/multi_planner.h
[1.666s] -- Up-to-date: /home/mario/master_ws/install/moveit_task_constructor_core/include/moveit/task_constructor/cost_terms.h
[1.666s] -- Up-to-date: /home/mario/master_ws/install/moveit_task_constructor_core/include/moveit/task_constructor/merge.h
[1.666s] -- Up-to-date: /home/mario/master_ws/install/moveit_task_constructor_core/include/moveit/task_constructor/stage.h
[1.667s] -- Up-to-date: /home/mario/master_ws/install/moveit_task_constructor_core/include/moveit/task_constructor/stages.h
[1.667s] -- Up-to-date: /home/mario/master_ws/install/moveit_task_constructor_core/include/moveit/task_constructor/introspection.h
[1.667s] -- Up-to-date: /home/mario/master_ws/install/moveit_task_constructor_core/include/moveit/task_constructor/stages
[1.667s] -- Up-to-date: /home/mario/master_ws/install/moveit_task_constructor_core/include/moveit/task_constructor/stages/current_state.h
[1.667s] -- Up-to-date: /home/mario/master_ws/install/moveit_task_constructor_core/include/moveit/task_constructor/stages/move_to.h
[1.667s] -- Up-to-date: /home/mario/master_ws/install/moveit_task_constructor_core/include/moveit/task_constructor/stages/compute_ik.h
[1.668s] -- Up-to-date: /home/mario/master_ws/install/moveit_task_constructor_core/include/moveit/task_constructor/stages/generate_place_pose.h
[1.668s] -- Up-to-date: /home/mario/master_ws/install/moveit_task_constructor_core/include/moveit/task_constructor/stages/connect.h
[1.669s] -- Up-to-date: /home/mario/master_ws/install/moveit_task_constructor_core/include/moveit/task_constructor/stages/generate_pose.h
[1.669s] -- Up-to-date: /home/mario/master_ws/install/moveit_task_constructor_core/include/moveit/task_constructor/stages/fixed_cartesian_poses.h
[1.669s] -- Up-to-date: /home/mario/master_ws/install/moveit_task_constructor_core/include/moveit/task_constructor/stages/generate_grasp_pose.h
[1.669s] -- Up-to-date: /home/mario/master_ws/install/moveit_task_constructor_core/include/moveit/task_constructor/stages/fix_collision_objects.h
[1.669s] -- Up-to-date: /home/mario/master_ws/install/moveit_task_constructor_core/include/moveit/task_constructor/stages/pick.h
[1.670s] -- Up-to-date: /home/mario/master_ws/install/moveit_task_constructor_core/include/moveit/task_constructor/stages/passthrough.h
[1.670s] -- Up-to-date: /home/mario/master_ws/install/moveit_task_constructor_core/include/moveit/task_constructor/stages/limit_solutions.h
[1.670s] -- Up-to-date: /home/mario/master_ws/install/moveit_task_constructor_core/include/moveit/task_constructor/stages/generate_random_pose.h
[1.670s] -- Up-to-date: /home/mario/master_ws/install/moveit_task_constructor_core/include/moveit/task_constructor/stages/fixed_state.h
[1.670s] -- Up-to-date: /home/mario/master_ws/install/moveit_task_constructor_core/include/moveit/task_constructor/stages/noop.h
[1.671s] -- Up-to-date: /home/mario/master_ws/install/moveit_task_constructor_core/include/moveit/task_constructor/stages/modify_planning_scene.h
[1.671s] -- Up-to-date: /home/mario/master_ws/install/moveit_task_constructor_core/include/moveit/task_constructor/stages/simple_grasp.h
[1.671s] -- Up-to-date: /home/mario/master_ws/install/moveit_task_constructor_core/include/moveit/task_constructor/stages/predicate_filter.h
[1.671s] -- Up-to-date: /home/mario/master_ws/install/moveit_task_constructor_core/include/moveit/task_constructor/stages/move_relative.h
[1.671s] -- Up-to-date: /home/mario/master_ws/install/moveit_task_constructor_core/include/moveit/task_constructor/properties.h
[1.672s] -- Up-to-date: /home/mario/master_ws/install/moveit_task_constructor_core/include/moveit/task_constructor/moveit_compat.h
[1.672s] -- Up-to-date: /home/mario/master_ws/install/moveit_task_constructor_core/share/moveit_task_constructor_core/motion_planning_stages_plugin_description.xml
[1.672s] -- Up-to-date: /home/mario/master_ws/install/moveit_task_constructor_core/share/moveit_task_constructor_core/environment/library_path.sh
[1.673s] -- Up-to-date: /home/mario/master_ws/install/moveit_task_constructor_core/share/moveit_task_constructor_core/environment/library_path.dsv
[1.673s] -- Up-to-date: /home/mario/master_ws/install/moveit_task_constructor_core/share/ament_index/resource_index/package_run_dependencies/moveit_task_constructor_core
[1.673s] -- Up-to-date: /home/mario/master_ws/install/moveit_task_constructor_core/share/ament_index/resource_index/parent_prefix_path/moveit_task_constructor_core
[1.674s] -- Up-to-date: /home/mario/master_ws/install/moveit_task_constructor_core/share/moveit_task_constructor_core/environment/ament_prefix_path.sh
[1.674s] -- Up-to-date: /home/mario/master_ws/install/moveit_task_constructor_core/share/moveit_task_constructor_core/environment/ament_prefix_path.dsv
[1.674s] -- Up-to-date: /home/mario/master_ws/install/moveit_task_constructor_core/share/moveit_task_constructor_core/environment/path.sh
[1.675s] -- Up-to-date: /home/mario/master_ws/install/moveit_task_constructor_core/share/moveit_task_constructor_core/environment/path.dsv
[1.675s] -- Up-to-date: /home/mario/master_ws/install/moveit_task_constructor_core/share/moveit_task_constructor_core/local_setup.bash
[1.675s] -- Up-to-date: /home/mario/master_ws/install/moveit_task_constructor_core/share/moveit_task_constructor_core/local_setup.sh
[1.675s] -- Up-to-date: /home/mario/master_ws/install/moveit_task_constructor_core/share/moveit_task_constructor_core/local_setup.zsh
[1.676s] -- Up-to-date: /home/mario/master_ws/install/moveit_task_constructor_core/share/moveit_task_constructor_core/local_setup.dsv
[1.677s] -- Installing: /home/mario/master_ws/install/moveit_task_constructor_core/share/moveit_task_constructor_core/package.dsv
[1.677s] -- Up-to-date: /home/mario/master_ws/install/moveit_task_constructor_core/share/ament_index/resource_index/packages/moveit_task_constructor_core
[1.677s] -- Up-to-date: /home/mario/master_ws/install/moveit_task_constructor_core/share/ament_index/resource_index/moveit_task_constructor_core__pluginlib__plugin/moveit_task_constructor_core
[1.677s] -- Up-to-date: /home/mario/master_ws/install/moveit_task_constructor_core/share/moveit_task_constructor_core/cmake/moveit_task_constructor_coreTargetsExport.cmake
[1.678s] -- Up-to-date: /home/mario/master_ws/install/moveit_task_constructor_core/share/moveit_task_constructor_core/cmake/moveit_task_constructor_coreTargetsExport-release.cmake
[1.680s] -- Up-to-date: /home/mario/master_ws/install/moveit_task_constructor_core/share/moveit_task_constructor_core/cmake/ament_cmake_export_targets-extras.cmake
[1.680s] -- Up-to-date: /home/mario/master_ws/install/moveit_task_constructor_core/share/moveit_task_constructor_core/cmake/ament_cmake_export_dependencies-extras.cmake
[1.681s] -- Up-to-date: /home/mario/master_ws/install/moveit_task_constructor_core/share/moveit_task_constructor_core/cmake/moveit_task_constructor_coreConfig.cmake
[1.681s] -- Up-to-date: /home/mario/master_ws/install/moveit_task_constructor_core/share/moveit_task_constructor_core/cmake/moveit_task_constructor_coreConfig-version.cmake
[1.681s] -- Up-to-date: /home/mario/master_ws/install/moveit_task_constructor_core/share/moveit_task_constructor_core/package.xml
[1.682s] Invoked command in '/home/mario/master_ws/build/moveit_task_constructor_core' returned '0': CMAKE_PREFIX_PATH=/home/mario/master_ws/install/rviz_marker_tools:/home/mario/master_ws/install/moveit_task_constructor_msgs:/home/mario/master_ws/install/vision_control:/home/mario/master_ws/install/moveit_task_constructor_demo:/home/mario/master_ws/install/moveit_task_constructor_visualization:/home/mario/master_ws/install/moveit_task_constructor_capabilities:/home/mario/master_ws/install/estun_control:/home/mario/master_ws/install/moveit_task_constructor_core:/home/mario/master_ws/install/estun_moveit:/opt/ros/jazzy/opt/gz_sim_vendor:/opt/ros/jazzy/opt/gz_sensors_vendor:/opt/ros/jazzy/opt/gz_physics_vendor:/opt/ros/jazzy/opt/sdformat_vendor:/opt/ros/jazzy/opt/gz_gui_vendor:/opt/ros/jazzy/opt/gz_transport_vendor:/opt/ros/jazzy/opt/gz_rendering_vendor:/opt/ros/jazzy/opt/gz_plugin_vendor:/opt/ros/jazzy/opt/gz_fuel_tools_vendor:/opt/ros/jazzy/opt/gz_msgs_vendor:/opt/ros/jazzy/opt/gz_common_vendor:/opt/ros/jazzy/opt/gz_math_vendor:/opt/ros/jazzy/opt/gz_utils_vendor:/opt/ros/jazzy/opt/gz_tools_vendor:/opt/ros/jazzy/opt/gz_ogre_next_vendor:/opt/ros/jazzy/opt/gz_dartsim_vendor:/opt/ros/jazzy/opt/gz_cmake_vendor:/home/mario/master_ws/install/estun_description:/opt/ros/jazzy DEBUGINFOD_URLS=https://debuginfod.ubuntu.com LD_LIBRARY_PATH=/home/mario/master_ws/install/rviz_marker_tools/lib:/home/mario/master_ws/install/moveit_task_constructor_msgs/lib:/home/mario/master_ws/install/moveit_task_constructor_demo/lib:/home/mario/master_ws/install/moveit_task_constructor_visualization/lib:/home/mario/master_ws/install/moveit_task_constructor_capabilities/lib:/home/mario/master_ws/install/moveit_task_constructor_core/lib:/opt/ros/jazzy/opt/gz_sim_vendor/lib:/opt/ros/jazzy/opt/gz_sensors_vendor/lib:/opt/ros/jazzy/opt/gz_physics_vendor/lib:/opt/ros/jazzy/opt/sdformat_vendor/lib:/opt/ros/jazzy/opt/rviz_ogre_vendor/lib:/opt/ros/jazzy/lib/x86_64-linux-gnu:/opt/ros/jazzy/opt/gz_gui_vendor/lib:/opt/ros/jazzy/opt/gz_transport_vendor/lib:/opt/ros/jazzy/opt/gz_rendering_vendor/lib:/opt/ros/jazzy/opt/gz_plugin_vendor/lib:/opt/ros/jazzy/opt/gz_fuel_tools_vendor/lib:/opt/ros/jazzy/opt/gz_msgs_vendor/lib:/opt/ros/jazzy/opt/gz_common_vendor/lib:/opt/ros/jazzy/opt/gz_math_vendor/lib:/opt/ros/jazzy/opt/gz_utils_vendor/lib:/opt/ros/jazzy/opt/gz_tools_vendor/lib:/opt/ros/jazzy/opt/gz_ogre_next_vendor/lib:/opt/ros/jazzy/opt/gz_dartsim_vendor/lib:/opt/ros/jazzy/opt/gz_cmake_vendor/lib:/opt/ros/jazzy/lib PYTHONPATH=/home/mario/master_ws/install/moveit_task_constructor_msgs/lib/python3.12/site-packages:/home/mario/master_ws/install/moveit_task_constructor_core/lib/python3.12/site-packages:/home/mario/master_ws/install/estun_description/lib/python3.12/site-packages:/opt/ros/jazzy/opt/gz_sim_vendor/lib/python:/opt/ros/jazzy/opt/sdformat_vendor/lib/python:/opt/ros/jazzy/opt/gz_transport_vendor/lib/python:/opt/ros/jazzy/opt/gz_msgs_vendor/lib/python:/opt/ros/jazzy/opt/gz_math_vendor/lib/python:/opt/ros/jazzy/lib/python3.12/site-packages /usr/bin/cmake --install /home/mario/master_ws/build/moveit_task_constructor_core
