[0.014s] Invoking command in '/home/mario/master_ws/build/moveit_task_constructor_core': CMAKE_PREFIX_PATH=/home/mario/master_ws/install/rviz_marker_tools:/home/mario/master_ws/install/moveit_task_constructor_msgs:/home/mario/master_ws/install/moveit_task_constructor_demo:/home/mario/master_ws/install/moveit_task_constructor_visualization:/home/mario/master_ws/install/moveit_task_constructor_capabilities:/home/mario/master_ws/install/estun_control:/home/mario/master_ws/install/moveit_task_constructor_core:/home/mario/master_ws/install/estun_moveit:/opt/ros/jazzy/opt/gz_sim_vendor:/opt/ros/jazzy/opt/gz_sensors_vendor:/opt/ros/jazzy/opt/gz_physics_vendor:/opt/ros/jazzy/opt/sdformat_vendor:/opt/ros/jazzy/opt/gz_gui_vendor:/opt/ros/jazzy/opt/gz_transport_vendor:/opt/ros/jazzy/opt/gz_rendering_vendor:/opt/ros/jazzy/opt/gz_plugin_vendor:/opt/ros/jazzy/opt/gz_fuel_tools_vendor:/opt/ros/jazzy/opt/gz_msgs_vendor:/opt/ros/jazzy/opt/gz_common_vendor:/opt/ros/jazzy/opt/gz_math_vendor:/opt/ros/jazzy/opt/gz_utils_vendor:/opt/ros/jazzy/opt/gz_tools_vendor:/opt/ros/jazzy/opt/gz_ogre_next_vendor:/opt/ros/jazzy/opt/gz_dartsim_vendor:/opt/ros/jazzy/opt/gz_cmake_vendor:/home/mario/master_ws/install/estun_description:/opt/ros/jazzy DEBUGINFOD_URLS=https://debuginfod.ubuntu.com LD_LIBRARY_PATH=/home/mario/master_ws/install/rviz_marker_tools/lib:/home/mario/master_ws/install/moveit_task_constructor_msgs/lib:/home/mario/master_ws/install/moveit_task_constructor_demo/lib:/home/mario/master_ws/install/moveit_task_constructor_visualization/lib:/home/mario/master_ws/install/moveit_task_constructor_capabilities/lib:/home/mario/master_ws/install/moveit_task_constructor_core/lib:/opt/ros/jazzy/opt/gz_sim_vendor/lib:/opt/ros/jazzy/opt/gz_sensors_vendor/lib:/opt/ros/jazzy/opt/gz_physics_vendor/lib:/opt/ros/jazzy/opt/sdformat_vendor/lib:/opt/ros/jazzy/opt/rviz_ogre_vendor/lib:/opt/ros/jazzy/lib/x86_64-linux-gnu:/opt/ros/jazzy/opt/gz_gui_vendor/lib:/opt/ros/jazzy/opt/gz_transport_vendor/lib:/opt/ros/jazzy/opt/gz_rendering_vendor/lib:/opt/ros/jazzy/opt/gz_plugin_vendor/lib:/opt/ros/jazzy/opt/gz_fuel_tools_vendor/lib:/opt/ros/jazzy/opt/gz_msgs_vendor/lib:/opt/ros/jazzy/opt/gz_common_vendor/lib:/opt/ros/jazzy/opt/gz_math_vendor/lib:/opt/ros/jazzy/opt/gz_utils_vendor/lib:/opt/ros/jazzy/opt/gz_tools_vendor/lib:/opt/ros/jazzy/opt/gz_ogre_next_vendor/lib:/opt/ros/jazzy/opt/gz_dartsim_vendor/lib:/opt/ros/jazzy/opt/gz_cmake_vendor/lib:/opt/ros/jazzy/lib PYTHONPATH=/home/mario/master_ws/install/moveit_task_constructor_msgs/lib/python3.12/site-packages:/home/mario/master_ws/install/moveit_task_constructor_core/lib/python3.12/site-packages:/home/mario/master_ws/install/estun_description/lib/python3.12/site-packages:/opt/ros/jazzy/opt/gz_sim_vendor/lib/python:/opt/ros/jazzy/opt/sdformat_vendor/lib/python:/opt/ros/jazzy/opt/gz_transport_vendor/lib/python:/opt/ros/jazzy/opt/gz_msgs_vendor/lib/python:/opt/ros/jazzy/opt/gz_math_vendor/lib/python:/opt/ros/jazzy/lib/python3.12/site-packages /usr/bin/cmake /home/mario/master_ws/src/moveit_task_constructor/core -DCMAKE_EXPORT_COMPILE_COMMANDS=ON -DCMAKE_INSTALL_PREFIX=/home/mario/master_ws/install/moveit_task_constructor_core
[0.027s] -- Found ament_cmake: 2.5.6 (/opt/ros/jazzy/share/ament_cmake/cmake)
[0.246s] -- Found geometry_msgs: 5.3.8 (/opt/ros/jazzy/share/geometry_msgs/cmake)
[0.293s] -- Found rosidl_generator_c: 4.6.9 (/opt/ros/jazzy/share/rosidl_generator_c/cmake)
[0.301s] -- Found rosidl_generator_cpp: 4.6.9 (/opt/ros/jazzy/share/rosidl_generator_cpp/cmake)
[0.311s] -- Using all available rosidl_typesupport_c: rosidl_typesupport_fastrtps_c;rosidl_typesupport_introspection_c
[0.323s] -- Using all available rosidl_typesupport_cpp: rosidl_typesupport_fastrtps_cpp;rosidl_typesupport_introspection_cpp
[0.361s] -- Found moveit_common: 2.12.4 (/opt/ros/jazzy/share/moveit_common/cmake)
[0.436s] [0mmoveit_task_constructor_core: You did not request a specific build type: Choosing 'Release' for maximum performance[0m
[0.436s] -- Found moveit_core: 2.12.4 (/opt/ros/jazzy/share/moveit_core/cmake)
[0.454s] -- Found Boost: /usr/lib/x86_64-linux-gnu/cmake/Boost-1.83.0/BoostConfig.cmake (found version "1.83.0") found components: chrono date_time filesystem iostreams program_options regex serialization system thread 
[0.491s] -- Found rclcpp: 28.1.22 (/opt/ros/jazzy/share/rclcpp/cmake)
[0.539s] -- Found rmw_implementation_cmake: 7.3.3 (/opt/ros/jazzy/share/rmw_implementation_cmake/cmake)
[0.540s] -- Found rmw_fastrtps_cpp: 8.4.4 (/opt/ros/jazzy/share/rmw_fastrtps_cpp/cmake)
[0.598s] -- Using RMW implementation 'rmw_fastrtps_cpp' as default
[0.665s] -- Found tcb_span: 1.3.2 (/opt/ros/jazzy/share/tcb_span/cmake)
[0.667s] -- Found rclcpp_lifecycle: 28.1.22 (/opt/ros/jazzy/share/rclcpp_lifecycle/cmake)
[0.696s] -- Found parameter_traits: 0.7.6 (/opt/ros/jazzy/share/parameter_traits/cmake)
[0.785s] -- Ensuring Eigen3 include directory is part of orocos-kdl CMake target
[1.080s] -- Found moveit_ros_planning: 2.12.4 (/opt/ros/jazzy/share/moveit_ros_planning/cmake)
[1.085s] -- Found Boost: /usr/lib/x86_64-linux-gnu/cmake/Boost-1.83.0/BoostConfig.cmake (found version "1.83.0") found components: system filesystem date_time program_options thread chrono 
[1.125s] -- Found moveit_ros_planning_interface: 2.12.4 (/opt/ros/jazzy/share/moveit_ros_planning_interface/cmake)
[1.129s] -- Found Boost: /usr/lib/x86_64-linux-gnu/cmake/Boost-1.83.0/BoostConfig.cmake (found version "1.83.0") found components: date_time filesystem program_options system thread 
[1.144s] -- Found Boost: /usr/lib/x86_64-linux-gnu/cmake/Boost-1.83.0/BoostConfig.cmake (found version "1.83.0") found components: thread system filesystem regex date_time program_options 
[1.168s] -- Found Boost: /usr/lib/x86_64-linux-gnu/cmake/Boost-1.83.0/BoostConfig.cmake (found version "1.83.0") found components: system filesystem date_time program_options thread 
[1.205s] -- Found moveit_task_constructor_msgs: 0.2.0 (/home/mario/master_ws/install/moveit_task_constructor_msgs/share/moveit_task_constructor_msgs/cmake)
[1.247s] -- Found rviz_marker_tools: 0.2.0 (/home/mario/master_ws/install/rviz_marker_tools/share/rviz_marker_tools/cmake)
[1.258s] -- Found ament_cmake_gtest: 2.5.6 (/opt/ros/jazzy/share/ament_cmake_gtest/cmake)
[1.258s] -- Found ament_cmake_gmock: 2.5.6 (/opt/ros/jazzy/share/ament_cmake_gmock/cmake)
[1.259s] -- Found launch_testing_ament_cmake: 3.4.11 (/opt/ros/jazzy/share/launch_testing_ament_cmake/cmake)
[1.259s] -- Found python_cmake_module: 0.11.1 (/opt/ros/jazzy/share/python_cmake_module/cmake)
[1.386s] -- Found gmock sources under '/opt/ros/jazzy/src/gmock_vendor': C++ tests using 'Google Mock' will be built
[1.389s] -- Found gtest sources under '/opt/ros/jazzy/src/gtest_vendor': C++ tests using 'Google Test' will be built
[1.415s] -- Configuring done (1.4s)
[1.771s] -- Generating done (0.3s)
[1.855s] -- Build files have been written to: /home/mario/master_ws/build/moveit_task_constructor_core
[1.880s] Invoked command in '/home/mario/master_ws/build/moveit_task_constructor_core' returned '0': CMAKE_PREFIX_PATH=/home/mario/master_ws/install/rviz_marker_tools:/home/mario/master_ws/install/moveit_task_constructor_msgs:/home/mario/master_ws/install/moveit_task_constructor_demo:/home/mario/master_ws/install/moveit_task_constructor_visualization:/home/mario/master_ws/install/moveit_task_constructor_capabilities:/home/mario/master_ws/install/estun_control:/home/mario/master_ws/install/moveit_task_constructor_core:/home/mario/master_ws/install/estun_moveit:/opt/ros/jazzy/opt/gz_sim_vendor:/opt/ros/jazzy/opt/gz_sensors_vendor:/opt/ros/jazzy/opt/gz_physics_vendor:/opt/ros/jazzy/opt/sdformat_vendor:/opt/ros/jazzy/opt/gz_gui_vendor:/opt/ros/jazzy/opt/gz_transport_vendor:/opt/ros/jazzy/opt/gz_rendering_vendor:/opt/ros/jazzy/opt/gz_plugin_vendor:/opt/ros/jazzy/opt/gz_fuel_tools_vendor:/opt/ros/jazzy/opt/gz_msgs_vendor:/opt/ros/jazzy/opt/gz_common_vendor:/opt/ros/jazzy/opt/gz_math_vendor:/opt/ros/jazzy/opt/gz_utils_vendor:/opt/ros/jazzy/opt/gz_tools_vendor:/opt/ros/jazzy/opt/gz_ogre_next_vendor:/opt/ros/jazzy/opt/gz_dartsim_vendor:/opt/ros/jazzy/opt/gz_cmake_vendor:/home/mario/master_ws/install/estun_description:/opt/ros/jazzy DEBUGINFOD_URLS=https://debuginfod.ubuntu.com LD_LIBRARY_PATH=/home/mario/master_ws/install/rviz_marker_tools/lib:/home/mario/master_ws/install/moveit_task_constructor_msgs/lib:/home/mario/master_ws/install/moveit_task_constructor_demo/lib:/home/mario/master_ws/install/moveit_task_constructor_visualization/lib:/home/mario/master_ws/install/moveit_task_constructor_capabilities/lib:/home/mario/master_ws/install/moveit_task_constructor_core/lib:/opt/ros/jazzy/opt/gz_sim_vendor/lib:/opt/ros/jazzy/opt/gz_sensors_vendor/lib:/opt/ros/jazzy/opt/gz_physics_vendor/lib:/opt/ros/jazzy/opt/sdformat_vendor/lib:/opt/ros/jazzy/opt/rviz_ogre_vendor/lib:/opt/ros/jazzy/lib/x86_64-linux-gnu:/opt/ros/jazzy/opt/gz_gui_vendor/lib:/opt/ros/jazzy/opt/gz_transport_vendor/lib:/opt/ros/jazzy/opt/gz_rendering_vendor/lib:/opt/ros/jazzy/opt/gz_plugin_vendor/lib:/opt/ros/jazzy/opt/gz_fuel_tools_vendor/lib:/opt/ros/jazzy/opt/gz_msgs_vendor/lib:/opt/ros/jazzy/opt/gz_common_vendor/lib:/opt/ros/jazzy/opt/gz_math_vendor/lib:/opt/ros/jazzy/opt/gz_utils_vendor/lib:/opt/ros/jazzy/opt/gz_tools_vendor/lib:/opt/ros/jazzy/opt/gz_ogre_next_vendor/lib:/opt/ros/jazzy/opt/gz_dartsim_vendor/lib:/opt/ros/jazzy/opt/gz_cmake_vendor/lib:/opt/ros/jazzy/lib PYTHONPATH=/home/mario/master_ws/install/moveit_task_constructor_msgs/lib/python3.12/site-packages:/home/mario/master_ws/install/moveit_task_constructor_core/lib/python3.12/site-packages:/home/mario/master_ws/install/estun_description/lib/python3.12/site-packages:/opt/ros/jazzy/opt/gz_sim_vendor/lib/python:/opt/ros/jazzy/opt/sdformat_vendor/lib/python:/opt/ros/jazzy/opt/gz_transport_vendor/lib/python:/opt/ros/jazzy/opt/gz_msgs_vendor/lib/python:/opt/ros/jazzy/opt/gz_math_vendor/lib/python:/opt/ros/jazzy/lib/python3.12/site-packages /usr/bin/cmake /home/mario/master_ws/src/moveit_task_constructor/core -DCMAKE_EXPORT_COMPILE_COMMANDS=ON -DCMAKE_INSTALL_PREFIX=/home/mario/master_ws/install/moveit_task_constructor_core
[1.881s] Invoking command in '/home/mario/master_ws/build/moveit_task_constructor_core': CMAKE_PREFIX_PATH=/home/mario/master_ws/install/rviz_marker_tools:/home/mario/master_ws/install/moveit_task_constructor_msgs:/home/mario/master_ws/install/moveit_task_constructor_demo:/home/mario/master_ws/install/moveit_task_constructor_visualization:/home/mario/master_ws/install/moveit_task_constructor_capabilities:/home/mario/master_ws/install/estun_control:/home/mario/master_ws/install/moveit_task_constructor_core:/home/mario/master_ws/install/estun_moveit:/opt/ros/jazzy/opt/gz_sim_vendor:/opt/ros/jazzy/opt/gz_sensors_vendor:/opt/ros/jazzy/opt/gz_physics_vendor:/opt/ros/jazzy/opt/sdformat_vendor:/opt/ros/jazzy/opt/gz_gui_vendor:/opt/ros/jazzy/opt/gz_transport_vendor:/opt/ros/jazzy/opt/gz_rendering_vendor:/opt/ros/jazzy/opt/gz_plugin_vendor:/opt/ros/jazzy/opt/gz_fuel_tools_vendor:/opt/ros/jazzy/opt/gz_msgs_vendor:/opt/ros/jazzy/opt/gz_common_vendor:/opt/ros/jazzy/opt/gz_math_vendor:/opt/ros/jazzy/opt/gz_utils_vendor:/opt/ros/jazzy/opt/gz_tools_vendor:/opt/ros/jazzy/opt/gz_ogre_next_vendor:/opt/ros/jazzy/opt/gz_dartsim_vendor:/opt/ros/jazzy/opt/gz_cmake_vendor:/home/mario/master_ws/install/estun_description:/opt/ros/jazzy DEBUGINFOD_URLS=https://debuginfod.ubuntu.com LD_LIBRARY_PATH=/home/mario/master_ws/install/rviz_marker_tools/lib:/home/mario/master_ws/install/moveit_task_constructor_msgs/lib:/home/mario/master_ws/install/moveit_task_constructor_demo/lib:/home/mario/master_ws/install/moveit_task_constructor_visualization/lib:/home/mario/master_ws/install/moveit_task_constructor_capabilities/lib:/home/mario/master_ws/install/moveit_task_constructor_core/lib:/opt/ros/jazzy/opt/gz_sim_vendor/lib:/opt/ros/jazzy/opt/gz_sensors_vendor/lib:/opt/ros/jazzy/opt/gz_physics_vendor/lib:/opt/ros/jazzy/opt/sdformat_vendor/lib:/opt/ros/jazzy/opt/rviz_ogre_vendor/lib:/opt/ros/jazzy/lib/x86_64-linux-gnu:/opt/ros/jazzy/opt/gz_gui_vendor/lib:/opt/ros/jazzy/opt/gz_transport_vendor/lib:/opt/ros/jazzy/opt/gz_rendering_vendor/lib:/opt/ros/jazzy/opt/gz_plugin_vendor/lib:/opt/ros/jazzy/opt/gz_fuel_tools_vendor/lib:/opt/ros/jazzy/opt/gz_msgs_vendor/lib:/opt/ros/jazzy/opt/gz_common_vendor/lib:/opt/ros/jazzy/opt/gz_math_vendor/lib:/opt/ros/jazzy/opt/gz_utils_vendor/lib:/opt/ros/jazzy/opt/gz_tools_vendor/lib:/opt/ros/jazzy/opt/gz_ogre_next_vendor/lib:/opt/ros/jazzy/opt/gz_dartsim_vendor/lib:/opt/ros/jazzy/opt/gz_cmake_vendor/lib:/opt/ros/jazzy/lib PYTHONPATH=/home/mario/master_ws/install/moveit_task_constructor_msgs/lib/python3.12/site-packages:/home/mario/master_ws/install/moveit_task_constructor_core/lib/python3.12/site-packages:/home/mario/master_ws/install/estun_description/lib/python3.12/site-packages:/opt/ros/jazzy/opt/gz_sim_vendor/lib/python:/opt/ros/jazzy/opt/sdformat_vendor/lib/python:/opt/ros/jazzy/opt/gz_transport_vendor/lib/python:/opt/ros/jazzy/opt/gz_msgs_vendor/lib/python:/opt/ros/jazzy/opt/gz_math_vendor/lib/python:/opt/ros/jazzy/lib/python3.12/site-packages /usr/bin/cmake --build /home/mario/master_ws/build/moveit_task_constructor_core -- -j12 -l12
[2.025s] [  2%] Built target gmock_main
[2.028s] [  2%] Built target ament_cmake_python_copy_moveit
[2.028s] [  4%] Built target gtest
[2.032s] [  8%] Built target gmock
[2.035s] [ 10%] Built target gtest_main
[2.157s] [ 29%] Built target moveit_task_constructor_core
[2.217s] [ 33%] Built target gtest_utils
[2.303s] running egg_info
[2.320s] [ 55%] Built target moveit_task_constructor_core_stages
[2.341s] writing moveit.egg-info/PKG-INFO
[2.341s] writing dependency_links to moveit.egg-info/dependency_links.txt
[2.341s] writing top-level names to moveit.egg-info/top_level.txt
[2.379s] [ 58%] Built target moveit_task_constructor_core-test-limit-solutions
[2.381s] [ 60%] Built target moveit_task_constructor_core-test-properties
[2.386s] [ 63%] Built target moveit_task_constructor_core-test-serial
[2.386s] [ 65%] Built target moveit_task_constructor_core-test-pruning
[2.391s] [ 69%] Built target moveit_task_constructor_core-test-container
[2.391s] [ 69%] Built target moveit_task_constructor_core_stage_plugins
[2.393s] [ 72%] Built target moveit_task_constructor_core-test-mockups
[2.394s] [ 74%] Built target moveit_task_constructor_core-test-stage
[2.409s] [ 76%] Built target moveit_task_constructor_core-test-storage
[2.412s] [ 79%] Built target moveit_task_constructor_core-test-fallback
[2.417s] [ 81%] Built target moveit_task_constructor_core-test-cost-terms
[2.439s] [ 83%] Built target moveit_task_constructor_core-test-interface-state
[2.441s] [ 86%] Built target moveit_task_constructor_core-test-move-to
[2.441s] [ 88%] Built target moveit_task_constructor_core-test-move-relative
[2.446s] [ 90%] Built target moveit_task_constructor_core-test-pipeline-planner
[2.447s] [ 93%] Built target moveit_task_constructor_core-test-cost-queue
[2.448s] [ 95%] Built target pick_ur5
[2.449s] reading manifest file 'moveit.egg-info/SOURCES.txt'
[2.450s] [ 97%] Built target pick_pr2
[2.450s] writing manifest file 'moveit.egg-info/SOURCES.txt'
[2.459s] [100%] Built target pick_pa10
[2.474s] [100%] Built target ament_cmake_python_build_moveit_egg
[2.488s] Invoked command in '/home/mario/master_ws/build/moveit_task_constructor_core' returned '0': CMAKE_PREFIX_PATH=/home/mario/master_ws/install/rviz_marker_tools:/home/mario/master_ws/install/moveit_task_constructor_msgs:/home/mario/master_ws/install/moveit_task_constructor_demo:/home/mario/master_ws/install/moveit_task_constructor_visualization:/home/mario/master_ws/install/moveit_task_constructor_capabilities:/home/mario/master_ws/install/estun_control:/home/mario/master_ws/install/moveit_task_constructor_core:/home/mario/master_ws/install/estun_moveit:/opt/ros/jazzy/opt/gz_sim_vendor:/opt/ros/jazzy/opt/gz_sensors_vendor:/opt/ros/jazzy/opt/gz_physics_vendor:/opt/ros/jazzy/opt/sdformat_vendor:/opt/ros/jazzy/opt/gz_gui_vendor:/opt/ros/jazzy/opt/gz_transport_vendor:/opt/ros/jazzy/opt/gz_rendering_vendor:/opt/ros/jazzy/opt/gz_plugin_vendor:/opt/ros/jazzy/opt/gz_fuel_tools_vendor:/opt/ros/jazzy/opt/gz_msgs_vendor:/opt/ros/jazzy/opt/gz_common_vendor:/opt/ros/jazzy/opt/gz_math_vendor:/opt/ros/jazzy/opt/gz_utils_vendor:/opt/ros/jazzy/opt/gz_tools_vendor:/opt/ros/jazzy/opt/gz_ogre_next_vendor:/opt/ros/jazzy/opt/gz_dartsim_vendor:/opt/ros/jazzy/opt/gz_cmake_vendor:/home/mario/master_ws/install/estun_description:/opt/ros/jazzy DEBUGINFOD_URLS=https://debuginfod.ubuntu.com LD_LIBRARY_PATH=/home/mario/master_ws/install/rviz_marker_tools/lib:/home/mario/master_ws/install/moveit_task_constructor_msgs/lib:/home/mario/master_ws/install/moveit_task_constructor_demo/lib:/home/mario/master_ws/install/moveit_task_constructor_visualization/lib:/home/mario/master_ws/install/moveit_task_constructor_capabilities/lib:/home/mario/master_ws/install/moveit_task_constructor_core/lib:/opt/ros/jazzy/opt/gz_sim_vendor/lib:/opt/ros/jazzy/opt/gz_sensors_vendor/lib:/opt/ros/jazzy/opt/gz_physics_vendor/lib:/opt/ros/jazzy/opt/sdformat_vendor/lib:/opt/ros/jazzy/opt/rviz_ogre_vendor/lib:/opt/ros/jazzy/lib/x86_64-linux-gnu:/opt/ros/jazzy/opt/gz_gui_vendor/lib:/opt/ros/jazzy/opt/gz_transport_vendor/lib:/opt/ros/jazzy/opt/gz_rendering_vendor/lib:/opt/ros/jazzy/opt/gz_plugin_vendor/lib:/opt/ros/jazzy/opt/gz_fuel_tools_vendor/lib:/opt/ros/jazzy/opt/gz_msgs_vendor/lib:/opt/ros/jazzy/opt/gz_common_vendor/lib:/opt/ros/jazzy/opt/gz_math_vendor/lib:/opt/ros/jazzy/opt/gz_utils_vendor/lib:/opt/ros/jazzy/opt/gz_tools_vendor/lib:/opt/ros/jazzy/opt/gz_ogre_next_vendor/lib:/opt/ros/jazzy/opt/gz_dartsim_vendor/lib:/opt/ros/jazzy/opt/gz_cmake_vendor/lib:/opt/ros/jazzy/lib PYTHONPATH=/home/mario/master_ws/install/moveit_task_constructor_msgs/lib/python3.12/site-packages:/home/mario/master_ws/install/moveit_task_constructor_core/lib/python3.12/site-packages:/home/mario/master_ws/install/estun_description/lib/python3.12/site-packages:/opt/ros/jazzy/opt/gz_sim_vendor/lib/python:/opt/ros/jazzy/opt/sdformat_vendor/lib/python:/opt/ros/jazzy/opt/gz_transport_vendor/lib/python:/opt/ros/jazzy/opt/gz_msgs_vendor/lib/python:/opt/ros/jazzy/opt/gz_math_vendor/lib/python:/opt/ros/jazzy/lib/python3.12/site-packages /usr/bin/cmake --build /home/mario/master_ws/build/moveit_task_constructor_core -- -j12 -l12
[2.489s] Invoking command in '/home/mario/master_ws/build/moveit_task_constructor_core': CMAKE_PREFIX_PATH=/home/mario/master_ws/install/rviz_marker_tools:/home/mario/master_ws/install/moveit_task_constructor_msgs:/home/mario/master_ws/install/moveit_task_constructor_demo:/home/mario/master_ws/install/moveit_task_constructor_visualization:/home/mario/master_ws/install/moveit_task_constructor_capabilities:/home/mario/master_ws/install/estun_control:/home/mario/master_ws/install/moveit_task_constructor_core:/home/mario/master_ws/install/estun_moveit:/opt/ros/jazzy/opt/gz_sim_vendor:/opt/ros/jazzy/opt/gz_sensors_vendor:/opt/ros/jazzy/opt/gz_physics_vendor:/opt/ros/jazzy/opt/sdformat_vendor:/opt/ros/jazzy/opt/gz_gui_vendor:/opt/ros/jazzy/opt/gz_transport_vendor:/opt/ros/jazzy/opt/gz_rendering_vendor:/opt/ros/jazzy/opt/gz_plugin_vendor:/opt/ros/jazzy/opt/gz_fuel_tools_vendor:/opt/ros/jazzy/opt/gz_msgs_vendor:/opt/ros/jazzy/opt/gz_common_vendor:/opt/ros/jazzy/opt/gz_math_vendor:/opt/ros/jazzy/opt/gz_utils_vendor:/opt/ros/jazzy/opt/gz_tools_vendor:/opt/ros/jazzy/opt/gz_ogre_next_vendor:/opt/ros/jazzy/opt/gz_dartsim_vendor:/opt/ros/jazzy/opt/gz_cmake_vendor:/home/mario/master_ws/install/estun_description:/opt/ros/jazzy DEBUGINFOD_URLS=https://debuginfod.ubuntu.com LD_LIBRARY_PATH=/home/mario/master_ws/install/rviz_marker_tools/lib:/home/mario/master_ws/install/moveit_task_constructor_msgs/lib:/home/mario/master_ws/install/moveit_task_constructor_demo/lib:/home/mario/master_ws/install/moveit_task_constructor_visualization/lib:/home/mario/master_ws/install/moveit_task_constructor_capabilities/lib:/home/mario/master_ws/install/moveit_task_constructor_core/lib:/opt/ros/jazzy/opt/gz_sim_vendor/lib:/opt/ros/jazzy/opt/gz_sensors_vendor/lib:/opt/ros/jazzy/opt/gz_physics_vendor/lib:/opt/ros/jazzy/opt/sdformat_vendor/lib:/opt/ros/jazzy/opt/rviz_ogre_vendor/lib:/opt/ros/jazzy/lib/x86_64-linux-gnu:/opt/ros/jazzy/opt/gz_gui_vendor/lib:/opt/ros/jazzy/opt/gz_transport_vendor/lib:/opt/ros/jazzy/opt/gz_rendering_vendor/lib:/opt/ros/jazzy/opt/gz_plugin_vendor/lib:/opt/ros/jazzy/opt/gz_fuel_tools_vendor/lib:/opt/ros/jazzy/opt/gz_msgs_vendor/lib:/opt/ros/jazzy/opt/gz_common_vendor/lib:/opt/ros/jazzy/opt/gz_math_vendor/lib:/opt/ros/jazzy/opt/gz_utils_vendor/lib:/opt/ros/jazzy/opt/gz_tools_vendor/lib:/opt/ros/jazzy/opt/gz_ogre_next_vendor/lib:/opt/ros/jazzy/opt/gz_dartsim_vendor/lib:/opt/ros/jazzy/opt/gz_cmake_vendor/lib:/opt/ros/jazzy/lib PYTHONPATH=/home/mario/master_ws/install/moveit_task_constructor_msgs/lib/python3.12/site-packages:/home/mario/master_ws/install/moveit_task_constructor_core/lib/python3.12/site-packages:/home/mario/master_ws/install/estun_description/lib/python3.12/site-packages:/opt/ros/jazzy/opt/gz_sim_vendor/lib/python:/opt/ros/jazzy/opt/sdformat_vendor/lib/python:/opt/ros/jazzy/opt/gz_transport_vendor/lib/python:/opt/ros/jazzy/opt/gz_msgs_vendor/lib/python:/opt/ros/jazzy/opt/gz_math_vendor/lib/python:/opt/ros/jazzy/lib/python3.12/site-packages /usr/bin/cmake --install /home/mario/master_ws/build/moveit_task_constructor_core
[2.498s] -- Install configuration: "Release"
[2.498s] -- Up-to-date: /home/mario/master_ws/install/moveit_task_constructor_core/lib/libmoveit_task_constructor_core_stages.so
[2.498s] -- Up-to-date: /home/mario/master_ws/install/moveit_task_constructor_core/lib/libmoveit_task_constructor_core_stage_plugins.so
[2.499s] -- Up-to-date: /home/mario/master_ws/install/moveit_task_constructor_core/lib/libmoveit_task_constructor_core.so
[2.499s] -- Up-to-date: /home/mario/master_ws/install/moveit_task_constructor_core/share/moveit_task_constructor_core/environment/pythonpath.sh
[2.499s] -- Up-to-date: /home/mario/master_ws/install/moveit_task_constructor_core/share/moveit_task_constructor_core/environment/pythonpath.dsv
[2.499s] -- Up-to-date: /home/mario/master_ws/install/moveit_task_constructor_core/lib/python3.12/site-packages/moveit-0.2.0-py3.12.egg-info
[2.499s] -- Installing: /home/mario/master_ws/install/moveit_task_constructor_core/lib/python3.12/site-packages/moveit-0.2.0-py3.12.egg-info/PKG-INFO
[2.499s] -- Installing: /home/mario/master_ws/install/moveit_task_constructor_core/lib/python3.12/site-packages/moveit-0.2.0-py3.12.egg-info/top_level.txt
[2.499s] -- Installing: /home/mario/master_ws/install/moveit_task_constructor_core/lib/python3.12/site-packages/moveit-0.2.0-py3.12.egg-info/SOURCES.txt
[2.499s] -- Installing: /home/mario/master_ws/install/moveit_task_constructor_core/lib/python3.12/site-packages/moveit-0.2.0-py3.12.egg-info/dependency_links.txt
[2.499s] -- Up-to-date: /home/mario/master_ws/install/moveit_task_constructor_core/lib/python3.12/site-packages/moveit
[2.500s] -- Up-to-date: /home/mario/master_ws/install/moveit_task_constructor_core/lib/python3.12/site-packages/moveit/task_constructor
[2.500s] -- Up-to-date: /home/mario/master_ws/install/moveit_task_constructor_core/lib/python3.12/site-packages/moveit/task_constructor/core.py
[2.500s] -- Up-to-date: /home/mario/master_ws/install/moveit_task_constructor_core/lib/python3.12/site-packages/moveit/task_constructor/stages.py
[2.500s] -- Up-to-date: /home/mario/master_ws/install/moveit_task_constructor_core/lib/python3.12/site-packages/moveit/task_constructor/__init__.py
[2.500s] -- Up-to-date: /home/mario/master_ws/install/moveit_task_constructor_core/lib/python3.12/site-packages/moveit/__init__.py
[2.531s] Listing '/home/mario/master_ws/install/moveit_task_constructor_core/lib/python3.12/site-packages/moveit'...
[2.531s] Listing '/home/mario/master_ws/install/moveit_task_constructor_core/lib/python3.12/site-packages/moveit/task_constructor'...
[2.535s] -- Up-to-date: /home/mario/master_ws/install/moveit_task_constructor_core/include
[2.535s] -- Up-to-date: /home/mario/master_ws/install/moveit_task_constructor_core/include/moveit
[2.535s] -- Up-to-date: /home/mario/master_ws/install/moveit_task_constructor_core/include/moveit/python
[2.536s] -- Up-to-date: /home/mario/master_ws/install/moveit_task_constructor_core/include/moveit/python/task_constructor
[2.536s] -- Up-to-date: /home/mario/master_ws/install/moveit_task_constructor_core/include/moveit/python/task_constructor/properties.h
[2.536s] -- Up-to-date: /home/mario/master_ws/install/moveit_task_constructor_core/include/moveit/task_constructor
[2.536s] -- Up-to-date: /home/mario/master_ws/install/moveit_task_constructor_core/include/moveit/task_constructor/type_traits.h
[2.536s] -- Up-to-date: /home/mario/master_ws/install/moveit_task_constructor_core/include/moveit/task_constructor/task.h
[2.536s] -- Up-to-date: /home/mario/master_ws/install/moveit_task_constructor_core/include/moveit/task_constructor/marker_tools.h
[2.536s] -- Up-to-date: /home/mario/master_ws/install/moveit_task_constructor_core/include/moveit/task_constructor/solvers.h
[2.536s] -- Up-to-date: /home/mario/master_ws/install/moveit_task_constructor_core/include/moveit/task_constructor/cost_queue.h
[2.536s] -- Up-to-date: /home/mario/master_ws/install/moveit_task_constructor_core/include/moveit/task_constructor/trajectory_execution_info.h
[2.537s] -- Up-to-date: /home/mario/master_ws/install/moveit_task_constructor_core/include/moveit/task_constructor/container.h
[2.537s] -- Up-to-date: /home/mario/master_ws/install/moveit_task_constructor_core/include/moveit/task_constructor/utils.h
[2.537s] -- Up-to-date: /home/mario/master_ws/install/moveit_task_constructor_core/include/moveit/task_constructor/storage.h
[2.537s] -- Up-to-date: /home/mario/master_ws/install/moveit_task_constructor_core/include/moveit/task_constructor/solvers
[2.537s] -- Up-to-date: /home/mario/master_ws/install/moveit_task_constructor_core/include/moveit/task_constructor/solvers/joint_interpolation.h
[2.537s] -- Up-to-date: /home/mario/master_ws/install/moveit_task_constructor_core/include/moveit/task_constructor/solvers/pipeline_planner.h
[2.537s] -- Up-to-date: /home/mario/master_ws/install/moveit_task_constructor_core/include/moveit/task_constructor/solvers/planner_interface.h
[2.537s] -- Up-to-date: /home/mario/master_ws/install/moveit_task_constructor_core/include/moveit/task_constructor/solvers/cartesian_path.h
[2.537s] -- Up-to-date: /home/mario/master_ws/install/moveit_task_constructor_core/include/moveit/task_constructor/solvers/multi_planner.h
[2.538s] -- Up-to-date: /home/mario/master_ws/install/moveit_task_constructor_core/include/moveit/task_constructor/cost_terms.h
[2.538s] -- Up-to-date: /home/mario/master_ws/install/moveit_task_constructor_core/include/moveit/task_constructor/merge.h
[2.538s] -- Up-to-date: /home/mario/master_ws/install/moveit_task_constructor_core/include/moveit/task_constructor/stage.h
[2.538s] -- Up-to-date: /home/mario/master_ws/install/moveit_task_constructor_core/include/moveit/task_constructor/stages.h
[2.538s] -- Up-to-date: /home/mario/master_ws/install/moveit_task_constructor_core/include/moveit/task_constructor/introspection.h
[2.538s] -- Up-to-date: /home/mario/master_ws/install/moveit_task_constructor_core/include/moveit/task_constructor/stages
[2.538s] -- Up-to-date: /home/mario/master_ws/install/moveit_task_constructor_core/include/moveit/task_constructor/stages/current_state.h
[2.538s] -- Up-to-date: /home/mario/master_ws/install/moveit_task_constructor_core/include/moveit/task_constructor/stages/move_to.h
[2.538s] -- Up-to-date: /home/mario/master_ws/install/moveit_task_constructor_core/include/moveit/task_constructor/stages/compute_ik.h
[2.538s] -- Up-to-date: /home/mario/master_ws/install/moveit_task_constructor_core/include/moveit/task_constructor/stages/generate_place_pose.h
[2.538s] -- Up-to-date: /home/mario/master_ws/install/moveit_task_constructor_core/include/moveit/task_constructor/stages/connect.h
[2.539s] -- Up-to-date: /home/mario/master_ws/install/moveit_task_constructor_core/include/moveit/task_constructor/stages/generate_pose.h
[2.539s] -- Up-to-date: /home/mario/master_ws/install/moveit_task_constructor_core/include/moveit/task_constructor/stages/fixed_cartesian_poses.h
[2.539s] -- Up-to-date: /home/mario/master_ws/install/moveit_task_constructor_core/include/moveit/task_constructor/stages/generate_grasp_pose.h
[2.539s] -- Up-to-date: /home/mario/master_ws/install/moveit_task_constructor_core/include/moveit/task_constructor/stages/fix_collision_objects.h
[2.539s] -- Up-to-date: /home/mario/master_ws/install/moveit_task_constructor_core/include/moveit/task_constructor/stages/pick.h
[2.539s] -- Up-to-date: /home/mario/master_ws/install/moveit_task_constructor_core/include/moveit/task_constructor/stages/passthrough.h
[2.539s] -- Up-to-date: /home/mario/master_ws/install/moveit_task_constructor_core/include/moveit/task_constructor/stages/limit_solutions.h
[2.539s] -- Up-to-date: /home/mario/master_ws/install/moveit_task_constructor_core/include/moveit/task_constructor/stages/generate_random_pose.h
[2.539s] -- Up-to-date: /home/mario/master_ws/install/moveit_task_constructor_core/include/moveit/task_constructor/stages/fixed_state.h
[2.539s] -- Up-to-date: /home/mario/master_ws/install/moveit_task_constructor_core/include/moveit/task_constructor/stages/noop.h
[2.540s] -- Up-to-date: /home/mario/master_ws/install/moveit_task_constructor_core/include/moveit/task_constructor/stages/modify_planning_scene.h
[2.540s] -- Up-to-date: /home/mario/master_ws/install/moveit_task_constructor_core/include/moveit/task_constructor/stages/simple_grasp.h
[2.540s] -- Up-to-date: /home/mario/master_ws/install/moveit_task_constructor_core/include/moveit/task_constructor/stages/predicate_filter.h
[2.540s] -- Up-to-date: /home/mario/master_ws/install/moveit_task_constructor_core/include/moveit/task_constructor/stages/move_relative.h
[2.540s] -- Up-to-date: /home/mario/master_ws/install/moveit_task_constructor_core/include/moveit/task_constructor/properties.h
[2.540s] -- Up-to-date: /home/mario/master_ws/install/moveit_task_constructor_core/include/moveit/task_constructor/moveit_compat.h
[2.540s] -- Up-to-date: /home/mario/master_ws/install/moveit_task_constructor_core/share/moveit_task_constructor_core/motion_planning_stages_plugin_description.xml
[2.540s] -- Up-to-date: /home/mario/master_ws/install/moveit_task_constructor_core/share/moveit_task_constructor_core/environment/library_path.sh
[2.540s] -- Up-to-date: /home/mario/master_ws/install/moveit_task_constructor_core/share/moveit_task_constructor_core/environment/library_path.dsv
[2.540s] -- Up-to-date: /home/mario/master_ws/install/moveit_task_constructor_core/share/ament_index/resource_index/package_run_dependencies/moveit_task_constructor_core
[2.541s] -- Installing: /home/mario/master_ws/install/moveit_task_constructor_core/share/ament_index/resource_index/parent_prefix_path/moveit_task_constructor_core
[2.541s] -- Up-to-date: /home/mario/master_ws/install/moveit_task_constructor_core/share/moveit_task_constructor_core/environment/ament_prefix_path.sh
[2.541s] -- Up-to-date: /home/mario/master_ws/install/moveit_task_constructor_core/share/moveit_task_constructor_core/environment/ament_prefix_path.dsv
[2.541s] -- Up-to-date: /home/mario/master_ws/install/moveit_task_constructor_core/share/moveit_task_constructor_core/environment/path.sh
[2.541s] -- Up-to-date: /home/mario/master_ws/install/moveit_task_constructor_core/share/moveit_task_constructor_core/environment/path.dsv
[2.541s] -- Up-to-date: /home/mario/master_ws/install/moveit_task_constructor_core/share/moveit_task_constructor_core/local_setup.bash
[2.541s] -- Up-to-date: /home/mario/master_ws/install/moveit_task_constructor_core/share/moveit_task_constructor_core/local_setup.sh
[2.541s] -- Up-to-date: /home/mario/master_ws/install/moveit_task_constructor_core/share/moveit_task_constructor_core/local_setup.zsh
[2.541s] -- Up-to-date: /home/mario/master_ws/install/moveit_task_constructor_core/share/moveit_task_constructor_core/local_setup.dsv
[2.541s] -- Installing: /home/mario/master_ws/install/moveit_task_constructor_core/share/moveit_task_constructor_core/package.dsv
[2.541s] -- Up-to-date: /home/mario/master_ws/install/moveit_task_constructor_core/share/ament_index/resource_index/packages/moveit_task_constructor_core
[2.542s] -- Up-to-date: /home/mario/master_ws/install/moveit_task_constructor_core/share/ament_index/resource_index/moveit_task_constructor_core__pluginlib__plugin/moveit_task_constructor_core
[2.542s] -- Up-to-date: /home/mario/master_ws/install/moveit_task_constructor_core/share/moveit_task_constructor_core/cmake/moveit_task_constructor_coreTargetsExport.cmake
[2.542s] -- Up-to-date: /home/mario/master_ws/install/moveit_task_constructor_core/share/moveit_task_constructor_core/cmake/moveit_task_constructor_coreTargetsExport-release.cmake
[2.542s] -- Up-to-date: /home/mario/master_ws/install/moveit_task_constructor_core/share/moveit_task_constructor_core/cmake/ament_cmake_export_targets-extras.cmake
[2.542s] -- Up-to-date: /home/mario/master_ws/install/moveit_task_constructor_core/share/moveit_task_constructor_core/cmake/ament_cmake_export_dependencies-extras.cmake
[2.542s] -- Up-to-date: /home/mario/master_ws/install/moveit_task_constructor_core/share/moveit_task_constructor_core/cmake/moveit_task_constructor_coreConfig.cmake
[2.542s] -- Up-to-date: /home/mario/master_ws/install/moveit_task_constructor_core/share/moveit_task_constructor_core/cmake/moveit_task_constructor_coreConfig-version.cmake
[2.543s] -- Up-to-date: /home/mario/master_ws/install/moveit_task_constructor_core/share/moveit_task_constructor_core/package.xml
[2.543s] Invoked command in '/home/mario/master_ws/build/moveit_task_constructor_core' returned '0': CMAKE_PREFIX_PATH=/home/mario/master_ws/install/rviz_marker_tools:/home/mario/master_ws/install/moveit_task_constructor_msgs:/home/mario/master_ws/install/moveit_task_constructor_demo:/home/mario/master_ws/install/moveit_task_constructor_visualization:/home/mario/master_ws/install/moveit_task_constructor_capabilities:/home/mario/master_ws/install/estun_control:/home/mario/master_ws/install/moveit_task_constructor_core:/home/mario/master_ws/install/estun_moveit:/opt/ros/jazzy/opt/gz_sim_vendor:/opt/ros/jazzy/opt/gz_sensors_vendor:/opt/ros/jazzy/opt/gz_physics_vendor:/opt/ros/jazzy/opt/sdformat_vendor:/opt/ros/jazzy/opt/gz_gui_vendor:/opt/ros/jazzy/opt/gz_transport_vendor:/opt/ros/jazzy/opt/gz_rendering_vendor:/opt/ros/jazzy/opt/gz_plugin_vendor:/opt/ros/jazzy/opt/gz_fuel_tools_vendor:/opt/ros/jazzy/opt/gz_msgs_vendor:/opt/ros/jazzy/opt/gz_common_vendor:/opt/ros/jazzy/opt/gz_math_vendor:/opt/ros/jazzy/opt/gz_utils_vendor:/opt/ros/jazzy/opt/gz_tools_vendor:/opt/ros/jazzy/opt/gz_ogre_next_vendor:/opt/ros/jazzy/opt/gz_dartsim_vendor:/opt/ros/jazzy/opt/gz_cmake_vendor:/home/mario/master_ws/install/estun_description:/opt/ros/jazzy DEBUGINFOD_URLS=https://debuginfod.ubuntu.com LD_LIBRARY_PATH=/home/mario/master_ws/install/rviz_marker_tools/lib:/home/mario/master_ws/install/moveit_task_constructor_msgs/lib:/home/mario/master_ws/install/moveit_task_constructor_demo/lib:/home/mario/master_ws/install/moveit_task_constructor_visualization/lib:/home/mario/master_ws/install/moveit_task_constructor_capabilities/lib:/home/mario/master_ws/install/moveit_task_constructor_core/lib:/opt/ros/jazzy/opt/gz_sim_vendor/lib:/opt/ros/jazzy/opt/gz_sensors_vendor/lib:/opt/ros/jazzy/opt/gz_physics_vendor/lib:/opt/ros/jazzy/opt/sdformat_vendor/lib:/opt/ros/jazzy/opt/rviz_ogre_vendor/lib:/opt/ros/jazzy/lib/x86_64-linux-gnu:/opt/ros/jazzy/opt/gz_gui_vendor/lib:/opt/ros/jazzy/opt/gz_transport_vendor/lib:/opt/ros/jazzy/opt/gz_rendering_vendor/lib:/opt/ros/jazzy/opt/gz_plugin_vendor/lib:/opt/ros/jazzy/opt/gz_fuel_tools_vendor/lib:/opt/ros/jazzy/opt/gz_msgs_vendor/lib:/opt/ros/jazzy/opt/gz_common_vendor/lib:/opt/ros/jazzy/opt/gz_math_vendor/lib:/opt/ros/jazzy/opt/gz_utils_vendor/lib:/opt/ros/jazzy/opt/gz_tools_vendor/lib:/opt/ros/jazzy/opt/gz_ogre_next_vendor/lib:/opt/ros/jazzy/opt/gz_dartsim_vendor/lib:/opt/ros/jazzy/opt/gz_cmake_vendor/lib:/opt/ros/jazzy/lib PYTHONPATH=/home/mario/master_ws/install/moveit_task_constructor_msgs/lib/python3.12/site-packages:/home/mario/master_ws/install/moveit_task_constructor_core/lib/python3.12/site-packages:/home/mario/master_ws/install/estun_description/lib/python3.12/site-packages:/opt/ros/jazzy/opt/gz_sim_vendor/lib/python:/opt/ros/jazzy/opt/sdformat_vendor/lib/python:/opt/ros/jazzy/opt/gz_transport_vendor/lib/python:/opt/ros/jazzy/opt/gz_msgs_vendor/lib/python:/opt/ros/jazzy/opt/gz_math_vendor/lib/python:/opt/ros/jazzy/lib/python3.12/site-packages /usr/bin/cmake --install /home/mario/master_ws/build/moveit_task_constructor_core
