running egg_info
creating ../../build/Estun_description/Estun_description.egg-info
writing ../../build/Estun_description/Estun_description.egg-info/PKG-INFO
writing dependency_links to ../../build/Estun_description/Estun_description.egg-info/dependency_links.txt
writing requirements to ../../build/Estun_description/Estun_description.egg-info/requires.txt
writing top-level names to ../../build/Estun_description/Estun_description.egg-info/top_level.txt
writing manifest file '../../build/Estun_description/Estun_description.egg-info/SOURCES.txt'
reading manifest file '../../build/Estun_description/Estun_description.egg-info/SOURCES.txt'
writing manifest file '../../build/Estun_description/Estun_description.egg-info/SOURCES.txt'
running build
running build_py
creating /home/mario/master_ws/build/Estun_description/build
creating /home/mario/master_ws/build/Estun_description/build/lib
creating /home/mario/master_ws/build/Estun_description/build/lib/Estun_description
copying Estun_description/__init__.py -> /home/mario/master_ws/build/Estun_description/build/lib/Estun_description
running install
running install_lib
creating /home/mario/master_ws/install/Estun_description/lib/python3.12/site-packages/Estun_description
copying /home/mario/master_ws/build/Estun_description/build/lib/Estun_description/__init__.py -> /home/mario/master_ws/install/Estun_description/lib/python3.12/site-packages/Estun_description
byte-compiling /home/mario/master_ws/install/Estun_description/lib/python3.12/site-packages/Estun_description/__init__.py to __init__.cpython-312.pyc
running install_data
creating /home/mario/master_ws/install/Estun_description/share/ament_index
creating /home/mario/master_ws/install/Estun_description/share/ament_index/resource_index
creating /home/mario/master_ws/install/Estun_description/share/ament_index/resource_index/packages
copying resource/Estun_description -> /home/mario/master_ws/install/Estun_description/share/ament_index/resource_index/packages
copying package.xml -> /home/mario/master_ws/install/Estun_description/share/Estun_description
creating /home/mario/master_ws/install/Estun_description/share/Estun_description/launch
copying launch/gazebo.launch.py -> /home/mario/master_ws/install/Estun_description/share/Estun_description/launch
copying launch/display.launch.py -> /home/mario/master_ws/install/Estun_description/share/Estun_description/launch
creating /home/mario/master_ws/install/Estun_description/share/Estun_description/urdf
copying urdf/Estun.gazebo -> /home/mario/master_ws/install/Estun_description/share/Estun_description/urdf
copying urdf/materials.xacro -> /home/mario/master_ws/install/Estun_description/share/Estun_description/urdf
copying urdf/Estun.ros2control -> /home/mario/master_ws/install/Estun_description/share/Estun_description/urdf
copying urdf/Estun.xacro -> /home/mario/master_ws/install/Estun_description/share/Estun_description/urdf
creating /home/mario/master_ws/install/Estun_description/share/Estun_description/meshes
copying meshes/arm_01_1.stl -> /home/mario/master_ws/install/Estun_description/share/Estun_description/meshes
copying meshes/arm_03_1.stl -> /home/mario/master_ws/install/Estun_description/share/Estun_description/meshes
copying meshes/endeffector_1.stl -> /home/mario/master_ws/install/Estun_description/share/Estun_description/meshes
copying meshes/base_link.stl -> /home/mario/master_ws/install/Estun_description/share/Estun_description/meshes
copying meshes/arm_05_1.stl -> /home/mario/master_ws/install/Estun_description/share/Estun_description/meshes
copying meshes/arm_02_1.stl -> /home/mario/master_ws/install/Estun_description/share/Estun_description/meshes
copying meshes/arm_04_1.stl -> /home/mario/master_ws/install/Estun_description/share/Estun_description/meshes
creating /home/mario/master_ws/install/Estun_description/share/Estun_description/config
copying config/ros_gz_bridge_gazebo.yaml -> /home/mario/master_ws/install/Estun_description/share/Estun_description/config
copying config/display.rviz -> /home/mario/master_ws/install/Estun_description/share/Estun_description/config
copying config/gazebo.rviz -> /home/mario/master_ws/install/Estun_description/share/Estun_description/config
running install_egg_info
Copying ../../build/Estun_description/Estun_description.egg-info to /home/mario/master_ws/install/Estun_description/lib/python3.12/site-packages/Estun_description-0.0.0-py3.12.egg-info
running install_scripts
writing list of installed files to '/home/mario/master_ws/build/Estun_description/install.log'
