-- The C compiler identification is GNU 13.3.0
-- The CXX compiler identification is GNU 13.3.0
-- Detecting C compiler ABI info
-- Detecting C compiler ABI info - done
-- Check for working C compiler: /usr/bin/cc - skipped
-- Detecting C compile features
-- Detecting C compile features - done
-- Detecting CXX compiler ABI info
-- Detecting CXX compiler ABI info - done
-- Check for working CXX compiler: /usr/bin/c++ - skipped
-- Detecting CXX compile features
-- Detecting CXX compile features - done
-- Found ament_cmake: 2.5.6 (/opt/ros/jazzy/share/ament_cmake/cmake)
-- Found Python3: /usr/bin/python3 (found version "3.12.3") found components: Interpreter 
-- Found moveit_common: 2.12.4 (/opt/ros/jazzy/share/moveit_common/cmake)
[0mrviz_marker_tools: You did not request a specific build type: Choosing 'Release' for maximum performance[0m
-- Found rclcpp: 28.1.21 (/opt/ros/jazzy/share/rclcpp/cmake)
-- Found rosidl_generator_c: 4.6.9 (/opt/ros/jazzy/share/rosidl_generator_c/cmake)
-- Found rosidl_generator_cpp: 4.6.9 (/opt/ros/jazzy/share/rosidl_generator_cpp/cmake)
-- Using all available rosidl_typesupport_c: rosidl_typesupport_fastrtps_c;rosidl_typesupport_introspection_c
-- Using all available rosidl_typesupport_cpp: rosidl_typesupport_fastrtps_cpp;rosidl_typesupport_introspection_cpp
-- Found rmw_implementation_cmake: 7.3.3 (/opt/ros/jazzy/share/rmw_implementation_cmake/cmake)
-- Found rmw_fastrtps_cpp: 8.4.4 (/opt/ros/jazzy/share/rmw_fastrtps_cpp/cmake)
-- Found OpenSSL: /usr/lib/x86_64-linux-gnu/libcrypto.so (found version "3.0.13")  
-- Found FastRTPS: /opt/ros/jazzy/include (Required is at least version "2.13") 
-- Using RMW implementation 'rmw_fastrtps_cpp' as default
-- Found tf2_eigen: 0.36.21 (/opt/ros/jazzy/share/tf2_eigen/cmake)
-- Found visualization_msgs: 5.3.8 (/opt/ros/jazzy/share/visualization_msgs/cmake)
-- Configuring done (1.6s)
-- Generating done (0.0s)
-- Build files have been written to: /home/mario/master_ws/build/rviz_marker_tools
[ 50%] [32mBuilding CXX object CMakeFiles/rviz_marker_tools.dir/src/marker_creation.cpp.o[0m
[100%] [32m[1mLinking CXX shared library librviz_marker_tools.so[0m
[100%] Built target rviz_marker_tools
-- Install configuration: "Release"
-- Up-to-date: /home/mario/master_ws/install/rviz_marker_tools/include
-- Up-to-date: /home/mario/master_ws/install/rviz_marker_tools/include/rviz_marker_tools
-- Up-to-date: /home/mario/master_ws/install/rviz_marker_tools/include/rviz_marker_tools/marker_creation.h
-- Installing: /home/mario/master_ws/install/rviz_marker_tools/lib/librviz_marker_tools.so
-- Set non-toolchain portion of runtime path of "/home/mario/master_ws/install/rviz_marker_tools/lib/librviz_marker_tools.so" to ""
-- Up-to-date: /home/mario/master_ws/install/rviz_marker_tools/share/rviz_marker_tools/environment/library_path.sh
-- Installing: /home/mario/master_ws/install/rviz_marker_tools/share/rviz_marker_tools/environment/library_path.dsv
-- Installing: /home/mario/master_ws/install/rviz_marker_tools/share/ament_index/resource_index/package_run_dependencies/rviz_marker_tools
-- Installing: /home/mario/master_ws/install/rviz_marker_tools/share/ament_index/resource_index/parent_prefix_path/rviz_marker_tools
-- Up-to-date: /home/mario/master_ws/install/rviz_marker_tools/share/rviz_marker_tools/environment/ament_prefix_path.sh
-- Installing: /home/mario/master_ws/install/rviz_marker_tools/share/rviz_marker_tools/environment/ament_prefix_path.dsv
-- Up-to-date: /home/mario/master_ws/install/rviz_marker_tools/share/rviz_marker_tools/environment/path.sh
-- Installing: /home/mario/master_ws/install/rviz_marker_tools/share/rviz_marker_tools/environment/path.dsv
-- Installing: /home/mario/master_ws/install/rviz_marker_tools/share/rviz_marker_tools/local_setup.bash
-- Installing: /home/mario/master_ws/install/rviz_marker_tools/share/rviz_marker_tools/local_setup.sh
-- Installing: /home/mario/master_ws/install/rviz_marker_tools/share/rviz_marker_tools/local_setup.zsh
-- Installing: /home/mario/master_ws/install/rviz_marker_tools/share/rviz_marker_tools/local_setup.dsv
-- Installing: /home/mario/master_ws/install/rviz_marker_tools/share/rviz_marker_tools/package.dsv
-- Installing: /home/mario/master_ws/install/rviz_marker_tools/share/ament_index/resource_index/packages/rviz_marker_tools
-- Installing: /home/mario/master_ws/install/rviz_marker_tools/share/rviz_marker_tools/cmake/rviz_marker_toolsTargetsExport.cmake
-- Installing: /home/mario/master_ws/install/rviz_marker_tools/share/rviz_marker_tools/cmake/rviz_marker_toolsTargetsExport-release.cmake
-- Installing: /home/mario/master_ws/install/rviz_marker_tools/share/rviz_marker_tools/cmake/ament_cmake_export_targets-extras.cmake
-- Installing: /home/mario/master_ws/install/rviz_marker_tools/share/rviz_marker_tools/cmake/ament_cmake_export_dependencies-extras.cmake
-- Installing: /home/mario/master_ws/install/rviz_marker_tools/share/rviz_marker_tools/cmake/rviz_marker_toolsConfig.cmake
-- Installing: /home/mario/master_ws/install/rviz_marker_tools/share/rviz_marker_tools/cmake/rviz_marker_toolsConfig-version.cmake
-- Up-to-date: /home/mario/master_ws/install/rviz_marker_tools/share/rviz_marker_tools/package.xml
