[0.015s] Invoking command in '/home/mario/master_ws/build/rviz_marker_tools': CMAKE_PREFIX_PATH=${CMAKE_PREFIX_PATH}:/home/mario/master_ws/install/estun_description:/opt/ros/jazzy DEBUGINFOD_URLS=https://debuginfod.ubuntu.com /usr/bin/cmake /home/mario/master_ws/src/moveit_task_constructor/rviz_marker_tools -DCMAKE_INSTALL_PREFIX=/home/mario/master_ws/install/rviz_marker_tools
[0.065s] -- The C compiler identification is GNU 13.3.0
[0.116s] -- The CXX compiler identification is GNU 13.3.0
[0.133s] -- Detecting C compiler ABI info
[0.220s] -- Detecting C compiler ABI info - done
[0.230s] -- Check for working C compiler: /usr/bin/cc - skipped
[0.231s] -- Detecting C compile features
[0.231s] -- Detecting C compile features - done
[0.240s] -- Detecting CXX compiler ABI info
[0.338s] -- Detecting CXX compiler ABI info - done
[0.352s] -- Check for working CXX compiler: /usr/bin/c++ - skipped
[0.352s] -- Detecting CXX compile features
[0.352s] -- Detecting CXX compile features - done
[0.358s] -- Found ament_cmake: 2.5.6 (/opt/ros/jazzy/share/ament_cmake/cmake)
[0.505s] -- Found Python3: /usr/bin/python3 (found version "3.12.3") found components: Interpreter 
[0.664s] -- Found moveit_common: 2.12.4 (/opt/ros/jazzy/share/moveit_common/cmake)
[0.739s] [0mrviz_marker_tools: You did not request a specific build type: Choosing 'Release' for maximum performance[0m
[0.744s] -- Found rclcpp: 28.1.21 (/opt/ros/jazzy/share/rclcpp/cmake)
[0.813s] -- Found rosidl_generator_c: 4.6.9 (/opt/ros/jazzy/share/rosidl_generator_c/cmake)
[0.835s] -- Found rosidl_generator_cpp: 4.6.9 (/opt/ros/jazzy/share/rosidl_generator_cpp/cmake)
[0.860s] -- Using all available rosidl_typesupport_c: rosidl_typesupport_fastrtps_c;rosidl_typesupport_introspection_c
[0.888s] -- Using all available rosidl_typesupport_cpp: rosidl_typesupport_fastrtps_cpp;rosidl_typesupport_introspection_cpp
[0.995s] -- Found rmw_implementation_cmake: 7.3.3 (/opt/ros/jazzy/share/rmw_implementation_cmake/cmake)
[1.000s] -- Found rmw_fastrtps_cpp: 8.4.4 (/opt/ros/jazzy/share/rmw_fastrtps_cpp/cmake)
[1.114s] -- Found OpenSSL: /usr/lib/x86_64-linux-gnu/libcrypto.so (found version "3.0.13")  
[1.136s] -- Found FastRTPS: /opt/ros/jazzy/include (Required is at least version "2.13") 
[1.158s] -- Using RMW implementation 'rmw_fastrtps_cpp' as default
[1.259s] -- Found tf2_eigen: 0.36.21 (/opt/ros/jazzy/share/tf2_eigen/cmake)
[1.510s] -- Found visualization_msgs: 5.3.8 (/opt/ros/jazzy/share/visualization_msgs/cmake)
[1.574s] -- Configuring done (1.6s)
[1.590s] -- Generating done (0.0s)
[1.595s] -- Build files have been written to: /home/mario/master_ws/build/rviz_marker_tools
[1.606s] Invoked command in '/home/mario/master_ws/build/rviz_marker_tools' returned '0': CMAKE_PREFIX_PATH=${CMAKE_PREFIX_PATH}:/home/mario/master_ws/install/estun_description:/opt/ros/jazzy DEBUGINFOD_URLS=https://debuginfod.ubuntu.com /usr/bin/cmake /home/mario/master_ws/src/moveit_task_constructor/rviz_marker_tools -DCMAKE_INSTALL_PREFIX=/home/mario/master_ws/install/rviz_marker_tools
[1.607s] Invoking command in '/home/mario/master_ws/build/rviz_marker_tools': CMAKE_PREFIX_PATH=${CMAKE_PREFIX_PATH}:/home/mario/master_ws/install/estun_description:/opt/ros/jazzy DEBUGINFOD_URLS=https://debuginfod.ubuntu.com /usr/bin/cmake --build /home/mario/master_ws/build/rviz_marker_tools -- -j12 -l12
[1.666s] [ 50%] [32mBuilding CXX object CMakeFiles/rviz_marker_tools.dir/src/marker_creation.cpp.o[0m
[6.402s] [100%] [32m[1mLinking CXX shared library librviz_marker_tools.so[0m
[6.551s] [100%] Built target rviz_marker_tools
[6.565s] Invoked command in '/home/mario/master_ws/build/rviz_marker_tools' returned '0': CMAKE_PREFIX_PATH=${CMAKE_PREFIX_PATH}:/home/mario/master_ws/install/estun_description:/opt/ros/jazzy DEBUGINFOD_URLS=https://debuginfod.ubuntu.com /usr/bin/cmake --build /home/mario/master_ws/build/rviz_marker_tools -- -j12 -l12
[6.566s] Invoking command in '/home/mario/master_ws/build/rviz_marker_tools': CMAKE_PREFIX_PATH=${CMAKE_PREFIX_PATH}:/home/mario/master_ws/install/estun_description:/opt/ros/jazzy DEBUGINFOD_URLS=https://debuginfod.ubuntu.com /usr/bin/cmake --install /home/mario/master_ws/build/rviz_marker_tools
[6.579s] -- Install configuration: "Release"
[6.579s] -- Up-to-date: /home/mario/master_ws/install/rviz_marker_tools/include
[6.580s] -- Up-to-date: /home/mario/master_ws/install/rviz_marker_tools/include/rviz_marker_tools
[6.580s] -- Up-to-date: /home/mario/master_ws/install/rviz_marker_tools/include/rviz_marker_tools/marker_creation.h
[6.580s] -- Installing: /home/mario/master_ws/install/rviz_marker_tools/lib/librviz_marker_tools.so
[6.580s] -- Set non-toolchain portion of runtime path of "/home/mario/master_ws/install/rviz_marker_tools/lib/librviz_marker_tools.so" to ""
[6.580s] -- Up-to-date: /home/mario/master_ws/install/rviz_marker_tools/share/rviz_marker_tools/environment/library_path.sh
[6.581s] -- Installing: /home/mario/master_ws/install/rviz_marker_tools/share/rviz_marker_tools/environment/library_path.dsv
[6.581s] -- Installing: /home/mario/master_ws/install/rviz_marker_tools/share/ament_index/resource_index/package_run_dependencies/rviz_marker_tools
[6.581s] -- Installing: /home/mario/master_ws/install/rviz_marker_tools/share/ament_index/resource_index/parent_prefix_path/rviz_marker_tools
[6.581s] -- Up-to-date: /home/mario/master_ws/install/rviz_marker_tools/share/rviz_marker_tools/environment/ament_prefix_path.sh
[6.582s] -- Installing: /home/mario/master_ws/install/rviz_marker_tools/share/rviz_marker_tools/environment/ament_prefix_path.dsv
[6.582s] -- Up-to-date: /home/mario/master_ws/install/rviz_marker_tools/share/rviz_marker_tools/environment/path.sh
[6.582s] -- Installing: /home/mario/master_ws/install/rviz_marker_tools/share/rviz_marker_tools/environment/path.dsv
[6.582s] -- Installing: /home/mario/master_ws/install/rviz_marker_tools/share/rviz_marker_tools/local_setup.bash
[6.582s] -- Installing: /home/mario/master_ws/install/rviz_marker_tools/share/rviz_marker_tools/local_setup.sh
[6.583s] -- Installing: /home/mario/master_ws/install/rviz_marker_tools/share/rviz_marker_tools/local_setup.zsh
[6.583s] -- Installing: /home/mario/master_ws/install/rviz_marker_tools/share/rviz_marker_tools/local_setup.dsv
[6.583s] -- Installing: /home/mario/master_ws/install/rviz_marker_tools/share/rviz_marker_tools/package.dsv
[6.583s] -- Installing: /home/mario/master_ws/install/rviz_marker_tools/share/ament_index/resource_index/packages/rviz_marker_tools
[6.583s] -- Installing: /home/mario/master_ws/install/rviz_marker_tools/share/rviz_marker_tools/cmake/rviz_marker_toolsTargetsExport.cmake
[6.584s] -- Installing: /home/mario/master_ws/install/rviz_marker_tools/share/rviz_marker_tools/cmake/rviz_marker_toolsTargetsExport-release.cmake
[6.584s] -- Installing: /home/mario/master_ws/install/rviz_marker_tools/share/rviz_marker_tools/cmake/ament_cmake_export_targets-extras.cmake
[6.584s] -- Installing: /home/mario/master_ws/install/rviz_marker_tools/share/rviz_marker_tools/cmake/ament_cmake_export_dependencies-extras.cmake
[6.584s] -- Installing: /home/mario/master_ws/install/rviz_marker_tools/share/rviz_marker_tools/cmake/rviz_marker_toolsConfig.cmake
[6.584s] -- Installing: /home/mario/master_ws/install/rviz_marker_tools/share/rviz_marker_tools/cmake/rviz_marker_toolsConfig-version.cmake
[6.585s] -- Up-to-date: /home/mario/master_ws/install/rviz_marker_tools/share/rviz_marker_tools/package.xml
[6.587s] Invoked command in '/home/mario/master_ws/build/rviz_marker_tools' returned '0': CMAKE_PREFIX_PATH=${CMAKE_PREFIX_PATH}:/home/mario/master_ws/install/estun_description:/opt/ros/jazzy DEBUGINFOD_URLS=https://debuginfod.ubuntu.com /usr/bin/cmake --install /home/mario/master_ws/build/rviz_marker_tools
