[0.013s] Invoking command in '/home/mario/master_ws/build/vision_control': CMAKE_PREFIX_PATH=${CMAKE_PREFIX_PATH}:/home/mario/master_ws/install/estun_description:/opt/ros/jazzy DEBUGINFOD_URLS=https://debuginfod.ubuntu.com /usr/bin/cmake --build /home/mario/master_ws/build/vision_control -- -j12 -l12
[0.112s] [ 50%] [32mBuilding CXX object CMakeFiles/pcl_pose_estimation.dir/src/pcl_pose_estimation.cpp.o[0m
[7.304s] [01m[K/home/mario/master_ws/src/vision_control/src/pcl_pose_estimation.cpp:[m[K In member function ‘[01m[Kvoid PointCloudProcessor::[01;32m[Kgenerate_cylinder_master[m[K()[m[K’:
[7.304s] [01m[K/home/mario/master_ws/src/vision_control/src/pcl_pose_estimation.cpp:104:13:[m[K [01;35m[Kwarning: [m[Kunused variable ‘[01m[Kcurrent_height[m[K’ [[01;35m[K]8;;https://gcc.gnu.org/onlinedocs/gcc/Warning-Options.html#index-Wunused-variable-Wunused-variable]8;;[m[K]
[7.304s]   104 |       float [01;35m[Kcurrent_height[m[K = j * spacing_z;
[7.304s]       |             [01;35m[K^~~~~~~~~~~~~~[m[K
[7.318s] In file included from [01m[K/opt/ros/jazzy/include/rclcpp/rclcpp/logging.hpp:24[m[K,
[7.318s]                  from [01m[K/opt/ros/jazzy/include/rclcpp/rclcpp/copy_all_parameter_values.hpp:27[m[K,
[7.318s]                  from [01m[K/opt/ros/jazzy/include/rclcpp/rclcpp/rclcpp.hpp:175[m[K,
[7.319s]                  from [01m[K/home/mario/master_ws/src/vision_control/src/pcl_pose_estimation.cpp:5[m[K:
[7.319s] [01m[K/home/mario/master_ws/src/vision_control/src/pcl_pose_estimation.cpp:[m[K In member function ‘[01m[Kvoid PointCloudProcessor::[01;32m[KclusterPointCloud[m[K()[m[K’:
[7.319s] [01m[K/home/mario/master_ws/src/vision_control/src/pcl_pose_estimation.cpp:229:34:[m[K [01;35m[Kwarning: [m[Kformat ‘[01m[K%i[m[K’ expects argument of type ‘[01m[Kint[m[K’, but argument 5 has type ‘[01m[Kstd::vector<pcl::PointIndices>::size_type[m[K’ {aka ‘[01m[Klong unsigned int[m[K’} [[01;35m[K]8;;https://gcc.gnu.org/onlinedocs/gcc/Warning-Options.html#index-Wformat=-Wformat=]8;;[m[K]
[7.319s]   229 |   RCLCPP_INFO(this->get_logger(),[01;35m[K"Extract Cluster Indizes size: %i"[m[K, [32m[Kcluster_indices.size()[m[K);
[7.319s]       |                                  [01;35m[K^~~~~~~~~~~~~~~~~~~~~~~~~~~~~~~~~~[m[K  [32m[K~~~~~~~~~~~~~~~~~~~~~~[m[K
[7.319s]       |                                                                                          [32m[K|[m[K
[7.319s]       |                                                                                          [32m[Kstd::vector<pcl::PointIndices>::size_type {aka long unsigned int}[m[K
[7.319s] [01m[K/home/mario/master_ws/src/vision_control/src/pcl_pose_estimation.cpp:229:66:[m[K [01;36m[Knote: [m[Kformat string is defined here
[7.319s]   229 |   RCLCPP_INFO(this->get_logger(),"Extract Cluster Indizes size: [01;36m[K%i[m[K", cluster_indices.size());
[7.319s]       |                                                                 [01;36m[K~^[m[K
[7.319s]       |                                                                  [01;36m[K|[m[K
[7.320s]       |                                                                  [01;36m[Kint[m[K
[7.320s]       |                                                                 [32m[K%li[m[K
[16.031s] [100%] [32m[1mLinking CXX executable pcl_pose_estimation[0m
[21.757s] [100%] Built target pcl_pose_estimation
[21.771s] Invoked command in '/home/mario/master_ws/build/vision_control' returned '0': CMAKE_PREFIX_PATH=${CMAKE_PREFIX_PATH}:/home/mario/master_ws/install/estun_description:/opt/ros/jazzy DEBUGINFOD_URLS=https://debuginfod.ubuntu.com /usr/bin/cmake --build /home/mario/master_ws/build/vision_control -- -j12 -l12
[21.782s] Invoking command in '/home/mario/master_ws/build/vision_control': CMAKE_PREFIX_PATH=${CMAKE_PREFIX_PATH}:/home/mario/master_ws/install/estun_description:/opt/ros/jazzy DEBUGINFOD_URLS=https://debuginfod.ubuntu.com /usr/bin/cmake --install /home/mario/master_ws/build/vision_control
[21.792s] -- Install configuration: ""
[21.792s] -- Installing: /home/mario/master_ws/install/vision_control/lib/vision_control/pcl_pose_estimation
[21.801s] -- Set non-toolchain portion of runtime path of "/home/mario/master_ws/install/vision_control/lib/vision_control/pcl_pose_estimation" to ""
[21.801s] -- Up-to-date: /home/mario/master_ws/install/vision_control/share/ament_index/resource_index/package_run_dependencies/vision_control
[21.801s] -- Up-to-date: /home/mario/master_ws/install/vision_control/share/ament_index/resource_index/parent_prefix_path/vision_control
[21.801s] -- Up-to-date: /home/mario/master_ws/install/vision_control/share/vision_control/environment/ament_prefix_path.sh
[21.801s] -- Up-to-date: /home/mario/master_ws/install/vision_control/share/vision_control/environment/ament_prefix_path.dsv
[21.801s] -- Up-to-date: /home/mario/master_ws/install/vision_control/share/vision_control/environment/path.sh
[21.801s] -- Up-to-date: /home/mario/master_ws/install/vision_control/share/vision_control/environment/path.dsv
[21.802s] -- Up-to-date: /home/mario/master_ws/install/vision_control/share/vision_control/local_setup.bash
[21.802s] -- Up-to-date: /home/mario/master_ws/install/vision_control/share/vision_control/local_setup.sh
[21.802s] -- Up-to-date: /home/mario/master_ws/install/vision_control/share/vision_control/local_setup.zsh
[21.802s] -- Up-to-date: /home/mario/master_ws/install/vision_control/share/vision_control/local_setup.dsv
[21.802s] -- Installing: /home/mario/master_ws/install/vision_control/share/vision_control/package.dsv
[21.802s] -- Up-to-date: /home/mario/master_ws/install/vision_control/share/ament_index/resource_index/packages/vision_control
[21.802s] -- Up-to-date: /home/mario/master_ws/install/vision_control/share/vision_control/cmake/vision_controlConfig.cmake
[21.802s] -- Up-to-date: /home/mario/master_ws/install/vision_control/share/vision_control/cmake/vision_controlConfig-version.cmake
[21.802s] -- Up-to-date: /home/mario/master_ws/install/vision_control/share/vision_control/package.xml
[21.804s] Invoked command in '/home/mario/master_ws/build/vision_control' returned '0': CMAKE_PREFIX_PATH=${CMAKE_PREFIX_PATH}:/home/mario/master_ws/install/estun_description:/opt/ros/jazzy DEBUGINFOD_URLS=https://debuginfod.ubuntu.com /usr/bin/cmake --install /home/mario/master_ws/build/vision_control
