In file included from [01m[K/home/mario/master_ws/src/estun_control/src/obstacle_planner.cpp:1[m[K:
[01m[K/opt/ros/jazzy/include/moveit_ros_planning_interface/moveit/move_group_interface/move_group_interface.h:51:77:[m[K [01;36m[Knote: [m[K‘[01m[K#pragma message: .h header is obsolete. Please use the .hpp header instead.[m[K’
   51 | #pragma message(".h header is obsolete. Please use the .hpp header instead."[01;36m[K)[m[K
      |                                                                             [01;36m[K^[m[K
In file included from [01m[K/home/mario/master_ws/src/estun_control/src/obstacle_planner.cpp:2[m[K:
[01m[K/opt/ros/jazzy/include/moveit_ros_planning_interface/moveit/planning_scene_interface/planning_scene_interface.h:50:77:[m[K [01;36m[Knote: [m[K‘[01m[K#pragma message: .h header is obsolete. Please use the .hpp header instead.[m[K’
   50 | #pragma message(".h header is obsolete. Please use the .hpp header instead."[01;36m[K)[m[K
      |                                                                             [01;36m[K^[m[K
In file included from [01m[K/opt/ros/jazzy/include/rclcpp/rclcpp/logging.hpp:24[m[K,
                 from [01m[K/opt/ros/jazzy/include/moveit_core/moveit/kinematics_base/kinematics_base.hpp:42[m[K,
                 from [01m[K/opt/ros/jazzy/include/moveit_core/moveit/robot_model/joint_model_group.hpp:42[m[K,
                 from [01m[K/opt/ros/jazzy/include/moveit_core/moveit/robot_model/robot_model.hpp:45[m[K,
                 from [01m[K/opt/ros/jazzy/include/moveit_core/moveit/robot_state/robot_state.hpp:40[m[K,
                 from [01m[K/opt/ros/jazzy/include/moveit_ros_planning_interface/moveit/move_group_interface/move_group_interface.hpp:41[m[K,
                 from [01m[K/opt/ros/jazzy/include/moveit_ros_planning_interface/moveit/move_group_interface/move_group_interface.h:52[m[K:
[01m[K/home/mario/master_ws/src/estun_control/src/obstacle_planner.cpp:[m[K In member function ‘[01m[Kvoid ObstaclePlanner::[01;32m[KaddProbekoerper[m[K(robot_interfaces::msg::ObjectPose)[m[K’:
[01m[K/home/mario/master_ws/src/estun_control/src/obstacle_planner.cpp:155:40:[m[K [01;35m[Kwarning: [m[Kformat ‘[01m[K%i[m[K’ expects argument of type ‘[01m[Kint[m[K’, but argument 5 has type ‘[01m[Kstd::vector<robot_interfaces::msg::ObjectPose_<std::allocator<void> > >::size_type[m[K’ {aka ‘[01m[Klong unsigned int[m[K’} [[01;35m[K]8;;https://gcc.gnu.org/onlinedocs/gcc/Warning-Options.html#index-Wformat=-Wformat=]8;;[m[K]
  155 |         RCLCPP_INFO(this->get_logger(),[01;35m[K"Message_new_size: %i"[m[K, [32m[Kmsg_vector_new.size()[m[K);
      |                                        [01;35m[K^~~~~~~~~~~~~~~~~~~~~~[m[K  [32m[K~~~~~~~~~~~~~~~~~~~~~[m[K
      |                                                                                   [32m[K|[m[K
      |                                                                                   [32m[Kstd::vector<robot_interfaces::msg::ObjectPose_<std::allocator<void> > >::size_type {aka long unsigned int}[m[K
[01m[K/home/mario/master_ws/src/estun_control/src/obstacle_planner.cpp:155:60:[m[K [01;36m[Knote: [m[Kformat string is defined here
  155 |         RCLCPP_INFO(this->get_logger(),"Message_new_size: [01;36m[K%i[m[K", msg_vector_new.size());
      |                                                           [01;36m[K~^[m[K
      |                                                            [01;36m[K|[m[K
      |                                                            [01;36m[Kint[m[K
      |                                                           [32m[K%li[m[K
[01m[K/home/mario/master_ws/src/estun_control/src/obstacle_planner.cpp:166:40:[m[K [01;35m[Kwarning: [m[Kformat ‘[01m[K%i[m[K’ expects argument of type ‘[01m[Kint[m[K’, but argument 5 has type ‘[01m[Kstd::vector<robot_interfaces::msg::ObjectPose_<std::allocator<void> > >::size_type[m[K’ {aka ‘[01m[Klong unsigned int[m[K’} [[01;35m[K]8;;https://gcc.gnu.org/onlinedocs/gcc/Warning-Options.html#index-Wformat=-Wformat=]8;;[m[K]
  166 |         RCLCPP_INFO(this->get_logger(),[01;35m[K"Message_old_size: %i"[m[K, [32m[Kmsg_vector_old.size()[m[K);
      |                                        [01;35m[K^~~~~~~~~~~~~~~~~~~~~~[m[K  [32m[K~~~~~~~~~~~~~~~~~~~~~[m[K
      |                                                                                   [32m[K|[m[K
      |                                                                                   [32m[Kstd::vector<robot_interfaces::msg::ObjectPose_<std::allocator<void> > >::size_type {aka long unsigned int}[m[K
[01m[K/home/mario/master_ws/src/estun_control/src/obstacle_planner.cpp:166:60:[m[K [01;36m[Knote: [m[Kformat string is defined here
  166 |         RCLCPP_INFO(this->get_logger(),"Message_old_size: [01;36m[K%i[m[K", msg_vector_old.size());
      |                                                           [01;36m[K~^[m[K
      |                                                            [01;36m[K|[m[K
      |                                                            [01;36m[Kint[m[K
      |                                                           [32m[K%li[m[K
