-- The C compiler identification is GNU 13.3.0
-- The CXX compiler identification is GNU 13.3.0
-- Detecting C compiler ABI info
-- Detecting C compiler ABI info - done
-- Check for working C compiler: /usr/bin/cc - skipped
-- Detecting C compile features
-- Detecting C compile features - done
-- Detecting CXX compiler ABI info
-- Detecting CXX compiler ABI info - done
-- Check for working CXX compiler: /usr/bin/c++ - skipped
-- Detecting CXX compile features
-- Detecting CXX compile features - done
-- Found ament_cmake: 2.5.6 (/opt/ros/jazzy/share/ament_cmake/cmake)
-- Found Python3: /usr/bin/python3 (found version "3.12.3") found components: Interpreter 
-- Found generate_parameter_library: 0.7.3 (/opt/ros/jazzy/share/generate_parameter_library/cmake)
-- Found parameter_traits: 0.7.3 (/opt/ros/jazzy/share/parameter_traits/cmake)
-- Found rosidl_generator_c: 4.6.9 (/opt/ros/jazzy/share/rosidl_generator_c/cmake)
-- Found rosidl_generator_cpp: 4.6.9 (/opt/ros/jazzy/share/rosidl_generator_cpp/cmake)
-- Using all available rosidl_typesupport_c: rosidl_typesupport_fastrtps_c;rosidl_typesupport_introspection_c
-- Using all available rosidl_typesupport_cpp: rosidl_typesupport_fastrtps_cpp;rosidl_typesupport_introspection_cpp
-- Found rmw_implementation_cmake: 7.3.3 (/opt/ros/jazzy/share/rmw_implementation_cmake/cmake)
-- Found rmw_fastrtps_cpp: 8.4.4 (/opt/ros/jazzy/share/rmw_fastrtps_cpp/cmake)
-- Found OpenSSL: /usr/lib/x86_64-linux-gnu/libcrypto.so (found version "3.0.13")  
-- Found FastRTPS: /opt/ros/jazzy/include (Required is at least version "2.13") 
-- Using RMW implementation 'rmw_fastrtps_cpp' as default
-- Found rclcpp_lifecycle: 28.1.21 (/opt/ros/jazzy/share/rclcpp_lifecycle/cmake)
-- Found moveit_common: 2.12.4 (/opt/ros/jazzy/share/moveit_common/cmake)
-- Found moveit_core: 2.12.4 (/opt/ros/jazzy/share/moveit_core/cmake)
-- Found Boost: /usr/lib/x86_64-linux-gnu/cmake/Boost-1.83.0/BoostConfig.cmake (found version "1.83.0") found components: chrono date_time filesystem iostreams program_options regex serialization system thread 
-- Found Eigen3: TRUE (found version "3.4.0") 
-- Ensuring Eigen3 include directory is part of orocos-kdl CMake target
-- Found moveit_ros_planning: 2.12.4 (/opt/ros/jazzy/share/moveit_ros_planning/cmake)
-- Found Boost: /usr/lib/x86_64-linux-gnu/cmake/Boost-1.83.0/BoostConfig.cmake (found version "1.83.0") found components: system filesystem date_time program_options thread chrono 
-- Found moveit_ros_planning_interface: 2.12.4 (/opt/ros/jazzy/share/moveit_ros_planning_interface/cmake)
-- Found Boost: /usr/lib/x86_64-linux-gnu/cmake/Boost-1.83.0/BoostConfig.cmake (found version "1.83.0") found components: date_time filesystem program_options system thread 
-- Found Boost: /usr/lib/x86_64-linux-gnu/cmake/Boost-1.83.0/BoostConfig.cmake (found version "1.83.0") found components: thread system filesystem regex date_time program_options 
-- Found Boost: /usr/lib/x86_64-linux-gnu/cmake/Boost-1.83.0/BoostConfig.cmake (found version "1.83.0") found components: system filesystem date_time program_options thread 
-- Found moveit_task_constructor_core: 0.2.0 (/home/mario/master_ws/install/moveit_task_constructor_core/share/moveit_task_constructor_core/cmake)
-- Configuring done (2.5s)
-- Generating done (0.1s)
-- Build files have been written to: /home/mario/master_ws/build/moveit_task_constructor_demo
[  5%] [34m[1mRunning `/opt/ros/jazzy/bin/generate_parameter_library_cpp /home/mario/master_ws/build/moveit_task_constructor_demo/include/moveit_task_constructor_demo/pick_place_demo_parameters.hpp /home/mario/master_ws/src/moveit_task_constructor/demo/src/pick_place_demo_parameters.yaml `[0m
[ 11%] [32mBuilding CXX object CMakeFiles/moveit_task_constructor_demo_modular.dir/src/modular.cpp.o[0m
[ 16%] [34m[1mRunning `/opt/ros/jazzy/bin/generate_parameter_library_cpp /home/mario/master_ws/build/moveit_task_constructor_demo/include/moveit_task_constructor_demo/ik_clearance_cost_parameters.hpp /home/mario/master_ws/src/moveit_task_constructor/demo/src/ik_clearance_cost_parameters.yaml `[0m
[ 22%] [32mBuilding CXX object CMakeFiles/moveit_task_constructor_demo_cartesian.dir/src/cartesian.cpp.o[0m
[ 27%] [32mBuilding CXX object CMakeFiles/moveit_task_constructor_demo_fallbacks_move_to.dir/src/fallbacks_move_to.cpp.o[0m
[ 33%] [32mBuilding CXX object CMakeFiles/moveit_task_constructor_demo_alternative_path_costs.dir/src/alternative_path_costs.cpp.o[0m
[ 38%] [34m[1mCreating deprecated header file /home/mario/master_ws/build/moveit_task_constructor_demo/include/ik_clearance_cost_parameters.hpp[0m
[ 38%] Built target ik_clearance_cost_parameters
[ 44%] [32mBuilding CXX object CMakeFiles/moveit_task_constructor_demo_ik_clearance_cost.dir/src/ik_clearance_cost.cpp.o[0m
[ 50%] [34m[1mCreating deprecated header file /home/mario/master_ws/build/moveit_task_constructor_demo/include/pick_place_demo_parameters.hpp[0m
[ 50%] Built target pick_place_demo_parameters
[ 55%] [32mBuilding CXX object CMakeFiles/moveit_task_constructor_demo_pick_place_task.dir/src/pick_place_task.cpp.o[0m
[ 61%] [32m[1mLinking CXX executable cartesian[0m
[ 61%] Built target moveit_task_constructor_demo_cartesian
[ 66%] [32m[1mLinking CXX executable modular[0m
[ 66%] Built target moveit_task_constructor_demo_modular
[ 72%] [32m[1mLinking CXX executable ik_clearance_cost[0m
[ 77%] [32m[1mLinking CXX executable alternative_path_costs[0m
[ 83%] [32m[1mLinking CXX executable fallbacks_move_to[0m
[ 83%] Built target moveit_task_constructor_demo_ik_clearance_cost
[ 83%] Built target moveit_task_constructor_demo_alternative_path_costs
[ 83%] Built target moveit_task_constructor_demo_fallbacks_move_to
[ 88%] [32m[1mLinking CXX shared library libmoveit_task_constructor_demo_pick_place_task.so[0m
[ 88%] Built target moveit_task_constructor_demo_pick_place_task
[ 94%] [32mBuilding CXX object CMakeFiles/moveit_task_constructor_demo_pick_place_demo.dir/src/pick_place_demo.cpp.o[0m
[100%] [32m[1mLinking CXX executable pick_place_demo[0m
[100%] Built target moveit_task_constructor_demo_pick_place_demo
-- Install configuration: "Release"
-- Installing: /home/mario/master_ws/install/moveit_task_constructor_demo/lib/libmoveit_task_constructor_demo_pick_place_task.so
-- Set non-toolchain portion of runtime path of "/home/mario/master_ws/install/moveit_task_constructor_demo/lib/libmoveit_task_constructor_demo_pick_place_task.so" to ""
-- Installing: /home/mario/master_ws/install/moveit_task_constructor_demo/lib/moveit_task_constructor_demo/cartesian
-- Set non-toolchain portion of runtime path of "/home/mario/master_ws/install/moveit_task_constructor_demo/lib/moveit_task_constructor_demo/cartesian" to ""
-- Installing: /home/mario/master_ws/install/moveit_task_constructor_demo/lib/moveit_task_constructor_demo/modular
-- Set non-toolchain portion of runtime path of "/home/mario/master_ws/install/moveit_task_constructor_demo/lib/moveit_task_constructor_demo/modular" to ""
-- Installing: /home/mario/master_ws/install/moveit_task_constructor_demo/lib/moveit_task_constructor_demo/alternative_path_costs
-- Set non-toolchain portion of runtime path of "/home/mario/master_ws/install/moveit_task_constructor_demo/lib/moveit_task_constructor_demo/alternative_path_costs" to ""
-- Up-to-date: /home/mario/master_ws/install/moveit_task_constructor_demo/include/moveit_task_constructor_demo
-- Installing: /home/mario/master_ws/install/moveit_task_constructor_demo/include/moveit_task_constructor_demo/ik_clearance_cost_parameters.hpp
-- Installing: /home/mario/master_ws/install/moveit_task_constructor_demo/include/moveit_task_constructor_demo/pick_place_demo_parameters.hpp
-- Installing: /home/mario/master_ws/install/moveit_task_constructor_demo/lib/moveit_task_constructor_demo/ik_clearance_cost
-- Set non-toolchain portion of runtime path of "/home/mario/master_ws/install/moveit_task_constructor_demo/lib/moveit_task_constructor_demo/ik_clearance_cost" to ""
-- Installing: /home/mario/master_ws/install/moveit_task_constructor_demo/lib/moveit_task_constructor_demo/fallbacks_move_to
-- Set non-toolchain portion of runtime path of "/home/mario/master_ws/install/moveit_task_constructor_demo/lib/moveit_task_constructor_demo/fallbacks_move_to" to ""
-- Up-to-date: /home/mario/master_ws/install/moveit_task_constructor_demo/include/moveit_task_constructor_demo
-- Up-to-date: /home/mario/master_ws/install/moveit_task_constructor_demo/include/moveit_task_constructor_demo/ik_clearance_cost_parameters.hpp
-- Up-to-date: /home/mario/master_ws/install/moveit_task_constructor_demo/include/moveit_task_constructor_demo/pick_place_demo_parameters.hpp
-- Installing: /home/mario/master_ws/install/moveit_task_constructor_demo/lib/moveit_task_constructor_demo/pick_place_demo
-- Set non-toolchain portion of runtime path of "/home/mario/master_ws/install/moveit_task_constructor_demo/lib/moveit_task_constructor_demo/pick_place_demo" to ""
-- Up-to-date: /home/mario/master_ws/install/moveit_task_constructor_demo/lib/moveit_task_constructor_demo/alternatives.py
-- Up-to-date: /home/mario/master_ws/install/moveit_task_constructor_demo/lib/moveit_task_constructor_demo/cartesian.py
-- Up-to-date: /home/mario/master_ws/install/moveit_task_constructor_demo/lib/moveit_task_constructor_demo/compute_ik.py
-- Up-to-date: /home/mario/master_ws/install/moveit_task_constructor_demo/lib/moveit_task_constructor_demo/constrained.py
-- Up-to-date: /home/mario/master_ws/install/moveit_task_constructor_demo/lib/moveit_task_constructor_demo/current_state.py
-- Up-to-date: /home/mario/master_ws/install/moveit_task_constructor_demo/lib/moveit_task_constructor_demo/fallbacks.py
-- Up-to-date: /home/mario/master_ws/install/moveit_task_constructor_demo/lib/moveit_task_constructor_demo/fix_collision_objects.py
-- Up-to-date: /home/mario/master_ws/install/moveit_task_constructor_demo/lib/moveit_task_constructor_demo/fixed_state.py
-- Up-to-date: /home/mario/master_ws/install/moveit_task_constructor_demo/lib/moveit_task_constructor_demo/generate_pose.py
-- Up-to-date: /home/mario/master_ws/install/moveit_task_constructor_demo/lib/moveit_task_constructor_demo/merger.py
-- Up-to-date: /home/mario/master_ws/install/moveit_task_constructor_demo/lib/moveit_task_constructor_demo/modify_planning_scene.py
-- Up-to-date: /home/mario/master_ws/install/moveit_task_constructor_demo/lib/moveit_task_constructor_demo/multi_planner.py
-- Up-to-date: /home/mario/master_ws/install/moveit_task_constructor_demo/lib/moveit_task_constructor_demo/pickplace.py
-- Up-to-date: /home/mario/master_ws/install/moveit_task_constructor_demo/lib/moveit_task_constructor_demo/properties.py
-- Up-to-date: /home/mario/master_ws/install/moveit_task_constructor_demo/share/moveit_task_constructor_demo/launch
-- Up-to-date: /home/mario/master_ws/install/moveit_task_constructor_demo/share/moveit_task_constructor_demo/launch/demo.launch.py
-- Up-to-date: /home/mario/master_ws/install/moveit_task_constructor_demo/share/moveit_task_constructor_demo/launch/run.launch.py
-- Up-to-date: /home/mario/master_ws/install/moveit_task_constructor_demo/share/moveit_task_constructor_demo/config
-- Up-to-date: /home/mario/master_ws/install/moveit_task_constructor_demo/share/moveit_task_constructor_demo/config/mtc.rviz
-- Up-to-date: /home/mario/master_ws/install/moveit_task_constructor_demo/share/moveit_task_constructor_demo/config/panda_config.yaml
-- Installing: /home/mario/master_ws/install/moveit_task_constructor_demo/share/ament_index/resource_index/package_run_dependencies/moveit_task_constructor_demo
-- Installing: /home/mario/master_ws/install/moveit_task_constructor_demo/share/ament_index/resource_index/parent_prefix_path/moveit_task_constructor_demo
-- Up-to-date: /home/mario/master_ws/install/moveit_task_constructor_demo/share/moveit_task_constructor_demo/environment/ament_prefix_path.sh
-- Installing: /home/mario/master_ws/install/moveit_task_constructor_demo/share/moveit_task_constructor_demo/environment/ament_prefix_path.dsv
-- Up-to-date: /home/mario/master_ws/install/moveit_task_constructor_demo/share/moveit_task_constructor_demo/environment/path.sh
-- Installing: /home/mario/master_ws/install/moveit_task_constructor_demo/share/moveit_task_constructor_demo/environment/path.dsv
-- Installing: /home/mario/master_ws/install/moveit_task_constructor_demo/share/moveit_task_constructor_demo/local_setup.bash
-- Installing: /home/mario/master_ws/install/moveit_task_constructor_demo/share/moveit_task_constructor_demo/local_setup.sh
-- Installing: /home/mario/master_ws/install/moveit_task_constructor_demo/share/moveit_task_constructor_demo/local_setup.zsh
-- Installing: /home/mario/master_ws/install/moveit_task_constructor_demo/share/moveit_task_constructor_demo/local_setup.dsv
-- Installing: /home/mario/master_ws/install/moveit_task_constructor_demo/share/moveit_task_constructor_demo/package.dsv
-- Installing: /home/mario/master_ws/install/moveit_task_constructor_demo/share/ament_index/resource_index/packages/moveit_task_constructor_demo
-- Installing: /home/mario/master_ws/install/moveit_task_constructor_demo/share/moveit_task_constructor_demo/cmake/moveit_task_constructor_demoConfig.cmake
-- Installing: /home/mario/master_ws/install/moveit_task_constructor_demo/share/moveit_task_constructor_demo/cmake/moveit_task_constructor_demoConfig-version.cmake
-- Up-to-date: /home/mario/master_ws/install/moveit_task_constructor_demo/share/moveit_task_constructor_demo/package.xml
