[0.022s] Invoking command in '/home/mario/master_ws/build/moveit_task_constructor_msgs': CMAKE_PREFIX_PATH=${CMAKE_PREFIX_PATH}:/home/mario/master_ws/install/estun_description:/opt/ros/jazzy DEBUGINFOD_URLS=https://debuginfod.ubuntu.com /usr/bin/cmake --build /home/mario/master_ws/build/moveit_task_constructor_msgs -- -j12 -l12
[0.252s] [  1%] Built target moveit_task_constructor_msgs__rosidl_generator_type_description
[0.253s] [  1%] Built target moveit_task_constructor_msgs__rs
[0.253s] [  1%] Built target ament_cmake_python_copy_moveit_task_constructor_msgs
[0.254s] [  1%] Built target moveit_task_constructor_msgs__cpp
[0.254s] [ 27%] Built target moveit_task_constructor_msgs__rosidl_generator_c
[0.254s] [ 47%] Built target moveit_task_constructor_msgs__rosidl_typesupport_fastrtps_c
[0.254s] [ 47%] Built target moveit_task_constructor_msgs__rosidl_typesupport_introspection_c
[0.255s] [ 66%] Built target moveit_task_constructor_msgs__rosidl_typesupport_c
[0.255s] [ 66%] Built target moveit_task_constructor_msgs__rosidl_typesupport_cpp
[0.256s] [ 75%] Built target moveit_task_constructor_msgs__rosidl_typesupport_fastrtps_cpp
[0.256s] [ 85%] Built target moveit_task_constructor_msgs__rosidl_typesupport_introspection_cpp
[0.256s] [ 85%] Built target moveit_task_constructor_msgs
[0.257s] [ 86%] Built target moveit_task_constructor_msgs__py
[0.257s] [ 95%] Built target moveit_task_constructor_msgs__rosidl_generator_py
[0.264s] [ 99%] Built target moveit_task_constructor_msgs_s__rosidl_typesupport_introspection_c
[0.264s] [ 99%] Built target moveit_task_constructor_msgs_s__rosidl_typesupport_c
[0.264s] [100%] Built target moveit_task_constructor_msgs_s__rosidl_typesupport_fastrtps_c
[0.347s] running egg_info
[0.374s] writing moveit_task_constructor_msgs.egg-info/PKG-INFO
[0.374s] writing dependency_links to moveit_task_constructor_msgs.egg-info/dependency_links.txt
[0.374s] writing top-level names to moveit_task_constructor_msgs.egg-info/top_level.txt
[0.456s] reading manifest file 'moveit_task_constructor_msgs.egg-info/SOURCES.txt'
[0.457s] writing manifest file 'moveit_task_constructor_msgs.egg-info/SOURCES.txt'
[0.483s] [100%] Built target ament_cmake_python_build_moveit_task_constructor_msgs_egg
