[0.232s] Invoking command in '/home/mario/master_ws/build/vision_control': CMAKE_PREFIX_PATH=${CMAKE_PREFIX_PATH}:/home/mario/master_ws/install/estun_description:/opt/ros/jazzy DEBUGINFOD_URLS=https://debuginfod.ubuntu.com /usr/bin/cmake /home/mario/master_ws/src/vision_control -DCMAKE_INSTALL_PREFIX=/home/mario/master_ws/install/vision_control
[0.245s] -- Found ament_cmake: 2.5.6 (/opt/ros/jazzy/share/ament_cmake/cmake)
[0.439s] -- Found rclcpp: 28.1.22 (/opt/ros/jazzy/share/rclcpp/cmake)
[0.492s] -- Found rosidl_generator_c: 4.6.9 (/opt/ros/jazzy/share/rosidl_generator_c/cmake)
[0.500s] -- Found rosidl_generator_cpp: 4.6.9 (/opt/ros/jazzy/share/rosidl_generator_cpp/cmake)
[0.514s] -- Using all available rosidl_typesupport_c: rosidl_typesupport_fastrtps_c;rosidl_typesupport_introspection_c
[0.528s] -- Using all available rosidl_typesupport_cpp: rosidl_typesupport_fastrtps_cpp;rosidl_typesupport_introspection_cpp
[0.585s] -- Found rmw_implementation_cmake: 7.3.3 (/opt/ros/jazzy/share/rmw_implementation_cmake/cmake)
[0.587s] -- Found rmw_fastrtps_cpp: 8.4.4 (/opt/ros/jazzy/share/rmw_fastrtps_cpp/cmake)
[0.659s] -- Using RMW implementation 'rmw_fastrtps_cpp' as default
[0.726s] -- Found pcl_ros: 2.6.5 (/opt/ros/jazzy/share/pcl_ros/cmake)
[0.832s] [33mCMake Warning (dev) at /usr/lib/x86_64-linux-gnu/cmake/pcl/Modules/FindFLANN.cmake:45 (find_package):
[0.832s]   Policy CMP0144 is not set: find_package uses upper-case <PACKAGENAME>_ROOT
[0.832s]   variables.  Run "cmake --help-policy CMP0144" for policy details.  Use the
[0.833s]   cmake_policy command to set the policy and suppress this warning.
[0.833s] 
[0.833s]   CMake variable FLANN_ROOT is set to:
[0.833s] 
[0.833s]     /usr
[0.833s] 
[0.833s]   For compatibility, find_package is ignoring the variable, but code in a
[0.833s]   .cmake module might still use it.
[0.834s] Call Stack (most recent call first):
[0.834s]   /usr/lib/x86_64-linux-gnu/cmake/pcl/PCLConfig.cmake:261 (find_package)
[0.834s]   /usr/lib/x86_64-linux-gnu/cmake/pcl/PCLConfig.cmake:306 (find_flann)
[0.834s]   /usr/lib/x86_64-linux-gnu/cmake/pcl/PCLConfig.cmake:570 (find_external_library)
[0.834s]   /opt/ros/jazzy/share/pcl_conversions/cmake/ament_cmake_export_dependencies-extras.cmake:21 (find_package)
[0.834s]   /opt/ros/jazzy/share/pcl_conversions/cmake/pcl_conversionsConfig.cmake:41 (include)
[0.834s]   /opt/ros/jazzy/share/pcl_ros/cmake/ament_cmake_export_dependencies-extras.cmake:21 (find_package)
[0.834s]   /opt/ros/jazzy/share/pcl_ros/cmake/pcl_rosConfig.cmake:41 (include)
[0.834s]   CMakeLists.txt:14 (find_package)
[0.835s] This warning is for project developers.  Use -Wno-dev to suppress it.
[0.835s] [0m
[0.835s] -- Found flann version 1.9.2
[1.299s] -- OpenNI found (version: 1.5.4.0, include: /usr/include/ni, lib: /usr/lib/libOpenNI.so;libusb::libusb)
[1.305s] -- OpenNI2 found (version: 2.2.0.33, include: /usr/include/openni2, lib: /usr/lib/x86_64-linux-gnu/libOpenNI2.so;libusb::libusb)
[1.309s] -- Could NOT find Pcap (missing: PCAP_LIBRARIES PCAP_INCLUDE_DIRS) 
[1.789s] -- OpenNI found (version: 1.5.4.0, include: /usr/include/ni, lib: /usr/lib/libOpenNI.so;libusb::libusb)
[1.795s] -- OpenNI2 found (version: 2.2.0.33, include: /usr/include/openni2, lib: /usr/lib/x86_64-linux-gnu/libOpenNI2.so;libusb::libusb)
[2.228s] -- Found Qhull version 8.0.2
[2.684s] -- OpenNI found (version: 1.5.4.0, include: /usr/include/ni, lib: /usr/lib/libOpenNI.so;libusb::libusb)
[3.235s] -- Found eigen3_cmake_module: 0.3.1 (/opt/ros/jazzy/share/eigen3_cmake_module/cmake)
[3.236s] -- Ensuring Eigen3 include directory is part of orocos-kdl CMake target
[3.243s] -- Found ament_lint_auto: 0.17.5 (/opt/ros/jazzy/share/ament_lint_auto/cmake)
[3.322s] -- Added test 'cppcheck' to perform static code analysis on C / C++ code
[3.322s] -- Configured cppcheck include dirs: 
[3.323s] -- Configured cppcheck exclude dirs and/or files: 
[3.323s] -- Added test 'lint_cmake' to check CMake code style
[3.324s] -- Added test 'uncrustify' to check C / C++ code style
[3.324s] -- Configured uncrustify additional arguments: 
[3.325s] -- Added test 'xmllint' to check XML markup files
[3.325s] -- Configuring done (3.1s)
[3.370s] -- Generating done (0.0s)
[3.377s] -- Build files have been written to: /home/mario/master_ws/build/vision_control
[3.395s] Invoked command in '/home/mario/master_ws/build/vision_control' returned '0': CMAKE_PREFIX_PATH=${CMAKE_PREFIX_PATH}:/home/mario/master_ws/install/estun_description:/opt/ros/jazzy DEBUGINFOD_URLS=https://debuginfod.ubuntu.com /usr/bin/cmake /home/mario/master_ws/src/vision_control -DCMAKE_INSTALL_PREFIX=/home/mario/master_ws/install/vision_control
[3.396s] Invoking command in '/home/mario/master_ws/build/vision_control': CMAKE_PREFIX_PATH=${CMAKE_PREFIX_PATH}:/home/mario/master_ws/install/estun_description:/opt/ros/jazzy DEBUGINFOD_URLS=https://debuginfod.ubuntu.com /usr/bin/cmake --build /home/mario/master_ws/build/vision_control -- -j12 -l12
[3.470s] [ 50%] [32mBuilding CXX object CMakeFiles/pcl_pose_estimation.dir/src/pcl_pose_estimation.cpp.o[0m
[5.970s] [01m[K/home/mario/master_ws/src/vision_control/src/pcl_pose_estimation.cpp:8:36:[m[K [01;31m[Kerror: [m[K‘[01m[Krclcpp[m[K’ has not been declared
[5.971s]     8 | class PointCloudProcessor : public [01;31m[Krclcpp[m[K::Node{
[5.971s]       |                                    [01;31m[K^~~~~~[m[K
[5.971s] [01m[K/home/mario/master_ws/src/vision_control/src/pcl_pose_estimation.cpp:8:44:[m[K [01;31m[Kerror: [m[Kexpected ‘[01m[K{[m[K’ before ‘[01m[KNode[m[K’
[5.971s]     8 | class PointCloudProcessor : public rclcpp::[01;31m[KNode[m[K{
[5.971s]       |                                            [01;31m[K^~~~[m[K
[5.971s] [01m[K/home/mario/master_ws/src/vision_control/src/pcl_pose_estimation.cpp:10:5:[m[K [01;31m[Kerror: [m[Kexpected primary-expression before ‘[01m[Kpublic[m[K’
[5.971s]    10 |     [01;31m[Kpublic[m[K:
[5.971s]       |     [01;31m[K^~~~~~[m[K
[5.971s] [01m[K/home/mario/master_ws/src/vision_control/src/pcl_pose_estimation.cpp:10:5:[m[K [01;31m[Kerror: [m[Kexpected ‘[01m[K}[m[K’ before ‘[01m[Kpublic[m[K’
[5.971s] [01m[K/home/mario/master_ws/src/vision_control/src/pcl_pose_estimation.cpp:8:48:[m[K [01;36m[Knote: [m[Kto match this ‘[01m[K{[m[K’
[5.971s]     8 | class PointCloudProcessor : public rclcpp::Node[01;36m[K{[m[K
[5.972s]       |                                                [01;36m[K^[m[K
[5.972s] [01m[K/home/mario/master_ws/src/vision_control/src/pcl_pose_estimation.cpp:22:5:[m[K [01;31m[Kerror: [m[Kexpected unqualified-id before ‘[01m[Kprivate[m[K’
[5.972s]    22 |     [01;31m[Kprivate[m[K:
[5.972s]       |     [01;31m[K^~~~~~~[m[K
[5.975s] [01m[K/home/mario/master_ws/src/vision_control/src/pcl_pose_estimation.cpp:28:1:[m[K [01;31m[Kerror: [m[Kexpected declaration before ‘[01m[K}[m[K’ token
[5.975s]    28 | [01;31m[K}[m[K
[5.975s]       | [01;31m[K^[m[K
[5.975s] [01m[K/home/mario/master_ws/src/vision_control/src/pcl_pose_estimation.cpp:31:1:[m[K [01;31m[Kerror: [m[KISO C++ forbids declaration of ‘[01m[Kgenerate_cylinder_master[m[K’ with no type [[01;31m[K]8;;https://gcc.gnu.org/onlinedocs/gcc/Warning-Options.html#index-fpermissive-fpermissive]8;;[m[K]
[5.975s]    31 | [01;31m[KPointCloudProcessor[m[K::generate_cylinder_master(){
[5.975s]       | [01;31m[K^~~~~~~~~~~~~~~~~~~[m[K
[5.975s] [01m[K/home/mario/master_ws/src/vision_control/src/pcl_pose_estimation.cpp:31:47:[m[K [01;31m[Kerror: [m[Kinvalid use of incomplete type ‘[01m[Kclass PointCloudProcessor[m[K’
[5.975s]    31 | PointCloudProcessor::generate_cylinder_master([01;31m[K)[m[K{
[5.975s]       |                                               [01;31m[K^[m[K
[5.976s] [01m[K/home/mario/master_ws/src/vision_control/src/pcl_pose_estimation.cpp:8:7:[m[K [01;36m[Knote: [m[Kforward declaration of ‘[01m[Kclass PointCloudProcessor[m[K’
[5.976s]     8 | class [01;36m[KPointCloudProcessor[m[K : public rclcpp::Node{
[5.976s]       |       [01;36m[K^~~~~~~~~~~~~~~~~~~[m[K
[5.976s] [01m[K/home/mario/master_ws/src/vision_control/src/pcl_pose_estimation.cpp:[m[K In function ‘[01m[Kint[01;32m[K main[m[K(int, char**)[m[K’:
[5.976s] [01m[K/home/mario/master_ws/src/vision_control/src/pcl_pose_estimation.cpp:52:5:[m[K [01;31m[Kerror: [m[K‘[01m[Krclcpp[m[K’ has not been declared
[5.976s]    52 |     [01;31m[Krclcpp[m[K::init(argc, argv);
[5.976s]       |     [01;31m[K^~~~~~[m[K
[5.984s] [01m[K/home/mario/master_ws/src/vision_control/src/pcl_pose_estimation.cpp:54:51:[m[K [01;31m[Kerror: [m[K‘[01m[KObstaclePlanner[m[K’ was not declared in this scope; did you mean ‘[01m[Knode_obstacle_planner[m[K’?
[5.984s]    54 |     auto node_obstacle_planner = std::make_shared<[01;31m[KObstaclePlanner[m[K>();
[5.984s]       |                                                   [01;31m[K^~~~~~~~~~~~~~~[m[K
[5.985s]       |                                                   [32m[Knode_obstacle_planner[m[K
[5.985s] [01m[K/home/mario/master_ws/src/vision_control/src/pcl_pose_estimation.cpp:54:67:[m[K [01;31m[Kerror: [m[Kno matching function for call to ‘[01m[Kmake_shared<<expression error> >()[m[K’
[5.985s]    54 |     auto node_obstacle_planner = [01;31m[Kstd::make_shared<ObstaclePlanner>()[m[K;
[5.985s]       |                                  [01;31m[K~~~~~~~~~~~~~~~~~~~~~~~~~~~~~~~~~^~[m[K
[5.985s] In file included from [01m[K/usr/include/c++/13/memory:80[m[K,
[5.985s]                  from [01m[K/usr/include/pcl-1.14/pcl/memory.h:50[m[K,
[5.985s]                  from [01m[K/usr/include/pcl-1.14/pcl/PCLHeader.h:3[m[K,
[5.985s]                  from [01m[K/usr/include/pcl-1.14/pcl/ModelCoefficients.h:7[m[K,
[5.985s]                  from [01m[K/home/mario/master_ws/src/vision_control/src/pcl_pose_estimation.cpp:2[m[K:
[5.985s] [01m[K/usr/include/c++/13/bits/shared_ptr.h:1005:5:[m[K [01;36m[Knote: [m[Kcandidate: ‘[01m[Ktemplate<class _Tp, class ... _Args> std::shared_ptr<typename std::enable_if<(! std::is_array< <template-parameter-1-1> >::value), _Tp>::type> std::[01;32m[Kmake_shared[m[K(_Args&& ...)[m[K’
[5.985s]  1005 |     [01;36m[Kmake_shared[m[K(_Args&&... __args)
[5.985s]       |     [01;36m[K^~~~~~~~~~~[m[K
[5.986s] [01m[K/usr/include/c++/13/bits/shared_ptr.h:1005:5:[m[K [01;36m[Knote: [m[K  template argument deduction/substitution failed:
[5.986s] [01m[K/home/mario/master_ws/src/vision_control/src/pcl_pose_estimation.cpp:54:67:[m[K [01;31m[Kerror: [m[Ktemplate argument 1 is invalid
[5.986s]    54 |     auto node_obstacle_planner = [01;31m[Kstd::make_shared<ObstaclePlanner>()[m[K;
[5.986s]       |                                  [01;31m[K~~~~~~~~~~~~~~~~~~~~~~~~~~~~~~~~~^~[m[K
[5.986s] [01m[K/home/mario/master_ws/src/vision_control/src/pcl_pose_estimation.cpp:56:5:[m[K [01;31m[Kerror: [m[K‘[01m[Krclcpp[m[K’ has not been declared
[5.986s]    56 |     [01;31m[Krclcpp[m[K::shutdown();
[5.986s]       |     [01;31m[K^~~~~~[m[K
[6.166s] gmake[2]: *** [CMakeFiles/pcl_pose_estimation.dir/build.make:76: CMakeFiles/pcl_pose_estimation.dir/src/pcl_pose_estimation.cpp.o] Fehler 1
[6.167s] gmake[1]: *** [CMakeFiles/Makefile2:137: CMakeFiles/pcl_pose_estimation.dir/all] Fehler 2
[6.167s] gmake: *** [Makefile:146: all] Fehler 2
[6.170s] Invoked command in '/home/mario/master_ws/build/vision_control' returned '2': CMAKE_PREFIX_PATH=${CMAKE_PREFIX_PATH}:/home/mario/master_ws/install/estun_description:/opt/ros/jazzy DEBUGINFOD_URLS=https://debuginfod.ubuntu.com /usr/bin/cmake --build /home/mario/master_ws/build/vision_control -- -j12 -l12
