[0.012s] Invoking command in '/home/mario/master_ws/build/estun_moveit': AMENT_PREFIX_PATH=/home/mario/master_ws/install/estun_description:/home/mario/master_ws/install/estun_moveit:/home/mario/master_ws/install/estun_control:/home/mario/master_ws/install/Estun_description:/opt/ros/jazzy CMAKE_PREFIX_PATH=${CMAKE_PREFIX_PATH}:/home/mario/master_ws/install/estun_description:/home/mario/master_ws/install/Estun_description:/opt/ros/jazzy DEBUGINFOD_URLS=https://debuginfod.ubuntu.com /usr/bin/cmake --build /home/mario/master_ws/build/estun_moveit -- -j12 -l12
[0.053s] Invoked command in '/home/mario/master_ws/build/estun_moveit' returned '0': AMENT_PREFIX_PATH=/home/mario/master_ws/install/estun_description:/home/mario/master_ws/install/estun_moveit:/home/mario/master_ws/install/estun_control:/home/mario/master_ws/install/Estun_description:/opt/ros/jazzy CMAKE_PREFIX_PATH=${CMAKE_PREFIX_PATH}:/home/mario/master_ws/install/estun_description:/home/mario/master_ws/install/Estun_description:/opt/ros/jazzy DEBUGINFOD_URLS=https://debuginfod.ubuntu.com /usr/bin/cmake --build /home/mario/master_ws/build/estun_moveit -- -j12 -l12
[0.063s] Invoking command in '/home/mario/master_ws/build/estun_moveit': AMENT_PREFIX_PATH=/home/mario/master_ws/install/estun_description:/home/mario/master_ws/install/estun_moveit:/home/mario/master_ws/install/estun_control:/home/mario/master_ws/install/Estun_description:/opt/ros/jazzy CMAKE_PREFIX_PATH=${CMAKE_PREFIX_PATH}:/home/mario/master_ws/install/estun_description:/home/mario/master_ws/install/Estun_description:/opt/ros/jazzy DEBUGINFOD_URLS=https://debuginfod.ubuntu.com /usr/bin/cmake --install /home/mario/master_ws/build/estun_moveit
[0.071s] -- Install configuration: ""
[0.072s] -- Up-to-date: /home/mario/master_ws/install/estun_moveit/share/ament_index/resource_index/package_run_dependencies/estun_moveit
[0.072s] -- Up-to-date: /home/mario/master_ws/install/estun_moveit/share/ament_index/resource_index/parent_prefix_path/estun_moveit
[0.072s] -- Up-to-date: /home/mario/master_ws/install/estun_moveit/share/estun_moveit/environment/ament_prefix_path.sh
[0.073s] -- Up-to-date: /home/mario/master_ws/install/estun_moveit/share/estun_moveit/environment/ament_prefix_path.dsv
[0.073s] -- Up-to-date: /home/mario/master_ws/install/estun_moveit/share/estun_moveit/environment/path.sh
[0.073s] -- Up-to-date: /home/mario/master_ws/install/estun_moveit/share/estun_moveit/environment/path.dsv
[0.073s] -- Up-to-date: /home/mario/master_ws/install/estun_moveit/share/estun_moveit/local_setup.bash
[0.073s] -- Up-to-date: /home/mario/master_ws/install/estun_moveit/share/estun_moveit/local_setup.sh
[0.073s] -- Up-to-date: /home/mario/master_ws/install/estun_moveit/share/estun_moveit/local_setup.zsh
[0.073s] -- Up-to-date: /home/mario/master_ws/install/estun_moveit/share/estun_moveit/local_setup.dsv
[0.073s] -- Installing: /home/mario/master_ws/install/estun_moveit/share/estun_moveit/package.dsv
[0.074s] -- Up-to-date: /home/mario/master_ws/install/estun_moveit/share/ament_index/resource_index/packages/estun_moveit
[0.074s] -- Up-to-date: /home/mario/master_ws/install/estun_moveit/share/estun_moveit/cmake/estun_moveitConfig.cmake
[0.074s] -- Up-to-date: /home/mario/master_ws/install/estun_moveit/share/estun_moveit/cmake/estun_moveitConfig-version.cmake
[0.074s] -- Up-to-date: /home/mario/master_ws/install/estun_moveit/share/estun_moveit/package.xml
[0.074s] -- Up-to-date: /home/mario/master_ws/install/estun_moveit/share/estun_moveit/launch
[0.074s] -- Up-to-date: /home/mario/master_ws/install/estun_moveit/share/estun_moveit/launch/spawn_controllers.launch.py
[0.075s] -- Up-to-date: /home/mario/master_ws/install/estun_moveit/share/estun_moveit/launch/demo.launch.py
[0.075s] -- Up-to-date: /home/mario/master_ws/install/estun_moveit/share/estun_moveit/launch/rsp.launch.py
[0.075s] -- Up-to-date: /home/mario/master_ws/install/estun_moveit/share/estun_moveit/launch/setup_assistant.launch.py
[0.076s] -- Up-to-date: /home/mario/master_ws/install/estun_moveit/share/estun_moveit/launch/moveit_rviz.launch.py
[0.076s] -- Up-to-date: /home/mario/master_ws/install/estun_moveit/share/estun_moveit/launch/warehouse_db.launch.py
[0.076s] -- Up-to-date: /home/mario/master_ws/install/estun_moveit/share/estun_moveit/launch/estun_moveit.launch.py
[0.076s] -- Up-to-date: /home/mario/master_ws/install/estun_moveit/share/estun_moveit/launch/move_group.launch.py
[0.077s] -- Up-to-date: /home/mario/master_ws/install/estun_moveit/share/estun_moveit/launch/static_virtual_joint_tfs.launch.py
[0.077s] -- Up-to-date: /home/mario/master_ws/install/estun_moveit/share/estun_moveit/config
[0.077s] -- Up-to-date: /home/mario/master_ws/install/estun_moveit/share/estun_moveit/config/kinematics.yaml
[0.077s] -- Up-to-date: /home/mario/master_ws/install/estun_moveit/share/estun_moveit/config/moveit_controllers.yaml
[0.077s] -- Up-to-date: /home/mario/master_ws/install/estun_moveit/share/estun_moveit/config/joint_limits.yaml
[0.077s] -- Up-to-date: /home/mario/master_ws/install/estun_moveit/share/estun_moveit/config/initial_positions.yaml
[0.077s] -- Up-to-date: /home/mario/master_ws/install/estun_moveit/share/estun_moveit/config/moveit.rviz
[0.078s] -- Up-to-date: /home/mario/master_ws/install/estun_moveit/share/estun_moveit/config/ros2_controllers.yaml
[0.078s] -- Up-to-date: /home/mario/master_ws/install/estun_moveit/share/estun_moveit/config/pilz_cartesian_limits.yaml
[0.078s] -- Up-to-date: /home/mario/master_ws/install/estun_moveit/share/estun_moveit/urdf
[0.078s] -- Up-to-date: /home/mario/master_ws/install/estun_moveit/share/estun_moveit/urdf/custom_world.sdf
[0.078s] -- Up-to-date: /home/mario/master_ws/install/estun_moveit/share/estun_moveit/urdf/estun.urdf.xacro
[0.079s] -- Up-to-date: /home/mario/master_ws/install/estun_moveit/share/estun_moveit/urdf/estun.ros2_control.xacro
[0.079s] -- Up-to-date: /home/mario/master_ws/install/estun_moveit/share/estun_moveit/urdf/estun.urdf
[0.079s] -- Up-to-date: /home/mario/master_ws/install/estun_moveit/share/estun_moveit/urdf/estun.srdf
[0.079s] -- Up-to-date: /home/mario/master_ws/install/estun_moveit/share/estun_moveit/.setup_assistant
[0.080s] Invoked command in '/home/mario/master_ws/build/estun_moveit' returned '0': AMENT_PREFIX_PATH=/home/mario/master_ws/install/estun_description:/home/mario/master_ws/install/estun_moveit:/home/mario/master_ws/install/estun_control:/home/mario/master_ws/install/Estun_description:/opt/ros/jazzy CMAKE_PREFIX_PATH=${CMAKE_PREFIX_PATH}:/home/mario/master_ws/install/estun_description:/home/mario/master_ws/install/Estun_description:/opt/ros/jazzy DEBUGINFOD_URLS=https://debuginfod.ubuntu.com /usr/bin/cmake --install /home/mario/master_ws/build/estun_moveit
