[0.021s] Invoking command in '/home/mario/master_ws/build/estun_control': AMENT_PREFIX_PATH=/home/mario/master_ws/install/moveit_task_constructor_core:/home/mario/master_ws/install/rviz_marker_tools:/home/mario/master_ws/install/robot_interfaces:/home/mario/master_ws/install/moveit_task_constructor_msgs:${AMENT_PREFIX_PATH} CMAKE_PREFIX_PATH=/home/mario/master_ws/install/moveit_task_constructor_core:/home/mario/master_ws/install/rviz_marker_tools:/home/mario/master_ws/install/robot_interfaces:/home/mario/master_ws/install/moveit_task_constructor_msgs:/opt/ros/jazzy/opt/gz_sim_vendor:/opt/ros/jazzy/opt/gz_sensors_vendor:/opt/ros/jazzy/opt/gz_physics_vendor:/opt/ros/jazzy/opt/sdformat_vendor:/opt/ros/jazzy/opt/gz_gui_vendor:/opt/ros/jazzy/opt/gz_transport_vendor:/opt/ros/jazzy/opt/gz_rendering_vendor:/opt/ros/jazzy/opt/gz_plugin_vendor:/opt/ros/jazzy/opt/gz_fuel_tools_vendor:/opt/ros/jazzy/opt/gz_msgs_vendor:/opt/ros/jazzy/opt/gz_common_vendor:/opt/ros/jazzy/opt/gz_math_vendor:/opt/ros/jazzy/opt/gz_utils_vendor:/opt/ros/jazzy/opt/gz_tools_vendor:/opt/ros/jazzy/opt/gz_ogre_next_vendor:/opt/ros/jazzy/opt/gz_dartsim_vendor:/opt/ros/jazzy/opt/gz_cmake_vendor:/opt/ros/jazzy DEBUGINFOD_URLS=https://debuginfod.ubuntu.com LD_LIBRARY_PATH=/home/mario/master_ws/install/moveit_task_constructor_core/lib:/home/mario/master_ws/install/rviz_marker_tools/lib:/home/mario/master_ws/install/robot_interfaces/lib:/home/mario/master_ws/install/moveit_task_constructor_msgs/lib:${LD_LIBRARY_PATH} PYTHONPATH=/home/mario/master_ws/install/moveit_task_constructor_core/lib/python3.12/site-packages:/home/mario/master_ws/install/robot_interfaces/lib/python3.12/site-packages:/home/mario/master_ws/install/moveit_task_constructor_msgs/lib/python3.12/site-packages:${PYTHONPATH} /usr/bin/cmake --build /home/mario/master_ws/build/estun_control -- -j12 -l12
[0.061s] -- Found ament_cmake: 2.5.6 (/opt/ros/jazzy/share/ament_cmake/cmake)
[0.265s] -- Found rclcpp: 28.1.22 (/opt/ros/jazzy/share/rclcpp/cmake)
[0.298s] -- Found rosidl_generator_c: 4.6.9 (/opt/ros/jazzy/share/rosidl_generator_c/cmake)
[0.307s] -- Found rosidl_generator_cpp: 4.6.9 (/opt/ros/jazzy/share/rosidl_generator_cpp/cmake)
[0.319s] -- Using all available rosidl_typesupport_c: rosidl_typesupport_fastrtps_c;rosidl_typesupport_introspection_c
[0.334s] -- Using all available rosidl_typesupport_cpp: rosidl_typesupport_fastrtps_cpp;rosidl_typesupport_introspection_cpp
[0.398s] -- Found rmw_implementation_cmake: 7.3.3 (/opt/ros/jazzy/share/rmw_implementation_cmake/cmake)
[0.399s] -- Found rmw_fastrtps_cpp: 8.4.4 (/opt/ros/jazzy/share/rmw_fastrtps_cpp/cmake)
[0.468s] -- Using RMW implementation 'rmw_fastrtps_cpp' as default
[0.543s] -- Found moveit: 2.12.4 (/opt/ros/jazzy/share/moveit/cmake)
[0.543s] -- Found std_msgs: 5.3.8 (/opt/ros/jazzy/share/std_msgs/cmake)
[0.557s] -- Found moveit_msgs: 2.6.0 (/opt/ros/jazzy/share/moveit_msgs/cmake)
[0.800s] -- Found moveit_ros_planning_interface: 2.12.4 (/opt/ros/jazzy/share/moveit_ros_planning_interface/cmake)
[0.813s] -- Found Boost: /usr/lib/x86_64-linux-gnu/cmake/Boost-1.83.0/BoostConfig.cmake (found version "1.83.0") found components: date_time filesystem program_options system thread 
[0.826s] -- Found Boost: /usr/lib/x86_64-linux-gnu/cmake/Boost-1.83.0/BoostConfig.cmake (found version "1.83.0") found components: chrono date_time filesystem iostreams program_options regex serialization system thread 
[0.862s] -- Found tcb_span: 1.3.2 (/opt/ros/jazzy/share/tcb_span/cmake)
[0.863s] -- Found rclcpp_lifecycle: 28.1.22 (/opt/ros/jazzy/share/rclcpp_lifecycle/cmake)
[0.894s] -- Found parameter_traits: 0.7.6 (/opt/ros/jazzy/share/parameter_traits/cmake)
[0.945s] -- Ensuring Eigen3 include directory is part of orocos-kdl CMake target
[1.077s] -- Found Boost: /usr/lib/x86_64-linux-gnu/cmake/Boost-1.83.0/BoostConfig.cmake (found version "1.83.0") found components: system filesystem date_time program_options thread chrono 
[1.125s] -- Found Boost: /usr/lib/x86_64-linux-gnu/cmake/Boost-1.83.0/BoostConfig.cmake (found version "1.83.0") found components: thread system filesystem regex date_time program_options 
[1.150s] -- Found Boost: /usr/lib/x86_64-linux-gnu/cmake/Boost-1.83.0/BoostConfig.cmake (found version "1.83.0") found components: system filesystem date_time program_options thread 
[1.191s] -- Found Boost: /usr/lib/x86_64-linux-gnu/cmake/Boost-1.83.0/BoostConfig.cmake (found version "1.83.0") found components: thread 
[1.192s] -- Looking for sdformat14 -- found version 14.9.0
[1.199s] -- Searching for dependencies of sdformat14
[1.206s] -- Checking for module 'tinyxml2'
[1.228s] --   Found tinyxml2, version 10.0.0
[1.265s] -- Looking for gz-math7 -- found version 7.7.0
[1.265s] -- Searching for dependencies of gz-math7
[1.266s] -- Looking for gz-utils2 -- found version 2.2.1
[1.266s] -- Searching for dependencies of gz-utils2
[1.267s] -- Looking for gz-utils2 -- found version 2.2.1
[1.267s] -- Searching for dependencies of gz-utils2
[1.268s] -- Searching for <gz-utils2> component [cli]
[1.268s] -- Looking for gz-utils2-cli -- found version 2.2.1
[1.268s] -- Searching for dependencies of gz-utils2-cli
[1.269s] -- Found moveit_task_constructor_core: 0.2.0 (/home/mario/master_ws/install/moveit_task_constructor_core/share/moveit_task_constructor_core/cmake)
[1.336s] -- Found ament_lint_auto: 0.17.5 (/opt/ros/jazzy/share/ament_lint_auto/cmake)
[1.416s] -- Added test 'cppcheck' to perform static code analysis on C / C++ code
[1.416s] -- Configured cppcheck include dirs: $<BUILD_INTERFACE:/home/mario/master_ws/src/estun_control/include>
[1.417s] -- Configured cppcheck exclude dirs and/or files: 
[1.417s] -- Added test 'flake8' to check Python code syntax and style conventions
[1.417s] -- Configured 'flake8' exclude dirs and/or files: 
[1.417s] -- Added test 'lint_cmake' to check CMake code style
[1.418s] -- Added test 'pep257' to check Python code against some of the docstring style conventions in PEP 257
[1.419s] -- Added test 'uncrustify' to check C / C++ code style
[1.419s] -- Configured uncrustify additional arguments: 
[1.419s] -- Added test 'xmllint' to check XML markup files
[1.420s] -- Configuring done (1.4s)
[1.479s] -- Generating done (0.0s)
[1.492s] -- Build files have been written to: /home/mario/master_ws/build/estun_control
[1.555s] [ 33%] Built target cartesian_planner
[1.560s] [ 66%] Built target mtc_estun
[1.569s] [ 83%] [32mBuilding CXX object CMakeFiles/obstacle_planner.dir/src/obstacle_planner.cpp.o[0m
[3.465s] [01m[K/home/mario/master_ws/src/estun_control/src/obstacle_planner.cpp:30:10:[m[K [01;31m[Kfatal error: [m[K../robot_interfaces/robot_interfaces/msg/object_pose.hpp: Datei oder Verzeichnis nicht gefunden
[3.465s]    30 | #include [01;31m[K"../robot_interfaces/robot_interfaces/msg/object_pose.hpp"[m[K
[3.465s]       |          [01;31m[K^~~~~~~~~~~~~~~~~~~~~~~~~~~~~~~~~~~~~~~~~~~~~~~~~~~~~~~~~~[m[K
[3.465s] compilation terminated.
[3.489s] gmake[2]: *** [CMakeFiles/obstacle_planner.dir/build.make:76: CMakeFiles/obstacle_planner.dir/src/obstacle_planner.cpp.o] Fehler 1
[3.489s] gmake[1]: *** [CMakeFiles/Makefile2:167: CMakeFiles/obstacle_planner.dir/all] Fehler 2
[3.489s] gmake: *** [Makefile:146: all] Fehler 2
[3.492s] Invoked command in '/home/mario/master_ws/build/estun_control' returned '2': AMENT_PREFIX_PATH=/home/mario/master_ws/install/moveit_task_constructor_core:/home/mario/master_ws/install/rviz_marker_tools:/home/mario/master_ws/install/robot_interfaces:/home/mario/master_ws/install/moveit_task_constructor_msgs:${AMENT_PREFIX_PATH} CMAKE_PREFIX_PATH=/home/mario/master_ws/install/moveit_task_constructor_core:/home/mario/master_ws/install/rviz_marker_tools:/home/mario/master_ws/install/robot_interfaces:/home/mario/master_ws/install/moveit_task_constructor_msgs:/opt/ros/jazzy/opt/gz_sim_vendor:/opt/ros/jazzy/opt/gz_sensors_vendor:/opt/ros/jazzy/opt/gz_physics_vendor:/opt/ros/jazzy/opt/sdformat_vendor:/opt/ros/jazzy/opt/gz_gui_vendor:/opt/ros/jazzy/opt/gz_transport_vendor:/opt/ros/jazzy/opt/gz_rendering_vendor:/opt/ros/jazzy/opt/gz_plugin_vendor:/opt/ros/jazzy/opt/gz_fuel_tools_vendor:/opt/ros/jazzy/opt/gz_msgs_vendor:/opt/ros/jazzy/opt/gz_common_vendor:/opt/ros/jazzy/opt/gz_math_vendor:/opt/ros/jazzy/opt/gz_utils_vendor:/opt/ros/jazzy/opt/gz_tools_vendor:/opt/ros/jazzy/opt/gz_ogre_next_vendor:/opt/ros/jazzy/opt/gz_dartsim_vendor:/opt/ros/jazzy/opt/gz_cmake_vendor:/opt/ros/jazzy DEBUGINFOD_URLS=https://debuginfod.ubuntu.com LD_LIBRARY_PATH=/home/mario/master_ws/install/moveit_task_constructor_core/lib:/home/mario/master_ws/install/rviz_marker_tools/lib:/home/mario/master_ws/install/robot_interfaces/lib:/home/mario/master_ws/install/moveit_task_constructor_msgs/lib:${LD_LIBRARY_PATH} PYTHONPATH=/home/mario/master_ws/install/moveit_task_constructor_core/lib/python3.12/site-packages:/home/mario/master_ws/install/robot_interfaces/lib/python3.12/site-packages:/home/mario/master_ws/install/moveit_task_constructor_msgs/lib/python3.12/site-packages:${PYTHONPATH} /usr/bin/cmake --build /home/mario/master_ws/build/estun_control -- -j12 -l12
