[0.296s] Invoking command in '/home/mario/master_ws/build/robot_interfaces': CMAKE_PREFIX_PATH=${CMAKE_PREFIX_PATH}:/home/mario/master_ws/install/estun_description:/opt/ros/jazzy DEBUGINFOD_URLS=https://debuginfod.ubuntu.com /usr/bin/cmake --build /home/mario/master_ws/build/robot_interfaces -- -j12 -l12
[0.366s] [  2%] Built target robot_interfaces__rs
[0.367s] [  5%] Built target robot_interfaces__rosidl_generator_type_description
[0.382s] [  5%] Built target ament_cmake_python_copy_robot_interfaces
[0.403s] [ 20%] Built target robot_interfaces__rosidl_generator_c
[0.404s] [ 22%] Built target robot_interfaces__cpp
[0.439s] [ 31%] Built target robot_interfaces__rosidl_typesupport_fastrtps_c
[0.446s] [ 40%] Built target robot_interfaces__rosidl_typesupport_introspection_cpp
[0.447s] [ 48%] Built target robot_interfaces__rosidl_typesupport_c
[0.449s] [ 57%] Built target robot_interfaces__rosidl_typesupport_fastrtps_cpp
[0.449s] [ 65%] Built target robot_interfaces__rosidl_typesupport_introspection_c
[0.466s] [ 74%] Built target robot_interfaces__rosidl_typesupport_cpp
[0.498s] [ 74%] Built target robot_interfaces
[0.529s] [ 77%] Built target robot_interfaces__py
[0.563s] [ 82%] Built target robot_interfaces__rosidl_generator_py
[0.607s] [ 94%] Built target robot_interfaces_s__rosidl_typesupport_fastrtps_c
[0.607s] [ 94%] Built target robot_interfaces_s__rosidl_typesupport_introspection_c
[0.616s] [100%] Built target robot_interfaces_s__rosidl_typesupport_c
[0.712s] running egg_info
[0.748s] writing robot_interfaces.egg-info/PKG-INFO
[0.748s] writing dependency_links to robot_interfaces.egg-info/dependency_links.txt
[0.748s] writing top-level names to robot_interfaces.egg-info/top_level.txt
[0.865s] reading manifest file 'robot_interfaces.egg-info/SOURCES.txt'
[0.866s] writing manifest file 'robot_interfaces.egg-info/SOURCES.txt'
[0.901s] [100%] Built target ament_cmake_python_build_robot_interfaces_egg
[0.923s] Invoked command in '/home/mario/master_ws/build/robot_interfaces' returned '0': CMAKE_PREFIX_PATH=${CMAKE_PREFIX_PATH}:/home/mario/master_ws/install/estun_description:/opt/ros/jazzy DEBUGINFOD_URLS=https://debuginfod.ubuntu.com /usr/bin/cmake --build /home/mario/master_ws/build/robot_interfaces -- -j12 -l12
[0.924s] Invoking command in '/home/mario/master_ws/build/robot_interfaces': CMAKE_PREFIX_PATH=${CMAKE_PREFIX_PATH}:/home/mario/master_ws/install/estun_description:/opt/ros/jazzy DEBUGINFOD_URLS=https://debuginfod.ubuntu.com /usr/bin/cmake --install /home/mario/master_ws/build/robot_interfaces
[0.937s] -- Install configuration: ""
[0.937s] -- Up-to-date: /home/mario/master_ws/install/robot_interfaces/share/ament_index/resource_index/rosidl_interfaces/robot_interfaces
[0.937s] -- Up-to-date: /home/mario/master_ws/install/robot_interfaces/share/robot_interfaces/msg/ObjectPose.json
[0.937s] -- Up-to-date: /home/mario/master_ws/install/robot_interfaces/include/robot_interfaces/robot_interfaces
[0.937s] -- Up-to-date: /home/mario/master_ws/install/robot_interfaces/include/robot_interfaces/robot_interfaces/msg
[0.937s] -- Up-to-date: /home/mario/master_ws/install/robot_interfaces/include/robot_interfaces/robot_interfaces/msg/rosidl_generator_c__visibility_control.h
[0.937s] -- Up-to-date: /home/mario/master_ws/install/robot_interfaces/include/robot_interfaces/robot_interfaces/msg/object_pose.h
[0.937s] -- Up-to-date: /home/mario/master_ws/install/robot_interfaces/include/robot_interfaces/robot_interfaces/msg/detail
[0.938s] -- Up-to-date: /home/mario/master_ws/install/robot_interfaces/include/robot_interfaces/robot_interfaces/msg/detail/object_pose__description.c
[0.938s] -- Up-to-date: /home/mario/master_ws/install/robot_interfaces/include/robot_interfaces/robot_interfaces/msg/detail/object_pose__struct.h
[0.938s] -- Up-to-date: /home/mario/master_ws/install/robot_interfaces/include/robot_interfaces/robot_interfaces/msg/detail/object_pose__functions.c
[0.938s] -- Up-to-date: /home/mario/master_ws/install/robot_interfaces/include/robot_interfaces/robot_interfaces/msg/detail/object_pose__type_support.h
[0.938s] -- Up-to-date: /home/mario/master_ws/install/robot_interfaces/include/robot_interfaces/robot_interfaces/msg/detail/object_pose__functions.h
[0.938s] -- Up-to-date: /home/mario/master_ws/install/robot_interfaces/include/robot_interfaces/robot_interfaces/msg/detail/object_pose__type_support.c
[0.938s] -- Up-to-date: /home/mario/master_ws/install/robot_interfaces/share/robot_interfaces/environment/library_path.sh
[0.938s] -- Up-to-date: /home/mario/master_ws/install/robot_interfaces/share/robot_interfaces/environment/library_path.dsv
[0.938s] -- Up-to-date: /home/mario/master_ws/install/robot_interfaces/lib/librobot_interfaces__rosidl_generator_c.so
[0.938s] -- Up-to-date: /home/mario/master_ws/install/robot_interfaces/include/robot_interfaces/robot_interfaces
[0.939s] -- Up-to-date: /home/mario/master_ws/install/robot_interfaces/include/robot_interfaces/robot_interfaces/msg
[0.939s] -- Up-to-date: /home/mario/master_ws/install/robot_interfaces/include/robot_interfaces/robot_interfaces/msg/detail
[0.939s] -- Up-to-date: /home/mario/master_ws/install/robot_interfaces/include/robot_interfaces/robot_interfaces/msg/detail/object_pose__rosidl_typesupport_fastrtps_c.h
[0.940s] -- Up-to-date: /home/mario/master_ws/install/robot_interfaces/include/robot_interfaces/robot_interfaces/msg/rosidl_typesupport_fastrtps_c__visibility_control.h
[0.940s] -- Up-to-date: /home/mario/master_ws/install/robot_interfaces/lib/librobot_interfaces__rosidl_typesupport_fastrtps_c.so
[0.940s] -- Up-to-date: /home/mario/master_ws/install/robot_interfaces/include/robot_interfaces/robot_interfaces
[0.940s] -- Up-to-date: /home/mario/master_ws/install/robot_interfaces/include/robot_interfaces/robot_interfaces/msg
[0.940s] -- Up-to-date: /home/mario/master_ws/install/robot_interfaces/include/robot_interfaces/robot_interfaces/msg/rosidl_typesupport_introspection_c__visibility_control.h
[0.940s] -- Up-to-date: /home/mario/master_ws/install/robot_interfaces/include/robot_interfaces/robot_interfaces/msg/detail
[0.940s] -- Up-to-date: /home/mario/master_ws/install/robot_interfaces/include/robot_interfaces/robot_interfaces/msg/detail/object_pose__rosidl_typesupport_introspection_c.h
[0.940s] -- Up-to-date: /home/mario/master_ws/install/robot_interfaces/include/robot_interfaces/robot_interfaces/msg/detail/object_pose__type_support.c
[0.940s] -- Up-to-date: /home/mario/master_ws/install/robot_interfaces/lib/librobot_interfaces__rosidl_typesupport_introspection_c.so
[0.940s] -- Up-to-date: /home/mario/master_ws/install/robot_interfaces/lib/librobot_interfaces__rosidl_typesupport_c.so
[0.941s] -- Up-to-date: /home/mario/master_ws/install/robot_interfaces/include/robot_interfaces/robot_interfaces
[0.941s] -- Up-to-date: /home/mario/master_ws/install/robot_interfaces/include/robot_interfaces/robot_interfaces/msg
[0.941s] -- Up-to-date: /home/mario/master_ws/install/robot_interfaces/include/robot_interfaces/robot_interfaces/msg/rosidl_generator_cpp__visibility_control.hpp
[0.941s] -- Up-to-date: /home/mario/master_ws/install/robot_interfaces/include/robot_interfaces/robot_interfaces/msg/object_pose.hpp
[0.941s] -- Up-to-date: /home/mario/master_ws/install/robot_interfaces/include/robot_interfaces/robot_interfaces/msg/detail
[0.941s] -- Up-to-date: /home/mario/master_ws/install/robot_interfaces/include/robot_interfaces/robot_interfaces/msg/detail/object_pose__type_support.hpp
[0.941s] -- Up-to-date: /home/mario/master_ws/install/robot_interfaces/include/robot_interfaces/robot_interfaces/msg/detail/object_pose__struct.hpp
[0.941s] -- Up-to-date: /home/mario/master_ws/install/robot_interfaces/include/robot_interfaces/robot_interfaces/msg/detail/object_pose__builder.hpp
[0.941s] -- Up-to-date: /home/mario/master_ws/install/robot_interfaces/include/robot_interfaces/robot_interfaces/msg/detail/object_pose__traits.hpp
[0.942s] -- Up-to-date: /home/mario/master_ws/install/robot_interfaces/include/robot_interfaces/robot_interfaces
[0.942s] -- Up-to-date: /home/mario/master_ws/install/robot_interfaces/include/robot_interfaces/robot_interfaces/msg
[0.942s] -- Up-to-date: /home/mario/master_ws/install/robot_interfaces/include/robot_interfaces/robot_interfaces/msg/rosidl_typesupport_fastrtps_cpp__visibility_control.h
[0.942s] -- Up-to-date: /home/mario/master_ws/install/robot_interfaces/include/robot_interfaces/robot_interfaces/msg/detail
[0.942s] -- Up-to-date: /home/mario/master_ws/install/robot_interfaces/include/robot_interfaces/robot_interfaces/msg/detail/object_pose__rosidl_typesupport_fastrtps_cpp.hpp
[0.942s] -- Up-to-date: /home/mario/master_ws/install/robot_interfaces/include/robot_interfaces/robot_interfaces/msg/detail/dds_fastrtps
[0.942s] -- Up-to-date: /home/mario/master_ws/install/robot_interfaces/lib/librobot_interfaces__rosidl_typesupport_fastrtps_cpp.so
[0.942s] -- Up-to-date: /home/mario/master_ws/install/robot_interfaces/include/robot_interfaces/robot_interfaces
[0.942s] -- Up-to-date: /home/mario/master_ws/install/robot_interfaces/include/robot_interfaces/robot_interfaces/msg
[0.942s] -- Up-to-date: /home/mario/master_ws/install/robot_interfaces/include/robot_interfaces/robot_interfaces/msg/detail
[0.942s] -- Up-to-date: /home/mario/master_ws/install/robot_interfaces/include/robot_interfaces/robot_interfaces/msg/detail/object_pose__type_support.cpp
[0.942s] -- Up-to-date: /home/mario/master_ws/install/robot_interfaces/include/robot_interfaces/robot_interfaces/msg/detail/object_pose__rosidl_typesupport_introspection_cpp.hpp
[0.942s] -- Up-to-date: /home/mario/master_ws/install/robot_interfaces/lib/librobot_interfaces__rosidl_typesupport_introspection_cpp.so
[0.943s] -- Up-to-date: /home/mario/master_ws/install/robot_interfaces/lib/librobot_interfaces__rosidl_typesupport_cpp.so
[0.943s] -- Up-to-date: /home/mario/master_ws/install/robot_interfaces/share/robot_interfaces/environment/pythonpath.sh
[0.943s] -- Up-to-date: /home/mario/master_ws/install/robot_interfaces/share/robot_interfaces/environment/pythonpath.dsv
[0.943s] -- Up-to-date: /home/mario/master_ws/install/robot_interfaces/lib/python3.12/site-packages/robot_interfaces-0.0.0-py3.12.egg-info
[0.943s] -- Installing: /home/mario/master_ws/install/robot_interfaces/lib/python3.12/site-packages/robot_interfaces-0.0.0-py3.12.egg-info/PKG-INFO
[0.943s] -- Installing: /home/mario/master_ws/install/robot_interfaces/lib/python3.12/site-packages/robot_interfaces-0.0.0-py3.12.egg-info/top_level.txt
[0.944s] -- Installing: /home/mario/master_ws/install/robot_interfaces/lib/python3.12/site-packages/robot_interfaces-0.0.0-py3.12.egg-info/SOURCES.txt
[0.944s] -- Installing: /home/mario/master_ws/install/robot_interfaces/lib/python3.12/site-packages/robot_interfaces-0.0.0-py3.12.egg-info/dependency_links.txt
[0.944s] -- Up-to-date: /home/mario/master_ws/install/robot_interfaces/lib/python3.12/site-packages/robot_interfaces
[0.944s] -- Up-to-date: /home/mario/master_ws/install/robot_interfaces/lib/python3.12/site-packages/robot_interfaces/_robot_interfaces_s.ep.rosidl_typesupport_c.c
[0.944s] -- Up-to-date: /home/mario/master_ws/install/robot_interfaces/lib/python3.12/site-packages/robot_interfaces/_robot_interfaces_s.ep.rosidl_typesupport_introspection_c.c
[0.944s] -- Up-to-date: /home/mario/master_ws/install/robot_interfaces/lib/python3.12/site-packages/robot_interfaces/robot_interfaces_s__rosidl_typesupport_fastrtps_c.so
[0.944s] -- Up-to-date: /home/mario/master_ws/install/robot_interfaces/lib/python3.12/site-packages/robot_interfaces/robot_interfaces_s__rosidl_typesupport_introspection_c.so
[0.944s] -- Up-to-date: /home/mario/master_ws/install/robot_interfaces/lib/python3.12/site-packages/robot_interfaces/_robot_interfaces_s.ep.rosidl_typesupport_fastrtps_c.c
[0.944s] -- Up-to-date: /home/mario/master_ws/install/robot_interfaces/lib/python3.12/site-packages/robot_interfaces/msg
[0.944s] -- Up-to-date: /home/mario/master_ws/install/robot_interfaces/lib/python3.12/site-packages/robot_interfaces/msg/_object_pose.py
[0.944s] -- Up-to-date: /home/mario/master_ws/install/robot_interfaces/lib/python3.12/site-packages/robot_interfaces/msg/__init__.py
[0.944s] -- Up-to-date: /home/mario/master_ws/install/robot_interfaces/lib/python3.12/site-packages/robot_interfaces/msg/_object_pose_s.c
[0.944s] -- Up-to-date: /home/mario/master_ws/install/robot_interfaces/lib/python3.12/site-packages/robot_interfaces/robot_interfaces_s__rosidl_typesupport_c.so
[0.945s] -- Up-to-date: /home/mario/master_ws/install/robot_interfaces/lib/python3.12/site-packages/robot_interfaces/__init__.py
[1.012s] Listing '/home/mario/master_ws/install/robot_interfaces/lib/python3.12/site-packages/robot_interfaces'...
[1.012s] Listing '/home/mario/master_ws/install/robot_interfaces/lib/python3.12/site-packages/robot_interfaces/msg'...
[1.014s] -- Up-to-date: /home/mario/master_ws/install/robot_interfaces/lib/python3.12/site-packages/robot_interfaces/robot_interfaces_s__rosidl_typesupport_fastrtps_c.so
[1.014s] -- Up-to-date: /home/mario/master_ws/install/robot_interfaces/lib/python3.12/site-packages/robot_interfaces/robot_interfaces_s__rosidl_typesupport_introspection_c.so
[1.017s] -- Up-to-date: /home/mario/master_ws/install/robot_interfaces/lib/python3.12/site-packages/robot_interfaces/robot_interfaces_s__rosidl_typesupport_c.so
[1.017s] -- Up-to-date: /home/mario/master_ws/install/robot_interfaces/lib/librobot_interfaces__rosidl_generator_py.so
[1.017s] -- Up-to-date: /home/mario/master_ws/install/robot_interfaces/share/robot_interfaces/rust
[1.017s] -- Up-to-date: /home/mario/master_ws/install/robot_interfaces/share/robot_interfaces/rust/Cargo.toml
[1.017s] -- Up-to-date: /home/mario/master_ws/install/robot_interfaces/share/robot_interfaces/rust/build.rs
[1.017s] -- Up-to-date: /home/mario/master_ws/install/robot_interfaces/share/robot_interfaces/rust/src
[1.017s] -- Up-to-date: /home/mario/master_ws/install/robot_interfaces/share/robot_interfaces/rust/src/lib.rs
[1.017s] -- Up-to-date: /home/mario/master_ws/install/robot_interfaces/share/robot_interfaces/rust/src/msg.rs
[1.017s] -- Up-to-date: /home/mario/master_ws/install/robot_interfaces/share/robot_interfaces/rust/src/msg
[1.018s] -- Up-to-date: /home/mario/master_ws/install/robot_interfaces/share/robot_interfaces/rust/src/msg/rmw.rs
[1.018s] -- Up-to-date: /home/mario/master_ws/install/robot_interfaces/share/robot_interfaces/msg/ObjectPose.idl
[1.018s] -- Up-to-date: /home/mario/master_ws/install/robot_interfaces/share/robot_interfaces/msg/ObjectPose.msg
[1.018s] -- Up-to-date: /home/mario/master_ws/install/robot_interfaces/share/ament_index/resource_index/package_run_dependencies/robot_interfaces
[1.018s] -- Up-to-date: /home/mario/master_ws/install/robot_interfaces/share/ament_index/resource_index/parent_prefix_path/robot_interfaces
[1.018s] -- Up-to-date: /home/mario/master_ws/install/robot_interfaces/share/robot_interfaces/environment/ament_prefix_path.sh
[1.018s] -- Up-to-date: /home/mario/master_ws/install/robot_interfaces/share/robot_interfaces/environment/ament_prefix_path.dsv
[1.018s] -- Up-to-date: /home/mario/master_ws/install/robot_interfaces/share/robot_interfaces/environment/path.sh
[1.018s] -- Up-to-date: /home/mario/master_ws/install/robot_interfaces/share/robot_interfaces/environment/path.dsv
[1.018s] -- Up-to-date: /home/mario/master_ws/install/robot_interfaces/share/robot_interfaces/local_setup.bash
[1.018s] -- Up-to-date: /home/mario/master_ws/install/robot_interfaces/share/robot_interfaces/local_setup.sh
[1.019s] -- Up-to-date: /home/mario/master_ws/install/robot_interfaces/share/robot_interfaces/local_setup.zsh
[1.019s] -- Up-to-date: /home/mario/master_ws/install/robot_interfaces/share/robot_interfaces/local_setup.dsv
[1.019s] -- Installing: /home/mario/master_ws/install/robot_interfaces/share/robot_interfaces/package.dsv
[1.019s] -- Up-to-date: /home/mario/master_ws/install/robot_interfaces/share/ament_index/resource_index/packages/robot_interfaces
[1.019s] -- Up-to-date: /home/mario/master_ws/install/robot_interfaces/share/robot_interfaces/cmake/export_robot_interfaces__rosidl_generator_cExport.cmake
[1.026s] -- Up-to-date: /home/mario/master_ws/install/robot_interfaces/share/robot_interfaces/cmake/export_robot_interfaces__rosidl_generator_cExport-noconfig.cmake
[1.026s] -- Up-to-date: /home/mario/master_ws/install/robot_interfaces/share/robot_interfaces/cmake/export_robot_interfaces__rosidl_typesupport_fastrtps_cExport.cmake
[1.026s] -- Up-to-date: /home/mario/master_ws/install/robot_interfaces/share/robot_interfaces/cmake/export_robot_interfaces__rosidl_typesupport_fastrtps_cExport-noconfig.cmake
[1.026s] -- Up-to-date: /home/mario/master_ws/install/robot_interfaces/share/robot_interfaces/cmake/robot_interfaces__rosidl_typesupport_introspection_cExport.cmake
[1.026s] -- Up-to-date: /home/mario/master_ws/install/robot_interfaces/share/robot_interfaces/cmake/robot_interfaces__rosidl_typesupport_introspection_cExport-noconfig.cmake
[1.027s] -- Up-to-date: /home/mario/master_ws/install/robot_interfaces/share/robot_interfaces/cmake/robot_interfaces__rosidl_typesupport_cExport.cmake
[1.028s] -- Up-to-date: /home/mario/master_ws/install/robot_interfaces/share/robot_interfaces/cmake/robot_interfaces__rosidl_typesupport_cExport-noconfig.cmake
[1.028s] -- Up-to-date: /home/mario/master_ws/install/robot_interfaces/share/robot_interfaces/cmake/export_robot_interfaces__rosidl_generator_cppExport.cmake
[1.028s] -- Up-to-date: /home/mario/master_ws/install/robot_interfaces/share/robot_interfaces/cmake/export_robot_interfaces__rosidl_typesupport_fastrtps_cppExport.cmake
[1.028s] -- Up-to-date: /home/mario/master_ws/install/robot_interfaces/share/robot_interfaces/cmake/export_robot_interfaces__rosidl_typesupport_fastrtps_cppExport-noconfig.cmake
[1.028s] -- Up-to-date: /home/mario/master_ws/install/robot_interfaces/share/robot_interfaces/cmake/robot_interfaces__rosidl_typesupport_introspection_cppExport.cmake
[1.029s] -- Up-to-date: /home/mario/master_ws/install/robot_interfaces/share/robot_interfaces/cmake/robot_interfaces__rosidl_typesupport_introspection_cppExport-noconfig.cmake
[1.030s] -- Up-to-date: /home/mario/master_ws/install/robot_interfaces/share/robot_interfaces/cmake/robot_interfaces__rosidl_typesupport_cppExport.cmake
[1.030s] -- Up-to-date: /home/mario/master_ws/install/robot_interfaces/share/robot_interfaces/cmake/robot_interfaces__rosidl_typesupport_cppExport-noconfig.cmake
[1.030s] -- Up-to-date: /home/mario/master_ws/install/robot_interfaces/share/robot_interfaces/cmake/export_robot_interfaces__rosidl_generator_pyExport.cmake
[1.030s] -- Up-to-date: /home/mario/master_ws/install/robot_interfaces/share/robot_interfaces/cmake/export_robot_interfaces__rosidl_generator_pyExport-noconfig.cmake
[1.030s] -- Up-to-date: /home/mario/master_ws/install/robot_interfaces/share/robot_interfaces/cmake/rosidl_cmake-extras.cmake
[1.035s] -- Up-to-date: /home/mario/master_ws/install/robot_interfaces/share/robot_interfaces/cmake/ament_cmake_export_include_directories-extras.cmake
[1.035s] -- Up-to-date: /home/mario/master_ws/install/robot_interfaces/share/robot_interfaces/cmake/ament_cmake_export_libraries-extras.cmake
[1.035s] -- Up-to-date: /home/mario/master_ws/install/robot_interfaces/share/robot_interfaces/cmake/ament_cmake_export_targets-extras.cmake
[1.035s] -- Up-to-date: /home/mario/master_ws/install/robot_interfaces/share/robot_interfaces/cmake/rosidl_cmake_export_typesupport_targets-extras.cmake
[1.036s] -- Up-to-date: /home/mario/master_ws/install/robot_interfaces/share/robot_interfaces/cmake/ament_cmake_export_dependencies-extras.cmake
[1.036s] -- Up-to-date: /home/mario/master_ws/install/robot_interfaces/share/robot_interfaces/cmake/rosidl_cmake_export_typesupport_libraries-extras.cmake
[1.036s] -- Up-to-date: /home/mario/master_ws/install/robot_interfaces/share/robot_interfaces/cmake/rosidl_cmake_aggregate_target-extras.cmake
[1.036s] -- Up-to-date: /home/mario/master_ws/install/robot_interfaces/share/robot_interfaces/cmake/robot_interfacesConfig.cmake
[1.049s] -- Up-to-date: /home/mario/master_ws/install/robot_interfaces/share/robot_interfaces/cmake/robot_interfacesConfig-version.cmake
[1.049s] -- Up-to-date: /home/mario/master_ws/install/robot_interfaces/share/robot_interfaces/package.xml
[1.050s] Invoked command in '/home/mario/master_ws/build/robot_interfaces' returned '0': CMAKE_PREFIX_PATH=${CMAKE_PREFIX_PATH}:/home/mario/master_ws/install/estun_description:/opt/ros/jazzy DEBUGINFOD_URLS=https://debuginfod.ubuntu.com /usr/bin/cmake --install /home/mario/master_ws/build/robot_interfaces
