[0.012s] Invoking command in '/home/mario/master_ws/build/robot_interfaces': CMAKE_PREFIX_PATH=${CMAKE_PREFIX_PATH}:/home/mario/master_ws/install/estun_description:/opt/ros/jazzy DEBUGINFOD_URLS=https://debuginfod.ubuntu.com /usr/bin/cmake /home/mario/master_ws/src/robot_interfaces -DCMAKE_INSTALL_PREFIX=/home/mario/master_ws/install/robot_interfaces
[0.026s] -- Found ament_cmake: 2.5.6 (/opt/ros/jazzy/share/ament_cmake/cmake)
[0.235s] -- Found rosidl_default_generators: 1.6.1 (/opt/ros/jazzy/share/rosidl_default_generators/cmake)
[0.242s] -- Using all available rosidl_typesupport_c: rosidl_typesupport_fastrtps_c;rosidl_typesupport_introspection_c
[0.298s] -- Using all available rosidl_typesupport_cpp: rosidl_typesupport_fastrtps_cpp;rosidl_typesupport_introspection_cpp
[0.330s] -- Found rosidl_adapter: 4.6.9 (/opt/ros/jazzy/share/rosidl_adapter/cmake)
[0.591s] [31mCMake Error at /opt/ros/jazzy/share/rosidl_adapter/cmake/rosidl_adapt_interfaces.cmake:57 (message):
[0.591s]   execute_process(/usr/bin/python3 -m rosidl_adapter --package-name
[0.592s]   robot_interfaces --arguments-file
[0.592s]   /home/mario/master_ws/build/robot_interfaces/rosidl_adapter__arguments__robot_interfaces.json
[0.592s]   --output-dir
[0.592s]   /home/mario/master_ws/build/robot_interfaces/rosidl_adapter/robot_interfaces
[0.592s]   --output-file
[0.592s]   /home/mario/master_ws/build/robot_interfaces/rosidl_adapter/robot_interfaces.idls)
[0.592s]   returned error code 1:
[0.593s] 
[0.593s]   Traceback (most recent call last):
[0.593s] 
[0.593s]     File "<frozen runpy>", line 198, in _run_module_as_main
[0.593s]     File "<frozen runpy>", line 88, in _run_code
[0.593s]     File "/opt/ros/jazzy/lib/python3.12/site-packages/rosidl_adapter/__main__.py", line 19, in <module>
[0.594s]       sys.exit(main())
[0.594s]                ^^^^^^
[0.594s]     File "/opt/ros/jazzy/lib/python3.12/site-packages/rosidl_adapter/main.py", line 53, in main
[0.594s]       abs_idl_file = convert_to_idl(
[0.594s]                      ^^^^^^^^^^^^^^^
[0.594s]     File "/opt/ros/jazzy/lib/python3.12/site-packages/rosidl_adapter/__init__.py", line 19, in convert_to_idl
[0.594s]       return convert_msg_to_idl(
[0.595s]              ^^^^^^^^^^^^^^^^^^^
[0.595s]     File "/opt/ros/jazzy/lib/python3.12/site-packages/rosidl_adapter/msg/__init__.py", line 28, in convert_msg_to_idl
[0.595s]       msg = parse_message_string(package_name, input_file.stem, content)
[0.595s]             ^^^^^^^^^^^^^^^^^^^^^^^^^^^^^^^^^^^^^^^^^^^^^^^^^^^^^^^^^^^^
[0.595s]     File "/opt/ros/jazzy/lib/python3.12/site-packages/rosidl_adapter/parser.py", line 545, in parse_message_string
[0.595s]       msg = MessageSpecification(pkg_name, msg_name, fields, constants)
[0.595s]             ^^^^^^^^^^^^^^^^^^^^^^^^^^^^^^^^^^^^^^^^^^^^^^^^^^^^^^^^^^^
[0.595s]     File "/opt/ros/jazzy/lib/python3.12/site-packages/rosidl_adapter/parser.py", line 389, in __init__
[0.596s]       self.base_type = BaseType(
[0.596s]                        ^^^^^^^^^
[0.596s]     File "/opt/ros/jazzy/lib/python3.12/site-packages/rosidl_adapter/parser.py", line 206, in __init__
[0.596s]       raise InvalidResourceName(
[0.596s] 
[0.596s]   rosidl_adapter.parser.InvalidResourceName: 'Object_pose' is an invalid
[0.596s]   message name.  It should have the pattern '^[A-Z][A-Za-z0-9]*$'
[0.597s] 
[0.597s] Call Stack (most recent call first):
[0.597s]   /opt/ros/jazzy/share/rosidl_cmake/cmake/rosidl_generate_interfaces.cmake:132 (rosidl_adapt_interfaces)
[0.597s]   CMakeLists.txt:16 (rosidl_generate_interfaces)
[0.598s] 
[0.598s] [0m
[0.599s] -- Configuring incomplete, errors occurred!
[0.599s] Invoked command in '/home/mario/master_ws/build/robot_interfaces' returned '1': CMAKE_PREFIX_PATH=${CMAKE_PREFIX_PATH}:/home/mario/master_ws/install/estun_description:/opt/ros/jazzy DEBUGINFOD_URLS=https://debuginfod.ubuntu.com /usr/bin/cmake /home/mario/master_ws/src/robot_interfaces -DCMAKE_INSTALL_PREFIX=/home/mario/master_ws/install/robot_interfaces
