-- Found ament_cmake: 2.5.6 (/opt/ros/jazzy/share/ament_cmake/cmake)
-- Found rclcpp: 28.1.22 (/opt/ros/jazzy/share/rclcpp/cmake)
-- Found rosidl_generator_c: 4.6.9 (/opt/ros/jazzy/share/rosidl_generator_c/cmake)
-- Found rosidl_generator_cpp: 4.6.9 (/opt/ros/jazzy/share/rosidl_generator_cpp/cmake)
-- Using all available rosidl_typesupport_c: rosidl_typesupport_fastrtps_c;rosidl_typesupport_introspection_c
-- Using all available rosidl_typesupport_cpp: rosidl_typesupport_fastrtps_cpp;rosidl_typesupport_introspection_cpp
-- Found rmw_implementation_cmake: 7.3.3 (/opt/ros/jazzy/share/rmw_implementation_cmake/cmake)
-- Found rmw_fastrtps_cpp: 8.4.4 (/opt/ros/jazzy/share/rmw_fastrtps_cpp/cmake)
-- Using RMW implementation 'rmw_fastrtps_cpp' as default
-- Found moveit: 2.12.4 (/opt/ros/jazzy/share/moveit/cmake)
-- Found std_msgs: 5.3.8 (/opt/ros/jazzy/share/std_msgs/cmake)
-- Found moveit_msgs: 2.6.0 (/opt/ros/jazzy/share/moveit_msgs/cmake)
-- Found moveit_ros_planning_interface: 2.12.4 (/opt/ros/jazzy/share/moveit_ros_planning_interface/cmake)
-- Found Boost: /usr/lib/x86_64-linux-gnu/cmake/Boost-1.83.0/BoostConfig.cmake (found version "1.83.0") found components: date_time filesystem program_options system thread 
-- Found Boost: /usr/lib/x86_64-linux-gnu/cmake/Boost-1.83.0/BoostConfig.cmake (found version "1.83.0") found components: chrono date_time filesystem iostreams program_options regex serialization system thread 
-- Found tcb_span: 1.3.2 (/opt/ros/jazzy/share/tcb_span/cmake)
-- Found rclcpp_lifecycle: 28.1.22 (/opt/ros/jazzy/share/rclcpp_lifecycle/cmake)
-- Found parameter_traits: 0.7.6 (/opt/ros/jazzy/share/parameter_traits/cmake)
-- Ensuring Eigen3 include directory is part of orocos-kdl CMake target
-- Found Boost: /usr/lib/x86_64-linux-gnu/cmake/Boost-1.83.0/BoostConfig.cmake (found version "1.83.0") found components: system filesystem date_time program_options thread chrono 
-- Found Boost: /usr/lib/x86_64-linux-gnu/cmake/Boost-1.83.0/BoostConfig.cmake (found version "1.83.0") found components: thread system filesystem regex date_time program_options 
-- Found Boost: /usr/lib/x86_64-linux-gnu/cmake/Boost-1.83.0/BoostConfig.cmake (found version "1.83.0") found components: system filesystem date_time program_options thread 
-- Found Boost: /usr/lib/x86_64-linux-gnu/cmake/Boost-1.83.0/BoostConfig.cmake (found version "1.83.0") found components: thread 
-- Looking for sdformat14 -- found version 14.9.0
-- Searching for dependencies of sdformat14
-- Checking for module 'tinyxml2'
--   Found tinyxml2, version 10.0.0
-- Looking for gz-math7 -- found version 7.7.0
-- Searching for dependencies of gz-math7
-- Looking for gz-utils2 -- found version 2.2.1
-- Searching for dependencies of gz-utils2
-- Looking for gz-utils2 -- found version 2.2.1
-- Searching for dependencies of gz-utils2
-- Searching for <gz-utils2> component [cli]
-- Looking for gz-utils2-cli -- found version 2.2.1
-- Searching for dependencies of gz-utils2-cli
-- Found moveit_task_constructor_core: 0.2.0 (/home/mario/master_ws/install/moveit_task_constructor_core/share/moveit_task_constructor_core/cmake)
-- Found robot_interfaces: 0.0.0 (/home/mario/master_ws/install/robot_interfaces/share/robot_interfaces/cmake)
-- Found ament_lint_auto: 0.17.5 (/opt/ros/jazzy/share/ament_lint_auto/cmake)
-- Added test 'cppcheck' to perform static code analysis on C / C++ code
-- Configured cppcheck include dirs: $<BUILD_INTERFACE:/home/mario/master_ws/src/estun_control/include>
-- Configured cppcheck exclude dirs and/or files: 
-- Added test 'flake8' to check Python code syntax and style conventions
-- Configured 'flake8' exclude dirs and/or files: 
-- Added test 'lint_cmake' to check CMake code style
-- Added test 'pep257' to check Python code against some of the docstring style conventions in PEP 257
-- Added test 'uncrustify' to check C / C++ code style
-- Configured uncrustify additional arguments: 
-- Added test 'xmllint' to check XML markup files
-- Configuring done (1.4s)
-- Generating done (0.0s)
-- Build files have been written to: /home/mario/master_ws/build/estun_control
[ 16%] [32mBuilding CXX object CMakeFiles/cartesian_planner.dir/src/cartesian_planner.cpp.o[0m
[ 33%] [32mBuilding CXX object CMakeFiles/mtc_estun.dir/src/mtc_estun.cpp.o[0m
[ 50%] [32mBuilding CXX object CMakeFiles/obstacle_planner.dir/src/obstacle_planner.cpp.o[0m
[ 66%] [32m[1mLinking CXX executable cartesian_planner[0m
[ 66%] Built target cartesian_planner
[ 83%] [32m[1mLinking CXX executable mtc_estun[0m
[ 83%] Built target mtc_estun
[100%] [32m[1mLinking CXX executable obstacle_planner[0m
[100%] Built target obstacle_planner
-- Install configuration: ""
-- Installing: /home/mario/master_ws/install/estun_control/lib/estun_control/mtc_estun
-- Set non-toolchain portion of runtime path of "/home/mario/master_ws/install/estun_control/lib/estun_control/mtc_estun" to ""
-- Up-to-date: /home/mario/master_ws/install/estun_control/share/estun_control/launch
-- Up-to-date: /home/mario/master_ws/install/estun_control/share/estun_control/launch/estun_obstacle_planner.launch.py
-- Up-to-date: /home/mario/master_ws/install/estun_control/share/estun_control/launch/test.launch.py
-- Up-to-date: /home/mario/master_ws/install/estun_control/share/estun_control/launch/estun_cartesian.launch.py
-- Up-to-date: /home/mario/master_ws/install/estun_control/share/estun_control/meshes
-- Up-to-date: /home/mario/master_ws/install/estun_control/share/estun_control/meshes/arm_01_1.stl
-- Up-to-date: /home/mario/master_ws/install/estun_control/share/estun_control/meshes/test_part.stl
-- Up-to-date: /home/mario/master_ws/install/estun_control/share/estun_control/meshes/Vermessungsstation.stl
-- Up-to-date: /home/mario/master_ws/install/estun_control/share/estun_control/meshes/Palettenwagen.stl
-- Up-to-date: /home/mario/master_ws/install/estun_control/share/estun_control/meshes/Industriezaun.stl
-- Up-to-date: /home/mario/master_ws/install/estun_control/share/estun_control/meshes/Container.stl
-- Up-to-date: /home/mario/master_ws/install/estun_control/share/estun_control/meshes/Probekoerper.stl
-- Up-to-date: /home/mario/master_ws/install/estun_control/share/estun_control/meshes/Druckpruefmaschine.stl
-- Up-to-date: /home/mario/master_ws/install/estun_control/share/estun_control/meshes/Tisch.stl
-- Installing: /home/mario/master_ws/install/estun_control/lib/estun_control/cartesian_planner
-- Set non-toolchain portion of runtime path of "/home/mario/master_ws/install/estun_control/lib/estun_control/cartesian_planner" to ""
-- Installing: /home/mario/master_ws/install/estun_control/lib/estun_control/obstacle_planner
-- Set non-toolchain portion of runtime path of "/home/mario/master_ws/install/estun_control/lib/estun_control/obstacle_planner" to ""
-- Up-to-date: /home/mario/master_ws/install/estun_control/share/ament_index/resource_index/package_run_dependencies/estun_control
-- Up-to-date: /home/mario/master_ws/install/estun_control/share/ament_index/resource_index/parent_prefix_path/estun_control
-- Up-to-date: /home/mario/master_ws/install/estun_control/share/estun_control/environment/ament_prefix_path.sh
-- Up-to-date: /home/mario/master_ws/install/estun_control/share/estun_control/environment/ament_prefix_path.dsv
-- Up-to-date: /home/mario/master_ws/install/estun_control/share/estun_control/environment/path.sh
-- Up-to-date: /home/mario/master_ws/install/estun_control/share/estun_control/environment/path.dsv
-- Up-to-date: /home/mario/master_ws/install/estun_control/share/estun_control/local_setup.bash
-- Up-to-date: /home/mario/master_ws/install/estun_control/share/estun_control/local_setup.sh
-- Up-to-date: /home/mario/master_ws/install/estun_control/share/estun_control/local_setup.zsh
-- Up-to-date: /home/mario/master_ws/install/estun_control/share/estun_control/local_setup.dsv
-- Installing: /home/mario/master_ws/install/estun_control/share/estun_control/package.dsv
-- Up-to-date: /home/mario/master_ws/install/estun_control/share/ament_index/resource_index/packages/estun_control
-- Up-to-date: /home/mario/master_ws/install/estun_control/share/estun_control/cmake/estun_controlConfig.cmake
-- Up-to-date: /home/mario/master_ws/install/estun_control/share/estun_control/cmake/estun_controlConfig-version.cmake
-- Up-to-date: /home/mario/master_ws/install/estun_control/share/estun_control/package.xml
