[01m[K/home/mario/master_ws/src/vision_control/src/pcl_pose_estimation.cpp:[m[K In member function ‘[01m[Kvoid PointCloudProcessor::[01;32m[KprocessPointCloud[m[K()[m[K’:
[01m[K/home/mario/master_ws/src/vision_control/src/pcl_pose_estimation.cpp:176:25:[m[K [01;31m[Kerror: [m[Kcannot convert ‘[01m[Kpcl::PointCloud<pcl::PointXYZ>::Ptr[m[K’ {aka ‘[01m[Kstd::shared_ptr<pcl::PointCloud<pcl::PointXYZ> >[m[K’} to ‘[01m[Kconst pcl::PCLBase<pcl::PointNormal>::PointCloudConstPtr&[m[K’ {aka ‘[01m[Kconst std::shared_ptr<const pcl::PointCloud<pcl::PointNormal> >&[m[K’}
  176 |   grid_2.setInputCloud ([01;31m[Kscene_before_downsampling[m[K);
      |                         [01;31m[K^~~~~~~~~~~~~~~~~~~~~~~~~[m[K
      |                         [01;31m[K|[m[K
      |                         [01;31m[Kpcl::PointCloud<pcl::PointXYZ>::Ptr {aka std::shared_ptr<pcl::PointCloud<pcl::PointXYZ> >}[m[K
In file included from [01m[K/usr/include/pcl-1.14/pcl/correspondence.h:45[m[K,
                 from [01m[K/usr/include/pcl-1.14/pcl/visualization/pcl_visualizer.h:42[m[K,
                 from [01m[K/home/mario/master_ws/src/vision_control/src/pcl_pose_estimation.cpp:10[m[K:
[01m[K/usr/include/pcl-1.14/pcl/pcl_base.h:92:48:[m[K [01;36m[Knote: [m[K  initializing argument 1 of ‘[01m[Kvoid pcl::PCLBase<PointT>::[01;32m[KsetInputCloud[m[K(const PointCloudConstPtr&) [35m[K[with PointT = pcl::PointNormal; PointCloudConstPtr = std::shared_ptr<const pcl::PointCloud<pcl::PointNormal> >][m[K[m[K’
   92 |       setInputCloud ([01;36m[Kconst PointCloudConstPtr &cloud[m[K);
      |                      [01;36m[K~~~~~~~~~~~~~~~~~~~~~~~~~~^~~~~[m[K
[01m[K/home/mario/master_ws/src/vision_control/src/pcl_pose_estimation.cpp:184:26:[m[K [01;31m[Kerror: [m[Kcannot convert ‘[01m[Kpcl::PointCloud<pcl::PointXYZ>::Ptr[m[K’ {aka ‘[01m[Kstd::shared_ptr<pcl::PointCloud<pcl::PointXYZ> >[m[K’} to ‘[01m[Kconst pcl::Feature<pcl::PointNormal, pcl::PointXYZ>::PointCloudInConstPtr&[m[K’ {aka ‘[01m[Kconst std::shared_ptr<const pcl::PointCloud<pcl::PointNormal> >&[m[K’}
  184 |   nest.setSearchSurface ([01;31m[Kscene_before_downsampling[m[K);
      |                          [01;31m[K^~~~~~~~~~~~~~~~~~~~~~~~~[m[K
      |                          [01;31m[K|[m[K
      |                          [01;31m[Kpcl::PointCloud<pcl::PointXYZ>::Ptr {aka std::shared_ptr<pcl::PointCloud<pcl::PointXYZ> >}[m[K
In file included from [01m[K/usr/include/pcl-1.14/pcl/features/normal_3d.h:45[m[K,
                 from [01m[K/usr/include/pcl-1.14/pcl/features/normal_3d_omp.h:43[m[K,
                 from [01m[K/home/mario/master_ws/src/vision_control/src/pcl_pose_estimation.cpp:16[m[K:
[01m[K/usr/include/pcl-1.14/pcl/features/feature.h:146:53:[m[K [01;36m[Knote: [m[K  initializing argument 1 of ‘[01m[Kvoid pcl::Feature<PointInT, PointOutT>::[01;32m[KsetSearchSurface[m[K(const PointCloudInConstPtr&) [35m[K[with PointInT = pcl::PointNormal; PointOutT = pcl::PointXYZ; PointCloudInConstPtr = std::shared_ptr<const pcl::PointCloud<pcl::PointNormal> >][m[K[m[K’
  146 |       setSearchSurface ([01;36m[Kconst PointCloudInConstPtr &cloud[m[K)
      |                         [01;36m[K~~~~~~~~~~~~~~~~~~~~~~~~~~~~^~~~~[m[K
gmake[2]: *** [CMakeFiles/pcl_pose_estimation.dir/build.make:76: CMakeFiles/pcl_pose_estimation.dir/src/pcl_pose_estimation.cpp.o] Fehler 1
gmake[1]: *** [CMakeFiles/Makefile2:137: CMakeFiles/pcl_pose_estimation.dir/all] Fehler 2
gmake: *** [Makefile:146: all] Fehler 2
