[0.017s] Invoking command in '/home/mario/master_ws/build/moveit_task_constructor_core': CMAKE_PREFIX_PATH=/home/mario/master_ws/install/rviz_marker_tools:/home/mario/master_ws/install/moveit_task_constructor_msgs:/home/mario/master_ws/install/vision_control:/home/mario/master_ws/install/moveit_task_constructor_demo:/home/mario/master_ws/install/moveit_task_constructor_visualization:/home/mario/master_ws/install/moveit_task_constructor_capabilities:/home/mario/master_ws/install/estun_control:/home/mario/master_ws/install/moveit_task_constructor_core:/home/mario/master_ws/install/estun_moveit:/opt/ros/jazzy/opt/gz_sim_vendor:/opt/ros/jazzy/opt/gz_sensors_vendor:/opt/ros/jazzy/opt/gz_physics_vendor:/opt/ros/jazzy/opt/sdformat_vendor:/opt/ros/jazzy/opt/gz_gui_vendor:/opt/ros/jazzy/opt/gz_transport_vendor:/opt/ros/jazzy/opt/gz_rendering_vendor:/opt/ros/jazzy/opt/gz_plugin_vendor:/opt/ros/jazzy/opt/gz_fuel_tools_vendor:/opt/ros/jazzy/opt/gz_msgs_vendor:/opt/ros/jazzy/opt/gz_common_vendor:/opt/ros/jazzy/opt/gz_math_vendor:/opt/ros/jazzy/opt/gz_utils_vendor:/opt/ros/jazzy/opt/gz_tools_vendor:/opt/ros/jazzy/opt/gz_ogre_next_vendor:/opt/ros/jazzy/opt/gz_dartsim_vendor:/opt/ros/jazzy/opt/gz_cmake_vendor:/home/mario/master_ws/install/estun_description:/opt/ros/jazzy DEBUGINFOD_URLS=https://debuginfod.ubuntu.com LD_LIBRARY_PATH=/home/mario/master_ws/install/rviz_marker_tools/lib:/home/mario/master_ws/install/moveit_task_constructor_msgs/lib:/home/mario/master_ws/install/moveit_task_constructor_demo/lib:/home/mario/master_ws/install/moveit_task_constructor_visualization/lib:/home/mario/master_ws/install/moveit_task_constructor_capabilities/lib:/home/mario/master_ws/install/moveit_task_constructor_core/lib:/opt/ros/jazzy/opt/gz_sim_vendor/lib:/opt/ros/jazzy/opt/gz_sensors_vendor/lib:/opt/ros/jazzy/opt/gz_physics_vendor/lib:/opt/ros/jazzy/opt/sdformat_vendor/lib:/opt/ros/jazzy/opt/rviz_ogre_vendor/lib:/opt/ros/jazzy/lib/x86_64-linux-gnu:/opt/ros/jazzy/opt/gz_gui_vendor/lib:/opt/ros/jazzy/opt/gz_transport_vendor/lib:/opt/ros/jazzy/opt/gz_rendering_vendor/lib:/opt/ros/jazzy/opt/gz_plugin_vendor/lib:/opt/ros/jazzy/opt/gz_fuel_tools_vendor/lib:/opt/ros/jazzy/opt/gz_msgs_vendor/lib:/opt/ros/jazzy/opt/gz_common_vendor/lib:/opt/ros/jazzy/opt/gz_math_vendor/lib:/opt/ros/jazzy/opt/gz_utils_vendor/lib:/opt/ros/jazzy/opt/gz_tools_vendor/lib:/opt/ros/jazzy/opt/gz_ogre_next_vendor/lib:/opt/ros/jazzy/opt/gz_dartsim_vendor/lib:/opt/ros/jazzy/opt/gz_cmake_vendor/lib:/opt/ros/jazzy/lib PYTHONPATH=/home/mario/master_ws/install/moveit_task_constructor_msgs/lib/python3.12/site-packages:/home/mario/master_ws/install/moveit_task_constructor_core/lib/python3.12/site-packages:/home/mario/master_ws/install/estun_description/lib/python3.12/site-packages:/opt/ros/jazzy/opt/gz_sim_vendor/lib/python:/opt/ros/jazzy/opt/sdformat_vendor/lib/python:/opt/ros/jazzy/opt/gz_transport_vendor/lib/python:/opt/ros/jazzy/opt/gz_msgs_vendor/lib/python:/opt/ros/jazzy/opt/gz_math_vendor/lib/python:/opt/ros/jazzy/lib/python3.12/site-packages /usr/bin/cmake --build /home/mario/master_ws/build/moveit_task_constructor_core -- -j12 -l12
[0.107s] [  2%] Built target gtest_main
[0.114s] [  4%] Built target gtest
[0.115s] [  8%] Built target gmock
[0.127s] [  9%] Built target ament_cmake_python_copy_moveit
[0.127s] [ 10%] Built target gmock_main
[0.160s] [ 29%] Built target moveit_task_constructor_core
[0.213s] [ 33%] Built target gtest_utils
[0.245s] [ 55%] Built target moveit_task_constructor_core_stages
[0.290s] [ 58%] Built target moveit_task_constructor_core-test-properties
[0.314s] [ 61%] Built target moveit_task_constructor_core-test-stage
[0.314s] [ 62%] Built target moveit_task_constructor_core_stage_plugins
[0.318s] [ 65%] Built target moveit_task_constructor_core-test-limit-solutions
[0.318s] [ 67%] Built target moveit_task_constructor_core-test-mockups
[0.328s] [ 69%] Built target moveit_task_constructor_core-test-pruning
[0.334s] [ 72%] Built target moveit_task_constructor_core-test-serial
[0.347s] [ 74%] Built target moveit_task_constructor_core-test-storage
[0.355s] [ 76%] Built target moveit_task_constructor_core-test-fallback
[0.360s] [ 79%] Built target moveit_task_constructor_core-test-container
[0.361s] [ 81%] Built target moveit_task_constructor_core-test-cost-terms
[0.378s] [ 83%] Built target moveit_task_constructor_core-test-cost-queue
[0.392s] [ 86%] Built target moveit_task_constructor_core-test-interface-state
[0.392s] [ 88%] Built target moveit_task_constructor_core-test-move-to
[0.392s] [ 90%] Built target moveit_task_constructor_core-test-move-relative
[0.399s] [ 93%] Built target moveit_task_constructor_core-test-pipeline-planner
[0.399s] [ 95%] Built target pick_ur5
[0.415s] [ 97%] Built target pick_pa10
[0.417s] [100%] Built target pick_pr2
[0.518s] running egg_info
[0.560s] writing moveit.egg-info/PKG-INFO
[0.560s] writing dependency_links to moveit.egg-info/dependency_links.txt
[0.560s] writing top-level names to moveit.egg-info/top_level.txt
[0.673s] reading manifest file 'moveit.egg-info/SOURCES.txt'
[0.674s] writing manifest file 'moveit.egg-info/SOURCES.txt'
[0.707s] [100%] Built target ament_cmake_python_build_moveit_egg
[0.725s] Invoked command in '/home/mario/master_ws/build/moveit_task_constructor_core' returned '0': CMAKE_PREFIX_PATH=/home/mario/master_ws/install/rviz_marker_tools:/home/mario/master_ws/install/moveit_task_constructor_msgs:/home/mario/master_ws/install/vision_control:/home/mario/master_ws/install/moveit_task_constructor_demo:/home/mario/master_ws/install/moveit_task_constructor_visualization:/home/mario/master_ws/install/moveit_task_constructor_capabilities:/home/mario/master_ws/install/estun_control:/home/mario/master_ws/install/moveit_task_constructor_core:/home/mario/master_ws/install/estun_moveit:/opt/ros/jazzy/opt/gz_sim_vendor:/opt/ros/jazzy/opt/gz_sensors_vendor:/opt/ros/jazzy/opt/gz_physics_vendor:/opt/ros/jazzy/opt/sdformat_vendor:/opt/ros/jazzy/opt/gz_gui_vendor:/opt/ros/jazzy/opt/gz_transport_vendor:/opt/ros/jazzy/opt/gz_rendering_vendor:/opt/ros/jazzy/opt/gz_plugin_vendor:/opt/ros/jazzy/opt/gz_fuel_tools_vendor:/opt/ros/jazzy/opt/gz_msgs_vendor:/opt/ros/jazzy/opt/gz_common_vendor:/opt/ros/jazzy/opt/gz_math_vendor:/opt/ros/jazzy/opt/gz_utils_vendor:/opt/ros/jazzy/opt/gz_tools_vendor:/opt/ros/jazzy/opt/gz_ogre_next_vendor:/opt/ros/jazzy/opt/gz_dartsim_vendor:/opt/ros/jazzy/opt/gz_cmake_vendor:/home/mario/master_ws/install/estun_description:/opt/ros/jazzy DEBUGINFOD_URLS=https://debuginfod.ubuntu.com LD_LIBRARY_PATH=/home/mario/master_ws/install/rviz_marker_tools/lib:/home/mario/master_ws/install/moveit_task_constructor_msgs/lib:/home/mario/master_ws/install/moveit_task_constructor_demo/lib:/home/mario/master_ws/install/moveit_task_constructor_visualization/lib:/home/mario/master_ws/install/moveit_task_constructor_capabilities/lib:/home/mario/master_ws/install/moveit_task_constructor_core/lib:/opt/ros/jazzy/opt/gz_sim_vendor/lib:/opt/ros/jazzy/opt/gz_sensors_vendor/lib:/opt/ros/jazzy/opt/gz_physics_vendor/lib:/opt/ros/jazzy/opt/sdformat_vendor/lib:/opt/ros/jazzy/opt/rviz_ogre_vendor/lib:/opt/ros/jazzy/lib/x86_64-linux-gnu:/opt/ros/jazzy/opt/gz_gui_vendor/lib:/opt/ros/jazzy/opt/gz_transport_vendor/lib:/opt/ros/jazzy/opt/gz_rendering_vendor/lib:/opt/ros/jazzy/opt/gz_plugin_vendor/lib:/opt/ros/jazzy/opt/gz_fuel_tools_vendor/lib:/opt/ros/jazzy/opt/gz_msgs_vendor/lib:/opt/ros/jazzy/opt/gz_common_vendor/lib:/opt/ros/jazzy/opt/gz_math_vendor/lib:/opt/ros/jazzy/opt/gz_utils_vendor/lib:/opt/ros/jazzy/opt/gz_tools_vendor/lib:/opt/ros/jazzy/opt/gz_ogre_next_vendor/lib:/opt/ros/jazzy/opt/gz_dartsim_vendor/lib:/opt/ros/jazzy/opt/gz_cmake_vendor/lib:/opt/ros/jazzy/lib PYTHONPATH=/home/mario/master_ws/install/moveit_task_constructor_msgs/lib/python3.12/site-packages:/home/mario/master_ws/install/moveit_task_constructor_core/lib/python3.12/site-packages:/home/mario/master_ws/install/estun_description/lib/python3.12/site-packages:/opt/ros/jazzy/opt/gz_sim_vendor/lib/python:/opt/ros/jazzy/opt/sdformat_vendor/lib/python:/opt/ros/jazzy/opt/gz_transport_vendor/lib/python:/opt/ros/jazzy/opt/gz_msgs_vendor/lib/python:/opt/ros/jazzy/opt/gz_math_vendor/lib/python:/opt/ros/jazzy/lib/python3.12/site-packages /usr/bin/cmake --build /home/mario/master_ws/build/moveit_task_constructor_core -- -j12 -l12
[0.727s] Invoking command in '/home/mario/master_ws/build/moveit_task_constructor_core': CMAKE_PREFIX_PATH=/home/mario/master_ws/install/rviz_marker_tools:/home/mario/master_ws/install/moveit_task_constructor_msgs:/home/mario/master_ws/install/vision_control:/home/mario/master_ws/install/moveit_task_constructor_demo:/home/mario/master_ws/install/moveit_task_constructor_visualization:/home/mario/master_ws/install/moveit_task_constructor_capabilities:/home/mario/master_ws/install/estun_control:/home/mario/master_ws/install/moveit_task_constructor_core:/home/mario/master_ws/install/estun_moveit:/opt/ros/jazzy/opt/gz_sim_vendor:/opt/ros/jazzy/opt/gz_sensors_vendor:/opt/ros/jazzy/opt/gz_physics_vendor:/opt/ros/jazzy/opt/sdformat_vendor:/opt/ros/jazzy/opt/gz_gui_vendor:/opt/ros/jazzy/opt/gz_transport_vendor:/opt/ros/jazzy/opt/gz_rendering_vendor:/opt/ros/jazzy/opt/gz_plugin_vendor:/opt/ros/jazzy/opt/gz_fuel_tools_vendor:/opt/ros/jazzy/opt/gz_msgs_vendor:/opt/ros/jazzy/opt/gz_common_vendor:/opt/ros/jazzy/opt/gz_math_vendor:/opt/ros/jazzy/opt/gz_utils_vendor:/opt/ros/jazzy/opt/gz_tools_vendor:/opt/ros/jazzy/opt/gz_ogre_next_vendor:/opt/ros/jazzy/opt/gz_dartsim_vendor:/opt/ros/jazzy/opt/gz_cmake_vendor:/home/mario/master_ws/install/estun_description:/opt/ros/jazzy DEBUGINFOD_URLS=https://debuginfod.ubuntu.com LD_LIBRARY_PATH=/home/mario/master_ws/install/rviz_marker_tools/lib:/home/mario/master_ws/install/moveit_task_constructor_msgs/lib:/home/mario/master_ws/install/moveit_task_constructor_demo/lib:/home/mario/master_ws/install/moveit_task_constructor_visualization/lib:/home/mario/master_ws/install/moveit_task_constructor_capabilities/lib:/home/mario/master_ws/install/moveit_task_constructor_core/lib:/opt/ros/jazzy/opt/gz_sim_vendor/lib:/opt/ros/jazzy/opt/gz_sensors_vendor/lib:/opt/ros/jazzy/opt/gz_physics_vendor/lib:/opt/ros/jazzy/opt/sdformat_vendor/lib:/opt/ros/jazzy/opt/rviz_ogre_vendor/lib:/opt/ros/jazzy/lib/x86_64-linux-gnu:/opt/ros/jazzy/opt/gz_gui_vendor/lib:/opt/ros/jazzy/opt/gz_transport_vendor/lib:/opt/ros/jazzy/opt/gz_rendering_vendor/lib:/opt/ros/jazzy/opt/gz_plugin_vendor/lib:/opt/ros/jazzy/opt/gz_fuel_tools_vendor/lib:/opt/ros/jazzy/opt/gz_msgs_vendor/lib:/opt/ros/jazzy/opt/gz_common_vendor/lib:/opt/ros/jazzy/opt/gz_math_vendor/lib:/opt/ros/jazzy/opt/gz_utils_vendor/lib:/opt/ros/jazzy/opt/gz_tools_vendor/lib:/opt/ros/jazzy/opt/gz_ogre_next_vendor/lib:/opt/ros/jazzy/opt/gz_dartsim_vendor/lib:/opt/ros/jazzy/opt/gz_cmake_vendor/lib:/opt/ros/jazzy/lib PYTHONPATH=/home/mario/master_ws/install/moveit_task_constructor_msgs/lib/python3.12/site-packages:/home/mario/master_ws/install/moveit_task_constructor_core/lib/python3.12/site-packages:/home/mario/master_ws/install/estun_description/lib/python3.12/site-packages:/opt/ros/jazzy/opt/gz_sim_vendor/lib/python:/opt/ros/jazzy/opt/sdformat_vendor/lib/python:/opt/ros/jazzy/opt/gz_transport_vendor/lib/python:/opt/ros/jazzy/opt/gz_msgs_vendor/lib/python:/opt/ros/jazzy/opt/gz_math_vendor/lib/python:/opt/ros/jazzy/lib/python3.12/site-packages /usr/bin/cmake --install /home/mario/master_ws/build/moveit_task_constructor_core
[0.737s] -- Install configuration: "Release"
[0.737s] -- Up-to-date: /home/mario/master_ws/install/moveit_task_constructor_core/lib/libmoveit_task_constructor_core_stages.so
[0.737s] -- Up-to-date: /home/mario/master_ws/install/moveit_task_constructor_core/lib/libmoveit_task_constructor_core_stage_plugins.so
[0.738s] -- Up-to-date: /home/mario/master_ws/install/moveit_task_constructor_core/lib/libmoveit_task_constructor_core.so
[0.738s] -- Up-to-date: /home/mario/master_ws/install/moveit_task_constructor_core/share/moveit_task_constructor_core/environment/pythonpath.sh
[0.738s] -- Up-to-date: /home/mario/master_ws/install/moveit_task_constructor_core/share/moveit_task_constructor_core/environment/pythonpath.dsv
[0.739s] -- Up-to-date: /home/mario/master_ws/install/moveit_task_constructor_core/lib/python3.12/site-packages/moveit-0.2.0-py3.12.egg-info
[0.739s] -- Installing: /home/mario/master_ws/install/moveit_task_constructor_core/lib/python3.12/site-packages/moveit-0.2.0-py3.12.egg-info/PKG-INFO
[0.739s] -- Installing: /home/mario/master_ws/install/moveit_task_constructor_core/lib/python3.12/site-packages/moveit-0.2.0-py3.12.egg-info/top_level.txt
[0.740s] -- Installing: /home/mario/master_ws/install/moveit_task_constructor_core/lib/python3.12/site-packages/moveit-0.2.0-py3.12.egg-info/SOURCES.txt
[0.740s] -- Installing: /home/mario/master_ws/install/moveit_task_constructor_core/lib/python3.12/site-packages/moveit-0.2.0-py3.12.egg-info/dependency_links.txt
[0.740s] -- Up-to-date: /home/mario/master_ws/install/moveit_task_constructor_core/lib/python3.12/site-packages/moveit
[0.740s] -- Up-to-date: /home/mario/master_ws/install/moveit_task_constructor_core/lib/python3.12/site-packages/moveit/task_constructor
[0.740s] -- Up-to-date: /home/mario/master_ws/install/moveit_task_constructor_core/lib/python3.12/site-packages/moveit/task_constructor/core.py
[0.740s] -- Up-to-date: /home/mario/master_ws/install/moveit_task_constructor_core/lib/python3.12/site-packages/moveit/task_constructor/stages.py
[0.740s] -- Up-to-date: /home/mario/master_ws/install/moveit_task_constructor_core/lib/python3.12/site-packages/moveit/task_constructor/__init__.py
[0.740s] -- Up-to-date: /home/mario/master_ws/install/moveit_task_constructor_core/lib/python3.12/site-packages/moveit/__init__.py
[0.778s] Listing '/home/mario/master_ws/install/moveit_task_constructor_core/lib/python3.12/site-packages/moveit'...
[0.778s] Listing '/home/mario/master_ws/install/moveit_task_constructor_core/lib/python3.12/site-packages/moveit/task_constructor'...
[0.784s] -- Up-to-date: /home/mario/master_ws/install/moveit_task_constructor_core/include
[0.784s] -- Up-to-date: /home/mario/master_ws/install/moveit_task_constructor_core/include/moveit
[0.784s] -- Up-to-date: /home/mario/master_ws/install/moveit_task_constructor_core/include/moveit/python
[0.784s] -- Up-to-date: /home/mario/master_ws/install/moveit_task_constructor_core/include/moveit/python/task_constructor
[0.784s] -- Up-to-date: /home/mario/master_ws/install/moveit_task_constructor_core/include/moveit/python/task_constructor/properties.h
[0.785s] -- Up-to-date: /home/mario/master_ws/install/moveit_task_constructor_core/include/moveit/task_constructor
[0.785s] -- Up-to-date: /home/mario/master_ws/install/moveit_task_constructor_core/include/moveit/task_constructor/type_traits.h
[0.785s] -- Up-to-date: /home/mario/master_ws/install/moveit_task_constructor_core/include/moveit/task_constructor/task.h
[0.785s] -- Up-to-date: /home/mario/master_ws/install/moveit_task_constructor_core/include/moveit/task_constructor/marker_tools.h
[0.785s] -- Up-to-date: /home/mario/master_ws/install/moveit_task_constructor_core/include/moveit/task_constructor/solvers.h
[0.786s] -- Up-to-date: /home/mario/master_ws/install/moveit_task_constructor_core/include/moveit/task_constructor/cost_queue.h
[0.786s] -- Up-to-date: /home/mario/master_ws/install/moveit_task_constructor_core/include/moveit/task_constructor/trajectory_execution_info.h
[0.786s] -- Up-to-date: /home/mario/master_ws/install/moveit_task_constructor_core/include/moveit/task_constructor/container.h
[0.786s] -- Up-to-date: /home/mario/master_ws/install/moveit_task_constructor_core/include/moveit/task_constructor/utils.h
[0.786s] -- Up-to-date: /home/mario/master_ws/install/moveit_task_constructor_core/include/moveit/task_constructor/storage.h
[0.786s] -- Up-to-date: /home/mario/master_ws/install/moveit_task_constructor_core/include/moveit/task_constructor/solvers
[0.786s] -- Up-to-date: /home/mario/master_ws/install/moveit_task_constructor_core/include/moveit/task_constructor/solvers/joint_interpolation.h
[0.786s] -- Up-to-date: /home/mario/master_ws/install/moveit_task_constructor_core/include/moveit/task_constructor/solvers/pipeline_planner.h
[0.787s] -- Up-to-date: /home/mario/master_ws/install/moveit_task_constructor_core/include/moveit/task_constructor/solvers/planner_interface.h
[0.787s] -- Up-to-date: /home/mario/master_ws/install/moveit_task_constructor_core/include/moveit/task_constructor/solvers/cartesian_path.h
[0.787s] -- Up-to-date: /home/mario/master_ws/install/moveit_task_constructor_core/include/moveit/task_constructor/solvers/multi_planner.h
[0.787s] -- Up-to-date: /home/mario/master_ws/install/moveit_task_constructor_core/include/moveit/task_constructor/cost_terms.h
[0.787s] -- Up-to-date: /home/mario/master_ws/install/moveit_task_constructor_core/include/moveit/task_constructor/merge.h
[0.787s] -- Up-to-date: /home/mario/master_ws/install/moveit_task_constructor_core/include/moveit/task_constructor/stage.h
[0.787s] -- Up-to-date: /home/mario/master_ws/install/moveit_task_constructor_core/include/moveit/task_constructor/stages.h
[0.787s] -- Up-to-date: /home/mario/master_ws/install/moveit_task_constructor_core/include/moveit/task_constructor/introspection.h
[0.787s] -- Up-to-date: /home/mario/master_ws/install/moveit_task_constructor_core/include/moveit/task_constructor/stages
[0.787s] -- Up-to-date: /home/mario/master_ws/install/moveit_task_constructor_core/include/moveit/task_constructor/stages/current_state.h
[0.787s] -- Up-to-date: /home/mario/master_ws/install/moveit_task_constructor_core/include/moveit/task_constructor/stages/move_to.h
[0.788s] -- Up-to-date: /home/mario/master_ws/install/moveit_task_constructor_core/include/moveit/task_constructor/stages/compute_ik.h
[0.788s] -- Up-to-date: /home/mario/master_ws/install/moveit_task_constructor_core/include/moveit/task_constructor/stages/generate_place_pose.h
[0.788s] -- Up-to-date: /home/mario/master_ws/install/moveit_task_constructor_core/include/moveit/task_constructor/stages/connect.h
[0.788s] -- Up-to-date: /home/mario/master_ws/install/moveit_task_constructor_core/include/moveit/task_constructor/stages/generate_pose.h
[0.788s] -- Up-to-date: /home/mario/master_ws/install/moveit_task_constructor_core/include/moveit/task_constructor/stages/fixed_cartesian_poses.h
[0.788s] -- Up-to-date: /home/mario/master_ws/install/moveit_task_constructor_core/include/moveit/task_constructor/stages/generate_grasp_pose.h
[0.788s] -- Up-to-date: /home/mario/master_ws/install/moveit_task_constructor_core/include/moveit/task_constructor/stages/fix_collision_objects.h
[0.788s] -- Up-to-date: /home/mario/master_ws/install/moveit_task_constructor_core/include/moveit/task_constructor/stages/pick.h
[0.788s] -- Up-to-date: /home/mario/master_ws/install/moveit_task_constructor_core/include/moveit/task_constructor/stages/passthrough.h
[0.789s] -- Up-to-date: /home/mario/master_ws/install/moveit_task_constructor_core/include/moveit/task_constructor/stages/limit_solutions.h
[0.789s] -- Up-to-date: /home/mario/master_ws/install/moveit_task_constructor_core/include/moveit/task_constructor/stages/generate_random_pose.h
[0.789s] -- Up-to-date: /home/mario/master_ws/install/moveit_task_constructor_core/include/moveit/task_constructor/stages/fixed_state.h
[0.790s] -- Up-to-date: /home/mario/master_ws/install/moveit_task_constructor_core/include/moveit/task_constructor/stages/noop.h
[0.790s] -- Up-to-date: /home/mario/master_ws/install/moveit_task_constructor_core/include/moveit/task_constructor/stages/modify_planning_scene.h
[0.791s] -- Up-to-date: /home/mario/master_ws/install/moveit_task_constructor_core/include/moveit/task_constructor/stages/simple_grasp.h
[0.791s] -- Up-to-date: /home/mario/master_ws/install/moveit_task_constructor_core/include/moveit/task_constructor/stages/predicate_filter.h
[0.791s] -- Up-to-date: /home/mario/master_ws/install/moveit_task_constructor_core/include/moveit/task_constructor/stages/move_relative.h
[0.791s] -- Up-to-date: /home/mario/master_ws/install/moveit_task_constructor_core/include/moveit/task_constructor/properties.h
[0.791s] -- Up-to-date: /home/mario/master_ws/install/moveit_task_constructor_core/include/moveit/task_constructor/moveit_compat.h
[0.791s] -- Up-to-date: /home/mario/master_ws/install/moveit_task_constructor_core/share/moveit_task_constructor_core/motion_planning_stages_plugin_description.xml
[0.792s] -- Up-to-date: /home/mario/master_ws/install/moveit_task_constructor_core/share/moveit_task_constructor_core/environment/library_path.sh
[0.792s] -- Up-to-date: /home/mario/master_ws/install/moveit_task_constructor_core/share/moveit_task_constructor_core/environment/library_path.dsv
[0.792s] -- Up-to-date: /home/mario/master_ws/install/moveit_task_constructor_core/share/ament_index/resource_index/package_run_dependencies/moveit_task_constructor_core
[0.792s] -- Up-to-date: /home/mario/master_ws/install/moveit_task_constructor_core/share/ament_index/resource_index/parent_prefix_path/moveit_task_constructor_core
[0.792s] -- Up-to-date: /home/mario/master_ws/install/moveit_task_constructor_core/share/moveit_task_constructor_core/environment/ament_prefix_path.sh
[0.792s] -- Up-to-date: /home/mario/master_ws/install/moveit_task_constructor_core/share/moveit_task_constructor_core/environment/ament_prefix_path.dsv
[0.792s] -- Up-to-date: /home/mario/master_ws/install/moveit_task_constructor_core/share/moveit_task_constructor_core/environment/path.sh
[0.793s] -- Up-to-date: /home/mario/master_ws/install/moveit_task_constructor_core/share/moveit_task_constructor_core/environment/path.dsv
[0.793s] -- Up-to-date: /home/mario/master_ws/install/moveit_task_constructor_core/share/moveit_task_constructor_core/local_setup.bash
[0.793s] -- Up-to-date: /home/mario/master_ws/install/moveit_task_constructor_core/share/moveit_task_constructor_core/local_setup.sh
[0.793s] -- Up-to-date: /home/mario/master_ws/install/moveit_task_constructor_core/share/moveit_task_constructor_core/local_setup.zsh
[0.795s] -- Up-to-date: /home/mario/master_ws/install/moveit_task_constructor_core/share/moveit_task_constructor_core/local_setup.dsv
[0.795s] -- Installing: /home/mario/master_ws/install/moveit_task_constructor_core/share/moveit_task_constructor_core/package.dsv
[0.795s] -- Up-to-date: /home/mario/master_ws/install/moveit_task_constructor_core/share/ament_index/resource_index/packages/moveit_task_constructor_core
[0.796s] -- Up-to-date: /home/mario/master_ws/install/moveit_task_constructor_core/share/ament_index/resource_index/moveit_task_constructor_core__pluginlib__plugin/moveit_task_constructor_core
[0.797s] -- Up-to-date: /home/mario/master_ws/install/moveit_task_constructor_core/share/moveit_task_constructor_core/cmake/moveit_task_constructor_coreTargetsExport.cmake
[0.797s] -- Up-to-date: /home/mario/master_ws/install/moveit_task_constructor_core/share/moveit_task_constructor_core/cmake/moveit_task_constructor_coreTargetsExport-release.cmake
[0.797s] -- Up-to-date: /home/mario/master_ws/install/moveit_task_constructor_core/share/moveit_task_constructor_core/cmake/ament_cmake_export_targets-extras.cmake
[0.797s] -- Up-to-date: /home/mario/master_ws/install/moveit_task_constructor_core/share/moveit_task_constructor_core/cmake/ament_cmake_export_dependencies-extras.cmake
[0.797s] -- Up-to-date: /home/mario/master_ws/install/moveit_task_constructor_core/share/moveit_task_constructor_core/cmake/moveit_task_constructor_coreConfig.cmake
[0.798s] -- Up-to-date: /home/mario/master_ws/install/moveit_task_constructor_core/share/moveit_task_constructor_core/cmake/moveit_task_constructor_coreConfig-version.cmake
[0.798s] -- Up-to-date: /home/mario/master_ws/install/moveit_task_constructor_core/share/moveit_task_constructor_core/package.xml
[0.798s] Invoked command in '/home/mario/master_ws/build/moveit_task_constructor_core' returned '0': CMAKE_PREFIX_PATH=/home/mario/master_ws/install/rviz_marker_tools:/home/mario/master_ws/install/moveit_task_constructor_msgs:/home/mario/master_ws/install/vision_control:/home/mario/master_ws/install/moveit_task_constructor_demo:/home/mario/master_ws/install/moveit_task_constructor_visualization:/home/mario/master_ws/install/moveit_task_constructor_capabilities:/home/mario/master_ws/install/estun_control:/home/mario/master_ws/install/moveit_task_constructor_core:/home/mario/master_ws/install/estun_moveit:/opt/ros/jazzy/opt/gz_sim_vendor:/opt/ros/jazzy/opt/gz_sensors_vendor:/opt/ros/jazzy/opt/gz_physics_vendor:/opt/ros/jazzy/opt/sdformat_vendor:/opt/ros/jazzy/opt/gz_gui_vendor:/opt/ros/jazzy/opt/gz_transport_vendor:/opt/ros/jazzy/opt/gz_rendering_vendor:/opt/ros/jazzy/opt/gz_plugin_vendor:/opt/ros/jazzy/opt/gz_fuel_tools_vendor:/opt/ros/jazzy/opt/gz_msgs_vendor:/opt/ros/jazzy/opt/gz_common_vendor:/opt/ros/jazzy/opt/gz_math_vendor:/opt/ros/jazzy/opt/gz_utils_vendor:/opt/ros/jazzy/opt/gz_tools_vendor:/opt/ros/jazzy/opt/gz_ogre_next_vendor:/opt/ros/jazzy/opt/gz_dartsim_vendor:/opt/ros/jazzy/opt/gz_cmake_vendor:/home/mario/master_ws/install/estun_description:/opt/ros/jazzy DEBUGINFOD_URLS=https://debuginfod.ubuntu.com LD_LIBRARY_PATH=/home/mario/master_ws/install/rviz_marker_tools/lib:/home/mario/master_ws/install/moveit_task_constructor_msgs/lib:/home/mario/master_ws/install/moveit_task_constructor_demo/lib:/home/mario/master_ws/install/moveit_task_constructor_visualization/lib:/home/mario/master_ws/install/moveit_task_constructor_capabilities/lib:/home/mario/master_ws/install/moveit_task_constructor_core/lib:/opt/ros/jazzy/opt/gz_sim_vendor/lib:/opt/ros/jazzy/opt/gz_sensors_vendor/lib:/opt/ros/jazzy/opt/gz_physics_vendor/lib:/opt/ros/jazzy/opt/sdformat_vendor/lib:/opt/ros/jazzy/opt/rviz_ogre_vendor/lib:/opt/ros/jazzy/lib/x86_64-linux-gnu:/opt/ros/jazzy/opt/gz_gui_vendor/lib:/opt/ros/jazzy/opt/gz_transport_vendor/lib:/opt/ros/jazzy/opt/gz_rendering_vendor/lib:/opt/ros/jazzy/opt/gz_plugin_vendor/lib:/opt/ros/jazzy/opt/gz_fuel_tools_vendor/lib:/opt/ros/jazzy/opt/gz_msgs_vendor/lib:/opt/ros/jazzy/opt/gz_common_vendor/lib:/opt/ros/jazzy/opt/gz_math_vendor/lib:/opt/ros/jazzy/opt/gz_utils_vendor/lib:/opt/ros/jazzy/opt/gz_tools_vendor/lib:/opt/ros/jazzy/opt/gz_ogre_next_vendor/lib:/opt/ros/jazzy/opt/gz_dartsim_vendor/lib:/opt/ros/jazzy/opt/gz_cmake_vendor/lib:/opt/ros/jazzy/lib PYTHONPATH=/home/mario/master_ws/install/moveit_task_constructor_msgs/lib/python3.12/site-packages:/home/mario/master_ws/install/moveit_task_constructor_core/lib/python3.12/site-packages:/home/mario/master_ws/install/estun_description/lib/python3.12/site-packages:/opt/ros/jazzy/opt/gz_sim_vendor/lib/python:/opt/ros/jazzy/opt/sdformat_vendor/lib/python:/opt/ros/jazzy/opt/gz_transport_vendor/lib/python:/opt/ros/jazzy/opt/gz_msgs_vendor/lib/python:/opt/ros/jazzy/opt/gz_math_vendor/lib/python:/opt/ros/jazzy/lib/python3.12/site-packages /usr/bin/cmake --install /home/mario/master_ws/build/moveit_task_constructor_core
