[0.011s] Invoking command in '/home/mario/master_ws/build/robot_interfaces': CMAKE_PREFIX_PATH=${CMAKE_PREFIX_PATH}:/home/mario/master_ws/install/estun_description:/opt/ros/jazzy DEBUGINFOD_URLS=https://debuginfod.ubuntu.com /usr/bin/cmake /home/mario/master_ws/src/robot_interfaces -DCMAKE_INSTALL_PREFIX=/home/mario/master_ws/install/robot_interfaces
[0.028s] -- Found ament_cmake: 2.5.6 (/opt/ros/jazzy/share/ament_cmake/cmake)
[0.236s] -- Found rosidl_default_generators: 1.6.1 (/opt/ros/jazzy/share/rosidl_default_generators/cmake)
[0.239s] -- Using all available rosidl_typesupport_c: rosidl_typesupport_fastrtps_c;rosidl_typesupport_introspection_c
[0.279s] -- Using all available rosidl_typesupport_cpp: rosidl_typesupport_fastrtps_cpp;rosidl_typesupport_introspection_cpp
[0.310s] -- Found rosidl_adapter: 4.6.9 (/opt/ros/jazzy/share/rosidl_adapter/cmake)
[0.919s] -- Found ament_cmake_ros: 0.12.1 (/opt/ros/jazzy/share/ament_cmake_ros/cmake)
[1.380s] -- Using all available rosidl_typesupport_c: rosidl_typesupport_fastrtps_c;rosidl_typesupport_introspection_c
[1.998s] -- Using all available rosidl_typesupport_cpp: rosidl_typesupport_fastrtps_cpp;rosidl_typesupport_introspection_cpp
[2.010s] -- Found python_cmake_module: 0.11.1 (/opt/ros/jazzy/share/python_cmake_module/cmake)
[2.155s] -- Found PythonExtra: /usr/bin/python3  
[2.633s] -- Found Python3: /usr/bin/python3 (found version "3.12.3") found components: Interpreter Development NumPy Development.Module Development.Embed 
[2.707s] -- Found Python3: /usr/bin/python3 (found version "3.12.3") found components: Interpreter 
[2.715s] -- Found ament_lint_auto: 0.17.5 (/opt/ros/jazzy/share/ament_lint_auto/cmake)
[2.776s] -- Added test 'lint_cmake' to check CMake code style
[2.778s] -- Added test 'xmllint' to check XML markup files
[2.783s] -- Configuring done (2.8s)
[2.816s] -- Generating done (0.0s)
[2.828s] -- Build files have been written to: /home/mario/master_ws/build/robot_interfaces
[2.836s] Invoked command in '/home/mario/master_ws/build/robot_interfaces' returned '0': CMAKE_PREFIX_PATH=${CMAKE_PREFIX_PATH}:/home/mario/master_ws/install/estun_description:/opt/ros/jazzy DEBUGINFOD_URLS=https://debuginfod.ubuntu.com /usr/bin/cmake /home/mario/master_ws/src/robot_interfaces -DCMAKE_INSTALL_PREFIX=/home/mario/master_ws/install/robot_interfaces
[2.838s] Invoking command in '/home/mario/master_ws/build/robot_interfaces': CMAKE_PREFIX_PATH=${CMAKE_PREFIX_PATH}:/home/mario/master_ws/install/estun_description:/opt/ros/jazzy DEBUGINFOD_URLS=https://debuginfod.ubuntu.com /usr/bin/cmake --build /home/mario/master_ws/build/robot_interfaces -- -j12 -l12
[2.897s] [  5%] [34m[1mGenerating Rust code for ROS interfaces[0m
[2.897s] [  5%] [34m[1mGenerating type hashes for ROS interfaces[0m
[2.910s] [  5%] Built target ament_cmake_python_copy_robot_interfaces
[3.109s] [  5%] Built target robot_interfaces__rosidl_generator_type_description
[3.123s] [  8%] [34m[1mGenerating C code for ROS interfaces[0m
[3.125s] [  8%] Built target robot_interfaces__rs
[3.136s] [ 11%] [34m[1mGenerating C++ code for ROS interfaces[0m
[3.186s] running egg_info
[3.187s] creating robot_interfaces.egg-info
[3.217s] writing robot_interfaces.egg-info/PKG-INFO
[3.217s] writing dependency_links to robot_interfaces.egg-info/dependency_links.txt
[3.218s] writing top-level names to robot_interfaces.egg-info/top_level.txt
[3.218s] writing manifest file 'robot_interfaces.egg-info/SOURCES.txt'
[3.310s] reading manifest file 'robot_interfaces.egg-info/SOURCES.txt'
[3.311s] writing manifest file 'robot_interfaces.egg-info/SOURCES.txt'
[3.339s] [ 11%] Built target ament_cmake_python_build_robot_interfaces_egg
[3.385s] [ 17%] [32mBuilding C object CMakeFiles/robot_interfaces__rosidl_generator_c.dir/rosidl_generator_c/robot_interfaces/msg/detail/object_pose__functions.c.o[0m
[3.385s] [ 17%] [32mBuilding C object CMakeFiles/robot_interfaces__rosidl_generator_c.dir/rosidl_generator_c/robot_interfaces/msg/detail/object_pose__type_support.c.o[0m
[3.385s] [ 20%] [32mBuilding C object CMakeFiles/robot_interfaces__rosidl_generator_c.dir/rosidl_generator_c/robot_interfaces/msg/detail/object_pose__description.c.o[0m
[3.409s] [ 20%] Built target robot_interfaces__cpp
[3.444s] [ 22%] [32m[1mLinking C shared library librobot_interfaces__rosidl_generator_c.so[0m
[3.485s] [ 22%] Built target robot_interfaces__rosidl_generator_c
[3.498s] [ 28%] [34m[1mGenerating C++ type support dispatch for ROS interfaces[0m
[3.498s] [ 28%] [34m[1mGenerating C type support dispatch for ROS interfaces[0m
[3.499s] [ 31%] [34m[1mGenerating C++ type support for eProsima Fast-RTPS[0m
[3.500s] [ 34%] [34m[1mGenerating C introspection for ROS interfaces[0m
[3.500s] [ 37%] [34m[1mGenerating C++ introspection for ROS interfaces[0m
[3.500s] [ 40%] [34m[1mGenerating C type support for eProsima Fast-RTPS[0m
[3.723s] [ 42%] [32mBuilding CXX object CMakeFiles/robot_interfaces__rosidl_typesupport_cpp.dir/rosidl_typesupport_cpp/robot_interfaces/msg/object_pose__type_support.cpp.o[0m
[3.729s] [ 45%] [32mBuilding CXX object CMakeFiles/robot_interfaces__rosidl_typesupport_c.dir/rosidl_typesupport_c/robot_interfaces/msg/object_pose__type_support.cpp.o[0m
[3.751s] [ 48%] [32mBuilding CXX object CMakeFiles/robot_interfaces__rosidl_typesupport_introspection_cpp.dir/rosidl_typesupport_introspection_cpp/robot_interfaces/msg/detail/object_pose__type_support.cpp.o[0m
[3.776s] [ 51%] [32m[1mLinking CXX shared library librobot_interfaces__rosidl_typesupport_c.so[0m
[3.789s] [ 54%] [32mBuilding CXX object CMakeFiles/robot_interfaces__rosidl_typesupport_fastrtps_cpp.dir/rosidl_typesupport_fastrtps_cpp/robot_interfaces/msg/detail/dds_fastrtps/object_pose__type_support.cpp.o[0m
[3.832s] [ 54%] Built target robot_interfaces__rosidl_typesupport_c
[3.841s] [ 57%] [32mBuilding C object CMakeFiles/robot_interfaces__rosidl_typesupport_introspection_c.dir/rosidl_typesupport_introspection_c/robot_interfaces/msg/detail/object_pose__type_support.c.o[0m
[3.864s] [ 60%] [32mBuilding CXX object CMakeFiles/robot_interfaces__rosidl_typesupport_fastrtps_c.dir/rosidl_typesupport_fastrtps_c/robot_interfaces/msg/detail/object_pose__type_support_c.cpp.o[0m
[3.883s] [ 62%] [32m[1mLinking C shared library librobot_interfaces__rosidl_typesupport_introspection_c.so[0m
[3.923s] [ 62%] Built target robot_interfaces__rosidl_typesupport_introspection_c
[4.079s] [ 65%] [32m[1mLinking CXX shared library librobot_interfaces__rosidl_typesupport_cpp.so[0m
[4.109s] [ 68%] [32m[1mLinking CXX shared library librobot_interfaces__rosidl_typesupport_introspection_cpp.so[0m
[4.130s] [ 68%] Built target robot_interfaces__rosidl_typesupport_cpp
[4.181s] [ 68%] Built target robot_interfaces__rosidl_typesupport_introspection_cpp
[4.238s] [ 71%] [32m[1mLinking CXX shared library librobot_interfaces__rosidl_typesupport_fastrtps_cpp.so[0m
[4.291s] [ 74%] [32m[1mLinking CXX shared library librobot_interfaces__rosidl_typesupport_fastrtps_c.so[0m
[4.312s] [ 74%] Built target robot_interfaces__rosidl_typesupport_fastrtps_cpp
[4.367s] [ 74%] Built target robot_interfaces__rosidl_typesupport_fastrtps_c
[4.390s] [ 74%] Built target robot_interfaces
[4.414s] [ 77%] [34m[1mGenerating Python code for ROS interfaces[0m
[4.699s] [ 77%] Built target robot_interfaces__py
[4.725s] [ 80%] [32mBuilding C object CMakeFiles/robot_interfaces__rosidl_generator_py.dir/rosidl_generator_py/robot_interfaces/msg/_object_pose_s.c.o[0m
[4.865s] [ 82%] [32m[1mLinking C shared library librobot_interfaces__rosidl_generator_py.so[0m
[4.909s] [ 82%] Built target robot_interfaces__rosidl_generator_py
[4.935s] [ 88%] [32mBuilding C object CMakeFiles/robot_interfaces_s__rosidl_typesupport_fastrtps_c.dir/rosidl_generator_py/robot_interfaces/_robot_interfaces_s.ep.rosidl_typesupport_fastrtps_c.c.o[0m
[4.935s] [ 88%] [32mBuilding C object CMakeFiles/robot_interfaces_s__rosidl_typesupport_c.dir/rosidl_generator_py/robot_interfaces/_robot_interfaces_s.ep.rosidl_typesupport_c.c.o[0m
[4.935s] [ 91%] [32mBuilding C object CMakeFiles/robot_interfaces_s__rosidl_typesupport_introspection_c.dir/rosidl_generator_py/robot_interfaces/_robot_interfaces_s.ep.rosidl_typesupport_introspection_c.c.o[0m
[5.032s] [ 94%] [32m[1mLinking C shared module rosidl_generator_py/robot_interfaces/robot_interfaces_s__rosidl_typesupport_c.so[0m
[5.034s] [ 97%] [32m[1mLinking C shared module rosidl_generator_py/robot_interfaces/robot_interfaces_s__rosidl_typesupport_fastrtps_c.so[0m
[5.035s] [100%] [32m[1mLinking C shared module rosidl_generator_py/robot_interfaces/robot_interfaces_s__rosidl_typesupport_introspection_c.so[0m
[5.070s] [100%] Built target robot_interfaces_s__rosidl_typesupport_introspection_c
[5.070s] [100%] Built target robot_interfaces_s__rosidl_typesupport_c
[5.071s] [100%] Built target robot_interfaces_s__rosidl_typesupport_fastrtps_c
[5.086s] Invoked command in '/home/mario/master_ws/build/robot_interfaces' returned '0': CMAKE_PREFIX_PATH=${CMAKE_PREFIX_PATH}:/home/mario/master_ws/install/estun_description:/opt/ros/jazzy DEBUGINFOD_URLS=https://debuginfod.ubuntu.com /usr/bin/cmake --build /home/mario/master_ws/build/robot_interfaces -- -j12 -l12
[5.098s] Invoking command in '/home/mario/master_ws/build/robot_interfaces': CMAKE_PREFIX_PATH=${CMAKE_PREFIX_PATH}:/home/mario/master_ws/install/estun_description:/opt/ros/jazzy DEBUGINFOD_URLS=https://debuginfod.ubuntu.com /usr/bin/cmake --install /home/mario/master_ws/build/robot_interfaces
[5.107s] -- Install configuration: ""
[5.108s] -- Installing: /home/mario/master_ws/install/robot_interfaces/share/ament_index/resource_index/rosidl_interfaces/robot_interfaces
[5.108s] -- Installing: /home/mario/master_ws/install/robot_interfaces/share/robot_interfaces/msg/ObjectPose.json
[5.108s] -- Installing: /home/mario/master_ws/install/robot_interfaces/include/robot_interfaces/robot_interfaces
[5.108s] -- Installing: /home/mario/master_ws/install/robot_interfaces/include/robot_interfaces/robot_interfaces/msg
[5.108s] -- Installing: /home/mario/master_ws/install/robot_interfaces/include/robot_interfaces/robot_interfaces/msg/rosidl_generator_c__visibility_control.h
[5.108s] -- Installing: /home/mario/master_ws/install/robot_interfaces/include/robot_interfaces/robot_interfaces/msg/object_pose.h
[5.109s] -- Installing: /home/mario/master_ws/install/robot_interfaces/include/robot_interfaces/robot_interfaces/msg/detail
[5.109s] -- Installing: /home/mario/master_ws/install/robot_interfaces/include/robot_interfaces/robot_interfaces/msg/detail/object_pose__description.c
[5.109s] -- Installing: /home/mario/master_ws/install/robot_interfaces/include/robot_interfaces/robot_interfaces/msg/detail/object_pose__struct.h
[5.109s] -- Installing: /home/mario/master_ws/install/robot_interfaces/include/robot_interfaces/robot_interfaces/msg/detail/object_pose__functions.c
[5.109s] -- Installing: /home/mario/master_ws/install/robot_interfaces/include/robot_interfaces/robot_interfaces/msg/detail/object_pose__type_support.h
[5.109s] -- Installing: /home/mario/master_ws/install/robot_interfaces/include/robot_interfaces/robot_interfaces/msg/detail/object_pose__functions.h
[5.109s] -- Installing: /home/mario/master_ws/install/robot_interfaces/include/robot_interfaces/robot_interfaces/msg/detail/object_pose__type_support.c
[5.110s] -- Installing: /home/mario/master_ws/install/robot_interfaces/share/robot_interfaces/environment/library_path.sh
[5.110s] -- Installing: /home/mario/master_ws/install/robot_interfaces/share/robot_interfaces/environment/library_path.dsv
[5.110s] -- Installing: /home/mario/master_ws/install/robot_interfaces/lib/librobot_interfaces__rosidl_generator_c.so
[5.110s] -- Set non-toolchain portion of runtime path of "/home/mario/master_ws/install/robot_interfaces/lib/librobot_interfaces__rosidl_generator_c.so" to ""
[5.110s] -- Up-to-date: /home/mario/master_ws/install/robot_interfaces/include/robot_interfaces/robot_interfaces
[5.111s] -- Up-to-date: /home/mario/master_ws/install/robot_interfaces/include/robot_interfaces/robot_interfaces/msg
[5.111s] -- Up-to-date: /home/mario/master_ws/install/robot_interfaces/include/robot_interfaces/robot_interfaces/msg/detail
[5.111s] -- Installing: /home/mario/master_ws/install/robot_interfaces/include/robot_interfaces/robot_interfaces/msg/detail/object_pose__rosidl_typesupport_fastrtps_c.h
[5.111s] -- Installing: /home/mario/master_ws/install/robot_interfaces/include/robot_interfaces/robot_interfaces/msg/rosidl_typesupport_fastrtps_c__visibility_control.h
[5.111s] -- Installing: /home/mario/master_ws/install/robot_interfaces/lib/librobot_interfaces__rosidl_typesupport_fastrtps_c.so
[5.111s] -- Set non-toolchain portion of runtime path of "/home/mario/master_ws/install/robot_interfaces/lib/librobot_interfaces__rosidl_typesupport_fastrtps_c.so" to ""
[5.111s] -- Up-to-date: /home/mario/master_ws/install/robot_interfaces/include/robot_interfaces/robot_interfaces
[5.111s] -- Up-to-date: /home/mario/master_ws/install/robot_interfaces/include/robot_interfaces/robot_interfaces/msg
[5.112s] -- Installing: /home/mario/master_ws/install/robot_interfaces/include/robot_interfaces/robot_interfaces/msg/rosidl_typesupport_introspection_c__visibility_control.h
[5.112s] -- Up-to-date: /home/mario/master_ws/install/robot_interfaces/include/robot_interfaces/robot_interfaces/msg/detail
[5.112s] -- Installing: /home/mario/master_ws/install/robot_interfaces/include/robot_interfaces/robot_interfaces/msg/detail/object_pose__rosidl_typesupport_introspection_c.h
[5.112s] -- Installing: /home/mario/master_ws/install/robot_interfaces/include/robot_interfaces/robot_interfaces/msg/detail/object_pose__type_support.c
[5.112s] -- Installing: /home/mario/master_ws/install/robot_interfaces/lib/librobot_interfaces__rosidl_typesupport_introspection_c.so
[5.112s] -- Set non-toolchain portion of runtime path of "/home/mario/master_ws/install/robot_interfaces/lib/librobot_interfaces__rosidl_typesupport_introspection_c.so" to ""
[5.112s] -- Installing: /home/mario/master_ws/install/robot_interfaces/lib/librobot_interfaces__rosidl_typesupport_c.so
[5.113s] -- Set non-toolchain portion of runtime path of "/home/mario/master_ws/install/robot_interfaces/lib/librobot_interfaces__rosidl_typesupport_c.so" to ""
[5.113s] -- Up-to-date: /home/mario/master_ws/install/robot_interfaces/include/robot_interfaces/robot_interfaces
[5.113s] -- Up-to-date: /home/mario/master_ws/install/robot_interfaces/include/robot_interfaces/robot_interfaces/msg
[5.113s] -- Installing: /home/mario/master_ws/install/robot_interfaces/include/robot_interfaces/robot_interfaces/msg/rosidl_generator_cpp__visibility_control.hpp
[5.113s] -- Installing: /home/mario/master_ws/install/robot_interfaces/include/robot_interfaces/robot_interfaces/msg/object_pose.hpp
[5.113s] -- Up-to-date: /home/mario/master_ws/install/robot_interfaces/include/robot_interfaces/robot_interfaces/msg/detail
[5.113s] -- Installing: /home/mario/master_ws/install/robot_interfaces/include/robot_interfaces/robot_interfaces/msg/detail/object_pose__type_support.hpp
[5.113s] -- Installing: /home/mario/master_ws/install/robot_interfaces/include/robot_interfaces/robot_interfaces/msg/detail/object_pose__struct.hpp
[5.113s] -- Installing: /home/mario/master_ws/install/robot_interfaces/include/robot_interfaces/robot_interfaces/msg/detail/object_pose__builder.hpp
[5.114s] -- Installing: /home/mario/master_ws/install/robot_interfaces/include/robot_interfaces/robot_interfaces/msg/detail/object_pose__traits.hpp
[5.114s] -- Up-to-date: /home/mario/master_ws/install/robot_interfaces/include/robot_interfaces/robot_interfaces
[5.114s] -- Up-to-date: /home/mario/master_ws/install/robot_interfaces/include/robot_interfaces/robot_interfaces/msg
[5.114s] -- Installing: /home/mario/master_ws/install/robot_interfaces/include/robot_interfaces/robot_interfaces/msg/rosidl_typesupport_fastrtps_cpp__visibility_control.h
[5.114s] -- Up-to-date: /home/mario/master_ws/install/robot_interfaces/include/robot_interfaces/robot_interfaces/msg/detail
[5.114s] -- Installing: /home/mario/master_ws/install/robot_interfaces/include/robot_interfaces/robot_interfaces/msg/detail/object_pose__rosidl_typesupport_fastrtps_cpp.hpp
[5.114s] -- Installing: /home/mario/master_ws/install/robot_interfaces/include/robot_interfaces/robot_interfaces/msg/detail/dds_fastrtps
[5.114s] -- Installing: /home/mario/master_ws/install/robot_interfaces/lib/librobot_interfaces__rosidl_typesupport_fastrtps_cpp.so
[5.115s] -- Set non-toolchain portion of runtime path of "/home/mario/master_ws/install/robot_interfaces/lib/librobot_interfaces__rosidl_typesupport_fastrtps_cpp.so" to ""
[5.115s] -- Up-to-date: /home/mario/master_ws/install/robot_interfaces/include/robot_interfaces/robot_interfaces
[5.115s] -- Up-to-date: /home/mario/master_ws/install/robot_interfaces/include/robot_interfaces/robot_interfaces/msg
[5.115s] -- Up-to-date: /home/mario/master_ws/install/robot_interfaces/include/robot_interfaces/robot_interfaces/msg/detail
[5.115s] -- Installing: /home/mario/master_ws/install/robot_interfaces/include/robot_interfaces/robot_interfaces/msg/detail/object_pose__type_support.cpp
[5.115s] -- Installing: /home/mario/master_ws/install/robot_interfaces/include/robot_interfaces/robot_interfaces/msg/detail/object_pose__rosidl_typesupport_introspection_cpp.hpp
[5.115s] -- Installing: /home/mario/master_ws/install/robot_interfaces/lib/librobot_interfaces__rosidl_typesupport_introspection_cpp.so
[5.116s] -- Set non-toolchain portion of runtime path of "/home/mario/master_ws/install/robot_interfaces/lib/librobot_interfaces__rosidl_typesupport_introspection_cpp.so" to ""
[5.116s] -- Installing: /home/mario/master_ws/install/robot_interfaces/lib/librobot_interfaces__rosidl_typesupport_cpp.so
[5.116s] -- Set non-toolchain portion of runtime path of "/home/mario/master_ws/install/robot_interfaces/lib/librobot_interfaces__rosidl_typesupport_cpp.so" to ""
[5.116s] -- Installing: /home/mario/master_ws/install/robot_interfaces/share/robot_interfaces/environment/pythonpath.sh
[5.117s] -- Installing: /home/mario/master_ws/install/robot_interfaces/share/robot_interfaces/environment/pythonpath.dsv
[5.117s] -- Installing: /home/mario/master_ws/install/robot_interfaces/lib/python3.12/site-packages/robot_interfaces-0.0.0-py3.12.egg-info
[5.117s] -- Installing: /home/mario/master_ws/install/robot_interfaces/lib/python3.12/site-packages/robot_interfaces-0.0.0-py3.12.egg-info/PKG-INFO
[5.117s] -- Installing: /home/mario/master_ws/install/robot_interfaces/lib/python3.12/site-packages/robot_interfaces-0.0.0-py3.12.egg-info/top_level.txt
[5.117s] -- Installing: /home/mario/master_ws/install/robot_interfaces/lib/python3.12/site-packages/robot_interfaces-0.0.0-py3.12.egg-info/SOURCES.txt
[5.117s] -- Installing: /home/mario/master_ws/install/robot_interfaces/lib/python3.12/site-packages/robot_interfaces-0.0.0-py3.12.egg-info/dependency_links.txt
[5.117s] -- Installing: /home/mario/master_ws/install/robot_interfaces/lib/python3.12/site-packages/robot_interfaces
[5.117s] -- Installing: /home/mario/master_ws/install/robot_interfaces/lib/python3.12/site-packages/robot_interfaces/_robot_interfaces_s.ep.rosidl_typesupport_c.c
[5.118s] -- Installing: /home/mario/master_ws/install/robot_interfaces/lib/python3.12/site-packages/robot_interfaces/_robot_interfaces_s.ep.rosidl_typesupport_introspection_c.c
[5.118s] -- Installing: /home/mario/master_ws/install/robot_interfaces/lib/python3.12/site-packages/robot_interfaces/robot_interfaces_s__rosidl_typesupport_fastrtps_c.so
[5.118s] -- Installing: /home/mario/master_ws/install/robot_interfaces/lib/python3.12/site-packages/robot_interfaces/robot_interfaces_s__rosidl_typesupport_introspection_c.so
[5.118s] -- Installing: /home/mario/master_ws/install/robot_interfaces/lib/python3.12/site-packages/robot_interfaces/_robot_interfaces_s.ep.rosidl_typesupport_fastrtps_c.c
[5.118s] -- Installing: /home/mario/master_ws/install/robot_interfaces/lib/python3.12/site-packages/robot_interfaces/msg
[5.118s] -- Installing: /home/mario/master_ws/install/robot_interfaces/lib/python3.12/site-packages/robot_interfaces/msg/_object_pose.py
[5.118s] -- Installing: /home/mario/master_ws/install/robot_interfaces/lib/python3.12/site-packages/robot_interfaces/msg/__init__.py
[5.118s] -- Installing: /home/mario/master_ws/install/robot_interfaces/lib/python3.12/site-packages/robot_interfaces/msg/_object_pose_s.c
[5.118s] -- Installing: /home/mario/master_ws/install/robot_interfaces/lib/python3.12/site-packages/robot_interfaces/robot_interfaces_s__rosidl_typesupport_c.so
[5.119s] -- Installing: /home/mario/master_ws/install/robot_interfaces/lib/python3.12/site-packages/robot_interfaces/__init__.py
[5.157s] Listing '/home/mario/master_ws/install/robot_interfaces/lib/python3.12/site-packages/robot_interfaces'...
[5.157s] Compiling '/home/mario/master_ws/install/robot_interfaces/lib/python3.12/site-packages/robot_interfaces/__init__.py'...
[5.157s] Listing '/home/mario/master_ws/install/robot_interfaces/lib/python3.12/site-packages/robot_interfaces/msg'...
[5.157s] Compiling '/home/mario/master_ws/install/robot_interfaces/lib/python3.12/site-packages/robot_interfaces/msg/__init__.py'...
[5.157s] Compiling '/home/mario/master_ws/install/robot_interfaces/lib/python3.12/site-packages/robot_interfaces/msg/_object_pose.py'...
[5.162s] -- Installing: /home/mario/master_ws/install/robot_interfaces/lib/python3.12/site-packages/robot_interfaces/robot_interfaces_s__rosidl_typesupport_fastrtps_c.so
[5.162s] -- Set non-toolchain portion of runtime path of "/home/mario/master_ws/install/robot_interfaces/lib/python3.12/site-packages/robot_interfaces/robot_interfaces_s__rosidl_typesupport_fastrtps_c.so" to ""
[5.162s] -- Installing: /home/mario/master_ws/install/robot_interfaces/lib/python3.12/site-packages/robot_interfaces/robot_interfaces_s__rosidl_typesupport_introspection_c.so
[5.163s] -- Set non-toolchain portion of runtime path of "/home/mario/master_ws/install/robot_interfaces/lib/python3.12/site-packages/robot_interfaces/robot_interfaces_s__rosidl_typesupport_introspection_c.so" to ""
[5.163s] -- Installing: /home/mario/master_ws/install/robot_interfaces/lib/python3.12/site-packages/robot_interfaces/robot_interfaces_s__rosidl_typesupport_c.so
[5.163s] -- Set non-toolchain portion of runtime path of "/home/mario/master_ws/install/robot_interfaces/lib/python3.12/site-packages/robot_interfaces/robot_interfaces_s__rosidl_typesupport_c.so" to ""
[5.163s] -- Installing: /home/mario/master_ws/install/robot_interfaces/lib/librobot_interfaces__rosidl_generator_py.so
[5.164s] -- Set non-toolchain portion of runtime path of "/home/mario/master_ws/install/robot_interfaces/lib/librobot_interfaces__rosidl_generator_py.so" to ""
[5.164s] -- Installing: /home/mario/master_ws/install/robot_interfaces/share/robot_interfaces/rust
[5.164s] -- Installing: /home/mario/master_ws/install/robot_interfaces/share/robot_interfaces/rust/Cargo.toml
[5.164s] -- Installing: /home/mario/master_ws/install/robot_interfaces/share/robot_interfaces/rust/build.rs
[5.165s] -- Installing: /home/mario/master_ws/install/robot_interfaces/share/robot_interfaces/rust/src
[5.165s] -- Installing: /home/mario/master_ws/install/robot_interfaces/share/robot_interfaces/rust/src/lib.rs
[5.165s] -- Installing: /home/mario/master_ws/install/robot_interfaces/share/robot_interfaces/rust/src/msg.rs
[5.165s] -- Installing: /home/mario/master_ws/install/robot_interfaces/share/robot_interfaces/rust/src/msg
[5.165s] -- Installing: /home/mario/master_ws/install/robot_interfaces/share/robot_interfaces/rust/src/msg/rmw.rs
[5.166s] -- Installing: /home/mario/master_ws/install/robot_interfaces/share/robot_interfaces/msg/ObjectPose.idl
[5.166s] -- Installing: /home/mario/master_ws/install/robot_interfaces/share/robot_interfaces/msg/ObjectPose.msg
[5.166s] -- Installing: /home/mario/master_ws/install/robot_interfaces/share/ament_index/resource_index/package_run_dependencies/robot_interfaces
[5.166s] -- Installing: /home/mario/master_ws/install/robot_interfaces/share/ament_index/resource_index/parent_prefix_path/robot_interfaces
[5.167s] -- Installing: /home/mario/master_ws/install/robot_interfaces/share/robot_interfaces/environment/ament_prefix_path.sh
[5.167s] -- Installing: /home/mario/master_ws/install/robot_interfaces/share/robot_interfaces/environment/ament_prefix_path.dsv
[5.167s] -- Installing: /home/mario/master_ws/install/robot_interfaces/share/robot_interfaces/environment/path.sh
[5.167s] -- Installing: /home/mario/master_ws/install/robot_interfaces/share/robot_interfaces/environment/path.dsv
[5.168s] -- Installing: /home/mario/master_ws/install/robot_interfaces/share/robot_interfaces/local_setup.bash
[5.168s] -- Installing: /home/mario/master_ws/install/robot_interfaces/share/robot_interfaces/local_setup.sh
[5.168s] -- Installing: /home/mario/master_ws/install/robot_interfaces/share/robot_interfaces/local_setup.zsh
[5.168s] -- Installing: /home/mario/master_ws/install/robot_interfaces/share/robot_interfaces/local_setup.dsv
[5.168s] -- Installing: /home/mario/master_ws/install/robot_interfaces/share/robot_interfaces/package.dsv
[5.169s] -- Installing: /home/mario/master_ws/install/robot_interfaces/share/ament_index/resource_index/packages/robot_interfaces
[5.169s] -- Installing: /home/mario/master_ws/install/robot_interfaces/share/robot_interfaces/cmake/export_robot_interfaces__rosidl_generator_cExport.cmake
[5.169s] -- Installing: /home/mario/master_ws/install/robot_interfaces/share/robot_interfaces/cmake/export_robot_interfaces__rosidl_generator_cExport-noconfig.cmake
[5.169s] -- Installing: /home/mario/master_ws/install/robot_interfaces/share/robot_interfaces/cmake/export_robot_interfaces__rosidl_typesupport_fastrtps_cExport.cmake
[5.169s] -- Installing: /home/mario/master_ws/install/robot_interfaces/share/robot_interfaces/cmake/export_robot_interfaces__rosidl_typesupport_fastrtps_cExport-noconfig.cmake
[5.169s] -- Installing: /home/mario/master_ws/install/robot_interfaces/share/robot_interfaces/cmake/robot_interfaces__rosidl_typesupport_introspection_cExport.cmake
[5.169s] -- Installing: /home/mario/master_ws/install/robot_interfaces/share/robot_interfaces/cmake/robot_interfaces__rosidl_typesupport_introspection_cExport-noconfig.cmake
[5.169s] -- Installing: /home/mario/master_ws/install/robot_interfaces/share/robot_interfaces/cmake/robot_interfaces__rosidl_typesupport_cExport.cmake
[5.170s] -- Installing: /home/mario/master_ws/install/robot_interfaces/share/robot_interfaces/cmake/robot_interfaces__rosidl_typesupport_cExport-noconfig.cmake
[5.170s] -- Installing: /home/mario/master_ws/install/robot_interfaces/share/robot_interfaces/cmake/export_robot_interfaces__rosidl_generator_cppExport.cmake
[5.170s] -- Installing: /home/mario/master_ws/install/robot_interfaces/share/robot_interfaces/cmake/export_robot_interfaces__rosidl_typesupport_fastrtps_cppExport.cmake
[5.170s] -- Installing: /home/mario/master_ws/install/robot_interfaces/share/robot_interfaces/cmake/export_robot_interfaces__rosidl_typesupport_fastrtps_cppExport-noconfig.cmake
[5.170s] -- Installing: /home/mario/master_ws/install/robot_interfaces/share/robot_interfaces/cmake/robot_interfaces__rosidl_typesupport_introspection_cppExport.cmake
[5.170s] -- Installing: /home/mario/master_ws/install/robot_interfaces/share/robot_interfaces/cmake/robot_interfaces__rosidl_typesupport_introspection_cppExport-noconfig.cmake
[5.170s] -- Installing: /home/mario/master_ws/install/robot_interfaces/share/robot_interfaces/cmake/robot_interfaces__rosidl_typesupport_cppExport.cmake
[5.170s] -- Installing: /home/mario/master_ws/install/robot_interfaces/share/robot_interfaces/cmake/robot_interfaces__rosidl_typesupport_cppExport-noconfig.cmake
[5.171s] -- Installing: /home/mario/master_ws/install/robot_interfaces/share/robot_interfaces/cmake/export_robot_interfaces__rosidl_generator_pyExport.cmake
[5.171s] -- Installing: /home/mario/master_ws/install/robot_interfaces/share/robot_interfaces/cmake/export_robot_interfaces__rosidl_generator_pyExport-noconfig.cmake
[5.171s] -- Installing: /home/mario/master_ws/install/robot_interfaces/share/robot_interfaces/cmake/rosidl_cmake-extras.cmake
[5.171s] -- Installing: /home/mario/master_ws/install/robot_interfaces/share/robot_interfaces/cmake/ament_cmake_export_include_directories-extras.cmake
[5.171s] -- Installing: /home/mario/master_ws/install/robot_interfaces/share/robot_interfaces/cmake/ament_cmake_export_libraries-extras.cmake
[5.172s] -- Installing: /home/mario/master_ws/install/robot_interfaces/share/robot_interfaces/cmake/ament_cmake_export_targets-extras.cmake
[5.172s] -- Installing: /home/mario/master_ws/install/robot_interfaces/share/robot_interfaces/cmake/rosidl_cmake_export_typesupport_targets-extras.cmake
[5.172s] -- Installing: /home/mario/master_ws/install/robot_interfaces/share/robot_interfaces/cmake/ament_cmake_export_dependencies-extras.cmake
[5.172s] -- Installing: /home/mario/master_ws/install/robot_interfaces/share/robot_interfaces/cmake/rosidl_cmake_export_typesupport_libraries-extras.cmake
[5.172s] -- Installing: /home/mario/master_ws/install/robot_interfaces/share/robot_interfaces/cmake/rosidl_cmake_aggregate_target-extras.cmake
[5.173s] -- Installing: /home/mario/master_ws/install/robot_interfaces/share/robot_interfaces/cmake/robot_interfacesConfig.cmake
[5.173s] -- Installing: /home/mario/master_ws/install/robot_interfaces/share/robot_interfaces/cmake/robot_interfacesConfig-version.cmake
[5.173s] -- Installing: /home/mario/master_ws/install/robot_interfaces/share/robot_interfaces/package.xml
[5.174s] Invoked command in '/home/mario/master_ws/build/robot_interfaces' returned '0': CMAKE_PREFIX_PATH=${CMAKE_PREFIX_PATH}:/home/mario/master_ws/install/estun_description:/opt/ros/jazzy DEBUGINFOD_URLS=https://debuginfod.ubuntu.com /usr/bin/cmake --install /home/mario/master_ws/build/robot_interfaces
