[0.025s] Invoking command in '/home/mario/master_ws/build/estun_control': AMENT_PREFIX_PATH=/home/mario/master_ws/install/moveit_task_constructor_core:/home/mario/master_ws/install/rviz_marker_tools:/home/mario/master_ws/install/robot_interfaces:/home/mario/master_ws/install/moveit_task_constructor_msgs:${AMENT_PREFIX_PATH} CMAKE_PREFIX_PATH=/home/mario/master_ws/install/moveit_task_constructor_core:/home/mario/master_ws/install/rviz_marker_tools:/home/mario/master_ws/install/robot_interfaces:/home/mario/master_ws/install/moveit_task_constructor_msgs:/opt/ros/jazzy/opt/gz_sim_vendor:/opt/ros/jazzy/opt/gz_sensors_vendor:/opt/ros/jazzy/opt/gz_physics_vendor:/opt/ros/jazzy/opt/sdformat_vendor:/opt/ros/jazzy/opt/gz_gui_vendor:/opt/ros/jazzy/opt/gz_transport_vendor:/opt/ros/jazzy/opt/gz_rendering_vendor:/opt/ros/jazzy/opt/gz_plugin_vendor:/opt/ros/jazzy/opt/gz_fuel_tools_vendor:/opt/ros/jazzy/opt/gz_msgs_vendor:/opt/ros/jazzy/opt/gz_common_vendor:/opt/ros/jazzy/opt/gz_math_vendor:/opt/ros/jazzy/opt/gz_utils_vendor:/opt/ros/jazzy/opt/gz_tools_vendor:/opt/ros/jazzy/opt/gz_ogre_next_vendor:/opt/ros/jazzy/opt/gz_dartsim_vendor:/opt/ros/jazzy/opt/gz_cmake_vendor:/opt/ros/jazzy DEBUGINFOD_URLS=https://debuginfod.ubuntu.com LD_LIBRARY_PATH=/home/mario/master_ws/install/moveit_task_constructor_core/lib:/home/mario/master_ws/install/rviz_marker_tools/lib:/home/mario/master_ws/install/robot_interfaces/lib:/home/mario/master_ws/install/moveit_task_constructor_msgs/lib:${LD_LIBRARY_PATH} PYTHONPATH=/home/mario/master_ws/install/moveit_task_constructor_core/lib/python3.12/site-packages:/home/mario/master_ws/install/robot_interfaces/lib/python3.12/site-packages:/home/mario/master_ws/install/moveit_task_constructor_msgs/lib/python3.12/site-packages:${PYTHONPATH} /usr/bin/cmake --build /home/mario/master_ws/build/estun_control -- -j12 -l12
[0.093s] [ 33%] Built target cartesian_planner
[0.094s] [ 66%] Built target mtc_estun
[0.124s] [ 83%] [32mBuilding CXX object CMakeFiles/obstacle_planner.dir/src/obstacle_planner.cpp.o[0m
[1.938s] In file included from [01m[K/home/mario/master_ws/src/estun_control/src/obstacle_planner.cpp:1[m[K:
[1.938s] [01m[K/opt/ros/jazzy/include/moveit_ros_planning_interface/moveit/move_group_interface/move_group_interface.h:51:77:[m[K [01;36m[Knote: [m[K‘[01m[K#pragma message: .h header is obsolete. Please use the .hpp header instead.[m[K’
[1.938s]    51 | #pragma message(".h header is obsolete. Please use the .hpp header instead."[01;36m[K)[m[K
[1.938s]       |                                                                             [01;36m[K^[m[K
[4.786s] In file included from [01m[K/home/mario/master_ws/src/estun_control/src/obstacle_planner.cpp:2[m[K:
[4.787s] [01m[K/opt/ros/jazzy/include/moveit_ros_planning_interface/moveit/planning_scene_interface/planning_scene_interface.h:50:77:[m[K [01;36m[Knote: [m[K‘[01m[K#pragma message: .h header is obsolete. Please use the .hpp header instead.[m[K’
[4.787s]    50 | #pragma message(".h header is obsolete. Please use the .hpp header instead."[01;36m[K)[m[K
[4.787s]       |                                                                             [01;36m[K^[m[K
[5.662s] [01m[K/home/mario/master_ws/src/estun_control/src/obstacle_planner.cpp:[m[K In member function ‘[01m[Kvoid ObstaclePlanner::[01;32m[Kobstacle_parser[m[K()[m[K’:
[5.662s] [01m[K/home/mario/master_ws/src/estun_control/src/obstacle_planner.cpp:321:22:[m[K [01;31m[Kerror: [m[K‘[01m[Kstd::string[m[K’ {aka ‘[01m[Kclass std::__cxx11::basic_string<char>[m[K’} has no member named ‘[01m[Kstarts_with[m[K’
[5.662s]   321 |         if(modelName.[01;31m[Kstarts_with[m[K("Probe") || modelName =="Sensor"){
[5.662s]       |                      [01;31m[K^~~~~~~~~~~[m[K
[8.125s] gmake[2]: *** [CMakeFiles/obstacle_planner.dir/build.make:76: CMakeFiles/obstacle_planner.dir/src/obstacle_planner.cpp.o] Fehler 1
[8.126s] gmake[1]: *** [CMakeFiles/Makefile2:167: CMakeFiles/obstacle_planner.dir/all] Fehler 2
[8.127s] gmake: *** [Makefile:146: all] Fehler 2
[8.130s] Invoked command in '/home/mario/master_ws/build/estun_control' returned '2': AMENT_PREFIX_PATH=/home/mario/master_ws/install/moveit_task_constructor_core:/home/mario/master_ws/install/rviz_marker_tools:/home/mario/master_ws/install/robot_interfaces:/home/mario/master_ws/install/moveit_task_constructor_msgs:${AMENT_PREFIX_PATH} CMAKE_PREFIX_PATH=/home/mario/master_ws/install/moveit_task_constructor_core:/home/mario/master_ws/install/rviz_marker_tools:/home/mario/master_ws/install/robot_interfaces:/home/mario/master_ws/install/moveit_task_constructor_msgs:/opt/ros/jazzy/opt/gz_sim_vendor:/opt/ros/jazzy/opt/gz_sensors_vendor:/opt/ros/jazzy/opt/gz_physics_vendor:/opt/ros/jazzy/opt/sdformat_vendor:/opt/ros/jazzy/opt/gz_gui_vendor:/opt/ros/jazzy/opt/gz_transport_vendor:/opt/ros/jazzy/opt/gz_rendering_vendor:/opt/ros/jazzy/opt/gz_plugin_vendor:/opt/ros/jazzy/opt/gz_fuel_tools_vendor:/opt/ros/jazzy/opt/gz_msgs_vendor:/opt/ros/jazzy/opt/gz_common_vendor:/opt/ros/jazzy/opt/gz_math_vendor:/opt/ros/jazzy/opt/gz_utils_vendor:/opt/ros/jazzy/opt/gz_tools_vendor:/opt/ros/jazzy/opt/gz_ogre_next_vendor:/opt/ros/jazzy/opt/gz_dartsim_vendor:/opt/ros/jazzy/opt/gz_cmake_vendor:/opt/ros/jazzy DEBUGINFOD_URLS=https://debuginfod.ubuntu.com LD_LIBRARY_PATH=/home/mario/master_ws/install/moveit_task_constructor_core/lib:/home/mario/master_ws/install/rviz_marker_tools/lib:/home/mario/master_ws/install/robot_interfaces/lib:/home/mario/master_ws/install/moveit_task_constructor_msgs/lib:${LD_LIBRARY_PATH} PYTHONPATH=/home/mario/master_ws/install/moveit_task_constructor_core/lib/python3.12/site-packages:/home/mario/master_ws/install/robot_interfaces/lib/python3.12/site-packages:/home/mario/master_ws/install/moveit_task_constructor_msgs/lib/python3.12/site-packages:${PYTHONPATH} /usr/bin/cmake --build /home/mario/master_ws/build/estun_control -- -j12 -l12
