[0.013s] Invoking command in '/home/mario/master_ws/build/estun_moveit': AMENT_PREFIX_PATH=/home/mario/master_ws/install/estun_description:${AMENT_PREFIX_PATH} CMAKE_PREFIX_PATH=${CMAKE_PREFIX_PATH}:/home/mario/master_ws/install/Estun_description:/opt/ros/jazzy DEBUGINFOD_URLS=https://debuginfod.ubuntu.com PYTHONPATH=/home/mario/master_ws/install/estun_description/lib/python3.12/site-packages:${PYTHONPATH} /usr/bin/cmake --build /home/mario/master_ws/build/estun_moveit -- -j12 -l12
[0.036s] -- Found ament_cmake: 2.5.6 (/opt/ros/jazzy/share/ament_cmake/cmake)
[0.299s] -- Configuring done (0.3s)
[0.304s] -- Generating done (0.0s)
[0.308s] -- Build files have been written to: /home/mario/master_ws/build/estun_moveit
[0.330s] Invoked command in '/home/mario/master_ws/build/estun_moveit' returned '0': AMENT_PREFIX_PATH=/home/mario/master_ws/install/estun_description:${AMENT_PREFIX_PATH} CMAKE_PREFIX_PATH=${CMAKE_PREFIX_PATH}:/home/mario/master_ws/install/Estun_description:/opt/ros/jazzy DEBUGINFOD_URLS=https://debuginfod.ubuntu.com PYTHONPATH=/home/mario/master_ws/install/estun_description/lib/python3.12/site-packages:${PYTHONPATH} /usr/bin/cmake --build /home/mario/master_ws/build/estun_moveit -- -j12 -l12
[0.332s] Invoking command in '/home/mario/master_ws/build/estun_moveit': AMENT_PREFIX_PATH=/home/mario/master_ws/install/estun_description:${AMENT_PREFIX_PATH} CMAKE_PREFIX_PATH=${CMAKE_PREFIX_PATH}:/home/mario/master_ws/install/Estun_description:/opt/ros/jazzy DEBUGINFOD_URLS=https://debuginfod.ubuntu.com PYTHONPATH=/home/mario/master_ws/install/estun_description/lib/python3.12/site-packages:${PYTHONPATH} /usr/bin/cmake --install /home/mario/master_ws/build/estun_moveit
[0.339s] -- Install configuration: ""
[0.339s] -- Installing: /home/mario/master_ws/install/estun_moveit/share/ament_index/resource_index/package_run_dependencies/estun_moveit
[0.340s] -- Installing: /home/mario/master_ws/install/estun_moveit/share/ament_index/resource_index/parent_prefix_path/estun_moveit
[0.340s] -- Up-to-date: /home/mario/master_ws/install/estun_moveit/share/estun_moveit/environment/ament_prefix_path.sh
[0.340s] -- Up-to-date: /home/mario/master_ws/install/estun_moveit/share/estun_moveit/environment/ament_prefix_path.dsv
[0.340s] -- Up-to-date: /home/mario/master_ws/install/estun_moveit/share/estun_moveit/environment/path.sh
[0.340s] -- Up-to-date: /home/mario/master_ws/install/estun_moveit/share/estun_moveit/environment/path.dsv
[0.340s] -- Up-to-date: /home/mario/master_ws/install/estun_moveit/share/estun_moveit/local_setup.bash
[0.340s] -- Up-to-date: /home/mario/master_ws/install/estun_moveit/share/estun_moveit/local_setup.sh
[0.341s] -- Up-to-date: /home/mario/master_ws/install/estun_moveit/share/estun_moveit/local_setup.zsh
[0.341s] -- Up-to-date: /home/mario/master_ws/install/estun_moveit/share/estun_moveit/local_setup.dsv
[0.341s] -- Up-to-date: /home/mario/master_ws/install/estun_moveit/share/estun_moveit/package.dsv
[0.341s] -- Up-to-date: /home/mario/master_ws/install/estun_moveit/share/ament_index/resource_index/packages/estun_moveit
[0.341s] -- Up-to-date: /home/mario/master_ws/install/estun_moveit/share/estun_moveit/cmake/estun_moveitConfig.cmake
[0.341s] -- Up-to-date: /home/mario/master_ws/install/estun_moveit/share/estun_moveit/cmake/estun_moveitConfig-version.cmake
[0.341s] -- Installing: /home/mario/master_ws/install/estun_moveit/share/estun_moveit/package.xml
[0.341s] -- Up-to-date: /home/mario/master_ws/install/estun_moveit/share/estun_moveit/launch
[0.341s] -- Up-to-date: /home/mario/master_ws/install/estun_moveit/share/estun_moveit/launch/spawn_controllers.launch.py
[0.342s] -- Installing: /home/mario/master_ws/install/estun_moveit/share/estun_moveit/launch/demo.launch.py
[0.342s] -- Up-to-date: /home/mario/master_ws/install/estun_moveit/share/estun_moveit/launch/rsp.launch.py
[0.342s] -- Up-to-date: /home/mario/master_ws/install/estun_moveit/share/estun_moveit/launch/setup_assistant.launch.py
[0.342s] -- Up-to-date: /home/mario/master_ws/install/estun_moveit/share/estun_moveit/launch/moveit_rviz.launch.py
[0.342s] -- Up-to-date: /home/mario/master_ws/install/estun_moveit/share/estun_moveit/launch/warehouse_db.launch.py
[0.342s] -- Up-to-date: /home/mario/master_ws/install/estun_moveit/share/estun_moveit/launch/estun_moveit.launch.py
[0.342s] -- Up-to-date: /home/mario/master_ws/install/estun_moveit/share/estun_moveit/launch/move_group.launch.py
[0.342s] -- Up-to-date: /home/mario/master_ws/install/estun_moveit/share/estun_moveit/launch/static_virtual_joint_tfs.launch.py
[0.342s] -- Up-to-date: /home/mario/master_ws/install/estun_moveit/share/estun_moveit/config
[0.342s] -- Up-to-date: /home/mario/master_ws/install/estun_moveit/share/estun_moveit/config/kinematics.yaml
[0.343s] -- Up-to-date: /home/mario/master_ws/install/estun_moveit/share/estun_moveit/config/moveit_controllers.yaml
[0.343s] -- Up-to-date: /home/mario/master_ws/install/estun_moveit/share/estun_moveit/config/custom_world.sdf
[0.343s] -- Installing: /home/mario/master_ws/install/estun_moveit/share/estun_moveit/config/estun.urdf.xacro
[0.343s] -- Up-to-date: /home/mario/master_ws/install/estun_moveit/share/estun_moveit/config/joint_limits.yaml
[0.343s] -- Installing: /home/mario/master_ws/install/estun_moveit/share/estun_moveit/config/estun.ros2_control.xacro
[0.343s] -- Installing: /home/mario/master_ws/install/estun_moveit/share/estun_moveit/config/estun.urdf
[0.343s] -- Up-to-date: /home/mario/master_ws/install/estun_moveit/share/estun_moveit/config/initial_positions.yaml
[0.343s] -- Up-to-date: /home/mario/master_ws/install/estun_moveit/share/estun_moveit/config/moveit.rviz
[0.343s] -- Installing: /home/mario/master_ws/install/estun_moveit/share/estun_moveit/config/estun.srdf
[0.344s] -- Up-to-date: /home/mario/master_ws/install/estun_moveit/share/estun_moveit/config/ros2_controllers.yaml
[0.344s] -- Up-to-date: /home/mario/master_ws/install/estun_moveit/share/estun_moveit/config/pilz_cartesian_limits.yaml
[0.344s] -- Installing: /home/mario/master_ws/install/estun_moveit/share/estun_moveit/.setup_assistant
[0.345s] Invoked command in '/home/mario/master_ws/build/estun_moveit' returned '0': AMENT_PREFIX_PATH=/home/mario/master_ws/install/estun_description:${AMENT_PREFIX_PATH} CMAKE_PREFIX_PATH=${CMAKE_PREFIX_PATH}:/home/mario/master_ws/install/Estun_description:/opt/ros/jazzy DEBUGINFOD_URLS=https://debuginfod.ubuntu.com PYTHONPATH=/home/mario/master_ws/install/estun_description/lib/python3.12/site-packages:${PYTHONPATH} /usr/bin/cmake --install /home/mario/master_ws/build/estun_moveit
