[0.018s] Invoking command in '/home/mario/master_ws/build/robot_interfaces': CMAKE_PREFIX_PATH=${CMAKE_PREFIX_PATH}:/home/mario/master_ws/install/estun_description:/opt/ros/jazzy DEBUGINFOD_URLS=https://debuginfod.ubuntu.com /usr/bin/cmake --build /home/mario/master_ws/build/robot_interfaces -- -j12 -l12
[0.076s] [  2%] Built target robot_interfaces__rs
[0.077s] [  5%] Built target robot_interfaces__rosidl_generator_type_description
[0.090s] [  5%] Built target ament_cmake_python_copy_robot_interfaces
[0.104s] [  8%] Built target robot_interfaces__cpp
[0.104s] [ 22%] Built target robot_interfaces__rosidl_generator_c
[0.141s] [ 31%] Built target robot_interfaces__rosidl_typesupport_c
[0.146s] [ 40%] Built target robot_interfaces__rosidl_typesupport_introspection_cpp
[0.146s] [ 57%] Built target robot_interfaces__rosidl_typesupport_introspection_c
[0.147s] [ 57%] Built target robot_interfaces__rosidl_typesupport_cpp
[0.147s] [ 65%] Built target robot_interfaces__rosidl_typesupport_fastrtps_cpp
[0.151s] [ 74%] Built target robot_interfaces__rosidl_typesupport_fastrtps_c
[0.190s] [ 74%] Built target robot_interfaces
[0.216s] [ 77%] Built target robot_interfaces__py
[0.244s] [ 82%] Built target robot_interfaces__rosidl_generator_py
[0.275s] [ 97%] Built target robot_interfaces_s__rosidl_typesupport_fastrtps_c
[0.275s] [ 97%] Built target robot_interfaces_s__rosidl_typesupport_introspection_c
[0.276s] [100%] Built target robot_interfaces_s__rosidl_typesupport_c
[0.391s] running egg_info
[0.429s] writing robot_interfaces.egg-info/PKG-INFO
[0.429s] writing dependency_links to robot_interfaces.egg-info/dependency_links.txt
[0.429s] writing top-level names to robot_interfaces.egg-info/top_level.txt
[0.517s] reading manifest file 'robot_interfaces.egg-info/SOURCES.txt'
[0.517s] writing manifest file 'robot_interfaces.egg-info/SOURCES.txt'
[0.543s] [100%] Built target ament_cmake_python_build_robot_interfaces_egg
[0.568s] Invoked command in '/home/mario/master_ws/build/robot_interfaces' returned '0': CMAKE_PREFIX_PATH=${CMAKE_PREFIX_PATH}:/home/mario/master_ws/install/estun_description:/opt/ros/jazzy DEBUGINFOD_URLS=https://debuginfod.ubuntu.com /usr/bin/cmake --build /home/mario/master_ws/build/robot_interfaces -- -j12 -l12
[0.576s] Invoking command in '/home/mario/master_ws/build/robot_interfaces': CMAKE_PREFIX_PATH=${CMAKE_PREFIX_PATH}:/home/mario/master_ws/install/estun_description:/opt/ros/jazzy DEBUGINFOD_URLS=https://debuginfod.ubuntu.com /usr/bin/cmake --install /home/mario/master_ws/build/robot_interfaces
[0.587s] -- Install configuration: ""
[0.587s] -- Up-to-date: /home/mario/master_ws/install/robot_interfaces/share/ament_index/resource_index/rosidl_interfaces/robot_interfaces
[0.587s] -- Up-to-date: /home/mario/master_ws/install/robot_interfaces/share/robot_interfaces/msg/ObjectPose.json
[0.587s] -- Up-to-date: /home/mario/master_ws/install/robot_interfaces/include/robot_interfaces/robot_interfaces
[0.587s] -- Up-to-date: /home/mario/master_ws/install/robot_interfaces/include/robot_interfaces/robot_interfaces/msg
[0.587s] -- Up-to-date: /home/mario/master_ws/install/robot_interfaces/include/robot_interfaces/robot_interfaces/msg/rosidl_generator_c__visibility_control.h
[0.587s] -- Up-to-date: /home/mario/master_ws/install/robot_interfaces/include/robot_interfaces/robot_interfaces/msg/object_pose.h
[0.587s] -- Up-to-date: /home/mario/master_ws/install/robot_interfaces/include/robot_interfaces/robot_interfaces/msg/detail
[0.587s] -- Up-to-date: /home/mario/master_ws/install/robot_interfaces/include/robot_interfaces/robot_interfaces/msg/detail/object_pose__description.c
[0.587s] -- Up-to-date: /home/mario/master_ws/install/robot_interfaces/include/robot_interfaces/robot_interfaces/msg/detail/object_pose__struct.h
[0.587s] -- Up-to-date: /home/mario/master_ws/install/robot_interfaces/include/robot_interfaces/robot_interfaces/msg/detail/object_pose__functions.c
[0.587s] -- Up-to-date: /home/mario/master_ws/install/robot_interfaces/include/robot_interfaces/robot_interfaces/msg/detail/object_pose__type_support.h
[0.587s] -- Up-to-date: /home/mario/master_ws/install/robot_interfaces/include/robot_interfaces/robot_interfaces/msg/detail/object_pose__functions.h
[0.587s] -- Up-to-date: /home/mario/master_ws/install/robot_interfaces/include/robot_interfaces/robot_interfaces/msg/detail/object_pose__type_support.c
[0.588s] -- Up-to-date: /home/mario/master_ws/install/robot_interfaces/share/robot_interfaces/environment/library_path.sh
[0.588s] -- Up-to-date: /home/mario/master_ws/install/robot_interfaces/share/robot_interfaces/environment/library_path.dsv
[0.588s] -- Up-to-date: /home/mario/master_ws/install/robot_interfaces/lib/librobot_interfaces__rosidl_generator_c.so
[0.588s] -- Up-to-date: /home/mario/master_ws/install/robot_interfaces/include/robot_interfaces/robot_interfaces
[0.588s] -- Up-to-date: /home/mario/master_ws/install/robot_interfaces/include/robot_interfaces/robot_interfaces/msg
[0.588s] -- Up-to-date: /home/mario/master_ws/install/robot_interfaces/include/robot_interfaces/robot_interfaces/msg/detail
[0.588s] -- Up-to-date: /home/mario/master_ws/install/robot_interfaces/include/robot_interfaces/robot_interfaces/msg/detail/object_pose__rosidl_typesupport_fastrtps_c.h
[0.588s] -- Up-to-date: /home/mario/master_ws/install/robot_interfaces/include/robot_interfaces/robot_interfaces/msg/rosidl_typesupport_fastrtps_c__visibility_control.h
[0.588s] -- Up-to-date: /home/mario/master_ws/install/robot_interfaces/lib/librobot_interfaces__rosidl_typesupport_fastrtps_c.so
[0.588s] -- Up-to-date: /home/mario/master_ws/install/robot_interfaces/include/robot_interfaces/robot_interfaces
[0.588s] -- Up-to-date: /home/mario/master_ws/install/robot_interfaces/include/robot_interfaces/robot_interfaces/msg
[0.588s] -- Up-to-date: /home/mario/master_ws/install/robot_interfaces/include/robot_interfaces/robot_interfaces/msg/rosidl_typesupport_introspection_c__visibility_control.h
[0.588s] -- Up-to-date: /home/mario/master_ws/install/robot_interfaces/include/robot_interfaces/robot_interfaces/msg/detail
[0.588s] -- Up-to-date: /home/mario/master_ws/install/robot_interfaces/include/robot_interfaces/robot_interfaces/msg/detail/object_pose__rosidl_typesupport_introspection_c.h
[0.589s] -- Up-to-date: /home/mario/master_ws/install/robot_interfaces/include/robot_interfaces/robot_interfaces/msg/detail/object_pose__type_support.c
[0.589s] -- Up-to-date: /home/mario/master_ws/install/robot_interfaces/lib/librobot_interfaces__rosidl_typesupport_introspection_c.so
[0.589s] -- Up-to-date: /home/mario/master_ws/install/robot_interfaces/lib/librobot_interfaces__rosidl_typesupport_c.so
[0.589s] -- Up-to-date: /home/mario/master_ws/install/robot_interfaces/include/robot_interfaces/robot_interfaces
[0.589s] -- Up-to-date: /home/mario/master_ws/install/robot_interfaces/include/robot_interfaces/robot_interfaces/msg
[0.589s] -- Up-to-date: /home/mario/master_ws/install/robot_interfaces/include/robot_interfaces/robot_interfaces/msg/rosidl_generator_cpp__visibility_control.hpp
[0.589s] -- Up-to-date: /home/mario/master_ws/install/robot_interfaces/include/robot_interfaces/robot_interfaces/msg/object_pose.hpp
[0.589s] -- Up-to-date: /home/mario/master_ws/install/robot_interfaces/include/robot_interfaces/robot_interfaces/msg/detail
[0.589s] -- Up-to-date: /home/mario/master_ws/install/robot_interfaces/include/robot_interfaces/robot_interfaces/msg/detail/object_pose__type_support.hpp
[0.589s] -- Up-to-date: /home/mario/master_ws/install/robot_interfaces/include/robot_interfaces/robot_interfaces/msg/detail/object_pose__struct.hpp
[0.589s] -- Up-to-date: /home/mario/master_ws/install/robot_interfaces/include/robot_interfaces/robot_interfaces/msg/detail/object_pose__builder.hpp
[0.589s] -- Up-to-date: /home/mario/master_ws/install/robot_interfaces/include/robot_interfaces/robot_interfaces/msg/detail/object_pose__traits.hpp
[0.589s] -- Up-to-date: /home/mario/master_ws/install/robot_interfaces/include/robot_interfaces/robot_interfaces
[0.590s] -- Up-to-date: /home/mario/master_ws/install/robot_interfaces/include/robot_interfaces/robot_interfaces/msg
[0.590s] -- Up-to-date: /home/mario/master_ws/install/robot_interfaces/include/robot_interfaces/robot_interfaces/msg/rosidl_typesupport_fastrtps_cpp__visibility_control.h
[0.590s] -- Up-to-date: /home/mario/master_ws/install/robot_interfaces/include/robot_interfaces/robot_interfaces/msg/detail
[0.590s] -- Up-to-date: /home/mario/master_ws/install/robot_interfaces/include/robot_interfaces/robot_interfaces/msg/detail/object_pose__rosidl_typesupport_fastrtps_cpp.hpp
[0.590s] -- Up-to-date: /home/mario/master_ws/install/robot_interfaces/include/robot_interfaces/robot_interfaces/msg/detail/dds_fastrtps
[0.590s] -- Up-to-date: /home/mario/master_ws/install/robot_interfaces/lib/librobot_interfaces__rosidl_typesupport_fastrtps_cpp.so
[0.590s] -- Up-to-date: /home/mario/master_ws/install/robot_interfaces/include/robot_interfaces/robot_interfaces
[0.590s] -- Up-to-date: /home/mario/master_ws/install/robot_interfaces/include/robot_interfaces/robot_interfaces/msg
[0.590s] -- Up-to-date: /home/mario/master_ws/install/robot_interfaces/include/robot_interfaces/robot_interfaces/msg/detail
[0.590s] -- Up-to-date: /home/mario/master_ws/install/robot_interfaces/include/robot_interfaces/robot_interfaces/msg/detail/object_pose__type_support.cpp
[0.590s] -- Up-to-date: /home/mario/master_ws/install/robot_interfaces/include/robot_interfaces/robot_interfaces/msg/detail/object_pose__rosidl_typesupport_introspection_cpp.hpp
[0.590s] -- Up-to-date: /home/mario/master_ws/install/robot_interfaces/lib/librobot_interfaces__rosidl_typesupport_introspection_cpp.so
[0.590s] -- Up-to-date: /home/mario/master_ws/install/robot_interfaces/lib/librobot_interfaces__rosidl_typesupport_cpp.so
[0.591s] -- Up-to-date: /home/mario/master_ws/install/robot_interfaces/share/robot_interfaces/environment/pythonpath.sh
[0.591s] -- Up-to-date: /home/mario/master_ws/install/robot_interfaces/share/robot_interfaces/environment/pythonpath.dsv
[0.591s] -- Up-to-date: /home/mario/master_ws/install/robot_interfaces/lib/python3.12/site-packages/robot_interfaces-0.0.0-py3.12.egg-info
[0.591s] -- Installing: /home/mario/master_ws/install/robot_interfaces/lib/python3.12/site-packages/robot_interfaces-0.0.0-py3.12.egg-info/PKG-INFO
[0.591s] -- Installing: /home/mario/master_ws/install/robot_interfaces/lib/python3.12/site-packages/robot_interfaces-0.0.0-py3.12.egg-info/top_level.txt
[0.591s] -- Installing: /home/mario/master_ws/install/robot_interfaces/lib/python3.12/site-packages/robot_interfaces-0.0.0-py3.12.egg-info/SOURCES.txt
[0.591s] -- Installing: /home/mario/master_ws/install/robot_interfaces/lib/python3.12/site-packages/robot_interfaces-0.0.0-py3.12.egg-info/dependency_links.txt
[0.591s] -- Up-to-date: /home/mario/master_ws/install/robot_interfaces/lib/python3.12/site-packages/robot_interfaces
[0.591s] -- Up-to-date: /home/mario/master_ws/install/robot_interfaces/lib/python3.12/site-packages/robot_interfaces/_robot_interfaces_s.ep.rosidl_typesupport_c.c
[0.591s] -- Up-to-date: /home/mario/master_ws/install/robot_interfaces/lib/python3.12/site-packages/robot_interfaces/_robot_interfaces_s.ep.rosidl_typesupport_introspection_c.c
[0.591s] -- Up-to-date: /home/mario/master_ws/install/robot_interfaces/lib/python3.12/site-packages/robot_interfaces/robot_interfaces_s__rosidl_typesupport_fastrtps_c.so
[0.591s] -- Up-to-date: /home/mario/master_ws/install/robot_interfaces/lib/python3.12/site-packages/robot_interfaces/robot_interfaces_s__rosidl_typesupport_introspection_c.so
[0.591s] -- Up-to-date: /home/mario/master_ws/install/robot_interfaces/lib/python3.12/site-packages/robot_interfaces/_robot_interfaces_s.ep.rosidl_typesupport_fastrtps_c.c
[0.592s] -- Up-to-date: /home/mario/master_ws/install/robot_interfaces/lib/python3.12/site-packages/robot_interfaces/msg
[0.592s] -- Up-to-date: /home/mario/master_ws/install/robot_interfaces/lib/python3.12/site-packages/robot_interfaces/msg/_object_pose.py
[0.592s] -- Up-to-date: /home/mario/master_ws/install/robot_interfaces/lib/python3.12/site-packages/robot_interfaces/msg/__init__.py
[0.592s] -- Up-to-date: /home/mario/master_ws/install/robot_interfaces/lib/python3.12/site-packages/robot_interfaces/msg/_object_pose_s.c
[0.592s] -- Up-to-date: /home/mario/master_ws/install/robot_interfaces/lib/python3.12/site-packages/robot_interfaces/robot_interfaces_s__rosidl_typesupport_c.so
[0.592s] -- Up-to-date: /home/mario/master_ws/install/robot_interfaces/lib/python3.12/site-packages/robot_interfaces/__init__.py
[0.615s] Listing '/home/mario/master_ws/install/robot_interfaces/lib/python3.12/site-packages/robot_interfaces'...
[0.615s] Listing '/home/mario/master_ws/install/robot_interfaces/lib/python3.12/site-packages/robot_interfaces/msg'...
[0.620s] -- Up-to-date: /home/mario/master_ws/install/robot_interfaces/lib/python3.12/site-packages/robot_interfaces/robot_interfaces_s__rosidl_typesupport_fastrtps_c.so
[0.620s] -- Up-to-date: /home/mario/master_ws/install/robot_interfaces/lib/python3.12/site-packages/robot_interfaces/robot_interfaces_s__rosidl_typesupport_introspection_c.so
[0.620s] -- Up-to-date: /home/mario/master_ws/install/robot_interfaces/lib/python3.12/site-packages/robot_interfaces/robot_interfaces_s__rosidl_typesupport_c.so
[0.620s] -- Up-to-date: /home/mario/master_ws/install/robot_interfaces/lib/librobot_interfaces__rosidl_generator_py.so
[0.621s] -- Up-to-date: /home/mario/master_ws/install/robot_interfaces/share/robot_interfaces/rust
[0.621s] -- Up-to-date: /home/mario/master_ws/install/robot_interfaces/share/robot_interfaces/rust/Cargo.toml
[0.621s] -- Up-to-date: /home/mario/master_ws/install/robot_interfaces/share/robot_interfaces/rust/build.rs
[0.621s] -- Up-to-date: /home/mario/master_ws/install/robot_interfaces/share/robot_interfaces/rust/src
[0.622s] -- Up-to-date: /home/mario/master_ws/install/robot_interfaces/share/robot_interfaces/rust/src/lib.rs
[0.622s] -- Up-to-date: /home/mario/master_ws/install/robot_interfaces/share/robot_interfaces/rust/src/msg.rs
[0.622s] -- Up-to-date: /home/mario/master_ws/install/robot_interfaces/share/robot_interfaces/rust/src/msg
[0.622s] -- Up-to-date: /home/mario/master_ws/install/robot_interfaces/share/robot_interfaces/rust/src/msg/rmw.rs
[0.622s] -- Up-to-date: /home/mario/master_ws/install/robot_interfaces/share/robot_interfaces/msg/ObjectPose.idl
[0.622s] -- Up-to-date: /home/mario/master_ws/install/robot_interfaces/share/robot_interfaces/msg/ObjectPose.msg
[0.622s] -- Up-to-date: /home/mario/master_ws/install/robot_interfaces/share/ament_index/resource_index/package_run_dependencies/robot_interfaces
[0.623s] -- Up-to-date: /home/mario/master_ws/install/robot_interfaces/share/ament_index/resource_index/parent_prefix_path/robot_interfaces
[0.623s] -- Up-to-date: /home/mario/master_ws/install/robot_interfaces/share/robot_interfaces/environment/ament_prefix_path.sh
[0.623s] -- Up-to-date: /home/mario/master_ws/install/robot_interfaces/share/robot_interfaces/environment/ament_prefix_path.dsv
[0.623s] -- Up-to-date: /home/mario/master_ws/install/robot_interfaces/share/robot_interfaces/environment/path.sh
[0.623s] -- Up-to-date: /home/mario/master_ws/install/robot_interfaces/share/robot_interfaces/environment/path.dsv
[0.623s] -- Up-to-date: /home/mario/master_ws/install/robot_interfaces/share/robot_interfaces/local_setup.bash
[0.623s] -- Up-to-date: /home/mario/master_ws/install/robot_interfaces/share/robot_interfaces/local_setup.sh
[0.623s] -- Up-to-date: /home/mario/master_ws/install/robot_interfaces/share/robot_interfaces/local_setup.zsh
[0.623s] -- Up-to-date: /home/mario/master_ws/install/robot_interfaces/share/robot_interfaces/local_setup.dsv
[0.623s] -- Installing: /home/mario/master_ws/install/robot_interfaces/share/robot_interfaces/package.dsv
[0.624s] -- Up-to-date: /home/mario/master_ws/install/robot_interfaces/share/ament_index/resource_index/packages/robot_interfaces
[0.624s] -- Up-to-date: /home/mario/master_ws/install/robot_interfaces/share/robot_interfaces/cmake/export_robot_interfaces__rosidl_generator_cExport.cmake
[0.624s] -- Up-to-date: /home/mario/master_ws/install/robot_interfaces/share/robot_interfaces/cmake/export_robot_interfaces__rosidl_generator_cExport-noconfig.cmake
[0.624s] -- Up-to-date: /home/mario/master_ws/install/robot_interfaces/share/robot_interfaces/cmake/export_robot_interfaces__rosidl_typesupport_fastrtps_cExport.cmake
[0.624s] -- Up-to-date: /home/mario/master_ws/install/robot_interfaces/share/robot_interfaces/cmake/export_robot_interfaces__rosidl_typesupport_fastrtps_cExport-noconfig.cmake
[0.624s] -- Up-to-date: /home/mario/master_ws/install/robot_interfaces/share/robot_interfaces/cmake/robot_interfaces__rosidl_typesupport_introspection_cExport.cmake
[0.624s] -- Up-to-date: /home/mario/master_ws/install/robot_interfaces/share/robot_interfaces/cmake/robot_interfaces__rosidl_typesupport_introspection_cExport-noconfig.cmake
[0.624s] -- Up-to-date: /home/mario/master_ws/install/robot_interfaces/share/robot_interfaces/cmake/robot_interfaces__rosidl_typesupport_cExport.cmake
[0.625s] -- Up-to-date: /home/mario/master_ws/install/robot_interfaces/share/robot_interfaces/cmake/robot_interfaces__rosidl_typesupport_cExport-noconfig.cmake
[0.625s] -- Up-to-date: /home/mario/master_ws/install/robot_interfaces/share/robot_interfaces/cmake/export_robot_interfaces__rosidl_generator_cppExport.cmake
[0.625s] -- Up-to-date: /home/mario/master_ws/install/robot_interfaces/share/robot_interfaces/cmake/export_robot_interfaces__rosidl_typesupport_fastrtps_cppExport.cmake
[0.625s] -- Up-to-date: /home/mario/master_ws/install/robot_interfaces/share/robot_interfaces/cmake/export_robot_interfaces__rosidl_typesupport_fastrtps_cppExport-noconfig.cmake
[0.625s] -- Up-to-date: /home/mario/master_ws/install/robot_interfaces/share/robot_interfaces/cmake/robot_interfaces__rosidl_typesupport_introspection_cppExport.cmake
[0.625s] -- Up-to-date: /home/mario/master_ws/install/robot_interfaces/share/robot_interfaces/cmake/robot_interfaces__rosidl_typesupport_introspection_cppExport-noconfig.cmake
[0.625s] -- Up-to-date: /home/mario/master_ws/install/robot_interfaces/share/robot_interfaces/cmake/robot_interfaces__rosidl_typesupport_cppExport.cmake
[0.626s] -- Up-to-date: /home/mario/master_ws/install/robot_interfaces/share/robot_interfaces/cmake/robot_interfaces__rosidl_typesupport_cppExport-noconfig.cmake
[0.626s] -- Up-to-date: /home/mario/master_ws/install/robot_interfaces/share/robot_interfaces/cmake/export_robot_interfaces__rosidl_generator_pyExport.cmake
[0.626s] -- Up-to-date: /home/mario/master_ws/install/robot_interfaces/share/robot_interfaces/cmake/export_robot_interfaces__rosidl_generator_pyExport-noconfig.cmake
[0.626s] -- Up-to-date: /home/mario/master_ws/install/robot_interfaces/share/robot_interfaces/cmake/rosidl_cmake-extras.cmake
[0.626s] -- Up-to-date: /home/mario/master_ws/install/robot_interfaces/share/robot_interfaces/cmake/ament_cmake_export_include_directories-extras.cmake
[0.627s] -- Up-to-date: /home/mario/master_ws/install/robot_interfaces/share/robot_interfaces/cmake/ament_cmake_export_libraries-extras.cmake
[0.627s] -- Up-to-date: /home/mario/master_ws/install/robot_interfaces/share/robot_interfaces/cmake/ament_cmake_export_targets-extras.cmake
[0.627s] -- Up-to-date: /home/mario/master_ws/install/robot_interfaces/share/robot_interfaces/cmake/rosidl_cmake_export_typesupport_targets-extras.cmake
[0.627s] -- Up-to-date: /home/mario/master_ws/install/robot_interfaces/share/robot_interfaces/cmake/ament_cmake_export_dependencies-extras.cmake
[0.627s] -- Up-to-date: /home/mario/master_ws/install/robot_interfaces/share/robot_interfaces/cmake/rosidl_cmake_export_typesupport_libraries-extras.cmake
[0.628s] -- Up-to-date: /home/mario/master_ws/install/robot_interfaces/share/robot_interfaces/cmake/rosidl_cmake_aggregate_target-extras.cmake
[0.628s] -- Up-to-date: /home/mario/master_ws/install/robot_interfaces/share/robot_interfaces/cmake/robot_interfacesConfig.cmake
[0.628s] -- Up-to-date: /home/mario/master_ws/install/robot_interfaces/share/robot_interfaces/cmake/robot_interfacesConfig-version.cmake
[0.628s] -- Up-to-date: /home/mario/master_ws/install/robot_interfaces/share/robot_interfaces/package.xml
[0.647s] Invoked command in '/home/mario/master_ws/build/robot_interfaces' returned '0': CMAKE_PREFIX_PATH=${CMAKE_PREFIX_PATH}:/home/mario/master_ws/install/estun_description:/opt/ros/jazzy DEBUGINFOD_URLS=https://debuginfod.ubuntu.com /usr/bin/cmake --install /home/mario/master_ws/build/robot_interfaces
