[0.977s] Invoking command in '/home/mario/master_ws/src/estun_description': DEBUGINFOD_URLS=https://debuginfod.ubuntu.com PYTHONPATH=/home/mario/master_ws/build/estun_description/prefix_override:/usr/lib/python3/dist-packages/colcon_core/task/python/colcon_distutils_commands:/home/mario/master_ws/install/estun_description/lib/python3.12/site-packages:${PYTHONPATH} /usr/bin/python3 -W ignore:setup.py install is deprecated -W ignore:easy_install command is deprecated setup.py egg_info --egg-base ../../build/estun_description build --build-base /home/mario/master_ws/build/estun_description/build install --record /home/mario/master_ws/build/estun_description/install.log --install-scripts $base/lib/fusion2urdf_ros2 --single-version-externally-managed install_data
[1.322s] running egg_info
[1.357s] writing ../../build/estun_description/estun_description.egg-info/PKG-INFO
[1.358s] writing dependency_links to ../../build/estun_description/estun_description.egg-info/dependency_links.txt
[1.358s] writing requirements to ../../build/estun_description/estun_description.egg-info/requires.txt
[1.359s] writing top-level names to ../../build/estun_description/estun_description.egg-info/top_level.txt
[1.418s] reading manifest file '../../build/estun_description/estun_description.egg-info/SOURCES.txt'
[1.419s] writing manifest file '../../build/estun_description/estun_description.egg-info/SOURCES.txt'
[1.419s] running build
[1.419s] running build_py
[1.419s] running install
[1.426s] running install_lib
[1.454s] running install_data
[1.454s] copying urdf/estun.xacro -> /home/mario/master_ws/install/estun_description/share/estun_description/urdf
[1.455s] running install_egg_info
[1.482s] removing '/home/mario/master_ws/install/estun_description/lib/python3.12/site-packages/estun_description-0.0.0-py3.12.egg-info' (and everything under it)
[1.483s] Copying ../../build/estun_description/estun_description.egg-info to /home/mario/master_ws/install/estun_description/lib/python3.12/site-packages/estun_description-0.0.0-py3.12.egg-info
[1.483s] running install_scripts
[1.656s] writing list of installed files to '/home/mario/master_ws/build/estun_description/install.log'
[1.683s] Invoked command in '/home/mario/master_ws/src/estun_description' returned '0': DEBUGINFOD_URLS=https://debuginfod.ubuntu.com PYTHONPATH=/home/mario/master_ws/build/estun_description/prefix_override:/usr/lib/python3/dist-packages/colcon_core/task/python/colcon_distutils_commands:/home/mario/master_ws/install/estun_description/lib/python3.12/site-packages:${PYTHONPATH} /usr/bin/python3 -W ignore:setup.py install is deprecated -W ignore:easy_install command is deprecated setup.py egg_info --egg-base ../../build/estun_description build --build-base /home/mario/master_ws/build/estun_description/build install --record /home/mario/master_ws/build/estun_description/install.log --install-scripts $base/lib/fusion2urdf_ros2 --single-version-externally-managed install_data
