-- The C compiler identification is GNU 13.3.0
-- The CXX compiler identification is GNU 13.3.0
-- Detecting C compiler ABI info
-- Detecting C compiler ABI info - done
-- Check for working C compiler: /usr/bin/cc - skipped
-- Detecting C compile features
-- Detecting C compile features - done
-- Detecting CXX compiler ABI info
-- Detecting CXX compiler ABI info - done
-- Check for working CXX compiler: /usr/bin/c++ - skipped
-- Detecting CXX compile features
-- Detecting CXX compile features - done
-- Found ament_cmake: 2.5.6 (/opt/ros/jazzy/share/ament_cmake/cmake)
-- Found Python3: /usr/bin/python3 (found version "3.12.3") found components: Interpreter 
-- Found geometry_msgs: 5.3.8 (/opt/ros/jazzy/share/geometry_msgs/cmake)
-- Found rosidl_generator_c: 4.6.9 (/opt/ros/jazzy/share/rosidl_generator_c/cmake)
-- Found rosidl_generator_cpp: 4.6.9 (/opt/ros/jazzy/share/rosidl_generator_cpp/cmake)
-- Using all available rosidl_typesupport_c: rosidl_typesupport_fastrtps_c;rosidl_typesupport_introspection_c
-- Using all available rosidl_typesupport_cpp: rosidl_typesupport_fastrtps_cpp;rosidl_typesupport_introspection_cpp
-- Found moveit_common: 2.12.4 (/opt/ros/jazzy/share/moveit_common/cmake)
-- Found moveit_core: 2.12.4 (/opt/ros/jazzy/share/moveit_core/cmake)
-- Found Boost: /usr/lib/x86_64-linux-gnu/cmake/Boost-1.83.0/BoostConfig.cmake (found version "1.83.0") found components: chrono date_time filesystem iostreams program_options regex serialization system thread 
-- Found parameter_traits: 0.7.3 (/opt/ros/jazzy/share/parameter_traits/cmake)
-- Found rmw_implementation_cmake: 7.3.3 (/opt/ros/jazzy/share/rmw_implementation_cmake/cmake)
-- Found rmw_fastrtps_cpp: 8.4.4 (/opt/ros/jazzy/share/rmw_fastrtps_cpp/cmake)
-- Found OpenSSL: /usr/lib/x86_64-linux-gnu/libcrypto.so (found version "3.0.13")  
-- Found FastRTPS: /opt/ros/jazzy/include (Required is at least version "2.13") 
-- Using RMW implementation 'rmw_fastrtps_cpp' as default
-- Found rclcpp_lifecycle: 28.1.21 (/opt/ros/jazzy/share/rclcpp_lifecycle/cmake)
-- Found Eigen3: TRUE (found version "3.4.0") 
-- Ensuring Eigen3 include directory is part of orocos-kdl CMake target
-- Found moveit_ros_planning: 2.12.4 (/opt/ros/jazzy/share/moveit_ros_planning/cmake)
-- Found Boost: /usr/lib/x86_64-linux-gnu/cmake/Boost-1.83.0/BoostConfig.cmake (found version "1.83.0") found components: system filesystem date_time program_options thread chrono 
-- Found moveit_ros_planning_interface: 2.12.4 (/opt/ros/jazzy/share/moveit_ros_planning_interface/cmake)
-- Found Boost: /usr/lib/x86_64-linux-gnu/cmake/Boost-1.83.0/BoostConfig.cmake (found version "1.83.0") found components: date_time filesystem program_options system thread 
-- Found Boost: /usr/lib/x86_64-linux-gnu/cmake/Boost-1.83.0/BoostConfig.cmake (found version "1.83.0") found components: thread system filesystem regex date_time program_options 
-- Found Boost: /usr/lib/x86_64-linux-gnu/cmake/Boost-1.83.0/BoostConfig.cmake (found version "1.83.0") found components: system filesystem date_time program_options thread 
-- Found moveit_task_constructor_msgs: 0.2.0 (/home/mario/master_ws/install/moveit_task_constructor_msgs/share/moveit_task_constructor_msgs/cmake)
-- Found rviz_marker_tools: 0.2.0 (/home/mario/master_ws/install/rviz_marker_tools/share/rviz_marker_tools/cmake)
-- Found ament_cmake_gtest: 2.5.6 (/opt/ros/jazzy/share/ament_cmake_gtest/cmake)
-- Found ament_cmake_gmock: 2.5.6 (/opt/ros/jazzy/share/ament_cmake_gmock/cmake)
-- Found launch_testing_ament_cmake: 3.4.11 (/opt/ros/jazzy/share/launch_testing_ament_cmake/cmake)
-- Found python_cmake_module: 0.11.1 (/opt/ros/jazzy/share/python_cmake_module/cmake)
-- Found PythonExtra: /usr/bin/python3  
-- Found gmock sources under '/opt/ros/jazzy/src/gmock_vendor': C++ tests using 'Google Mock' will be built
-- Found gtest sources under '/opt/ros/jazzy/src/gtest_vendor': C++ tests using 'Google Test' will be built
-- Found Threads: TRUE  
-- Configuring done (2.7s)
-- Generating done (0.3s)
-- Build files have been written to: /home/mario/master_ws/build/moveit_task_constructor_core
[  2%] [32mBuilding CXX object gmock/CMakeFiles/gmock.dir/src/gmock-all.cc.o[0m
[  2%] [32mBuilding CXX object gmock/CMakeFiles/gmock_main.dir/src/gmock_main.cc.o[0m
[  3%] [32mBuilding CXX object gmock/CMakeFiles/gmock.dir/opt/ros/jazzy/src/gtest_vendor/src/gtest-all.cc.o[0m
[  4%] [32mBuilding CXX object src/CMakeFiles/moveit_task_constructor_core.dir/container.cpp.o[0m
[  5%] [32mBuilding CXX object src/CMakeFiles/moveit_task_constructor_core.dir/cost_terms.cpp.o[0m
[  8%] [32mBuilding CXX object src/CMakeFiles/moveit_task_constructor_core.dir/merge.cpp.o[0m
[  8%] [32mBuilding CXX object gtest/CMakeFiles/gtest_main.dir/src/gtest_main.cc.o[0m
[  9%] [32mBuilding CXX object src/CMakeFiles/moveit_task_constructor_core.dir/properties.cpp.o[0m
[ 10%] [32mBuilding CXX object gtest/CMakeFiles/gtest.dir/src/gtest-all.cc.o[0m
[ 11%] [32mBuilding CXX object src/CMakeFiles/moveit_task_constructor_core.dir/introspection.cpp.o[0m
[ 11%] Built target ament_cmake_python_copy_moveit
[ 12%] [32mBuilding CXX object src/CMakeFiles/moveit_task_constructor_core.dir/marker_tools.cpp.o[0m
[ 13%] [32mBuilding CXX object src/CMakeFiles/moveit_task_constructor_core.dir/stage.cpp.o[0m
[ 15%] [32m[1mLinking CXX static library libgtest_main.a[0m
[ 15%] Built target gtest_main
[ 16%] [32m[1mLinking CXX static library libgmock_main.a[0m
[ 16%] Built target gmock_main
[ 17%] [32mBuilding CXX object src/CMakeFiles/moveit_task_constructor_core.dir/storage.cpp.o[0m
running egg_info
creating moveit.egg-info
writing moveit.egg-info/PKG-INFO
writing dependency_links to moveit.egg-info/dependency_links.txt
writing top-level names to moveit.egg-info/top_level.txt
writing manifest file 'moveit.egg-info/SOURCES.txt'
reading manifest file 'moveit.egg-info/SOURCES.txt'
writing manifest file 'moveit.egg-info/SOURCES.txt'
[ 17%] Built target ament_cmake_python_build_moveit_egg
[ 18%] [32mBuilding CXX object src/CMakeFiles/moveit_task_constructor_core.dir/task.cpp.o[0m
[ 19%] [32mBuilding CXX object src/CMakeFiles/moveit_task_constructor_core.dir/utils.cpp.o[0m
[ 20%] [32mBuilding CXX object src/CMakeFiles/moveit_task_constructor_core.dir/solvers/planner_interface.cpp.o[0m
[ 22%] [32mBuilding CXX object src/CMakeFiles/moveit_task_constructor_core.dir/solvers/cartesian_path.cpp.o[0m
[ 23%] [32m[1mLinking CXX static library libgmock.a[0m
[ 24%] [32mBuilding CXX object src/CMakeFiles/moveit_task_constructor_core.dir/solvers/joint_interpolation.cpp.o[0m
[ 24%] Built target gmock
[ 25%] [32mBuilding CXX object src/CMakeFiles/moveit_task_constructor_core.dir/solvers/pipeline_planner.cpp.o[0m
[ 26%] [32m[1mLinking CXX static library libgtest.a[0m
[ 26%] Built target gtest
[ 27%] [32mBuilding CXX object src/CMakeFiles/moveit_task_constructor_core.dir/solvers/multi_planner.cpp.o[0m
[ 29%] [32m[1mLinking CXX shared library libmoveit_task_constructor_core.so[0m
[ 29%] Built target moveit_task_constructor_core
[ 30%] [32mBuilding CXX object test/CMakeFiles/gtest_utils.dir/gtest_value_printers.cpp.o[0m
[ 31%] [32mBuilding CXX object test/CMakeFiles/gtest_utils.dir/stage_mockups.cpp.o[0m
[ 33%] [32mBuilding CXX object src/stages/CMakeFiles/moveit_task_constructor_core_stages.dir/fix_collision_objects.cpp.o[0m
[ 33%] [32mBuilding CXX object test/CMakeFiles/gtest_utils.dir/models.cpp.o[0m
[ 34%] [32mBuilding CXX object src/stages/CMakeFiles/moveit_task_constructor_core_stages.dir/current_state.cpp.o[0m
[ 36%] [32mBuilding CXX object src/stages/CMakeFiles/moveit_task_constructor_core_stages.dir/generate_pose.cpp.o[0m
[ 37%] [32mBuilding CXX object src/stages/CMakeFiles/moveit_task_constructor_core_stages.dir/fixed_state.cpp.o[0m
[ 38%] [32mBuilding CXX object src/stages/CMakeFiles/moveit_task_constructor_core_stages.dir/generate_random_pose.cpp.o[0m
[ 39%] [32mBuilding CXX object src/stages/CMakeFiles/moveit_task_constructor_core_stages.dir/fixed_cartesian_poses.cpp.o[0m
[ 40%] [32mBuilding CXX object src/stages/CMakeFiles/moveit_task_constructor_core_stages.dir/generate_place_pose.cpp.o[0m
[ 41%] [32mBuilding CXX object src/stages/CMakeFiles/moveit_task_constructor_core_stages.dir/generate_grasp_pose.cpp.o[0m
[ 43%] [32mBuilding CXX object src/stages/CMakeFiles/moveit_task_constructor_core_stages.dir/modify_planning_scene.cpp.o[0m
[ 44%] [32mBuilding CXX object src/stages/CMakeFiles/moveit_task_constructor_core_stages.dir/compute_ik.cpp.o[0m
[ 45%] [32mBuilding CXX object src/stages/CMakeFiles/moveit_task_constructor_core_stages.dir/passthrough.cpp.o[0m
[ 46%] [32mBuilding CXX object src/stages/CMakeFiles/moveit_task_constructor_core_stages.dir/predicate_filter.cpp.o[0m
[ 47%] [32mBuilding CXX object src/stages/CMakeFiles/moveit_task_constructor_core_stages.dir/limit_solutions.cpp.o[0m
[ 48%] [32mBuilding CXX object src/stages/CMakeFiles/moveit_task_constructor_core_stages.dir/connect.cpp.o[0m
[ 50%] [32mBuilding CXX object src/stages/CMakeFiles/moveit_task_constructor_core_stages.dir/move_to.cpp.o[0m
[ 51%] [32m[1mLinking CXX shared library libgtest_utils.so[0m
[ 52%] [32mBuilding CXX object src/stages/CMakeFiles/moveit_task_constructor_core_stages.dir/move_relative.cpp.o[0m
[ 52%] Built target gtest_utils
[ 53%] [32mBuilding CXX object src/stages/CMakeFiles/moveit_task_constructor_core_stages.dir/simple_grasp.cpp.o[0m
[ 54%] [32mBuilding CXX object src/stages/CMakeFiles/moveit_task_constructor_core_stages.dir/pick.cpp.o[0m
[ 55%] [32m[1mLinking CXX shared library libmoveit_task_constructor_core_stages.so[0m
[ 55%] Built target moveit_task_constructor_core_stages
[ 58%] [32mBuilding CXX object src/stages/CMakeFiles/moveit_task_constructor_core_stage_plugins.dir/plugins.cpp.o[0m
[ 58%] [32mBuilding CXX object test/CMakeFiles/moveit_task_constructor_core-test-serial.dir/test_serial.cpp.o[0m
[ 63%] [32mBuilding CXX object test/CMakeFiles/moveit_task_constructor_core-test-pruning.dir/test_pruning.cpp.o[0m
[ 63%] [32mBuilding CXX object test/CMakeFiles/moveit_task_constructor_core-test-cost-terms.dir/test_cost_terms.cpp.o[0m
[ 63%] [32mBuilding CXX object test/CMakeFiles/moveit_task_constructor_core-test-stage.dir/test_stage.cpp.o[0m
[ 63%] [32mBuilding CXX object test/CMakeFiles/moveit_task_constructor_core-test-container.dir/test_container.cpp.o[0m
[ 63%] [32mBuilding CXX object test/CMakeFiles/moveit_task_constructor_core-test-mockups.dir/test_mockups.cpp.o[0m
[ 67%] [32mBuilding CXX object test/CMakeFiles/moveit_task_constructor_core-test-fallback.dir/test_fallback.cpp.o[0m
[ 67%] [32mBuilding CXX object test/CMakeFiles/moveit_task_constructor_core-test-cost-queue.dir/test_cost_queue.cpp.o[0m
[ 67%] [32mBuilding CXX object test/CMakeFiles/moveit_task_constructor_core-test-limit-solutions.dir/test_limit_solutions.cpp.o[0m
[ 68%] [32mBuilding CXX object test/CMakeFiles/moveit_task_constructor_core-test-properties.dir/test_properties.cpp.o[0m
[ 69%] [32mBuilding CXX object test/CMakeFiles/moveit_task_constructor_core-test-storage.dir/test_storage.cpp.o[0m
[ 70%] [32m[1mLinking CXX executable moveit_task_constructor_core-test-properties[0m
[ 70%] Built target moveit_task_constructor_core-test-properties
[ 72%] [32mBuilding CXX object test/CMakeFiles/moveit_task_constructor_core-test-interface-state.dir/test_interface_state.cpp.o[0m
[ 73%] [32m[1mLinking CXX shared library libmoveit_task_constructor_core_stage_plugins.so[0m
[ 73%] Built target moveit_task_constructor_core_stage_plugins
[ 74%] [32mBuilding CXX object test/CMakeFiles/moveit_task_constructor_core-test-move-to.dir/test_move_to.cpp.o[0m
[ 75%] [32m[1mLinking CXX executable moveit_task_constructor_core-test-storage[0m
[ 76%] [32m[1mLinking CXX executable moveit_task_constructor_core-test-cost-queue[0m
[ 77%] [32m[1mLinking CXX executable moveit_task_constructor_core-test-limit-solutions[0m
[ 77%] Built target moveit_task_constructor_core-test-storage
[ 79%] [32mBuilding CXX object test/CMakeFiles/moveit_task_constructor_core-test-move-relative.dir/test_move_relative.cpp.o[0m
[ 79%] Built target moveit_task_constructor_core-test-cost-queue
[ 80%] [32mBuilding CXX object test/CMakeFiles/moveit_task_constructor_core-test-pipeline-planner.dir/test_pipeline_planner.cpp.o[0m
[ 80%] Built target moveit_task_constructor_core-test-limit-solutions
[ 81%] [32mBuilding CXX object test/CMakeFiles/pick_ur5.dir/pick_ur5.cpp.o[0m
[ 82%] [32m[1mLinking CXX executable moveit_task_constructor_core-test-stage[0m
[ 83%] [32m[1mLinking CXX executable moveit_task_constructor_core-test-serial[0m
[ 84%] [32m[1mLinking CXX executable moveit_task_constructor_core-test-pruning[0m
[ 84%] Built target moveit_task_constructor_core-test-stage
[ 86%] [32mBuilding CXX object test/CMakeFiles/pick_pr2.dir/pick_pr2.cpp.o[0m
[ 87%] [32m[1mLinking CXX executable moveit_task_constructor_core-test-mockups[0m
[ 87%] Built target moveit_task_constructor_core-test-serial
[ 88%] [32mBuilding CXX object test/CMakeFiles/pick_pa10.dir/pick_pa10.cpp.o[0m
[ 88%] Built target moveit_task_constructor_core-test-pruning
[ 88%] Built target moveit_task_constructor_core-test-mockups
[ 89%] [32m[1mLinking CXX executable moveit_task_constructor_core-test-interface-state[0m
[ 90%] [32m[1mLinking CXX executable moveit_task_constructor_core-test-fallback[0m
[ 91%] [32m[1mLinking CXX executable moveit_task_constructor_core-test-cost-terms[0m
[ 93%] [32m[1mLinking CXX executable moveit_task_constructor_core-test-container[0m
[ 93%] Built target moveit_task_constructor_core-test-interface-state
[ 93%] Built target moveit_task_constructor_core-test-fallback
[ 93%] Built target moveit_task_constructor_core-test-cost-terms
[ 93%] Built target moveit_task_constructor_core-test-container
[ 94%] [32m[1mLinking CXX executable moveit_task_constructor_core-test-move-to[0m
[ 94%] Built target moveit_task_constructor_core-test-move-to
[ 95%] [32m[1mLinking CXX executable moveit_task_constructor_core-test-pipeline-planner[0m
[ 95%] Built target moveit_task_constructor_core-test-pipeline-planner
[ 96%] [32m[1mLinking CXX executable pick_ur5[0m
[ 97%] [32m[1mLinking CXX executable moveit_task_constructor_core-test-move-relative[0m
[ 97%] Built target pick_ur5
[ 97%] Built target moveit_task_constructor_core-test-move-relative
[ 98%] [32m[1mLinking CXX executable pick_pr2[0m
[ 98%] Built target pick_pr2
[100%] [32m[1mLinking CXX executable pick_pa10[0m
[100%] Built target pick_pa10
-- Install configuration: "Release"
-- Installing: /home/mario/master_ws/install/moveit_task_constructor_core/lib/libmoveit_task_constructor_core_stages.so
-- Set non-toolchain portion of runtime path of "/home/mario/master_ws/install/moveit_task_constructor_core/lib/libmoveit_task_constructor_core_stages.so" to ""
-- Installing: /home/mario/master_ws/install/moveit_task_constructor_core/lib/libmoveit_task_constructor_core_stage_plugins.so
-- Set non-toolchain portion of runtime path of "/home/mario/master_ws/install/moveit_task_constructor_core/lib/libmoveit_task_constructor_core_stage_plugins.so" to ""
-- Installing: /home/mario/master_ws/install/moveit_task_constructor_core/lib/libmoveit_task_constructor_core.so
-- Set non-toolchain portion of runtime path of "/home/mario/master_ws/install/moveit_task_constructor_core/lib/libmoveit_task_constructor_core.so" to ""
-- Installing: /home/mario/master_ws/install/moveit_task_constructor_core/share/moveit_task_constructor_core/environment/pythonpath.sh
-- Installing: /home/mario/master_ws/install/moveit_task_constructor_core/share/moveit_task_constructor_core/environment/pythonpath.dsv
-- Installing: /home/mario/master_ws/install/moveit_task_constructor_core/lib/python3.12/site-packages/moveit-0.2.0-py3.12.egg-info
-- Installing: /home/mario/master_ws/install/moveit_task_constructor_core/lib/python3.12/site-packages/moveit-0.2.0-py3.12.egg-info/PKG-INFO
-- Installing: /home/mario/master_ws/install/moveit_task_constructor_core/lib/python3.12/site-packages/moveit-0.2.0-py3.12.egg-info/top_level.txt
-- Installing: /home/mario/master_ws/install/moveit_task_constructor_core/lib/python3.12/site-packages/moveit-0.2.0-py3.12.egg-info/SOURCES.txt
-- Installing: /home/mario/master_ws/install/moveit_task_constructor_core/lib/python3.12/site-packages/moveit-0.2.0-py3.12.egg-info/dependency_links.txt
-- Installing: /home/mario/master_ws/install/moveit_task_constructor_core/lib/python3.12/site-packages/moveit
-- Installing: /home/mario/master_ws/install/moveit_task_constructor_core/lib/python3.12/site-packages/moveit/task_constructor
-- Installing: /home/mario/master_ws/install/moveit_task_constructor_core/lib/python3.12/site-packages/moveit/task_constructor/core.py
-- Installing: /home/mario/master_ws/install/moveit_task_constructor_core/lib/python3.12/site-packages/moveit/task_constructor/stages.py
-- Installing: /home/mario/master_ws/install/moveit_task_constructor_core/lib/python3.12/site-packages/moveit/task_constructor/__init__.py
-- Installing: /home/mario/master_ws/install/moveit_task_constructor_core/lib/python3.12/site-packages/moveit/__init__.py
Listing '/home/mario/master_ws/install/moveit_task_constructor_core/lib/python3.12/site-packages/moveit'...
Compiling '/home/mario/master_ws/install/moveit_task_constructor_core/lib/python3.12/site-packages/moveit/__init__.py'...
Listing '/home/mario/master_ws/install/moveit_task_constructor_core/lib/python3.12/site-packages/moveit/task_constructor'...
Compiling '/home/mario/master_ws/install/moveit_task_constructor_core/lib/python3.12/site-packages/moveit/task_constructor/__init__.py'...
Compiling '/home/mario/master_ws/install/moveit_task_constructor_core/lib/python3.12/site-packages/moveit/task_constructor/core.py'...
Compiling '/home/mario/master_ws/install/moveit_task_constructor_core/lib/python3.12/site-packages/moveit/task_constructor/stages.py'...
-- Installing: /home/mario/master_ws/install/moveit_task_constructor_core/include
-- Installing: /home/mario/master_ws/install/moveit_task_constructor_core/include/moveit
-- Installing: /home/mario/master_ws/install/moveit_task_constructor_core/include/moveit/python
-- Installing: /home/mario/master_ws/install/moveit_task_constructor_core/include/moveit/python/task_constructor
-- Installing: /home/mario/master_ws/install/moveit_task_constructor_core/include/moveit/python/task_constructor/properties.h
-- Installing: /home/mario/master_ws/install/moveit_task_constructor_core/include/moveit/task_constructor
-- Installing: /home/mario/master_ws/install/moveit_task_constructor_core/include/moveit/task_constructor/type_traits.h
-- Installing: /home/mario/master_ws/install/moveit_task_constructor_core/include/moveit/task_constructor/task.h
-- Installing: /home/mario/master_ws/install/moveit_task_constructor_core/include/moveit/task_constructor/marker_tools.h
-- Installing: /home/mario/master_ws/install/moveit_task_constructor_core/include/moveit/task_constructor/solvers.h
-- Installing: /home/mario/master_ws/install/moveit_task_constructor_core/include/moveit/task_constructor/cost_queue.h
-- Installing: /home/mario/master_ws/install/moveit_task_constructor_core/include/moveit/task_constructor/trajectory_execution_info.h
-- Installing: /home/mario/master_ws/install/moveit_task_constructor_core/include/moveit/task_constructor/container.h
-- Installing: /home/mario/master_ws/install/moveit_task_constructor_core/include/moveit/task_constructor/utils.h
-- Installing: /home/mario/master_ws/install/moveit_task_constructor_core/include/moveit/task_constructor/storage.h
-- Installing: /home/mario/master_ws/install/moveit_task_constructor_core/include/moveit/task_constructor/solvers
-- Installing: /home/mario/master_ws/install/moveit_task_constructor_core/include/moveit/task_constructor/solvers/joint_interpolation.h
-- Installing: /home/mario/master_ws/install/moveit_task_constructor_core/include/moveit/task_constructor/solvers/pipeline_planner.h
-- Installing: /home/mario/master_ws/install/moveit_task_constructor_core/include/moveit/task_constructor/solvers/planner_interface.h
-- Installing: /home/mario/master_ws/install/moveit_task_constructor_core/include/moveit/task_constructor/solvers/cartesian_path.h
-- Installing: /home/mario/master_ws/install/moveit_task_constructor_core/include/moveit/task_constructor/solvers/multi_planner.h
-- Installing: /home/mario/master_ws/install/moveit_task_constructor_core/include/moveit/task_constructor/cost_terms.h
-- Installing: /home/mario/master_ws/install/moveit_task_constructor_core/include/moveit/task_constructor/merge.h
-- Installing: /home/mario/master_ws/install/moveit_task_constructor_core/include/moveit/task_constructor/stage.h
-- Installing: /home/mario/master_ws/install/moveit_task_constructor_core/include/moveit/task_constructor/stages.h
-- Installing: /home/mario/master_ws/install/moveit_task_constructor_core/include/moveit/task_constructor/introspection.h
-- Installing: /home/mario/master_ws/install/moveit_task_constructor_core/include/moveit/task_constructor/stages
-- Installing: /home/mario/master_ws/install/moveit_task_constructor_core/include/moveit/task_constructor/stages/current_state.h
-- Installing: /home/mario/master_ws/install/moveit_task_constructor_core/include/moveit/task_constructor/stages/move_to.h
-- Installing: /home/mario/master_ws/install/moveit_task_constructor_core/include/moveit/task_constructor/stages/compute_ik.h
-- Installing: /home/mario/master_ws/install/moveit_task_constructor_core/include/moveit/task_constructor/stages/generate_place_pose.h
-- Installing: /home/mario/master_ws/install/moveit_task_constructor_core/include/moveit/task_constructor/stages/connect.h
-- Installing: /home/mario/master_ws/install/moveit_task_constructor_core/include/moveit/task_constructor/stages/generate_pose.h
-- Installing: /home/mario/master_ws/install/moveit_task_constructor_core/include/moveit/task_constructor/stages/fixed_cartesian_poses.h
-- Installing: /home/mario/master_ws/install/moveit_task_constructor_core/include/moveit/task_constructor/stages/generate_grasp_pose.h
-- Installing: /home/mario/master_ws/install/moveit_task_constructor_core/include/moveit/task_constructor/stages/fix_collision_objects.h
-- Installing: /home/mario/master_ws/install/moveit_task_constructor_core/include/moveit/task_constructor/stages/pick.h
-- Installing: /home/mario/master_ws/install/moveit_task_constructor_core/include/moveit/task_constructor/stages/passthrough.h
-- Installing: /home/mario/master_ws/install/moveit_task_constructor_core/include/moveit/task_constructor/stages/limit_solutions.h
-- Installing: /home/mario/master_ws/install/moveit_task_constructor_core/include/moveit/task_constructor/stages/generate_random_pose.h
-- Installing: /home/mario/master_ws/install/moveit_task_constructor_core/include/moveit/task_constructor/stages/fixed_state.h
-- Installing: /home/mario/master_ws/install/moveit_task_constructor_core/include/moveit/task_constructor/stages/noop.h
-- Installing: /home/mario/master_ws/install/moveit_task_constructor_core/include/moveit/task_constructor/stages/modify_planning_scene.h
-- Installing: /home/mario/master_ws/install/moveit_task_constructor_core/include/moveit/task_constructor/stages/simple_grasp.h
-- Installing: /home/mario/master_ws/install/moveit_task_constructor_core/include/moveit/task_constructor/stages/predicate_filter.h
-- Installing: /home/mario/master_ws/install/moveit_task_constructor_core/include/moveit/task_constructor/stages/move_relative.h
-- Installing: /home/mario/master_ws/install/moveit_task_constructor_core/include/moveit/task_constructor/properties.h
-- Installing: /home/mario/master_ws/install/moveit_task_constructor_core/include/moveit/task_constructor/moveit_compat.h
-- Installing: /home/mario/master_ws/install/moveit_task_constructor_core/share/moveit_task_constructor_core/motion_planning_stages_plugin_description.xml
-- Installing: /home/mario/master_ws/install/moveit_task_constructor_core/share/moveit_task_constructor_core/environment/library_path.sh
-- Installing: /home/mario/master_ws/install/moveit_task_constructor_core/share/moveit_task_constructor_core/environment/library_path.dsv
-- Installing: /home/mario/master_ws/install/moveit_task_constructor_core/share/ament_index/resource_index/package_run_dependencies/moveit_task_constructor_core
-- Installing: /home/mario/master_ws/install/moveit_task_constructor_core/share/ament_index/resource_index/parent_prefix_path/moveit_task_constructor_core
-- Installing: /home/mario/master_ws/install/moveit_task_constructor_core/share/moveit_task_constructor_core/environment/ament_prefix_path.sh
-- Installing: /home/mario/master_ws/install/moveit_task_constructor_core/share/moveit_task_constructor_core/environment/ament_prefix_path.dsv
-- Installing: /home/mario/master_ws/install/moveit_task_constructor_core/share/moveit_task_constructor_core/environment/path.sh
-- Installing: /home/mario/master_ws/install/moveit_task_constructor_core/share/moveit_task_constructor_core/environment/path.dsv
-- Installing: /home/mario/master_ws/install/moveit_task_constructor_core/share/moveit_task_constructor_core/local_setup.bash
-- Installing: /home/mario/master_ws/install/moveit_task_constructor_core/share/moveit_task_constructor_core/local_setup.sh
-- Installing: /home/mario/master_ws/install/moveit_task_constructor_core/share/moveit_task_constructor_core/local_setup.zsh
-- Installing: /home/mario/master_ws/install/moveit_task_constructor_core/share/moveit_task_constructor_core/local_setup.dsv
-- Installing: /home/mario/master_ws/install/moveit_task_constructor_core/share/moveit_task_constructor_core/package.dsv
-- Installing: /home/mario/master_ws/install/moveit_task_constructor_core/share/ament_index/resource_index/packages/moveit_task_constructor_core
-- Installing: /home/mario/master_ws/install/moveit_task_constructor_core/share/ament_index/resource_index/moveit_task_constructor_core__pluginlib__plugin/moveit_task_constructor_core
-- Installing: /home/mario/master_ws/install/moveit_task_constructor_core/share/moveit_task_constructor_core/cmake/moveit_task_constructor_coreTargetsExport.cmake
-- Installing: /home/mario/master_ws/install/moveit_task_constructor_core/share/moveit_task_constructor_core/cmake/moveit_task_constructor_coreTargetsExport-release.cmake
-- Installing: /home/mario/master_ws/install/moveit_task_constructor_core/share/moveit_task_constructor_core/cmake/ament_cmake_export_targets-extras.cmake
-- Installing: /home/mario/master_ws/install/moveit_task_constructor_core/share/moveit_task_constructor_core/cmake/ament_cmake_export_dependencies-extras.cmake
-- Installing: /home/mario/master_ws/install/moveit_task_constructor_core/share/moveit_task_constructor_core/cmake/moveit_task_constructor_coreConfig.cmake
-- Installing: /home/mario/master_ws/install/moveit_task_constructor_core/share/moveit_task_constructor_core/cmake/moveit_task_constructor_coreConfig-version.cmake
-- Installing: /home/mario/master_ws/install/moveit_task_constructor_core/share/moveit_task_constructor_core/package.xml
