[0.016s] Invoking command in '/home/mario/master_ws/build/moveit_task_constructor_core': CMAKE_PREFIX_PATH=/home/mario/master_ws/install/rviz_marker_tools:/home/mario/master_ws/install/moveit_task_constructor_msgs:/home/mario/master_ws/install/moveit_task_constructor_demo:/home/mario/master_ws/install/moveit_task_constructor_visualization:/home/mario/master_ws/install/moveit_task_constructor_capabilities:/home/mario/master_ws/install/estun_control:/home/mario/master_ws/install/moveit_task_constructor_core:/home/mario/master_ws/install/estun_moveit:/opt/ros/jazzy/opt/gz_sim_vendor:/opt/ros/jazzy/opt/gz_sensors_vendor:/opt/ros/jazzy/opt/gz_physics_vendor:/opt/ros/jazzy/opt/sdformat_vendor:/opt/ros/jazzy/opt/gz_gui_vendor:/opt/ros/jazzy/opt/gz_transport_vendor:/opt/ros/jazzy/opt/gz_rendering_vendor:/opt/ros/jazzy/opt/gz_plugin_vendor:/opt/ros/jazzy/opt/gz_fuel_tools_vendor:/opt/ros/jazzy/opt/gz_msgs_vendor:/opt/ros/jazzy/opt/gz_common_vendor:/opt/ros/jazzy/opt/gz_math_vendor:/opt/ros/jazzy/opt/gz_utils_vendor:/opt/ros/jazzy/opt/gz_tools_vendor:/opt/ros/jazzy/opt/gz_ogre_next_vendor:/opt/ros/jazzy/opt/gz_dartsim_vendor:/opt/ros/jazzy/opt/gz_cmake_vendor:/home/mario/master_ws/install/estun_description:/opt/ros/jazzy DEBUGINFOD_URLS=https://debuginfod.ubuntu.com LD_LIBRARY_PATH=/home/mario/master_ws/install/rviz_marker_tools/lib:/home/mario/master_ws/install/moveit_task_constructor_msgs/lib:/home/mario/master_ws/install/moveit_task_constructor_demo/lib:/home/mario/master_ws/install/moveit_task_constructor_visualization/lib:/home/mario/master_ws/install/moveit_task_constructor_capabilities/lib:/home/mario/master_ws/install/moveit_task_constructor_core/lib:/opt/ros/jazzy/opt/gz_sim_vendor/lib:/opt/ros/jazzy/opt/gz_sensors_vendor/lib:/opt/ros/jazzy/opt/gz_physics_vendor/lib:/opt/ros/jazzy/opt/sdformat_vendor/lib:/opt/ros/jazzy/opt/rviz_ogre_vendor/lib:/opt/ros/jazzy/lib/x86_64-linux-gnu:/opt/ros/jazzy/opt/gz_gui_vendor/lib:/opt/ros/jazzy/opt/gz_transport_vendor/lib:/opt/ros/jazzy/opt/gz_rendering_vendor/lib:/opt/ros/jazzy/opt/gz_plugin_vendor/lib:/opt/ros/jazzy/opt/gz_fuel_tools_vendor/lib:/opt/ros/jazzy/opt/gz_msgs_vendor/lib:/opt/ros/jazzy/opt/gz_common_vendor/lib:/opt/ros/jazzy/opt/gz_math_vendor/lib:/opt/ros/jazzy/opt/gz_utils_vendor/lib:/opt/ros/jazzy/opt/gz_tools_vendor/lib:/opt/ros/jazzy/opt/gz_ogre_next_vendor/lib:/opt/ros/jazzy/opt/gz_dartsim_vendor/lib:/opt/ros/jazzy/opt/gz_cmake_vendor/lib:/opt/ros/jazzy/lib PYTHONPATH=/home/mario/master_ws/install/moveit_task_constructor_msgs/lib/python3.12/site-packages:/home/mario/master_ws/install/moveit_task_constructor_core/lib/python3.12/site-packages:/home/mario/master_ws/install/estun_description/lib/python3.12/site-packages:/opt/ros/jazzy/lib/python3.12/site-packages /usr/bin/cmake /home/mario/master_ws/src/moveit_task_constructor/core -DCMAKE_INSTALL_PREFIX=/home/mario/master_ws/install/moveit_task_constructor_core
[0.067s] -- The C compiler identification is GNU 13.3.0
[0.119s] -- The CXX compiler identification is GNU 13.3.0
[0.134s] -- Detecting C compiler ABI info
[0.217s] -- Detecting C compiler ABI info - done
[0.226s] -- Check for working C compiler: /usr/bin/cc - skipped
[0.226s] -- Detecting C compile features
[0.226s] -- Detecting C compile features - done
[0.236s] -- Detecting CXX compiler ABI info
[0.329s] -- Detecting CXX compiler ABI info - done
[0.338s] -- Check for working CXX compiler: /usr/bin/c++ - skipped
[0.339s] -- Detecting CXX compile features
[0.339s] -- Detecting CXX compile features - done
[0.345s] -- Found ament_cmake: 2.5.6 (/opt/ros/jazzy/share/ament_cmake/cmake)
[0.491s] -- Found Python3: /usr/bin/python3 (found version "3.12.3") found components: Interpreter 
[0.668s] -- Found geometry_msgs: 5.3.8 (/opt/ros/jazzy/share/geometry_msgs/cmake)
[0.737s] -- Found rosidl_generator_c: 4.6.9 (/opt/ros/jazzy/share/rosidl_generator_c/cmake)
[0.758s] -- Found rosidl_generator_cpp: 4.6.9 (/opt/ros/jazzy/share/rosidl_generator_cpp/cmake)
[0.782s] -- Using all available rosidl_typesupport_c: rosidl_typesupport_fastrtps_c;rosidl_typesupport_introspection_c
[0.807s] -- Using all available rosidl_typesupport_cpp: rosidl_typesupport_fastrtps_cpp;rosidl_typesupport_introspection_cpp
[0.864s] -- Found moveit_common: 2.12.4 (/opt/ros/jazzy/share/moveit_common/cmake)
[0.938s] [0mmoveit_task_constructor_core: You did not request a specific build type: Choosing 'Release' for maximum performance[0m
[0.942s] -- Found moveit_core: 2.12.4 (/opt/ros/jazzy/share/moveit_core/cmake)
[1.112s] -- Found Boost: /usr/lib/x86_64-linux-gnu/cmake/Boost-1.83.0/BoostConfig.cmake (found version "1.83.0") found components: chrono date_time filesystem iostreams program_options regex serialization system thread 
[1.228s] -- Found parameter_traits: 0.7.3 (/opt/ros/jazzy/share/parameter_traits/cmake)
[1.317s] -- Found rmw_implementation_cmake: 7.3.3 (/opt/ros/jazzy/share/rmw_implementation_cmake/cmake)
[1.323s] -- Found rmw_fastrtps_cpp: 8.4.4 (/opt/ros/jazzy/share/rmw_fastrtps_cpp/cmake)
[1.425s] -- Found OpenSSL: /usr/lib/x86_64-linux-gnu/libcrypto.so (found version "3.0.13")  
[1.443s] -- Found FastRTPS: /opt/ros/jazzy/include (Required is at least version "2.13") 
[1.465s] -- Using RMW implementation 'rmw_fastrtps_cpp' as default
[1.577s] [0mCMake Deprecation Warning at /opt/ros/jazzy/share/tl_expected/cmake/tl_expectedConfig.cmake:37 (message):
[1.577s]   Package 'tl_expected' is deprecated (This package will be removed in ROS 2
[1.577s]   Lyrical Luth.
[1.577s] 
[1.577s]         Use tl/expected.hpp from libexpected-dev,
[1.577s]         or rcpputils/tl_expected/expected.hpp if the system header is not available)
[1.577s] Call Stack (most recent call first):
[1.577s]   /opt/ros/jazzy/share/parameter_traits/cmake/ament_cmake_export_dependencies-extras.cmake:21 (find_package)
[1.578s]   /opt/ros/jazzy/share/parameter_traits/cmake/parameter_traitsConfig.cmake:41 (include)
[1.578s]   /opt/ros/jazzy/share/generate_parameter_library/cmake/generate_parameter_library-extras.cmake:30 (find_package)
[1.578s]   /opt/ros/jazzy/share/generate_parameter_library/cmake/generate_parameter_libraryConfig.cmake:41 (include)
[1.578s]   /opt/ros/jazzy/share/moveit_core/cmake/ament_cmake_export_dependencies-extras.cmake:21 (find_package)
[1.578s]   /opt/ros/jazzy/share/moveit_core/cmake/moveit_coreConfig.cmake:41 (include)
[1.578s]   CMakeLists.txt:11 (find_package)
[1.578s] 
[1.578s] [0m
[1.583s] -- Found rclcpp_lifecycle: 28.1.21 (/opt/ros/jazzy/share/rclcpp_lifecycle/cmake)
[1.770s] -- Found Eigen3: TRUE (found version "3.4.0") 
[1.770s] -- Ensuring Eigen3 include directory is part of orocos-kdl CMake target
[2.232s] -- Found moveit_ros_planning: 2.12.4 (/opt/ros/jazzy/share/moveit_ros_planning/cmake)
[2.238s] -- Found Boost: /usr/lib/x86_64-linux-gnu/cmake/Boost-1.83.0/BoostConfig.cmake (found version "1.83.0") found components: system filesystem date_time program_options thread chrono 
[2.301s] -- Found moveit_ros_planning_interface: 2.12.4 (/opt/ros/jazzy/share/moveit_ros_planning_interface/cmake)
[2.307s] -- Found Boost: /usr/lib/x86_64-linux-gnu/cmake/Boost-1.83.0/BoostConfig.cmake (found version "1.83.0") found components: date_time filesystem program_options system thread 
[2.333s] -- Found Boost: /usr/lib/x86_64-linux-gnu/cmake/Boost-1.83.0/BoostConfig.cmake (found version "1.83.0") found components: thread system filesystem regex date_time program_options 
[2.375s] -- Found Boost: /usr/lib/x86_64-linux-gnu/cmake/Boost-1.83.0/BoostConfig.cmake (found version "1.83.0") found components: system filesystem date_time program_options thread 
[2.433s] -- Found moveit_task_constructor_msgs: 0.2.0 (/home/mario/master_ws/install/moveit_task_constructor_msgs/share/moveit_task_constructor_msgs/cmake)
[2.480s] -- Found rviz_marker_tools: 0.2.0 (/home/mario/master_ws/install/rviz_marker_tools/share/rviz_marker_tools/cmake)
[2.518s] -- Found ament_cmake_gtest: 2.5.6 (/opt/ros/jazzy/share/ament_cmake_gtest/cmake)
[2.523s] -- Found ament_cmake_gmock: 2.5.6 (/opt/ros/jazzy/share/ament_cmake_gmock/cmake)
[2.528s] -- Found launch_testing_ament_cmake: 3.4.11 (/opt/ros/jazzy/share/launch_testing_ament_cmake/cmake)
[2.533s] -- Found python_cmake_module: 0.11.1 (/opt/ros/jazzy/share/python_cmake_module/cmake)
[2.670s] -- Found PythonExtra: /usr/bin/python3  
[2.678s] -- Found gmock sources under '/opt/ros/jazzy/src/gmock_vendor': C++ tests using 'Google Mock' will be built
[2.691s] -- Found gtest sources under '/opt/ros/jazzy/src/gtest_vendor': C++ tests using 'Google Test' will be built
[2.696s] -- Found Threads: TRUE  
[2.730s] -- Configuring done (2.7s)
[3.119s] -- Generating done (0.3s)
[3.198s] -- Build files have been written to: /home/mario/master_ws/build/moveit_task_constructor_core
[3.221s] Invoked command in '/home/mario/master_ws/build/moveit_task_constructor_core' returned '0': CMAKE_PREFIX_PATH=/home/mario/master_ws/install/rviz_marker_tools:/home/mario/master_ws/install/moveit_task_constructor_msgs:/home/mario/master_ws/install/moveit_task_constructor_demo:/home/mario/master_ws/install/moveit_task_constructor_visualization:/home/mario/master_ws/install/moveit_task_constructor_capabilities:/home/mario/master_ws/install/estun_control:/home/mario/master_ws/install/moveit_task_constructor_core:/home/mario/master_ws/install/estun_moveit:/opt/ros/jazzy/opt/gz_sim_vendor:/opt/ros/jazzy/opt/gz_sensors_vendor:/opt/ros/jazzy/opt/gz_physics_vendor:/opt/ros/jazzy/opt/sdformat_vendor:/opt/ros/jazzy/opt/gz_gui_vendor:/opt/ros/jazzy/opt/gz_transport_vendor:/opt/ros/jazzy/opt/gz_rendering_vendor:/opt/ros/jazzy/opt/gz_plugin_vendor:/opt/ros/jazzy/opt/gz_fuel_tools_vendor:/opt/ros/jazzy/opt/gz_msgs_vendor:/opt/ros/jazzy/opt/gz_common_vendor:/opt/ros/jazzy/opt/gz_math_vendor:/opt/ros/jazzy/opt/gz_utils_vendor:/opt/ros/jazzy/opt/gz_tools_vendor:/opt/ros/jazzy/opt/gz_ogre_next_vendor:/opt/ros/jazzy/opt/gz_dartsim_vendor:/opt/ros/jazzy/opt/gz_cmake_vendor:/home/mario/master_ws/install/estun_description:/opt/ros/jazzy DEBUGINFOD_URLS=https://debuginfod.ubuntu.com LD_LIBRARY_PATH=/home/mario/master_ws/install/rviz_marker_tools/lib:/home/mario/master_ws/install/moveit_task_constructor_msgs/lib:/home/mario/master_ws/install/moveit_task_constructor_demo/lib:/home/mario/master_ws/install/moveit_task_constructor_visualization/lib:/home/mario/master_ws/install/moveit_task_constructor_capabilities/lib:/home/mario/master_ws/install/moveit_task_constructor_core/lib:/opt/ros/jazzy/opt/gz_sim_vendor/lib:/opt/ros/jazzy/opt/gz_sensors_vendor/lib:/opt/ros/jazzy/opt/gz_physics_vendor/lib:/opt/ros/jazzy/opt/sdformat_vendor/lib:/opt/ros/jazzy/opt/rviz_ogre_vendor/lib:/opt/ros/jazzy/lib/x86_64-linux-gnu:/opt/ros/jazzy/opt/gz_gui_vendor/lib:/opt/ros/jazzy/opt/gz_transport_vendor/lib:/opt/ros/jazzy/opt/gz_rendering_vendor/lib:/opt/ros/jazzy/opt/gz_plugin_vendor/lib:/opt/ros/jazzy/opt/gz_fuel_tools_vendor/lib:/opt/ros/jazzy/opt/gz_msgs_vendor/lib:/opt/ros/jazzy/opt/gz_common_vendor/lib:/opt/ros/jazzy/opt/gz_math_vendor/lib:/opt/ros/jazzy/opt/gz_utils_vendor/lib:/opt/ros/jazzy/opt/gz_tools_vendor/lib:/opt/ros/jazzy/opt/gz_ogre_next_vendor/lib:/opt/ros/jazzy/opt/gz_dartsim_vendor/lib:/opt/ros/jazzy/opt/gz_cmake_vendor/lib:/opt/ros/jazzy/lib PYTHONPATH=/home/mario/master_ws/install/moveit_task_constructor_msgs/lib/python3.12/site-packages:/home/mario/master_ws/install/moveit_task_constructor_core/lib/python3.12/site-packages:/home/mario/master_ws/install/estun_description/lib/python3.12/site-packages:/opt/ros/jazzy/lib/python3.12/site-packages /usr/bin/cmake /home/mario/master_ws/src/moveit_task_constructor/core -DCMAKE_INSTALL_PREFIX=/home/mario/master_ws/install/moveit_task_constructor_core
[3.223s] Invoking command in '/home/mario/master_ws/build/moveit_task_constructor_core': CMAKE_PREFIX_PATH=/home/mario/master_ws/install/rviz_marker_tools:/home/mario/master_ws/install/moveit_task_constructor_msgs:/home/mario/master_ws/install/moveit_task_constructor_demo:/home/mario/master_ws/install/moveit_task_constructor_visualization:/home/mario/master_ws/install/moveit_task_constructor_capabilities:/home/mario/master_ws/install/estun_control:/home/mario/master_ws/install/moveit_task_constructor_core:/home/mario/master_ws/install/estun_moveit:/opt/ros/jazzy/opt/gz_sim_vendor:/opt/ros/jazzy/opt/gz_sensors_vendor:/opt/ros/jazzy/opt/gz_physics_vendor:/opt/ros/jazzy/opt/sdformat_vendor:/opt/ros/jazzy/opt/gz_gui_vendor:/opt/ros/jazzy/opt/gz_transport_vendor:/opt/ros/jazzy/opt/gz_rendering_vendor:/opt/ros/jazzy/opt/gz_plugin_vendor:/opt/ros/jazzy/opt/gz_fuel_tools_vendor:/opt/ros/jazzy/opt/gz_msgs_vendor:/opt/ros/jazzy/opt/gz_common_vendor:/opt/ros/jazzy/opt/gz_math_vendor:/opt/ros/jazzy/opt/gz_utils_vendor:/opt/ros/jazzy/opt/gz_tools_vendor:/opt/ros/jazzy/opt/gz_ogre_next_vendor:/opt/ros/jazzy/opt/gz_dartsim_vendor:/opt/ros/jazzy/opt/gz_cmake_vendor:/home/mario/master_ws/install/estun_description:/opt/ros/jazzy DEBUGINFOD_URLS=https://debuginfod.ubuntu.com LD_LIBRARY_PATH=/home/mario/master_ws/install/rviz_marker_tools/lib:/home/mario/master_ws/install/moveit_task_constructor_msgs/lib:/home/mario/master_ws/install/moveit_task_constructor_demo/lib:/home/mario/master_ws/install/moveit_task_constructor_visualization/lib:/home/mario/master_ws/install/moveit_task_constructor_capabilities/lib:/home/mario/master_ws/install/moveit_task_constructor_core/lib:/opt/ros/jazzy/opt/gz_sim_vendor/lib:/opt/ros/jazzy/opt/gz_sensors_vendor/lib:/opt/ros/jazzy/opt/gz_physics_vendor/lib:/opt/ros/jazzy/opt/sdformat_vendor/lib:/opt/ros/jazzy/opt/rviz_ogre_vendor/lib:/opt/ros/jazzy/lib/x86_64-linux-gnu:/opt/ros/jazzy/opt/gz_gui_vendor/lib:/opt/ros/jazzy/opt/gz_transport_vendor/lib:/opt/ros/jazzy/opt/gz_rendering_vendor/lib:/opt/ros/jazzy/opt/gz_plugin_vendor/lib:/opt/ros/jazzy/opt/gz_fuel_tools_vendor/lib:/opt/ros/jazzy/opt/gz_msgs_vendor/lib:/opt/ros/jazzy/opt/gz_common_vendor/lib:/opt/ros/jazzy/opt/gz_math_vendor/lib:/opt/ros/jazzy/opt/gz_utils_vendor/lib:/opt/ros/jazzy/opt/gz_tools_vendor/lib:/opt/ros/jazzy/opt/gz_ogre_next_vendor/lib:/opt/ros/jazzy/opt/gz_dartsim_vendor/lib:/opt/ros/jazzy/opt/gz_cmake_vendor/lib:/opt/ros/jazzy/lib PYTHONPATH=/home/mario/master_ws/install/moveit_task_constructor_msgs/lib/python3.12/site-packages:/home/mario/master_ws/install/moveit_task_constructor_core/lib/python3.12/site-packages:/home/mario/master_ws/install/estun_description/lib/python3.12/site-packages:/opt/ros/jazzy/lib/python3.12/site-packages /usr/bin/cmake --build /home/mario/master_ws/build/moveit_task_constructor_core -- -j12 -l12
[3.289s] [  2%] [32mBuilding CXX object gmock/CMakeFiles/gmock.dir/src/gmock-all.cc.o[0m
[3.289s] [  2%] [32mBuilding CXX object gmock/CMakeFiles/gmock_main.dir/src/gmock_main.cc.o[0m
[3.289s] [  3%] [32mBuilding CXX object gmock/CMakeFiles/gmock.dir/opt/ros/jazzy/src/gtest_vendor/src/gtest-all.cc.o[0m
[3.289s] [  4%] [32mBuilding CXX object src/CMakeFiles/moveit_task_constructor_core.dir/container.cpp.o[0m
[3.290s] [  5%] [32mBuilding CXX object src/CMakeFiles/moveit_task_constructor_core.dir/cost_terms.cpp.o[0m
[3.290s] [  8%] [32mBuilding CXX object src/CMakeFiles/moveit_task_constructor_core.dir/merge.cpp.o[0m
[3.290s] [  8%] [32mBuilding CXX object gtest/CMakeFiles/gtest_main.dir/src/gtest_main.cc.o[0m
[3.290s] [  9%] [32mBuilding CXX object src/CMakeFiles/moveit_task_constructor_core.dir/properties.cpp.o[0m
[3.293s] [ 10%] [32mBuilding CXX object gtest/CMakeFiles/gtest.dir/src/gtest-all.cc.o[0m
[3.294s] [ 11%] [32mBuilding CXX object src/CMakeFiles/moveit_task_constructor_core.dir/introspection.cpp.o[0m
[3.302s] [ 11%] Built target ament_cmake_python_copy_moveit
[3.303s] [ 12%] [32mBuilding CXX object src/CMakeFiles/moveit_task_constructor_core.dir/marker_tools.cpp.o[0m
[3.327s] [ 13%] [32mBuilding CXX object src/CMakeFiles/moveit_task_constructor_core.dir/stage.cpp.o[0m
[4.481s] [ 15%] [32m[1mLinking CXX static library libgtest_main.a[0m
[4.684s] [ 15%] Built target gtest_main
[4.807s] [ 16%] [32m[1mLinking CXX static library libgmock_main.a[0m
[4.991s] [ 16%] Built target gmock_main
[5.028s] [ 17%] [32mBuilding CXX object src/CMakeFiles/moveit_task_constructor_core.dir/storage.cpp.o[0m
[5.094s] running egg_info
[5.098s] creating moveit.egg-info
[5.142s] writing moveit.egg-info/PKG-INFO
[5.143s] writing dependency_links to moveit.egg-info/dependency_links.txt
[5.143s] writing top-level names to moveit.egg-info/top_level.txt
[5.145s] writing manifest file 'moveit.egg-info/SOURCES.txt'
[5.295s] reading manifest file 'moveit.egg-info/SOURCES.txt'
[5.295s] writing manifest file 'moveit.egg-info/SOURCES.txt'
[5.390s] [ 17%] Built target ament_cmake_python_build_moveit_egg
[5.426s] [ 18%] [32mBuilding CXX object src/CMakeFiles/moveit_task_constructor_core.dir/task.cpp.o[0m
[7.289s] [ 19%] [32mBuilding CXX object src/CMakeFiles/moveit_task_constructor_core.dir/utils.cpp.o[0m
[7.533s] [ 20%] [32mBuilding CXX object src/CMakeFiles/moveit_task_constructor_core.dir/solvers/planner_interface.cpp.o[0m
[14.952s] [ 22%] [32mBuilding CXX object src/CMakeFiles/moveit_task_constructor_core.dir/solvers/cartesian_path.cpp.o[0m
[15.419s] In file included from [01m[K/opt/ros/jazzy/include/parameter_traits/parameter_traits/parameter_traits.hpp:37[m[K,
[15.419s]                  from [01m[K/opt/ros/jazzy/include/moveit_ros_planning/kinematics_parameters.hpp:26[m[K,
[15.419s]                  from [01m[K/opt/ros/jazzy/include/moveit_ros_planning/moveit/kinematics_plugin_loader/kinematics_plugin_loader.hpp:43[m[K,
[15.419s]                  from [01m[K/opt/ros/jazzy/include/moveit_ros_planning/moveit/robot_model_loader/robot_model_loader.hpp:42[m[K,
[15.419s]                  from [01m[K/home/mario/master_ws/src/moveit_task_constructor/core/src/task.cpp:44[m[K:
[15.419s] [01m[K/opt/ros/jazzy/include/tl_expected/expected.hpp:18:167:[m[K [01;36m[Knote: [m[K‘[01m[K#pragma message: tl_expected/expected.hpp is deprecated. Use <tl/expected.hpp> from libexpected-dev, or <rcpputils/tl_expected/expected.hpp> if the system header is not available.[m[K’
[15.420s]    18 |   "tl_expected/expected.hpp is deprecated. Use <tl/expected.hpp> from libexpected-dev, or <rcpputils/tl_expected/expected.hpp> if the system header is not available."[01;36m[K)[m[K // NOLINT
[15.420s]       |                                                                                                                                                                       [01;36m[K^[m[K
[15.898s] [ 23%] [32m[1mLinking CXX static library libgmock.a[0m
[15.991s] [ 24%] [32mBuilding CXX object src/CMakeFiles/moveit_task_constructor_core.dir/solvers/joint_interpolation.cpp.o[0m
[16.103s] [ 24%] Built target gmock
[16.140s] [ 25%] [32mBuilding CXX object src/CMakeFiles/moveit_task_constructor_core.dir/solvers/pipeline_planner.cpp.o[0m
[16.281s] [ 26%] [32m[1mLinking CXX static library libgtest.a[0m
[16.473s] [ 26%] Built target gtest
[16.488s] [ 27%] [32mBuilding CXX object src/CMakeFiles/moveit_task_constructor_core.dir/solvers/multi_planner.cpp.o[0m
[22.374s] In file included from [01m[K/opt/ros/jazzy/include/parameter_traits/parameter_traits/parameter_traits.hpp:37[m[K,
[22.375s]                  from [01m[K/opt/ros/jazzy/include/moveit_ros_planning/planning_pipeline_parameters.hpp:26[m[K,
[22.375s]                  from [01m[K/opt/ros/jazzy/include/moveit_ros_planning/moveit/planning_pipeline/planning_pipeline.hpp:52[m[K,
[22.375s]                  from [01m[K/opt/ros/jazzy/include/moveit_ros_planning/moveit/planning_pipeline_interfaces/planning_pipeline_interfaces.hpp:43[m[K,
[22.375s]                  from [01m[K/home/mario/master_ws/src/moveit_task_constructor/core/include/moveit/task_constructor/solvers/pipeline_planner.h:42[m[K,
[22.375s]                  from [01m[K/home/mario/master_ws/src/moveit_task_constructor/core/src/solvers/pipeline_planner.cpp:39[m[K:
[22.375s] [01m[K/opt/ros/jazzy/include/tl_expected/expected.hpp:18:167:[m[K [01;36m[Knote: [m[K‘[01m[K#pragma message: tl_expected/expected.hpp is deprecated. Use <tl/expected.hpp> from libexpected-dev, or <rcpputils/tl_expected/expected.hpp> if the system header is not available.[m[K’
[22.375s]    18 |   "tl_expected/expected.hpp is deprecated. Use <tl/expected.hpp> from libexpected-dev, or <rcpputils/tl_expected/expected.hpp> if the system header is not available."[01;36m[K)[m[K // NOLINT
[22.375s]       |                                                                                                                                                                       [01;36m[K^[m[K
[28.243s] [ 29%] [32m[1mLinking CXX shared library libmoveit_task_constructor_core.so[0m
[28.544s] [ 29%] Built target moveit_task_constructor_core
[28.571s] [ 30%] [32mBuilding CXX object test/CMakeFiles/gtest_utils.dir/gtest_value_printers.cpp.o[0m
[28.571s] [ 31%] [32mBuilding CXX object test/CMakeFiles/gtest_utils.dir/stage_mockups.cpp.o[0m
[28.571s] [ 33%] [32mBuilding CXX object src/stages/CMakeFiles/moveit_task_constructor_core_stages.dir/fix_collision_objects.cpp.o[0m
[28.572s] [ 33%] [32mBuilding CXX object test/CMakeFiles/gtest_utils.dir/models.cpp.o[0m
[28.572s] [ 34%] [32mBuilding CXX object src/stages/CMakeFiles/moveit_task_constructor_core_stages.dir/current_state.cpp.o[0m
[28.572s] [ 36%] [32mBuilding CXX object src/stages/CMakeFiles/moveit_task_constructor_core_stages.dir/generate_pose.cpp.o[0m
[28.572s] [ 37%] [32mBuilding CXX object src/stages/CMakeFiles/moveit_task_constructor_core_stages.dir/fixed_state.cpp.o[0m
[28.572s] [ 38%] [32mBuilding CXX object src/stages/CMakeFiles/moveit_task_constructor_core_stages.dir/generate_random_pose.cpp.o[0m
[28.573s] [ 39%] [32mBuilding CXX object src/stages/CMakeFiles/moveit_task_constructor_core_stages.dir/fixed_cartesian_poses.cpp.o[0m
[28.573s] [ 40%] [32mBuilding CXX object src/stages/CMakeFiles/moveit_task_constructor_core_stages.dir/generate_place_pose.cpp.o[0m
[28.573s] [ 41%] [32mBuilding CXX object src/stages/CMakeFiles/moveit_task_constructor_core_stages.dir/generate_grasp_pose.cpp.o[0m
[28.580s] [ 43%] [32mBuilding CXX object src/stages/CMakeFiles/moveit_task_constructor_core_stages.dir/modify_planning_scene.cpp.o[0m
[34.518s] In file included from [01m[K/opt/ros/jazzy/include/parameter_traits/parameter_traits/parameter_traits.hpp:37[m[K,
[34.518s]                  from [01m[K/opt/ros/jazzy/include/moveit_ros_planning/kinematics_parameters.hpp:26[m[K,
[34.519s]                  from [01m[K/opt/ros/jazzy/include/moveit_ros_planning/moveit/kinematics_plugin_loader/kinematics_plugin_loader.hpp:43[m[K,
[34.519s]                  from [01m[K/opt/ros/jazzy/include/moveit_ros_planning/moveit/robot_model_loader/robot_model_loader.hpp:42[m[K,
[34.519s]                  from [01m[K/home/mario/master_ws/src/moveit_task_constructor/core/test/models.cpp:3[m[K:
[34.519s] [01m[K/opt/ros/jazzy/include/tl_expected/expected.hpp:18:167:[m[K [01;36m[Knote: [m[K‘[01m[K#pragma message: tl_expected/expected.hpp is deprecated. Use <tl/expected.hpp> from libexpected-dev, or <rcpputils/tl_expected/expected.hpp> if the system header is not available.[m[K’
[34.519s]    18 |   "tl_expected/expected.hpp is deprecated. Use <tl/expected.hpp> from libexpected-dev, or <rcpputils/tl_expected/expected.hpp> if the system header is not available."[01;36m[K)[m[K // NOLINT
[34.519s]       |                                                                                                                                                                       [01;36m[K^[m[K
[35.644s] In file included from [01m[K/opt/ros/jazzy/include/parameter_traits/parameter_traits/parameter_traits.hpp:37[m[K,
[35.644s]                  from [01m[K/opt/ros/jazzy/include/moveit_ros_planning/kinematics_parameters.hpp:26[m[K,
[35.644s]                  from [01m[K/opt/ros/jazzy/include/moveit_ros_planning/moveit/kinematics_plugin_loader/kinematics_plugin_loader.hpp:43[m[K,
[35.644s]                  from [01m[K/opt/ros/jazzy/include/moveit_ros_planning/moveit/robot_model_loader/robot_model_loader.hpp:42[m[K,
[35.644s]                  from [01m[K/home/mario/master_ws/src/moveit_task_constructor/core/src/stages/current_state.cpp:46[m[K:
[35.644s] [01m[K/opt/ros/jazzy/include/tl_expected/expected.hpp:18:167:[m[K [01;36m[Knote: [m[K‘[01m[K#pragma message: tl_expected/expected.hpp is deprecated. Use <tl/expected.hpp> from libexpected-dev, or <rcpputils/tl_expected/expected.hpp> if the system header is not available.[m[K’
[35.644s]    18 |   "tl_expected/expected.hpp is deprecated. Use <tl/expected.hpp> from libexpected-dev, or <rcpputils/tl_expected/expected.hpp> if the system header is not available."[01;36m[K)[m[K // NOLINT
[35.645s]       |                                                                                                                                                                       [01;36m[K^[m[K
[36.904s] [ 44%] [32mBuilding CXX object src/stages/CMakeFiles/moveit_task_constructor_core_stages.dir/compute_ik.cpp.o[0m
[38.082s] [ 45%] [32mBuilding CXX object src/stages/CMakeFiles/moveit_task_constructor_core_stages.dir/passthrough.cpp.o[0m
[39.375s] [ 46%] [32mBuilding CXX object src/stages/CMakeFiles/moveit_task_constructor_core_stages.dir/predicate_filter.cpp.o[0m
[40.180s] [ 47%] [32mBuilding CXX object src/stages/CMakeFiles/moveit_task_constructor_core_stages.dir/limit_solutions.cpp.o[0m
[40.563s] [ 48%] [32mBuilding CXX object src/stages/CMakeFiles/moveit_task_constructor_core_stages.dir/connect.cpp.o[0m
[41.045s] [ 50%] [32mBuilding CXX object src/stages/CMakeFiles/moveit_task_constructor_core_stages.dir/move_to.cpp.o[0m
[42.582s] [ 51%] [32m[1mLinking CXX shared library libgtest_utils.so[0m
[42.667s] [ 52%] [32mBuilding CXX object src/stages/CMakeFiles/moveit_task_constructor_core_stages.dir/move_relative.cpp.o[0m
[43.182s] [ 52%] Built target gtest_utils
[43.198s] [ 53%] [32mBuilding CXX object src/stages/CMakeFiles/moveit_task_constructor_core_stages.dir/simple_grasp.cpp.o[0m
[43.526s] [ 54%] [32mBuilding CXX object src/stages/CMakeFiles/moveit_task_constructor_core_stages.dir/pick.cpp.o[0m
[58.299s] [ 55%] [32m[1mLinking CXX shared library libmoveit_task_constructor_core_stages.so[0m
[58.539s] [ 55%] Built target moveit_task_constructor_core_stages
[58.573s] [ 58%] [32mBuilding CXX object src/stages/CMakeFiles/moveit_task_constructor_core_stage_plugins.dir/plugins.cpp.o[0m
[58.573s] [ 58%] [32mBuilding CXX object test/CMakeFiles/moveit_task_constructor_core-test-serial.dir/test_serial.cpp.o[0m
[58.573s] [ 63%] [32mBuilding CXX object test/CMakeFiles/moveit_task_constructor_core-test-pruning.dir/test_pruning.cpp.o[0m
[58.573s] [ 63%] [32mBuilding CXX object test/CMakeFiles/moveit_task_constructor_core-test-cost-terms.dir/test_cost_terms.cpp.o[0m
[58.573s] [ 63%] [32mBuilding CXX object test/CMakeFiles/moveit_task_constructor_core-test-stage.dir/test_stage.cpp.o[0m
[58.573s] [ 63%] [32mBuilding CXX object test/CMakeFiles/moveit_task_constructor_core-test-container.dir/test_container.cpp.o[0m
[58.573s] [ 63%] [32mBuilding CXX object test/CMakeFiles/moveit_task_constructor_core-test-mockups.dir/test_mockups.cpp.o[0m
[58.573s] [ 67%] [32mBuilding CXX object test/CMakeFiles/moveit_task_constructor_core-test-fallback.dir/test_fallback.cpp.o[0m
[58.573s] [ 67%] [32mBuilding CXX object test/CMakeFiles/moveit_task_constructor_core-test-cost-queue.dir/test_cost_queue.cpp.o[0m
[58.573s] [ 67%] [32mBuilding CXX object test/CMakeFiles/moveit_task_constructor_core-test-limit-solutions.dir/test_limit_solutions.cpp.o[0m
[58.574s] [ 68%] [32mBuilding CXX object test/CMakeFiles/moveit_task_constructor_core-test-properties.dir/test_properties.cpp.o[0m
[58.577s] [ 69%] [32mBuilding CXX object test/CMakeFiles/moveit_task_constructor_core-test-storage.dir/test_storage.cpp.o[0m
[62.169s] [ 70%] [32m[1mLinking CXX executable moveit_task_constructor_core-test-properties[0m
[63.013s] [ 70%] Built target moveit_task_constructor_core-test-properties
[63.090s] [ 72%] [32mBuilding CXX object test/CMakeFiles/moveit_task_constructor_core-test-interface-state.dir/test_interface_state.cpp.o[0m
[67.558s] [ 73%] [32m[1mLinking CXX shared library libmoveit_task_constructor_core_stage_plugins.so[0m
[67.868s] [ 73%] Built target moveit_task_constructor_core_stage_plugins
[67.912s] [ 74%] [32mBuilding CXX object test/CMakeFiles/moveit_task_constructor_core-test-move-to.dir/test_move_to.cpp.o[0m
[71.333s] [ 75%] [32m[1mLinking CXX executable moveit_task_constructor_core-test-storage[0m
[71.451s] [ 76%] [32m[1mLinking CXX executable moveit_task_constructor_core-test-cost-queue[0m
[71.999s] [ 77%] [32m[1mLinking CXX executable moveit_task_constructor_core-test-limit-solutions[0m
[72.060s] [ 77%] Built target moveit_task_constructor_core-test-storage
[72.111s] [ 79%] [32mBuilding CXX object test/CMakeFiles/moveit_task_constructor_core-test-move-relative.dir/test_move_relative.cpp.o[0m
[72.174s] [ 79%] Built target moveit_task_constructor_core-test-cost-queue
[72.211s] [ 80%] [32mBuilding CXX object test/CMakeFiles/moveit_task_constructor_core-test-pipeline-planner.dir/test_pipeline_planner.cpp.o[0m
[72.693s] [ 80%] Built target moveit_task_constructor_core-test-limit-solutions
[72.767s] [ 81%] [32mBuilding CXX object test/CMakeFiles/pick_ur5.dir/pick_ur5.cpp.o[0m
[73.767s] [ 82%] [32m[1mLinking CXX executable moveit_task_constructor_core-test-stage[0m
[74.234s] [ 83%] [32m[1mLinking CXX executable moveit_task_constructor_core-test-serial[0m
[74.327s] [ 84%] [32m[1mLinking CXX executable moveit_task_constructor_core-test-pruning[0m
[74.491s] [ 84%] Built target moveit_task_constructor_core-test-stage
[74.540s] [ 86%] [32mBuilding CXX object test/CMakeFiles/pick_pr2.dir/pick_pr2.cpp.o[0m
[74.721s] [ 87%] [32m[1mLinking CXX executable moveit_task_constructor_core-test-mockups[0m
[74.932s] [ 87%] Built target moveit_task_constructor_core-test-serial
[75.009s] [ 88%] [32mBuilding CXX object test/CMakeFiles/pick_pa10.dir/pick_pa10.cpp.o[0m
[75.059s] [ 88%] Built target moveit_task_constructor_core-test-pruning
[75.436s] [ 88%] Built target moveit_task_constructor_core-test-mockups
[75.516s] [ 89%] [32m[1mLinking CXX executable moveit_task_constructor_core-test-interface-state[0m
[75.627s] [ 90%] [32m[1mLinking CXX executable moveit_task_constructor_core-test-fallback[0m
[75.774s] [ 91%] [32m[1mLinking CXX executable moveit_task_constructor_core-test-cost-terms[0m
[75.892s] [ 93%] [32m[1mLinking CXX executable moveit_task_constructor_core-test-container[0m
[76.140s] [ 93%] Built target moveit_task_constructor_core-test-interface-state
[76.258s] [ 93%] Built target moveit_task_constructor_core-test-fallback
[76.396s] [ 93%] Built target moveit_task_constructor_core-test-cost-terms
[76.521s] [ 93%] Built target moveit_task_constructor_core-test-container
[78.354s] In file included from [01m[K/opt/ros/jazzy/include/parameter_traits/parameter_traits/parameter_traits.hpp:37[m[K,
[78.354s]                  from [01m[K/opt/ros/jazzy/include/moveit_ros_planning/planning_pipeline_parameters.hpp:26[m[K,
[78.354s]                  from [01m[K/opt/ros/jazzy/include/moveit_ros_planning/moveit/planning_pipeline/planning_pipeline.hpp:52[m[K,
[78.354s]                  from [01m[K/opt/ros/jazzy/include/moveit_ros_planning/moveit/planning_pipeline_interfaces/planning_pipeline_interfaces.hpp:43[m[K,
[78.354s]                  from [01m[K/home/mario/master_ws/src/moveit_task_constructor/core/include/moveit/task_constructor/solvers/pipeline_planner.h:42[m[K,
[78.354s]                  from [01m[K/home/mario/master_ws/src/moveit_task_constructor/core/test/test_pipeline_planner.cpp:6[m[K:
[78.354s] [01m[K/opt/ros/jazzy/include/tl_expected/expected.hpp:18:167:[m[K [01;36m[Knote: [m[K‘[01m[K#pragma message: tl_expected/expected.hpp is deprecated. Use <tl/expected.hpp> from libexpected-dev, or <rcpputils/tl_expected/expected.hpp> if the system header is not available.[m[K’
[78.354s]    18 |   "tl_expected/expected.hpp is deprecated. Use <tl/expected.hpp> from libexpected-dev, or <rcpputils/tl_expected/expected.hpp> if the system header is not available."[01;36m[K)[m[K // NOLINT
[78.354s]       |                                                                                                                                                                       [01;36m[K^[m[K
[78.790s] In file included from [01m[K/opt/ros/jazzy/include/parameter_traits/parameter_traits/parameter_traits.hpp:37[m[K,
[78.791s]                  from [01m[K/opt/ros/jazzy/include/moveit_ros_planning/planning_pipeline_parameters.hpp:26[m[K,
[78.791s]                  from [01m[K/opt/ros/jazzy/include/moveit_ros_planning/moveit/planning_pipeline/planning_pipeline.hpp:52[m[K,
[78.791s]                  from [01m[K/opt/ros/jazzy/include/moveit_ros_planning/moveit/planning_pipeline_interfaces/planning_pipeline_interfaces.hpp:43[m[K,
[78.791s]                  from [01m[K/home/mario/master_ws/src/moveit_task_constructor/core/include/moveit/task_constructor/solvers/pipeline_planner.h:42[m[K,
[78.791s]                  from [01m[K/home/mario/master_ws/src/moveit_task_constructor/core/test/test_move_relative.cpp:8[m[K:
[78.791s] [01m[K/opt/ros/jazzy/include/tl_expected/expected.hpp:18:167:[m[K [01;36m[Knote: [m[K‘[01m[K#pragma message: tl_expected/expected.hpp is deprecated. Use <tl/expected.hpp> from libexpected-dev, or <rcpputils/tl_expected/expected.hpp> if the system header is not available.[m[K’
[78.791s]    18 |   "tl_expected/expected.hpp is deprecated. Use <tl/expected.hpp> from libexpected-dev, or <rcpputils/tl_expected/expected.hpp> if the system header is not available."[01;36m[K)[m[K // NOLINT
[78.791s]       |                                                                                                                                                                       [01;36m[K^[m[K
[78.991s] In file included from [01m[K/opt/ros/jazzy/include/parameter_traits/parameter_traits/parameter_traits.hpp:37[m[K,
[78.991s]                  from [01m[K/opt/ros/jazzy/include/moveit_ros_planning/planning_pipeline_parameters.hpp:26[m[K,
[78.991s]                  from [01m[K/opt/ros/jazzy/include/moveit_ros_planning/moveit/planning_pipeline/planning_pipeline.hpp:52[m[K,
[78.991s]                  from [01m[K/opt/ros/jazzy/include/moveit_ros_planning/moveit/planning_pipeline_interfaces/planning_pipeline_interfaces.hpp:43[m[K,
[78.992s]                  from [01m[K/home/mario/master_ws/src/moveit_task_constructor/core/include/moveit/task_constructor/solvers/pipeline_planner.h:42[m[K,
[78.992s]                  from [01m[K/home/mario/master_ws/src/moveit_task_constructor/core/test/pick_ur5.cpp:8[m[K:
[78.992s] [01m[K/opt/ros/jazzy/include/tl_expected/expected.hpp:18:167:[m[K [01;36m[Knote: [m[K‘[01m[K#pragma message: tl_expected/expected.hpp is deprecated. Use <tl/expected.hpp> from libexpected-dev, or <rcpputils/tl_expected/expected.hpp> if the system header is not available.[m[K’
[78.992s]    18 |   "tl_expected/expected.hpp is deprecated. Use <tl/expected.hpp> from libexpected-dev, or <rcpputils/tl_expected/expected.hpp> if the system header is not available."[01;36m[K)[m[K // NOLINT
[78.992s]       |                                                                                                                                                                       [01;36m[K^[m[K
[80.029s] In file included from [01m[K/opt/ros/jazzy/include/parameter_traits/parameter_traits/parameter_traits.hpp:37[m[K,
[80.029s]                  from [01m[K/opt/ros/jazzy/include/moveit_ros_planning/planning_pipeline_parameters.hpp:26[m[K,
[80.029s]                  from [01m[K/opt/ros/jazzy/include/moveit_ros_planning/moveit/planning_pipeline/planning_pipeline.hpp:52[m[K,
[80.029s]                  from [01m[K/opt/ros/jazzy/include/moveit_ros_planning/moveit/planning_pipeline_interfaces/planning_pipeline_interfaces.hpp:43[m[K,
[80.029s]                  from [01m[K/home/mario/master_ws/src/moveit_task_constructor/core/include/moveit/task_constructor/solvers/pipeline_planner.h:42[m[K,
[80.029s]                  from [01m[K/home/mario/master_ws/src/moveit_task_constructor/core/test/pick_pr2.cpp:8[m[K:
[80.030s] [01m[K/opt/ros/jazzy/include/tl_expected/expected.hpp:18:167:[m[K [01;36m[Knote: [m[K‘[01m[K#pragma message: tl_expected/expected.hpp is deprecated. Use <tl/expected.hpp> from libexpected-dev, or <rcpputils/tl_expected/expected.hpp> if the system header is not available.[m[K’
[80.030s]    18 |   "tl_expected/expected.hpp is deprecated. Use <tl/expected.hpp> from libexpected-dev, or <rcpputils/tl_expected/expected.hpp> if the system header is not available."[01;36m[K)[m[K // NOLINT
[80.030s]       |                                                                                                                                                                       [01;36m[K^[m[K
[80.264s] In file included from [01m[K/opt/ros/jazzy/include/parameter_traits/parameter_traits/parameter_traits.hpp:37[m[K,
[80.265s]                  from [01m[K/opt/ros/jazzy/include/moveit_ros_planning/planning_pipeline_parameters.hpp:26[m[K,
[80.265s]                  from [01m[K/opt/ros/jazzy/include/moveit_ros_planning/moveit/planning_pipeline/planning_pipeline.hpp:52[m[K,
[80.265s]                  from [01m[K/opt/ros/jazzy/include/moveit_ros_planning/moveit/planning_pipeline_interfaces/planning_pipeline_interfaces.hpp:43[m[K,
[80.265s]                  from [01m[K/home/mario/master_ws/src/moveit_task_constructor/core/include/moveit/task_constructor/solvers/pipeline_planner.h:42[m[K,
[80.265s]                  from [01m[K/home/mario/master_ws/src/moveit_task_constructor/core/test/pick_pa10.cpp:4[m[K:
[80.265s] [01m[K/opt/ros/jazzy/include/tl_expected/expected.hpp:18:167:[m[K [01;36m[Knote: [m[K‘[01m[K#pragma message: tl_expected/expected.hpp is deprecated. Use <tl/expected.hpp> from libexpected-dev, or <rcpputils/tl_expected/expected.hpp> if the system header is not available.[m[K’
[80.265s]    18 |   "tl_expected/expected.hpp is deprecated. Use <tl/expected.hpp> from libexpected-dev, or <rcpputils/tl_expected/expected.hpp> if the system header is not available."[01;36m[K)[m[K // NOLINT
[80.265s]       |                                                                                                                                                                       [01;36m[K^[m[K
[81.437s] [ 94%] [32m[1mLinking CXX executable moveit_task_constructor_core-test-move-to[0m
[81.976s] [ 94%] Built target moveit_task_constructor_core-test-move-to
[82.597s] [ 95%] [32m[1mLinking CXX executable moveit_task_constructor_core-test-pipeline-planner[0m
[82.997s] [ 95%] Built target moveit_task_constructor_core-test-pipeline-planner
[84.065s] [ 96%] [32m[1mLinking CXX executable pick_ur5[0m
[84.165s] [ 97%] [32m[1mLinking CXX executable moveit_task_constructor_core-test-move-relative[0m
[84.456s] [ 97%] Built target pick_ur5
[84.551s] [ 97%] Built target moveit_task_constructor_core-test-move-relative
[84.604s] [ 98%] [32m[1mLinking CXX executable pick_pr2[0m
[84.973s] [ 98%] Built target pick_pr2
[85.470s] [100%] [32m[1mLinking CXX executable pick_pa10[0m
[85.821s] [100%] Built target pick_pa10
[85.863s] Invoked command in '/home/mario/master_ws/build/moveit_task_constructor_core' returned '0': CMAKE_PREFIX_PATH=/home/mario/master_ws/install/rviz_marker_tools:/home/mario/master_ws/install/moveit_task_constructor_msgs:/home/mario/master_ws/install/moveit_task_constructor_demo:/home/mario/master_ws/install/moveit_task_constructor_visualization:/home/mario/master_ws/install/moveit_task_constructor_capabilities:/home/mario/master_ws/install/estun_control:/home/mario/master_ws/install/moveit_task_constructor_core:/home/mario/master_ws/install/estun_moveit:/opt/ros/jazzy/opt/gz_sim_vendor:/opt/ros/jazzy/opt/gz_sensors_vendor:/opt/ros/jazzy/opt/gz_physics_vendor:/opt/ros/jazzy/opt/sdformat_vendor:/opt/ros/jazzy/opt/gz_gui_vendor:/opt/ros/jazzy/opt/gz_transport_vendor:/opt/ros/jazzy/opt/gz_rendering_vendor:/opt/ros/jazzy/opt/gz_plugin_vendor:/opt/ros/jazzy/opt/gz_fuel_tools_vendor:/opt/ros/jazzy/opt/gz_msgs_vendor:/opt/ros/jazzy/opt/gz_common_vendor:/opt/ros/jazzy/opt/gz_math_vendor:/opt/ros/jazzy/opt/gz_utils_vendor:/opt/ros/jazzy/opt/gz_tools_vendor:/opt/ros/jazzy/opt/gz_ogre_next_vendor:/opt/ros/jazzy/opt/gz_dartsim_vendor:/opt/ros/jazzy/opt/gz_cmake_vendor:/home/mario/master_ws/install/estun_description:/opt/ros/jazzy DEBUGINFOD_URLS=https://debuginfod.ubuntu.com LD_LIBRARY_PATH=/home/mario/master_ws/install/rviz_marker_tools/lib:/home/mario/master_ws/install/moveit_task_constructor_msgs/lib:/home/mario/master_ws/install/moveit_task_constructor_demo/lib:/home/mario/master_ws/install/moveit_task_constructor_visualization/lib:/home/mario/master_ws/install/moveit_task_constructor_capabilities/lib:/home/mario/master_ws/install/moveit_task_constructor_core/lib:/opt/ros/jazzy/opt/gz_sim_vendor/lib:/opt/ros/jazzy/opt/gz_sensors_vendor/lib:/opt/ros/jazzy/opt/gz_physics_vendor/lib:/opt/ros/jazzy/opt/sdformat_vendor/lib:/opt/ros/jazzy/opt/rviz_ogre_vendor/lib:/opt/ros/jazzy/lib/x86_64-linux-gnu:/opt/ros/jazzy/opt/gz_gui_vendor/lib:/opt/ros/jazzy/opt/gz_transport_vendor/lib:/opt/ros/jazzy/opt/gz_rendering_vendor/lib:/opt/ros/jazzy/opt/gz_plugin_vendor/lib:/opt/ros/jazzy/opt/gz_fuel_tools_vendor/lib:/opt/ros/jazzy/opt/gz_msgs_vendor/lib:/opt/ros/jazzy/opt/gz_common_vendor/lib:/opt/ros/jazzy/opt/gz_math_vendor/lib:/opt/ros/jazzy/opt/gz_utils_vendor/lib:/opt/ros/jazzy/opt/gz_tools_vendor/lib:/opt/ros/jazzy/opt/gz_ogre_next_vendor/lib:/opt/ros/jazzy/opt/gz_dartsim_vendor/lib:/opt/ros/jazzy/opt/gz_cmake_vendor/lib:/opt/ros/jazzy/lib PYTHONPATH=/home/mario/master_ws/install/moveit_task_constructor_msgs/lib/python3.12/site-packages:/home/mario/master_ws/install/moveit_task_constructor_core/lib/python3.12/site-packages:/home/mario/master_ws/install/estun_description/lib/python3.12/site-packages:/opt/ros/jazzy/lib/python3.12/site-packages /usr/bin/cmake --build /home/mario/master_ws/build/moveit_task_constructor_core -- -j12 -l12
[85.887s] Invoking command in '/home/mario/master_ws/build/moveit_task_constructor_core': CMAKE_PREFIX_PATH=/home/mario/master_ws/install/rviz_marker_tools:/home/mario/master_ws/install/moveit_task_constructor_msgs:/home/mario/master_ws/install/moveit_task_constructor_demo:/home/mario/master_ws/install/moveit_task_constructor_visualization:/home/mario/master_ws/install/moveit_task_constructor_capabilities:/home/mario/master_ws/install/estun_control:/home/mario/master_ws/install/moveit_task_constructor_core:/home/mario/master_ws/install/estun_moveit:/opt/ros/jazzy/opt/gz_sim_vendor:/opt/ros/jazzy/opt/gz_sensors_vendor:/opt/ros/jazzy/opt/gz_physics_vendor:/opt/ros/jazzy/opt/sdformat_vendor:/opt/ros/jazzy/opt/gz_gui_vendor:/opt/ros/jazzy/opt/gz_transport_vendor:/opt/ros/jazzy/opt/gz_rendering_vendor:/opt/ros/jazzy/opt/gz_plugin_vendor:/opt/ros/jazzy/opt/gz_fuel_tools_vendor:/opt/ros/jazzy/opt/gz_msgs_vendor:/opt/ros/jazzy/opt/gz_common_vendor:/opt/ros/jazzy/opt/gz_math_vendor:/opt/ros/jazzy/opt/gz_utils_vendor:/opt/ros/jazzy/opt/gz_tools_vendor:/opt/ros/jazzy/opt/gz_ogre_next_vendor:/opt/ros/jazzy/opt/gz_dartsim_vendor:/opt/ros/jazzy/opt/gz_cmake_vendor:/home/mario/master_ws/install/estun_description:/opt/ros/jazzy DEBUGINFOD_URLS=https://debuginfod.ubuntu.com LD_LIBRARY_PATH=/home/mario/master_ws/install/rviz_marker_tools/lib:/home/mario/master_ws/install/moveit_task_constructor_msgs/lib:/home/mario/master_ws/install/moveit_task_constructor_demo/lib:/home/mario/master_ws/install/moveit_task_constructor_visualization/lib:/home/mario/master_ws/install/moveit_task_constructor_capabilities/lib:/home/mario/master_ws/install/moveit_task_constructor_core/lib:/opt/ros/jazzy/opt/gz_sim_vendor/lib:/opt/ros/jazzy/opt/gz_sensors_vendor/lib:/opt/ros/jazzy/opt/gz_physics_vendor/lib:/opt/ros/jazzy/opt/sdformat_vendor/lib:/opt/ros/jazzy/opt/rviz_ogre_vendor/lib:/opt/ros/jazzy/lib/x86_64-linux-gnu:/opt/ros/jazzy/opt/gz_gui_vendor/lib:/opt/ros/jazzy/opt/gz_transport_vendor/lib:/opt/ros/jazzy/opt/gz_rendering_vendor/lib:/opt/ros/jazzy/opt/gz_plugin_vendor/lib:/opt/ros/jazzy/opt/gz_fuel_tools_vendor/lib:/opt/ros/jazzy/opt/gz_msgs_vendor/lib:/opt/ros/jazzy/opt/gz_common_vendor/lib:/opt/ros/jazzy/opt/gz_math_vendor/lib:/opt/ros/jazzy/opt/gz_utils_vendor/lib:/opt/ros/jazzy/opt/gz_tools_vendor/lib:/opt/ros/jazzy/opt/gz_ogre_next_vendor/lib:/opt/ros/jazzy/opt/gz_dartsim_vendor/lib:/opt/ros/jazzy/opt/gz_cmake_vendor/lib:/opt/ros/jazzy/lib PYTHONPATH=/home/mario/master_ws/install/moveit_task_constructor_msgs/lib/python3.12/site-packages:/home/mario/master_ws/install/moveit_task_constructor_core/lib/python3.12/site-packages:/home/mario/master_ws/install/estun_description/lib/python3.12/site-packages:/opt/ros/jazzy/lib/python3.12/site-packages /usr/bin/cmake --install /home/mario/master_ws/build/moveit_task_constructor_core
[85.896s] -- Install configuration: "Release"
[85.897s] -- Installing: /home/mario/master_ws/install/moveit_task_constructor_core/lib/libmoveit_task_constructor_core_stages.so
[85.898s] -- Set non-toolchain portion of runtime path of "/home/mario/master_ws/install/moveit_task_constructor_core/lib/libmoveit_task_constructor_core_stages.so" to ""
[85.898s] -- Installing: /home/mario/master_ws/install/moveit_task_constructor_core/lib/libmoveit_task_constructor_core_stage_plugins.so
[85.899s] -- Set non-toolchain portion of runtime path of "/home/mario/master_ws/install/moveit_task_constructor_core/lib/libmoveit_task_constructor_core_stage_plugins.so" to ""
[85.899s] -- Installing: /home/mario/master_ws/install/moveit_task_constructor_core/lib/libmoveit_task_constructor_core.so
[85.901s] -- Set non-toolchain portion of runtime path of "/home/mario/master_ws/install/moveit_task_constructor_core/lib/libmoveit_task_constructor_core.so" to ""
[85.901s] -- Installing: /home/mario/master_ws/install/moveit_task_constructor_core/share/moveit_task_constructor_core/environment/pythonpath.sh
[85.902s] -- Installing: /home/mario/master_ws/install/moveit_task_constructor_core/share/moveit_task_constructor_core/environment/pythonpath.dsv
[85.902s] -- Installing: /home/mario/master_ws/install/moveit_task_constructor_core/lib/python3.12/site-packages/moveit-0.2.0-py3.12.egg-info
[85.902s] -- Installing: /home/mario/master_ws/install/moveit_task_constructor_core/lib/python3.12/site-packages/moveit-0.2.0-py3.12.egg-info/PKG-INFO
[85.902s] -- Installing: /home/mario/master_ws/install/moveit_task_constructor_core/lib/python3.12/site-packages/moveit-0.2.0-py3.12.egg-info/top_level.txt
[85.902s] -- Installing: /home/mario/master_ws/install/moveit_task_constructor_core/lib/python3.12/site-packages/moveit-0.2.0-py3.12.egg-info/SOURCES.txt
[85.902s] -- Installing: /home/mario/master_ws/install/moveit_task_constructor_core/lib/python3.12/site-packages/moveit-0.2.0-py3.12.egg-info/dependency_links.txt
[85.903s] -- Installing: /home/mario/master_ws/install/moveit_task_constructor_core/lib/python3.12/site-packages/moveit
[85.903s] -- Installing: /home/mario/master_ws/install/moveit_task_constructor_core/lib/python3.12/site-packages/moveit/task_constructor
[85.903s] -- Installing: /home/mario/master_ws/install/moveit_task_constructor_core/lib/python3.12/site-packages/moveit/task_constructor/core.py
[85.903s] -- Installing: /home/mario/master_ws/install/moveit_task_constructor_core/lib/python3.12/site-packages/moveit/task_constructor/stages.py
[85.903s] -- Installing: /home/mario/master_ws/install/moveit_task_constructor_core/lib/python3.12/site-packages/moveit/task_constructor/__init__.py
[85.903s] -- Installing: /home/mario/master_ws/install/moveit_task_constructor_core/lib/python3.12/site-packages/moveit/__init__.py
[85.940s] Listing '/home/mario/master_ws/install/moveit_task_constructor_core/lib/python3.12/site-packages/moveit'...
[85.940s] Compiling '/home/mario/master_ws/install/moveit_task_constructor_core/lib/python3.12/site-packages/moveit/__init__.py'...
[85.940s] Listing '/home/mario/master_ws/install/moveit_task_constructor_core/lib/python3.12/site-packages/moveit/task_constructor'...
[85.940s] Compiling '/home/mario/master_ws/install/moveit_task_constructor_core/lib/python3.12/site-packages/moveit/task_constructor/__init__.py'...
[85.941s] Compiling '/home/mario/master_ws/install/moveit_task_constructor_core/lib/python3.12/site-packages/moveit/task_constructor/core.py'...
[85.941s] Compiling '/home/mario/master_ws/install/moveit_task_constructor_core/lib/python3.12/site-packages/moveit/task_constructor/stages.py'...
[85.945s] -- Installing: /home/mario/master_ws/install/moveit_task_constructor_core/include
[85.945s] -- Installing: /home/mario/master_ws/install/moveit_task_constructor_core/include/moveit
[85.945s] -- Installing: /home/mario/master_ws/install/moveit_task_constructor_core/include/moveit/python
[85.946s] -- Installing: /home/mario/master_ws/install/moveit_task_constructor_core/include/moveit/python/task_constructor
[85.946s] -- Installing: /home/mario/master_ws/install/moveit_task_constructor_core/include/moveit/python/task_constructor/properties.h
[85.946s] -- Installing: /home/mario/master_ws/install/moveit_task_constructor_core/include/moveit/task_constructor
[85.946s] -- Installing: /home/mario/master_ws/install/moveit_task_constructor_core/include/moveit/task_constructor/type_traits.h
[85.946s] -- Installing: /home/mario/master_ws/install/moveit_task_constructor_core/include/moveit/task_constructor/task.h
[85.947s] -- Installing: /home/mario/master_ws/install/moveit_task_constructor_core/include/moveit/task_constructor/marker_tools.h
[85.947s] -- Installing: /home/mario/master_ws/install/moveit_task_constructor_core/include/moveit/task_constructor/solvers.h
[85.947s] -- Installing: /home/mario/master_ws/install/moveit_task_constructor_core/include/moveit/task_constructor/cost_queue.h
[85.947s] -- Installing: /home/mario/master_ws/install/moveit_task_constructor_core/include/moveit/task_constructor/trajectory_execution_info.h
[85.947s] -- Installing: /home/mario/master_ws/install/moveit_task_constructor_core/include/moveit/task_constructor/container.h
[85.947s] -- Installing: /home/mario/master_ws/install/moveit_task_constructor_core/include/moveit/task_constructor/utils.h
[85.947s] -- Installing: /home/mario/master_ws/install/moveit_task_constructor_core/include/moveit/task_constructor/storage.h
[85.948s] -- Installing: /home/mario/master_ws/install/moveit_task_constructor_core/include/moveit/task_constructor/solvers
[85.948s] -- Installing: /home/mario/master_ws/install/moveit_task_constructor_core/include/moveit/task_constructor/solvers/joint_interpolation.h
[85.948s] -- Installing: /home/mario/master_ws/install/moveit_task_constructor_core/include/moveit/task_constructor/solvers/pipeline_planner.h
[85.948s] -- Installing: /home/mario/master_ws/install/moveit_task_constructor_core/include/moveit/task_constructor/solvers/planner_interface.h
[85.948s] -- Installing: /home/mario/master_ws/install/moveit_task_constructor_core/include/moveit/task_constructor/solvers/cartesian_path.h
[85.948s] -- Installing: /home/mario/master_ws/install/moveit_task_constructor_core/include/moveit/task_constructor/solvers/multi_planner.h
[85.949s] -- Installing: /home/mario/master_ws/install/moveit_task_constructor_core/include/moveit/task_constructor/cost_terms.h
[85.949s] -- Installing: /home/mario/master_ws/install/moveit_task_constructor_core/include/moveit/task_constructor/merge.h
[85.949s] -- Installing: /home/mario/master_ws/install/moveit_task_constructor_core/include/moveit/task_constructor/stage.h
[85.949s] -- Installing: /home/mario/master_ws/install/moveit_task_constructor_core/include/moveit/task_constructor/stages.h
[85.949s] -- Installing: /home/mario/master_ws/install/moveit_task_constructor_core/include/moveit/task_constructor/introspection.h
[85.949s] -- Installing: /home/mario/master_ws/install/moveit_task_constructor_core/include/moveit/task_constructor/stages
[85.949s] -- Installing: /home/mario/master_ws/install/moveit_task_constructor_core/include/moveit/task_constructor/stages/current_state.h
[85.950s] -- Installing: /home/mario/master_ws/install/moveit_task_constructor_core/include/moveit/task_constructor/stages/move_to.h
[85.950s] -- Installing: /home/mario/master_ws/install/moveit_task_constructor_core/include/moveit/task_constructor/stages/compute_ik.h
[85.950s] -- Installing: /home/mario/master_ws/install/moveit_task_constructor_core/include/moveit/task_constructor/stages/generate_place_pose.h
[85.950s] -- Installing: /home/mario/master_ws/install/moveit_task_constructor_core/include/moveit/task_constructor/stages/connect.h
[85.950s] -- Installing: /home/mario/master_ws/install/moveit_task_constructor_core/include/moveit/task_constructor/stages/generate_pose.h
[85.950s] -- Installing: /home/mario/master_ws/install/moveit_task_constructor_core/include/moveit/task_constructor/stages/fixed_cartesian_poses.h
[85.950s] -- Installing: /home/mario/master_ws/install/moveit_task_constructor_core/include/moveit/task_constructor/stages/generate_grasp_pose.h
[85.951s] -- Installing: /home/mario/master_ws/install/moveit_task_constructor_core/include/moveit/task_constructor/stages/fix_collision_objects.h
[85.951s] -- Installing: /home/mario/master_ws/install/moveit_task_constructor_core/include/moveit/task_constructor/stages/pick.h
[85.951s] -- Installing: /home/mario/master_ws/install/moveit_task_constructor_core/include/moveit/task_constructor/stages/passthrough.h
[85.951s] -- Installing: /home/mario/master_ws/install/moveit_task_constructor_core/include/moveit/task_constructor/stages/limit_solutions.h
[85.951s] -- Installing: /home/mario/master_ws/install/moveit_task_constructor_core/include/moveit/task_constructor/stages/generate_random_pose.h
[85.951s] -- Installing: /home/mario/master_ws/install/moveit_task_constructor_core/include/moveit/task_constructor/stages/fixed_state.h
[85.952s] -- Installing: /home/mario/master_ws/install/moveit_task_constructor_core/include/moveit/task_constructor/stages/noop.h
[85.952s] -- Installing: /home/mario/master_ws/install/moveit_task_constructor_core/include/moveit/task_constructor/stages/modify_planning_scene.h
[85.952s] -- Installing: /home/mario/master_ws/install/moveit_task_constructor_core/include/moveit/task_constructor/stages/simple_grasp.h
[85.952s] -- Installing: /home/mario/master_ws/install/moveit_task_constructor_core/include/moveit/task_constructor/stages/predicate_filter.h
[85.952s] -- Installing: /home/mario/master_ws/install/moveit_task_constructor_core/include/moveit/task_constructor/stages/move_relative.h
[85.952s] -- Installing: /home/mario/master_ws/install/moveit_task_constructor_core/include/moveit/task_constructor/properties.h
[85.952s] -- Installing: /home/mario/master_ws/install/moveit_task_constructor_core/include/moveit/task_constructor/moveit_compat.h
[85.952s] -- Installing: /home/mario/master_ws/install/moveit_task_constructor_core/share/moveit_task_constructor_core/motion_planning_stages_plugin_description.xml
[85.953s] -- Installing: /home/mario/master_ws/install/moveit_task_constructor_core/share/moveit_task_constructor_core/environment/library_path.sh
[85.953s] -- Installing: /home/mario/master_ws/install/moveit_task_constructor_core/share/moveit_task_constructor_core/environment/library_path.dsv
[85.953s] -- Installing: /home/mario/master_ws/install/moveit_task_constructor_core/share/ament_index/resource_index/package_run_dependencies/moveit_task_constructor_core
[85.953s] -- Installing: /home/mario/master_ws/install/moveit_task_constructor_core/share/ament_index/resource_index/parent_prefix_path/moveit_task_constructor_core
[85.953s] -- Installing: /home/mario/master_ws/install/moveit_task_constructor_core/share/moveit_task_constructor_core/environment/ament_prefix_path.sh
[85.953s] -- Installing: /home/mario/master_ws/install/moveit_task_constructor_core/share/moveit_task_constructor_core/environment/ament_prefix_path.dsv
[85.954s] -- Installing: /home/mario/master_ws/install/moveit_task_constructor_core/share/moveit_task_constructor_core/environment/path.sh
[85.954s] -- Installing: /home/mario/master_ws/install/moveit_task_constructor_core/share/moveit_task_constructor_core/environment/path.dsv
[85.954s] -- Installing: /home/mario/master_ws/install/moveit_task_constructor_core/share/moveit_task_constructor_core/local_setup.bash
[85.954s] -- Installing: /home/mario/master_ws/install/moveit_task_constructor_core/share/moveit_task_constructor_core/local_setup.sh
[85.954s] -- Installing: /home/mario/master_ws/install/moveit_task_constructor_core/share/moveit_task_constructor_core/local_setup.zsh
[85.954s] -- Installing: /home/mario/master_ws/install/moveit_task_constructor_core/share/moveit_task_constructor_core/local_setup.dsv
[85.954s] -- Installing: /home/mario/master_ws/install/moveit_task_constructor_core/share/moveit_task_constructor_core/package.dsv
[85.955s] -- Installing: /home/mario/master_ws/install/moveit_task_constructor_core/share/ament_index/resource_index/packages/moveit_task_constructor_core
[85.955s] -- Installing: /home/mario/master_ws/install/moveit_task_constructor_core/share/ament_index/resource_index/moveit_task_constructor_core__pluginlib__plugin/moveit_task_constructor_core
[85.955s] -- Installing: /home/mario/master_ws/install/moveit_task_constructor_core/share/moveit_task_constructor_core/cmake/moveit_task_constructor_coreTargetsExport.cmake
[85.955s] -- Installing: /home/mario/master_ws/install/moveit_task_constructor_core/share/moveit_task_constructor_core/cmake/moveit_task_constructor_coreTargetsExport-release.cmake
[85.955s] -- Installing: /home/mario/master_ws/install/moveit_task_constructor_core/share/moveit_task_constructor_core/cmake/ament_cmake_export_targets-extras.cmake
[85.955s] -- Installing: /home/mario/master_ws/install/moveit_task_constructor_core/share/moveit_task_constructor_core/cmake/ament_cmake_export_dependencies-extras.cmake
[85.955s] -- Installing: /home/mario/master_ws/install/moveit_task_constructor_core/share/moveit_task_constructor_core/cmake/moveit_task_constructor_coreConfig.cmake
[85.956s] -- Installing: /home/mario/master_ws/install/moveit_task_constructor_core/share/moveit_task_constructor_core/cmake/moveit_task_constructor_coreConfig-version.cmake
[85.956s] -- Installing: /home/mario/master_ws/install/moveit_task_constructor_core/share/moveit_task_constructor_core/package.xml
[85.967s] Invoked command in '/home/mario/master_ws/build/moveit_task_constructor_core' returned '0': CMAKE_PREFIX_PATH=/home/mario/master_ws/install/rviz_marker_tools:/home/mario/master_ws/install/moveit_task_constructor_msgs:/home/mario/master_ws/install/moveit_task_constructor_demo:/home/mario/master_ws/install/moveit_task_constructor_visualization:/home/mario/master_ws/install/moveit_task_constructor_capabilities:/home/mario/master_ws/install/estun_control:/home/mario/master_ws/install/moveit_task_constructor_core:/home/mario/master_ws/install/estun_moveit:/opt/ros/jazzy/opt/gz_sim_vendor:/opt/ros/jazzy/opt/gz_sensors_vendor:/opt/ros/jazzy/opt/gz_physics_vendor:/opt/ros/jazzy/opt/sdformat_vendor:/opt/ros/jazzy/opt/gz_gui_vendor:/opt/ros/jazzy/opt/gz_transport_vendor:/opt/ros/jazzy/opt/gz_rendering_vendor:/opt/ros/jazzy/opt/gz_plugin_vendor:/opt/ros/jazzy/opt/gz_fuel_tools_vendor:/opt/ros/jazzy/opt/gz_msgs_vendor:/opt/ros/jazzy/opt/gz_common_vendor:/opt/ros/jazzy/opt/gz_math_vendor:/opt/ros/jazzy/opt/gz_utils_vendor:/opt/ros/jazzy/opt/gz_tools_vendor:/opt/ros/jazzy/opt/gz_ogre_next_vendor:/opt/ros/jazzy/opt/gz_dartsim_vendor:/opt/ros/jazzy/opt/gz_cmake_vendor:/home/mario/master_ws/install/estun_description:/opt/ros/jazzy DEBUGINFOD_URLS=https://debuginfod.ubuntu.com LD_LIBRARY_PATH=/home/mario/master_ws/install/rviz_marker_tools/lib:/home/mario/master_ws/install/moveit_task_constructor_msgs/lib:/home/mario/master_ws/install/moveit_task_constructor_demo/lib:/home/mario/master_ws/install/moveit_task_constructor_visualization/lib:/home/mario/master_ws/install/moveit_task_constructor_capabilities/lib:/home/mario/master_ws/install/moveit_task_constructor_core/lib:/opt/ros/jazzy/opt/gz_sim_vendor/lib:/opt/ros/jazzy/opt/gz_sensors_vendor/lib:/opt/ros/jazzy/opt/gz_physics_vendor/lib:/opt/ros/jazzy/opt/sdformat_vendor/lib:/opt/ros/jazzy/opt/rviz_ogre_vendor/lib:/opt/ros/jazzy/lib/x86_64-linux-gnu:/opt/ros/jazzy/opt/gz_gui_vendor/lib:/opt/ros/jazzy/opt/gz_transport_vendor/lib:/opt/ros/jazzy/opt/gz_rendering_vendor/lib:/opt/ros/jazzy/opt/gz_plugin_vendor/lib:/opt/ros/jazzy/opt/gz_fuel_tools_vendor/lib:/opt/ros/jazzy/opt/gz_msgs_vendor/lib:/opt/ros/jazzy/opt/gz_common_vendor/lib:/opt/ros/jazzy/opt/gz_math_vendor/lib:/opt/ros/jazzy/opt/gz_utils_vendor/lib:/opt/ros/jazzy/opt/gz_tools_vendor/lib:/opt/ros/jazzy/opt/gz_ogre_next_vendor/lib:/opt/ros/jazzy/opt/gz_dartsim_vendor/lib:/opt/ros/jazzy/opt/gz_cmake_vendor/lib:/opt/ros/jazzy/lib PYTHONPATH=/home/mario/master_ws/install/moveit_task_constructor_msgs/lib/python3.12/site-packages:/home/mario/master_ws/install/moveit_task_constructor_core/lib/python3.12/site-packages:/home/mario/master_ws/install/estun_description/lib/python3.12/site-packages:/opt/ros/jazzy/lib/python3.12/site-packages /usr/bin/cmake --install /home/mario/master_ws/build/moveit_task_constructor_core
