[0.014s] Invoking command in '/home/mario/master_ws/build/vision_control': CMAKE_PREFIX_PATH=${CMAKE_PREFIX_PATH}:/home/mario/master_ws/install/estun_description:/opt/ros/jazzy DEBUGINFOD_URLS=https://debuginfod.ubuntu.com /usr/bin/cmake --build /home/mario/master_ws/build/vision_control -- -j12 -l12
[0.119s] [ 50%] [32mBuilding CXX object CMakeFiles/pcl_pose_estimation.dir/src/pcl_pose_estimation.cpp.o[0m
[19.473s] [100%] [32m[1mLinking CXX executable pcl_pose_estimation[0m
[24.171s] [100%] Built target pcl_pose_estimation
[24.185s] Invoked command in '/home/mario/master_ws/build/vision_control' returned '0': CMAKE_PREFIX_PATH=${CMAKE_PREFIX_PATH}:/home/mario/master_ws/install/estun_description:/opt/ros/jazzy DEBUGINFOD_URLS=https://debuginfod.ubuntu.com /usr/bin/cmake --build /home/mario/master_ws/build/vision_control -- -j12 -l12
[24.196s] Invoking command in '/home/mario/master_ws/build/vision_control': CMAKE_PREFIX_PATH=${CMAKE_PREFIX_PATH}:/home/mario/master_ws/install/estun_description:/opt/ros/jazzy DEBUGINFOD_URLS=https://debuginfod.ubuntu.com /usr/bin/cmake --install /home/mario/master_ws/build/vision_control
[24.204s] -- Install configuration: ""
[24.204s] -- Installing: /home/mario/master_ws/install/vision_control/lib/vision_control/pcl_pose_estimation
[24.218s] -- Set non-toolchain portion of runtime path of "/home/mario/master_ws/install/vision_control/lib/vision_control/pcl_pose_estimation" to ""
[24.218s] -- Up-to-date: /home/mario/master_ws/install/vision_control/share/ament_index/resource_index/package_run_dependencies/vision_control
[24.218s] -- Up-to-date: /home/mario/master_ws/install/vision_control/share/ament_index/resource_index/parent_prefix_path/vision_control
[24.218s] -- Up-to-date: /home/mario/master_ws/install/vision_control/share/vision_control/environment/ament_prefix_path.sh
[24.218s] -- Up-to-date: /home/mario/master_ws/install/vision_control/share/vision_control/environment/ament_prefix_path.dsv
[24.219s] -- Up-to-date: /home/mario/master_ws/install/vision_control/share/vision_control/environment/path.sh
[24.219s] -- Up-to-date: /home/mario/master_ws/install/vision_control/share/vision_control/environment/path.dsv
[24.219s] -- Up-to-date: /home/mario/master_ws/install/vision_control/share/vision_control/local_setup.bash
[24.219s] -- Up-to-date: /home/mario/master_ws/install/vision_control/share/vision_control/local_setup.sh
[24.219s] -- Up-to-date: /home/mario/master_ws/install/vision_control/share/vision_control/local_setup.zsh
[24.219s] -- Up-to-date: /home/mario/master_ws/install/vision_control/share/vision_control/local_setup.dsv
[24.220s] -- Installing: /home/mario/master_ws/install/vision_control/share/vision_control/package.dsv
[24.221s] -- Up-to-date: /home/mario/master_ws/install/vision_control/share/ament_index/resource_index/packages/vision_control
[24.221s] -- Up-to-date: /home/mario/master_ws/install/vision_control/share/vision_control/cmake/vision_controlConfig.cmake
[24.221s] -- Up-to-date: /home/mario/master_ws/install/vision_control/share/vision_control/cmake/vision_controlConfig-version.cmake
[24.221s] -- Up-to-date: /home/mario/master_ws/install/vision_control/share/vision_control/package.xml
[24.222s] Invoked command in '/home/mario/master_ws/build/vision_control' returned '0': CMAKE_PREFIX_PATH=${CMAKE_PREFIX_PATH}:/home/mario/master_ws/install/estun_description:/opt/ros/jazzy DEBUGINFOD_URLS=https://debuginfod.ubuntu.com /usr/bin/cmake --install /home/mario/master_ws/build/vision_control
