[0.274s] Invoking command in '/home/mario/master_ws/build/vision_control': CMAKE_PREFIX_PATH=${CMAKE_PREFIX_PATH}:/home/mario/master_ws/install/estun_description:/opt/ros/jazzy DEBUGINFOD_URLS=https://debuginfod.ubuntu.com /usr/bin/cmake --build /home/mario/master_ws/build/vision_control -- -j12 -l12
[0.385s] [ 50%] [32mBuilding CXX object CMakeFiles/pcl_pose_estimation.dir/src/pcl_pose_estimation.cpp.o[0m
[18.291s] [100%] [32m[1mLinking CXX executable pcl_pose_estimation[0m
[23.629s] [100%] Built target pcl_pose_estimation
[23.642s] Invoked command in '/home/mario/master_ws/build/vision_control' returned '0': CMAKE_PREFIX_PATH=${CMAKE_PREFIX_PATH}:/home/mario/master_ws/install/estun_description:/opt/ros/jazzy DEBUGINFOD_URLS=https://debuginfod.ubuntu.com /usr/bin/cmake --build /home/mario/master_ws/build/vision_control -- -j12 -l12
[23.644s] Invoking command in '/home/mario/master_ws/build/vision_control': CMAKE_PREFIX_PATH=${CMAKE_PREFIX_PATH}:/home/mario/master_ws/install/estun_description:/opt/ros/jazzy DEBUGINFOD_URLS=https://debuginfod.ubuntu.com /usr/bin/cmake --install /home/mario/master_ws/build/vision_control
[23.654s] -- Install configuration: ""
[23.654s] -- Installing: /home/mario/master_ws/install/vision_control/lib/vision_control/pcl_pose_estimation
[23.665s] -- Set non-toolchain portion of runtime path of "/home/mario/master_ws/install/vision_control/lib/vision_control/pcl_pose_estimation" to ""
[23.665s] -- Up-to-date: /home/mario/master_ws/install/vision_control/share/ament_index/resource_index/package_run_dependencies/vision_control
[23.665s] -- Up-to-date: /home/mario/master_ws/install/vision_control/share/ament_index/resource_index/parent_prefix_path/vision_control
[23.665s] -- Up-to-date: /home/mario/master_ws/install/vision_control/share/vision_control/environment/ament_prefix_path.sh
[23.666s] -- Up-to-date: /home/mario/master_ws/install/vision_control/share/vision_control/environment/ament_prefix_path.dsv
[23.666s] -- Up-to-date: /home/mario/master_ws/install/vision_control/share/vision_control/environment/path.sh
[23.666s] -- Up-to-date: /home/mario/master_ws/install/vision_control/share/vision_control/environment/path.dsv
[23.666s] -- Up-to-date: /home/mario/master_ws/install/vision_control/share/vision_control/local_setup.bash
[23.666s] -- Up-to-date: /home/mario/master_ws/install/vision_control/share/vision_control/local_setup.sh
[23.666s] -- Up-to-date: /home/mario/master_ws/install/vision_control/share/vision_control/local_setup.zsh
[23.666s] -- Up-to-date: /home/mario/master_ws/install/vision_control/share/vision_control/local_setup.dsv
[23.666s] -- Installing: /home/mario/master_ws/install/vision_control/share/vision_control/package.dsv
[23.666s] -- Up-to-date: /home/mario/master_ws/install/vision_control/share/ament_index/resource_index/packages/vision_control
[23.666s] -- Up-to-date: /home/mario/master_ws/install/vision_control/share/vision_control/cmake/vision_controlConfig.cmake
[23.666s] -- Up-to-date: /home/mario/master_ws/install/vision_control/share/vision_control/cmake/vision_controlConfig-version.cmake
[23.666s] -- Up-to-date: /home/mario/master_ws/install/vision_control/share/vision_control/package.xml
[23.668s] Invoked command in '/home/mario/master_ws/build/vision_control' returned '0': CMAKE_PREFIX_PATH=${CMAKE_PREFIX_PATH}:/home/mario/master_ws/install/estun_description:/opt/ros/jazzy DEBUGINFOD_URLS=https://debuginfod.ubuntu.com /usr/bin/cmake --install /home/mario/master_ws/build/vision_control
