[0.015s] Invoking command in '/home/mario/master_ws/build/rviz_marker_tools': CMAKE_PREFIX_PATH=${CMAKE_PREFIX_PATH}:/home/mario/master_ws/install/estun_description:/opt/ros/jazzy DEBUGINFOD_URLS=https://debuginfod.ubuntu.com /usr/bin/cmake /home/mario/master_ws/src/moveit_task_constructor/rviz_marker_tools -DCMAKE_INSTALL_PREFIX=/home/mario/master_ws/install/rviz_marker_tools
[0.064s] -- The C compiler identification is GNU 13.3.0
[0.116s] -- The CXX compiler identification is GNU 13.3.0
[0.137s] -- Detecting C compiler ABI info
[0.227s] -- Detecting C compiler ABI info - done
[0.237s] -- Check for working C compiler: /usr/bin/cc - skipped
[0.237s] -- Detecting C compile features
[0.237s] -- Detecting C compile features - done
[0.247s] -- Detecting CXX compiler ABI info
[0.352s] -- Detecting CXX compiler ABI info - done
[0.362s] -- Check for working CXX compiler: /usr/bin/c++ - skipped
[0.362s] -- Detecting CXX compile features
[0.363s] -- Detecting CXX compile features - done
[0.369s] -- Found ament_cmake: 2.5.6 (/opt/ros/jazzy/share/ament_cmake/cmake)
[0.524s] -- Found Python3: /usr/bin/python3 (found version "3.12.3") found components: Interpreter 
[0.668s] -- Found moveit_common: 2.12.4 (/opt/ros/jazzy/share/moveit_common/cmake)
[0.743s] [0mrviz_marker_tools: You did not request a specific build type: Choosing 'Release' for maximum performance[0m
[0.748s] -- Found rclcpp: 28.1.21 (/opt/ros/jazzy/share/rclcpp/cmake)
[0.817s] -- Found rosidl_generator_c: 4.6.9 (/opt/ros/jazzy/share/rosidl_generator_c/cmake)
[0.840s] -- Found rosidl_generator_cpp: 4.6.9 (/opt/ros/jazzy/share/rosidl_generator_cpp/cmake)
[0.865s] -- Using all available rosidl_typesupport_c: rosidl_typesupport_fastrtps_c;rosidl_typesupport_introspection_c
[0.892s] -- Using all available rosidl_typesupport_cpp: rosidl_typesupport_fastrtps_cpp;rosidl_typesupport_introspection_cpp
[0.997s] -- Found rmw_implementation_cmake: 7.3.3 (/opt/ros/jazzy/share/rmw_implementation_cmake/cmake)
[1.004s] -- Found rmw_fastrtps_cpp: 8.4.4 (/opt/ros/jazzy/share/rmw_fastrtps_cpp/cmake)
[1.114s] -- Found OpenSSL: /usr/lib/x86_64-linux-gnu/libcrypto.so (found version "3.0.13")  
[1.138s] -- Found FastRTPS: /opt/ros/jazzy/include (Required is at least version "2.13") 
[1.161s] -- Using RMW implementation 'rmw_fastrtps_cpp' as default
[1.267s] -- Found tf2_eigen: 0.36.21 (/opt/ros/jazzy/share/tf2_eigen/cmake)
[1.545s] -- Found visualization_msgs: 5.3.8 (/opt/ros/jazzy/share/visualization_msgs/cmake)
[1.612s] -- Configuring done (1.6s)
[1.628s] -- Generating done (0.0s)
[1.634s] -- Build files have been written to: /home/mario/master_ws/build/rviz_marker_tools
[1.646s] Invoked command in '/home/mario/master_ws/build/rviz_marker_tools' returned '0': CMAKE_PREFIX_PATH=${CMAKE_PREFIX_PATH}:/home/mario/master_ws/install/estun_description:/opt/ros/jazzy DEBUGINFOD_URLS=https://debuginfod.ubuntu.com /usr/bin/cmake /home/mario/master_ws/src/moveit_task_constructor/rviz_marker_tools -DCMAKE_INSTALL_PREFIX=/home/mario/master_ws/install/rviz_marker_tools
[1.647s] Invoking command in '/home/mario/master_ws/build/rviz_marker_tools': CMAKE_PREFIX_PATH=${CMAKE_PREFIX_PATH}:/home/mario/master_ws/install/estun_description:/opt/ros/jazzy DEBUGINFOD_URLS=https://debuginfod.ubuntu.com /usr/bin/cmake --build /home/mario/master_ws/build/rviz_marker_tools -- -j12 -l12
[1.706s] [ 50%] [32mBuilding CXX object CMakeFiles/rviz_marker_tools.dir/src/marker_creation.cpp.o[0m
[6.292s] [100%] [32m[1mLinking CXX shared library librviz_marker_tools.so[0m
[6.419s] [100%] Built target rviz_marker_tools
[6.433s] Invoked command in '/home/mario/master_ws/build/rviz_marker_tools' returned '0': CMAKE_PREFIX_PATH=${CMAKE_PREFIX_PATH}:/home/mario/master_ws/install/estun_description:/opt/ros/jazzy DEBUGINFOD_URLS=https://debuginfod.ubuntu.com /usr/bin/cmake --build /home/mario/master_ws/build/rviz_marker_tools -- -j12 -l12
[6.434s] Invoking command in '/home/mario/master_ws/build/rviz_marker_tools': CMAKE_PREFIX_PATH=${CMAKE_PREFIX_PATH}:/home/mario/master_ws/install/estun_description:/opt/ros/jazzy DEBUGINFOD_URLS=https://debuginfod.ubuntu.com /usr/bin/cmake --install /home/mario/master_ws/build/rviz_marker_tools
[6.442s] -- Install configuration: "Release"
[6.442s] -- Up-to-date: /home/mario/master_ws/install/rviz_marker_tools/include
[6.443s] -- Up-to-date: /home/mario/master_ws/install/rviz_marker_tools/include/rviz_marker_tools
[6.443s] -- Up-to-date: /home/mario/master_ws/install/rviz_marker_tools/include/rviz_marker_tools/marker_creation.h
[6.443s] -- Installing: /home/mario/master_ws/install/rviz_marker_tools/lib/librviz_marker_tools.so
[6.443s] -- Set non-toolchain portion of runtime path of "/home/mario/master_ws/install/rviz_marker_tools/lib/librviz_marker_tools.so" to ""
[6.443s] -- Up-to-date: /home/mario/master_ws/install/rviz_marker_tools/share/rviz_marker_tools/environment/library_path.sh
[6.443s] -- Installing: /home/mario/master_ws/install/rviz_marker_tools/share/rviz_marker_tools/environment/library_path.dsv
[6.443s] -- Installing: /home/mario/master_ws/install/rviz_marker_tools/share/ament_index/resource_index/package_run_dependencies/rviz_marker_tools
[6.444s] -- Installing: /home/mario/master_ws/install/rviz_marker_tools/share/ament_index/resource_index/parent_prefix_path/rviz_marker_tools
[6.444s] -- Up-to-date: /home/mario/master_ws/install/rviz_marker_tools/share/rviz_marker_tools/environment/ament_prefix_path.sh
[6.444s] -- Installing: /home/mario/master_ws/install/rviz_marker_tools/share/rviz_marker_tools/environment/ament_prefix_path.dsv
[6.444s] -- Up-to-date: /home/mario/master_ws/install/rviz_marker_tools/share/rviz_marker_tools/environment/path.sh
[6.444s] -- Installing: /home/mario/master_ws/install/rviz_marker_tools/share/rviz_marker_tools/environment/path.dsv
[6.444s] -- Installing: /home/mario/master_ws/install/rviz_marker_tools/share/rviz_marker_tools/local_setup.bash
[6.444s] -- Installing: /home/mario/master_ws/install/rviz_marker_tools/share/rviz_marker_tools/local_setup.sh
[6.444s] -- Installing: /home/mario/master_ws/install/rviz_marker_tools/share/rviz_marker_tools/local_setup.zsh
[6.445s] -- Installing: /home/mario/master_ws/install/rviz_marker_tools/share/rviz_marker_tools/local_setup.dsv
[6.445s] -- Installing: /home/mario/master_ws/install/rviz_marker_tools/share/rviz_marker_tools/package.dsv
[6.445s] -- Installing: /home/mario/master_ws/install/rviz_marker_tools/share/ament_index/resource_index/packages/rviz_marker_tools
[6.445s] -- Installing: /home/mario/master_ws/install/rviz_marker_tools/share/rviz_marker_tools/cmake/rviz_marker_toolsTargetsExport.cmake
[6.445s] -- Installing: /home/mario/master_ws/install/rviz_marker_tools/share/rviz_marker_tools/cmake/rviz_marker_toolsTargetsExport-release.cmake
[6.445s] -- Installing: /home/mario/master_ws/install/rviz_marker_tools/share/rviz_marker_tools/cmake/ament_cmake_export_targets-extras.cmake
[6.446s] -- Installing: /home/mario/master_ws/install/rviz_marker_tools/share/rviz_marker_tools/cmake/ament_cmake_export_dependencies-extras.cmake
[6.446s] -- Installing: /home/mario/master_ws/install/rviz_marker_tools/share/rviz_marker_tools/cmake/rviz_marker_toolsConfig.cmake
[6.446s] -- Installing: /home/mario/master_ws/install/rviz_marker_tools/share/rviz_marker_tools/cmake/rviz_marker_toolsConfig-version.cmake
[6.446s] -- Up-to-date: /home/mario/master_ws/install/rviz_marker_tools/share/rviz_marker_tools/package.xml
[6.448s] Invoked command in '/home/mario/master_ws/build/rviz_marker_tools' returned '0': CMAKE_PREFIX_PATH=${CMAKE_PREFIX_PATH}:/home/mario/master_ws/install/estun_description:/opt/ros/jazzy DEBUGINFOD_URLS=https://debuginfod.ubuntu.com /usr/bin/cmake --install /home/mario/master_ws/build/rviz_marker_tools
