[0.011s] Invoking command in '/home/mario/master_ws/build/estun_moveit': AMENT_PREFIX_PATH=/home/mario/master_ws/install/estun_description:/home/mario/master_ws/install/estun_moveit:/home/mario/master_ws/install/estun_control:/home/mario/master_ws/install/Estun_description:/opt/ros/jazzy CMAKE_PREFIX_PATH=${CMAKE_PREFIX_PATH}:/home/mario/master_ws/install/estun_description:/home/mario/master_ws/install/Estun_description:/opt/ros/jazzy DEBUGINFOD_URLS=https://debuginfod.ubuntu.com /usr/bin/cmake /home/mario/master_ws/src/estun_moveit -DCMAKE_EXPORT_COMPILE_COMMANDS=ON -DCMAKE_INSTALL_PREFIX=/home/mario/master_ws/install/estun_moveit
[0.025s] -- Found ament_cmake: 2.5.6 (/opt/ros/jazzy/share/ament_cmake/cmake)
[0.276s] -- Configuring done (0.3s)
[0.279s] -- Generating done (0.0s)
[0.280s] [33mCMake Warning:
[0.280s]   Manually-specified variables were not used by the project:
[0.280s] 
[0.280s]     CMAKE_EXPORT_COMPILE_COMMANDS
[0.280s] 
[0.281s] [0m
[0.281s] -- Build files have been written to: /home/mario/master_ws/build/estun_moveit
[0.284s] Invoked command in '/home/mario/master_ws/build/estun_moveit' returned '0': AMENT_PREFIX_PATH=/home/mario/master_ws/install/estun_description:/home/mario/master_ws/install/estun_moveit:/home/mario/master_ws/install/estun_control:/home/mario/master_ws/install/Estun_description:/opt/ros/jazzy CMAKE_PREFIX_PATH=${CMAKE_PREFIX_PATH}:/home/mario/master_ws/install/estun_description:/home/mario/master_ws/install/Estun_description:/opt/ros/jazzy DEBUGINFOD_URLS=https://debuginfod.ubuntu.com /usr/bin/cmake /home/mario/master_ws/src/estun_moveit -DCMAKE_EXPORT_COMPILE_COMMANDS=ON -DCMAKE_INSTALL_PREFIX=/home/mario/master_ws/install/estun_moveit
[0.285s] Invoking command in '/home/mario/master_ws/build/estun_moveit': AMENT_PREFIX_PATH=/home/mario/master_ws/install/estun_description:/home/mario/master_ws/install/estun_moveit:/home/mario/master_ws/install/estun_control:/home/mario/master_ws/install/Estun_description:/opt/ros/jazzy CMAKE_PREFIX_PATH=${CMAKE_PREFIX_PATH}:/home/mario/master_ws/install/estun_description:/home/mario/master_ws/install/Estun_description:/opt/ros/jazzy DEBUGINFOD_URLS=https://debuginfod.ubuntu.com /usr/bin/cmake --build /home/mario/master_ws/build/estun_moveit -- -j12 -l12
[0.323s] Invoked command in '/home/mario/master_ws/build/estun_moveit' returned '0': AMENT_PREFIX_PATH=/home/mario/master_ws/install/estun_description:/home/mario/master_ws/install/estun_moveit:/home/mario/master_ws/install/estun_control:/home/mario/master_ws/install/Estun_description:/opt/ros/jazzy CMAKE_PREFIX_PATH=${CMAKE_PREFIX_PATH}:/home/mario/master_ws/install/estun_description:/home/mario/master_ws/install/Estun_description:/opt/ros/jazzy DEBUGINFOD_URLS=https://debuginfod.ubuntu.com /usr/bin/cmake --build /home/mario/master_ws/build/estun_moveit -- -j12 -l12
[0.324s] Invoking command in '/home/mario/master_ws/build/estun_moveit': AMENT_PREFIX_PATH=/home/mario/master_ws/install/estun_description:/home/mario/master_ws/install/estun_moveit:/home/mario/master_ws/install/estun_control:/home/mario/master_ws/install/Estun_description:/opt/ros/jazzy CMAKE_PREFIX_PATH=${CMAKE_PREFIX_PATH}:/home/mario/master_ws/install/estun_description:/home/mario/master_ws/install/Estun_description:/opt/ros/jazzy DEBUGINFOD_URLS=https://debuginfod.ubuntu.com /usr/bin/cmake --install /home/mario/master_ws/build/estun_moveit
[0.332s] -- Install configuration: ""
[0.332s] -- Up-to-date: /home/mario/master_ws/install/estun_moveit/share/ament_index/resource_index/package_run_dependencies/estun_moveit
[0.332s] -- Up-to-date: /home/mario/master_ws/install/estun_moveit/share/ament_index/resource_index/parent_prefix_path/estun_moveit
[0.332s] -- Up-to-date: /home/mario/master_ws/install/estun_moveit/share/estun_moveit/environment/ament_prefix_path.sh
[0.332s] -- Up-to-date: /home/mario/master_ws/install/estun_moveit/share/estun_moveit/environment/ament_prefix_path.dsv
[0.332s] -- Up-to-date: /home/mario/master_ws/install/estun_moveit/share/estun_moveit/environment/path.sh
[0.333s] -- Up-to-date: /home/mario/master_ws/install/estun_moveit/share/estun_moveit/environment/path.dsv
[0.333s] -- Up-to-date: /home/mario/master_ws/install/estun_moveit/share/estun_moveit/local_setup.bash
[0.333s] -- Up-to-date: /home/mario/master_ws/install/estun_moveit/share/estun_moveit/local_setup.sh
[0.333s] -- Up-to-date: /home/mario/master_ws/install/estun_moveit/share/estun_moveit/local_setup.zsh
[0.333s] -- Up-to-date: /home/mario/master_ws/install/estun_moveit/share/estun_moveit/local_setup.dsv
[0.333s] -- Installing: /home/mario/master_ws/install/estun_moveit/share/estun_moveit/package.dsv
[0.333s] -- Up-to-date: /home/mario/master_ws/install/estun_moveit/share/ament_index/resource_index/packages/estun_moveit
[0.333s] -- Up-to-date: /home/mario/master_ws/install/estun_moveit/share/estun_moveit/cmake/estun_moveitConfig.cmake
[0.333s] -- Up-to-date: /home/mario/master_ws/install/estun_moveit/share/estun_moveit/cmake/estun_moveitConfig-version.cmake
[0.334s] -- Up-to-date: /home/mario/master_ws/install/estun_moveit/share/estun_moveit/package.xml
[0.334s] -- Up-to-date: /home/mario/master_ws/install/estun_moveit/share/estun_moveit/launch
[0.334s] -- Up-to-date: /home/mario/master_ws/install/estun_moveit/share/estun_moveit/launch/spawn_controllers.launch.py
[0.334s] -- Up-to-date: /home/mario/master_ws/install/estun_moveit/share/estun_moveit/launch/demo.launch.py
[0.334s] -- Up-to-date: /home/mario/master_ws/install/estun_moveit/share/estun_moveit/launch/rsp.launch.py
[0.334s] -- Up-to-date: /home/mario/master_ws/install/estun_moveit/share/estun_moveit/launch/setup_assistant.launch.py
[0.334s] -- Up-to-date: /home/mario/master_ws/install/estun_moveit/share/estun_moveit/launch/moveit_rviz.launch.py
[0.334s] -- Up-to-date: /home/mario/master_ws/install/estun_moveit/share/estun_moveit/launch/warehouse_db.launch.py
[0.334s] -- Up-to-date: /home/mario/master_ws/install/estun_moveit/share/estun_moveit/launch/estun_moveit.launch.py
[0.334s] -- Up-to-date: /home/mario/master_ws/install/estun_moveit/share/estun_moveit/launch/move_group.launch.py
[0.334s] -- Up-to-date: /home/mario/master_ws/install/estun_moveit/share/estun_moveit/launch/static_virtual_joint_tfs.launch.py
[0.334s] -- Up-to-date: /home/mario/master_ws/install/estun_moveit/share/estun_moveit/config
[0.334s] -- Up-to-date: /home/mario/master_ws/install/estun_moveit/share/estun_moveit/config/kinematics.yaml
[0.334s] -- Up-to-date: /home/mario/master_ws/install/estun_moveit/share/estun_moveit/config/moveit_controllers.yaml
[0.334s] -- Up-to-date: /home/mario/master_ws/install/estun_moveit/share/estun_moveit/config/joint_limits.yaml
[0.335s] -- Up-to-date: /home/mario/master_ws/install/estun_moveit/share/estun_moveit/config/initial_positions.yaml
[0.335s] -- Up-to-date: /home/mario/master_ws/install/estun_moveit/share/estun_moveit/config/moveit.rviz
[0.335s] -- Up-to-date: /home/mario/master_ws/install/estun_moveit/share/estun_moveit/config/ros2_controllers.yaml
[0.335s] -- Up-to-date: /home/mario/master_ws/install/estun_moveit/share/estun_moveit/config/pilz_cartesian_limits.yaml
[0.335s] -- Up-to-date: /home/mario/master_ws/install/estun_moveit/share/estun_moveit/urdf
[0.336s] -- Up-to-date: /home/mario/master_ws/install/estun_moveit/share/estun_moveit/urdf/custom_world.sdf
[0.336s] -- Up-to-date: /home/mario/master_ws/install/estun_moveit/share/estun_moveit/urdf/estun.urdf.xacro
[0.336s] -- Up-to-date: /home/mario/master_ws/install/estun_moveit/share/estun_moveit/urdf/estun.ros2_control.xacro
[0.336s] -- Up-to-date: /home/mario/master_ws/install/estun_moveit/share/estun_moveit/urdf/estun.urdf
[0.337s] -- Up-to-date: /home/mario/master_ws/install/estun_moveit/share/estun_moveit/urdf/estun.srdf
[0.337s] -- Installing: /home/mario/master_ws/install/estun_moveit/share/estun_moveit/.setup_assistant
[0.337s] Invoked command in '/home/mario/master_ws/build/estun_moveit' returned '0': AMENT_PREFIX_PATH=/home/mario/master_ws/install/estun_description:/home/mario/master_ws/install/estun_moveit:/home/mario/master_ws/install/estun_control:/home/mario/master_ws/install/Estun_description:/opt/ros/jazzy CMAKE_PREFIX_PATH=${CMAKE_PREFIX_PATH}:/home/mario/master_ws/install/estun_description:/home/mario/master_ws/install/Estun_description:/opt/ros/jazzy DEBUGINFOD_URLS=https://debuginfod.ubuntu.com /usr/bin/cmake --install /home/mario/master_ws/build/estun_moveit
