[0.880s] Invoking command in '/home/mario/master_ws/src/estun_description': DEBUGINFOD_URLS=https://debuginfod.ubuntu.com PYTHONPATH=/home/mario/master_ws/build/estun_description/prefix_override:/usr/lib/python3/dist-packages/colcon_core/task/python/colcon_distutils_commands:/home/mario/master_ws/install/estun_description/lib/python3.12/site-packages:${PYTHONPATH} /usr/bin/python3 -W ignore:setup.py install is deprecated -W ignore:easy_install command is deprecated setup.py egg_info --egg-base ../../build/estun_description build --build-base /home/mario/master_ws/build/estun_description/build install --record /home/mario/master_ws/build/estun_description/install.log --install-scripts $base/lib/fusion2urdf_ros2 --single-version-externally-managed install_data
[1.191s] running egg_info
[1.191s] creating ../../build/estun_description/estun_description.egg-info
[1.217s] writing ../../build/estun_description/estun_description.egg-info/PKG-INFO
[1.217s] writing dependency_links to ../../build/estun_description/estun_description.egg-info/dependency_links.txt
[1.217s] writing requirements to ../../build/estun_description/estun_description.egg-info/requires.txt
[1.218s] writing top-level names to ../../build/estun_description/estun_description.egg-info/top_level.txt
[1.218s] writing manifest file '../../build/estun_description/estun_description.egg-info/SOURCES.txt'
[1.274s] reading manifest file '../../build/estun_description/estun_description.egg-info/SOURCES.txt'
[1.274s] writing manifest file '../../build/estun_description/estun_description.egg-info/SOURCES.txt'
[1.275s] running build
[1.275s] running build_py
[1.275s] creating /home/mario/master_ws/build/estun_description/build
[1.275s] creating /home/mario/master_ws/build/estun_description/build/lib
[1.275s] creating /home/mario/master_ws/build/estun_description/build/lib/estun_description
[1.275s] copying estun_description/__init__.py -> /home/mario/master_ws/build/estun_description/build/lib/estun_description
[1.275s] running install
[1.280s] running install_lib
[1.310s] running install_data
[1.310s] running install_egg_info
[1.340s] removing '/home/mario/master_ws/install/estun_description/lib/python3.12/site-packages/estun_description-0.0.0-py3.12.egg-info' (and everything under it)
[1.340s] Copying ../../build/estun_description/estun_description.egg-info to /home/mario/master_ws/install/estun_description/lib/python3.12/site-packages/estun_description-0.0.0-py3.12.egg-info
[1.341s] running install_scripts
[1.538s] writing list of installed files to '/home/mario/master_ws/build/estun_description/install.log'
[1.563s] Invoked command in '/home/mario/master_ws/src/estun_description' returned '0': DEBUGINFOD_URLS=https://debuginfod.ubuntu.com PYTHONPATH=/home/mario/master_ws/build/estun_description/prefix_override:/usr/lib/python3/dist-packages/colcon_core/task/python/colcon_distutils_commands:/home/mario/master_ws/install/estun_description/lib/python3.12/site-packages:${PYTHONPATH} /usr/bin/python3 -W ignore:setup.py install is deprecated -W ignore:easy_install command is deprecated setup.py egg_info --egg-base ../../build/estun_description build --build-base /home/mario/master_ws/build/estun_description/build install --record /home/mario/master_ws/build/estun_description/install.log --install-scripts $base/lib/fusion2urdf_ros2 --single-version-externally-managed install_data
