[0.323s] Invoking command in '/home/mario/master_ws/build/vision_control': CMAKE_PREFIX_PATH=${CMAKE_PREFIX_PATH}:/home/mario/master_ws/install/estun_description:/opt/ros/jazzy DEBUGINFOD_URLS=https://debuginfod.ubuntu.com /usr/bin/cmake --build /home/mario/master_ws/build/vision_control -- -j12 -l12
[0.442s] [ 50%] [32mBuilding CXX object CMakeFiles/pcl_pose_estimation.dir/src/pcl_pose_estimation.cpp.o[0m
[21.657s] [100%] [32m[1mLinking CXX executable pcl_pose_estimation[0m
[27.940s] [100%] Built target pcl_pose_estimation
[27.956s] Invoked command in '/home/mario/master_ws/build/vision_control' returned '0': CMAKE_PREFIX_PATH=${CMAKE_PREFIX_PATH}:/home/mario/master_ws/install/estun_description:/opt/ros/jazzy DEBUGINFOD_URLS=https://debuginfod.ubuntu.com /usr/bin/cmake --build /home/mario/master_ws/build/vision_control -- -j12 -l12
[27.958s] Invoking command in '/home/mario/master_ws/build/vision_control': CMAKE_PREFIX_PATH=${CMAKE_PREFIX_PATH}:/home/mario/master_ws/install/estun_description:/opt/ros/jazzy DEBUGINFOD_URLS=https://debuginfod.ubuntu.com /usr/bin/cmake --install /home/mario/master_ws/build/vision_control
[27.968s] -- Install configuration: ""
[27.968s] -- Installing: /home/mario/master_ws/install/vision_control/lib/vision_control/pcl_pose_estimation
[27.980s] -- Set non-toolchain portion of runtime path of "/home/mario/master_ws/install/vision_control/lib/vision_control/pcl_pose_estimation" to ""
[27.980s] -- Up-to-date: /home/mario/master_ws/install/vision_control/share/ament_index/resource_index/package_run_dependencies/vision_control
[27.980s] -- Up-to-date: /home/mario/master_ws/install/vision_control/share/ament_index/resource_index/parent_prefix_path/vision_control
[27.980s] -- Up-to-date: /home/mario/master_ws/install/vision_control/share/vision_control/environment/ament_prefix_path.sh
[27.980s] -- Up-to-date: /home/mario/master_ws/install/vision_control/share/vision_control/environment/ament_prefix_path.dsv
[27.981s] -- Up-to-date: /home/mario/master_ws/install/vision_control/share/vision_control/environment/path.sh
[27.981s] -- Up-to-date: /home/mario/master_ws/install/vision_control/share/vision_control/environment/path.dsv
[27.981s] -- Up-to-date: /home/mario/master_ws/install/vision_control/share/vision_control/local_setup.bash
[27.981s] -- Up-to-date: /home/mario/master_ws/install/vision_control/share/vision_control/local_setup.sh
[27.981s] -- Up-to-date: /home/mario/master_ws/install/vision_control/share/vision_control/local_setup.zsh
[27.981s] -- Up-to-date: /home/mario/master_ws/install/vision_control/share/vision_control/local_setup.dsv
[27.982s] -- Installing: /home/mario/master_ws/install/vision_control/share/vision_control/package.dsv
[27.982s] -- Up-to-date: /home/mario/master_ws/install/vision_control/share/ament_index/resource_index/packages/vision_control
[27.982s] -- Up-to-date: /home/mario/master_ws/install/vision_control/share/vision_control/cmake/vision_controlConfig.cmake
[27.982s] -- Up-to-date: /home/mario/master_ws/install/vision_control/share/vision_control/cmake/vision_controlConfig-version.cmake
[27.982s] -- Up-to-date: /home/mario/master_ws/install/vision_control/share/vision_control/package.xml
[27.984s] Invoked command in '/home/mario/master_ws/build/vision_control' returned '0': CMAKE_PREFIX_PATH=${CMAKE_PREFIX_PATH}:/home/mario/master_ws/install/estun_description:/opt/ros/jazzy DEBUGINFOD_URLS=https://debuginfod.ubuntu.com /usr/bin/cmake --install /home/mario/master_ws/build/vision_control
