[ 33%] Built target cartesian_planner
[ 66%] Built target mtc_estun
[ 83%] [32mBuilding CXX object CMakeFiles/obstacle_planner.dir/src/obstacle_planner.cpp.o[0m
In file included from [01m[K/home/mario/master_ws/src/estun_control/src/obstacle_planner.cpp:1[m[K:
[01m[K/opt/ros/jazzy/include/moveit_ros_planning_interface/moveit/move_group_interface/move_group_interface.h:51:77:[m[K [01;36m[Knote: [m[K‘[01m[K#pragma message: .h header is obsolete. Please use the .hpp header instead.[m[K’
   51 | #pragma message(".h header is obsolete. Please use the .hpp header instead."[01;36m[K)[m[K
      |                                                                             [01;36m[K^[m[K
In file included from [01m[K/home/mario/master_ws/src/estun_control/src/obstacle_planner.cpp:2[m[K:
[01m[K/opt/ros/jazzy/include/moveit_ros_planning_interface/moveit/planning_scene_interface/planning_scene_interface.h:50:77:[m[K [01;36m[Knote: [m[K‘[01m[K#pragma message: .h header is obsolete. Please use the .hpp header instead.[m[K’
   50 | #pragma message(".h header is obsolete. Please use the .hpp header instead."[01;36m[K)[m[K
      |                                                                             [01;36m[K^[m[K
In file included from [01m[K/opt/ros/jazzy/include/moveit_core/moveit/kinematics_base/kinematics_base.hpp:42[m[K,
                 from [01m[K/opt/ros/jazzy/include/moveit_core/moveit/robot_model/joint_model_group.hpp:42[m[K,
                 from [01m[K/opt/ros/jazzy/include/moveit_core/moveit/robot_model/robot_model.hpp:45[m[K,
                 from [01m[K/opt/ros/jazzy/include/moveit_core/moveit/robot_state/robot_state.hpp:40[m[K,
                 from [01m[K/opt/ros/jazzy/include/moveit_ros_planning_interface/moveit/move_group_interface/move_group_interface.hpp:41[m[K,
                 from [01m[K/opt/ros/jazzy/include/moveit_ros_planning_interface/moveit/move_group_interface/move_group_interface.h:52[m[K:
[01m[K/home/mario/master_ws/src/estun_control/src/obstacle_planner.cpp:[m[K In function ‘[01m[Kint[01;32m[K main[m[K(int, char**)[m[K’:
[01m[K/home/mario/master_ws/src/estun_control/src/obstacle_planner.cpp:367:17:[m[K [01;31m[Kerror: [m[Kinvalid use of ‘[01m[Kthis[m[K’ in non-member function
  367 |     RCLCPP_INFO([01;31m[Kthis[m[K->get_logger(), "Obstacle Parser succesfull");
      |                 [01;31m[K^~~~[m[K
[01m[K/home/mario/master_ws/src/estun_control/src/obstacle_planner.cpp:367:17:[m[K [01;31m[Kerror: [m[Kinvalid use of ‘[01m[Kthis[m[K’ in non-member function
[01m[K/home/mario/master_ws/src/estun_control/src/obstacle_planner.cpp:367:5:[m[K [01;31m[Kerror: [m[Ktemplate argument 1 is invalid
  367 |     [01;31m[KRCLCPP_INFO[m[K(this->get_logger(), "Obstacle Parser succesfull");
      |     [01;31m[K^~~~~~~~~~~[m[K
In file included from [01m[K/opt/ros/jazzy/include/rclcpp/rclcpp/logging.hpp:24[m[K:
[01m[K/home/mario/master_ws/src/estun_control/src/obstacle_planner.cpp:367:17:[m[K [01;31m[Kerror: [m[Kinvalid use of ‘[01m[Kthis[m[K’ in non-member function
  367 |     RCLCPP_INFO([01;31m[Kthis[m[K->get_logger(), "Obstacle Parser succesfull");
      |                 [01;31m[K^~~~[m[K
[01m[K/home/mario/master_ws/src/estun_control/src/obstacle_planner.cpp:367:17:[m[K [01;31m[Kerror: [m[Kinvalid use of ‘[01m[Kthis[m[K’ in non-member function
  367 |     RCLCPP_INFO([01;31m[Kthis[m[K->get_logger(), "Obstacle Parser succesfull");
      |                 [01;31m[K^~~~[m[K
[01m[K/home/mario/master_ws/src/estun_control/src/obstacle_planner.cpp:369:17:[m[K [01;31m[Kerror: [m[Kinvalid use of ‘[01m[Kthis[m[K’ in non-member function
  369 |     RCLCPP_INFO([01;31m[Kthis[m[K->get_logger(), "Setup World succesfull");
      |                 [01;31m[K^~~~[m[K
[01m[K/home/mario/master_ws/src/estun_control/src/obstacle_planner.cpp:369:17:[m[K [01;31m[Kerror: [m[Kinvalid use of ‘[01m[Kthis[m[K’ in non-member function
[01m[K/home/mario/master_ws/src/estun_control/src/obstacle_planner.cpp:369:5:[m[K [01;31m[Kerror: [m[Ktemplate argument 1 is invalid
  369 |     [01;31m[KRCLCPP_INFO[m[K(this->get_logger(), "Setup World succesfull");
      |     [01;31m[K^~~~~~~~~~~[m[K
[01m[K/home/mario/master_ws/src/estun_control/src/obstacle_planner.cpp:369:17:[m[K [01;31m[Kerror: [m[Kinvalid use of ‘[01m[Kthis[m[K’ in non-member function
  369 |     RCLCPP_INFO([01;31m[Kthis[m[K->get_logger(), "Setup World succesfull");
      |                 [01;31m[K^~~~[m[K
[01m[K/home/mario/master_ws/src/estun_control/src/obstacle_planner.cpp:369:17:[m[K [01;31m[Kerror: [m[Kinvalid use of ‘[01m[Kthis[m[K’ in non-member function
  369 |     RCLCPP_INFO([01;31m[Kthis[m[K->get_logger(), "Setup World succesfull");
      |                 [01;31m[K^~~~[m[K
gmake[2]: *** [CMakeFiles/obstacle_planner.dir/build.make:76: CMakeFiles/obstacle_planner.dir/src/obstacle_planner.cpp.o] Fehler 1
gmake[1]: *** [CMakeFiles/Makefile2:167: CMakeFiles/obstacle_planner.dir/all] Fehler 2
gmake: *** [Makefile:146: all] Fehler 2
