[0.324s] Invoking command in '/home/mario/master_ws/build/vision_control': CMAKE_PREFIX_PATH=${CMAKE_PREFIX_PATH}:/home/mario/master_ws/install/estun_description:/opt/ros/jazzy DEBUGINFOD_URLS=https://debuginfod.ubuntu.com /usr/bin/cmake --build /home/mario/master_ws/build/vision_control -- -j12 -l12
[0.468s] [ 50%] [32mBuilding CXX object CMakeFiles/pcl_pose_estimation.dir/src/pcl_pose_estimation.cpp.o[0m
[8.505s] In file included from [01m[K/opt/ros/jazzy/include/rclcpp/rclcpp/logging.hpp:24[m[K,
[8.505s]                  from [01m[K/opt/ros/jazzy/include/rclcpp/rclcpp/copy_all_parameter_values.hpp:27[m[K,
[8.506s]                  from [01m[K/opt/ros/jazzy/include/rclcpp/rclcpp/rclcpp.hpp:175[m[K,
[8.506s]                  from [01m[K/home/mario/master_ws/src/vision_control/src/pcl_pose_estimation.cpp:5[m[K:
[8.506s] [01m[K/home/mario/master_ws/src/vision_control/src/pcl_pose_estimation.cpp:[m[K In member function ‘[01m[Kvoid PointCloudProcessor::[01;32m[Kgenerate_cylinder_master[m[K()[m[K’:
[8.506s] [01m[K/home/mario/master_ws/src/vision_control/src/pcl_pose_estimation.cpp:140:44:[m[K [01;35m[Kwarning: [m[Kformat ‘[01m[K%i[m[K’ expects argument of type ‘[01m[Kint[m[K’, but argument 5 has type ‘[01m[Kdouble[m[K’ [[01;35m[K]8;;https://gcc.gnu.org/onlinedocs/gcc/Warning-Options.html#index-Wformat=-Wformat=]8;;[m[K]
[8.506s]   140 |             RCLCPP_INFO(this->get_logger(),[01;35m[K"i:  %i, spaces_z: %i \n"[m[K, [32m[Ki[m[K, spaces_z);
[8.506s]       |                                            [01;35m[K^~~~~~~~~~~~~~~~~~~~~~~~~[m[K  [32m[K~[m[K
[8.506s]       |                                                                       [32m[K|[m[K
[8.506s]       |                                                                       [32m[Kdouble[m[K
[8.507s] [01m[K/home/mario/master_ws/src/vision_control/src/pcl_pose_estimation.cpp:140:50:[m[K [01;36m[Knote: [m[Kformat string is defined here
[8.507s]   140 |             RCLCPP_INFO(this->get_logger(),"i:  [01;36m[K%i[m[K, spaces_z: %i \n", i, spaces_z);
[8.507s]       |                                                 [01;36m[K~^[m[K
[8.507s]       |                                                  [01;36m[K|[m[K
[8.507s]       |                                                  [01;36m[Kint[m[K
[8.507s]       |                                                 [32m[K%f[m[K
[8.508s] [01m[K/home/mario/master_ws/src/vision_control/src/pcl_pose_estimation.cpp:140:44:[m[K [01;35m[Kwarning: [m[Kformat ‘[01m[K%i[m[K’ expects argument of type ‘[01m[Kint[m[K’, but argument 6 has type ‘[01m[Kdouble[m[K’ [[01;35m[K]8;;https://gcc.gnu.org/onlinedocs/gcc/Warning-Options.html#index-Wformat=-Wformat=]8;;[m[K]
[8.508s]   140 |             RCLCPP_INFO(this->get_logger(),[01;35m[K"i:  %i, spaces_z: %i \n"[m[K, i, [32m[Kspaces_z[m[K);
[8.508s]       |                                            [01;35m[K^~~~~~~~~~~~~~~~~~~~~~~~~[m[K     [32m[K~~~~~~~~[m[K
[8.508s]       |                                                                          [32m[K|[m[K
[8.508s]       |                                                                          [32m[Kdouble[m[K
[8.508s] [01m[K/home/mario/master_ws/src/vision_control/src/pcl_pose_estimation.cpp:140:64:[m[K [01;36m[Knote: [m[Kformat string is defined here
[8.508s]   140 |             RCLCPP_INFO(this->get_logger(),"i:  %i, spaces_z: [01;36m[K%i[m[K \n", i, spaces_z);
[8.508s]       |                                                               [01;36m[K~^[m[K
[8.508s]       |                                                                [01;36m[K|[m[K
[8.508s]       |                                                                [01;36m[Kint[m[K
[8.509s]       |                                                               [32m[K%f[m[K
[21.829s] [100%] [32m[1mLinking CXX executable pcl_pose_estimation[0m
[28.379s] [100%] Built target pcl_pose_estimation
[28.396s] Invoked command in '/home/mario/master_ws/build/vision_control' returned '0': CMAKE_PREFIX_PATH=${CMAKE_PREFIX_PATH}:/home/mario/master_ws/install/estun_description:/opt/ros/jazzy DEBUGINFOD_URLS=https://debuginfod.ubuntu.com /usr/bin/cmake --build /home/mario/master_ws/build/vision_control -- -j12 -l12
[28.398s] Invoking command in '/home/mario/master_ws/build/vision_control': CMAKE_PREFIX_PATH=${CMAKE_PREFIX_PATH}:/home/mario/master_ws/install/estun_description:/opt/ros/jazzy DEBUGINFOD_URLS=https://debuginfod.ubuntu.com /usr/bin/cmake --install /home/mario/master_ws/build/vision_control
[28.408s] -- Install configuration: ""
[28.409s] -- Installing: /home/mario/master_ws/install/vision_control/lib/vision_control/pcl_pose_estimation
[28.423s] -- Set non-toolchain portion of runtime path of "/home/mario/master_ws/install/vision_control/lib/vision_control/pcl_pose_estimation" to ""
[28.423s] -- Up-to-date: /home/mario/master_ws/install/vision_control/share/ament_index/resource_index/package_run_dependencies/vision_control
[28.423s] -- Up-to-date: /home/mario/master_ws/install/vision_control/share/ament_index/resource_index/parent_prefix_path/vision_control
[28.423s] -- Up-to-date: /home/mario/master_ws/install/vision_control/share/vision_control/environment/ament_prefix_path.sh
[28.423s] -- Up-to-date: /home/mario/master_ws/install/vision_control/share/vision_control/environment/ament_prefix_path.dsv
[28.423s] -- Up-to-date: /home/mario/master_ws/install/vision_control/share/vision_control/environment/path.sh
[28.423s] -- Up-to-date: /home/mario/master_ws/install/vision_control/share/vision_control/environment/path.dsv
[28.424s] -- Up-to-date: /home/mario/master_ws/install/vision_control/share/vision_control/local_setup.bash
[28.424s] -- Up-to-date: /home/mario/master_ws/install/vision_control/share/vision_control/local_setup.sh
[28.424s] -- Up-to-date: /home/mario/master_ws/install/vision_control/share/vision_control/local_setup.zsh
[28.424s] -- Up-to-date: /home/mario/master_ws/install/vision_control/share/vision_control/local_setup.dsv
[28.424s] -- Installing: /home/mario/master_ws/install/vision_control/share/vision_control/package.dsv
[28.424s] -- Up-to-date: /home/mario/master_ws/install/vision_control/share/ament_index/resource_index/packages/vision_control
[28.424s] -- Up-to-date: /home/mario/master_ws/install/vision_control/share/vision_control/cmake/vision_controlConfig.cmake
[28.424s] -- Up-to-date: /home/mario/master_ws/install/vision_control/share/vision_control/cmake/vision_controlConfig-version.cmake
[28.425s] -- Up-to-date: /home/mario/master_ws/install/vision_control/share/vision_control/package.xml
[28.426s] Invoked command in '/home/mario/master_ws/build/vision_control' returned '0': CMAKE_PREFIX_PATH=${CMAKE_PREFIX_PATH}:/home/mario/master_ws/install/estun_description:/opt/ros/jazzy DEBUGINFOD_URLS=https://debuginfod.ubuntu.com /usr/bin/cmake --install /home/mario/master_ws/build/vision_control
