[ 33%] Built target cartesian_planner
[ 66%] Built target obstacle_planner
[ 83%] [32mBuilding CXX object CMakeFiles/mtc_estun.dir/src/mtc_estun.cpp.o[0m
In file included from [01m[K/home/mario/master_ws/src/estun_control/src/mtc_estun.cpp:2[m[K:
[01m[K/opt/ros/jazzy/include/moveit_core/moveit/planning_scene/planning_scene.h:50:77:[m[K [01;36m[Knote: [m[K‘[01m[K#pragma message: .h header is obsolete. Please use the .hpp header instead.[m[K’
   50 | #pragma message(".h header is obsolete. Please use the .hpp header instead."[01;36m[K)[m[K
      |                                                                             [01;36m[K^[m[K
In file included from [01m[K/home/mario/master_ws/src/estun_control/src/mtc_estun.cpp:3[m[K:
[01m[K/opt/ros/jazzy/include/moveit_ros_planning_interface/moveit/planning_scene_interface/planning_scene_interface.h:50:77:[m[K [01;36m[Knote: [m[K‘[01m[K#pragma message: .h header is obsolete. Please use the .hpp header instead.[m[K’
   50 | #pragma message(".h header is obsolete. Please use the .hpp header instead."[01;36m[K)[m[K
      |                                                                             [01;36m[K^[m[K
In file included from [01m[K/opt/ros/jazzy/include/parameter_traits/parameter_traits/parameter_traits.hpp:37[m[K,
                 from [01m[K/opt/ros/jazzy/include/moveit_ros_planning/planning_pipeline_parameters.hpp:26[m[K,
                 from [01m[K/opt/ros/jazzy/include/moveit_ros_planning/moveit/planning_pipeline/planning_pipeline.hpp:52[m[K,
                 from [01m[K/opt/ros/jazzy/include/moveit_ros_planning/moveit/planning_pipeline_interfaces/planning_pipeline_interfaces.hpp:43[m[K,
                 from [01m[K/home/mario/master_ws/install/moveit_task_constructor_core/include/moveit/task_constructor/solvers/pipeline_planner.h:42[m[K,
                 from [01m[K/home/mario/master_ws/install/moveit_task_constructor_core/include/moveit/task_constructor/solvers.h:43[m[K,
                 from [01m[K/home/mario/master_ws/src/estun_control/src/mtc_estun.cpp:5[m[K:
[01m[K/opt/ros/jazzy/include/tl_expected/expected.hpp:18:167:[m[K [01;36m[Knote: [m[K‘[01m[K#pragma message: tl_expected/expected.hpp is deprecated. Use <tl/expected.hpp> from libexpected-dev, or <rcpputils/tl_expected/expected.hpp> if the system header is not available.[m[K’
   18 |   "tl_expected/expected.hpp is deprecated. Use <tl/expected.hpp> from libexpected-dev, or <rcpputils/tl_expected/expected.hpp> if the system header is not available."[01;36m[K)[m[K // NOLINT
      |                                                                                                                                                                       [01;36m[K^[m[K
[100%] [32m[1mLinking CXX executable mtc_estun[0m
[100%] Built target mtc_estun
-- Install configuration: ""
-- Installing: /home/mario/master_ws/install/estun_control/lib/estun_control/mtc_estun
-- Set non-toolchain portion of runtime path of "/home/mario/master_ws/install/estun_control/lib/estun_control/mtc_estun" to ""
-- Up-to-date: /home/mario/master_ws/install/estun_control/share/estun_control/launch
-- Up-to-date: /home/mario/master_ws/install/estun_control/share/estun_control/launch/estun_obstacle_planner.launch.py
-- Up-to-date: /home/mario/master_ws/install/estun_control/share/estun_control/launch/test.launch.py
-- Up-to-date: /home/mario/master_ws/install/estun_control/share/estun_control/launch/estun_cartesian.launch.py
-- Up-to-date: /home/mario/master_ws/install/estun_control/share/estun_control/meshes
-- Up-to-date: /home/mario/master_ws/install/estun_control/share/estun_control/meshes/arm_01_1.stl
-- Up-to-date: /home/mario/master_ws/install/estun_control/share/estun_control/meshes/test_part.stl
-- Up-to-date: /home/mario/master_ws/install/estun_control/share/estun_control/meshes/Vermessungsstation.stl
-- Up-to-date: /home/mario/master_ws/install/estun_control/share/estun_control/meshes/Palettenwagen.stl
-- Up-to-date: /home/mario/master_ws/install/estun_control/share/estun_control/meshes/Industriezaun.stl
-- Up-to-date: /home/mario/master_ws/install/estun_control/share/estun_control/meshes/Container.stl
-- Up-to-date: /home/mario/master_ws/install/estun_control/share/estun_control/meshes/Probekoerper.stl
-- Up-to-date: /home/mario/master_ws/install/estun_control/share/estun_control/meshes/Druckpruefmaschine.stl
-- Up-to-date: /home/mario/master_ws/install/estun_control/share/estun_control/meshes/Tisch.stl
-- Up-to-date: /home/mario/master_ws/install/estun_control/lib/estun_control/cartesian_planner
-- Up-to-date: /home/mario/master_ws/install/estun_control/lib/estun_control/obstacle_planner
-- Up-to-date: /home/mario/master_ws/install/estun_control/share/ament_index/resource_index/package_run_dependencies/estun_control
-- Up-to-date: /home/mario/master_ws/install/estun_control/share/ament_index/resource_index/parent_prefix_path/estun_control
-- Up-to-date: /home/mario/master_ws/install/estun_control/share/estun_control/environment/ament_prefix_path.sh
-- Up-to-date: /home/mario/master_ws/install/estun_control/share/estun_control/environment/ament_prefix_path.dsv
-- Up-to-date: /home/mario/master_ws/install/estun_control/share/estun_control/environment/path.sh
-- Up-to-date: /home/mario/master_ws/install/estun_control/share/estun_control/environment/path.dsv
-- Up-to-date: /home/mario/master_ws/install/estun_control/share/estun_control/local_setup.bash
-- Up-to-date: /home/mario/master_ws/install/estun_control/share/estun_control/local_setup.sh
-- Up-to-date: /home/mario/master_ws/install/estun_control/share/estun_control/local_setup.zsh
-- Up-to-date: /home/mario/master_ws/install/estun_control/share/estun_control/local_setup.dsv
-- Installing: /home/mario/master_ws/install/estun_control/share/estun_control/package.dsv
-- Up-to-date: /home/mario/master_ws/install/estun_control/share/ament_index/resource_index/packages/estun_control
-- Up-to-date: /home/mario/master_ws/install/estun_control/share/estun_control/cmake/estun_controlConfig.cmake
-- Up-to-date: /home/mario/master_ws/install/estun_control/share/estun_control/cmake/estun_controlConfig-version.cmake
-- Up-to-date: /home/mario/master_ws/install/estun_control/share/estun_control/package.xml
