[0.022s] Invoking command in '/home/mario/master_ws/build/moveit_task_constructor_msgs': CMAKE_PREFIX_PATH=${CMAKE_PREFIX_PATH}:/home/mario/master_ws/install/estun_description:/opt/ros/jazzy DEBUGINFOD_URLS=https://debuginfod.ubuntu.com /usr/bin/cmake --build /home/mario/master_ws/build/moveit_task_constructor_msgs -- -j12 -l12
[0.254s] [  1%] Built target moveit_task_constructor_msgs__rosidl_generator_type_description
[0.255s] [  1%] Built target moveit_task_constructor_msgs__rs
[0.255s] [  1%] Built target ament_cmake_python_copy_moveit_task_constructor_msgs
[0.255s] [  1%] Built target moveit_task_constructor_msgs__cpp
[0.255s] [ 27%] Built target moveit_task_constructor_msgs__rosidl_generator_c
[0.255s] [ 46%] Built target moveit_task_constructor_msgs__rosidl_typesupport_c
[0.255s] [ 46%] Built target moveit_task_constructor_msgs__rosidl_typesupport_fastrtps_c
[0.256s] [ 56%] Built target moveit_task_constructor_msgs__rosidl_typesupport_introspection_c
[0.256s] [ 74%] Built target moveit_task_constructor_msgs__rosidl_typesupport_fastrtps_cpp
[0.256s] [ 75%] Built target moveit_task_constructor_msgs__rosidl_typesupport_cpp
[0.256s] [ 85%] Built target moveit_task_constructor_msgs__rosidl_typesupport_introspection_cpp
[0.256s] [ 85%] Built target moveit_task_constructor_msgs
[0.256s] [ 86%] Built target moveit_task_constructor_msgs__py
[0.256s] [ 95%] Built target moveit_task_constructor_msgs__rosidl_generator_py
[0.258s] [ 96%] Built target moveit_task_constructor_msgs_s__rosidl_typesupport_fastrtps_c
[0.258s] [ 98%] Built target moveit_task_constructor_msgs_s__rosidl_typesupport_introspection_c
[0.260s] [100%] Built target moveit_task_constructor_msgs_s__rosidl_typesupport_c
[0.340s] running egg_info
[0.367s] writing moveit_task_constructor_msgs.egg-info/PKG-INFO
[0.367s] writing dependency_links to moveit_task_constructor_msgs.egg-info/dependency_links.txt
[0.367s] writing top-level names to moveit_task_constructor_msgs.egg-info/top_level.txt
[0.447s] reading manifest file 'moveit_task_constructor_msgs.egg-info/SOURCES.txt'
[0.448s] writing manifest file 'moveit_task_constructor_msgs.egg-info/SOURCES.txt'
[0.474s] [100%] Built target ament_cmake_python_build_moveit_task_constructor_msgs_egg
