[0.215s] Invoking command in '/home/mario/master_ws/build/estun_control': CMAKE_PREFIX_PATH=${CMAKE_PREFIX_PATH}:/home/mario/master_ws/install/estun_description:/home/mario/master_ws/install/Estun_description:/opt/ros/jazzy DEBUGINFOD_URLS=https://debuginfod.ubuntu.com /usr/bin/cmake --build /home/mario/master_ws/build/estun_control -- -j12 -l12
[0.243s] -- Found ament_cmake: 2.5.6 (/opt/ros/jazzy/share/ament_cmake/cmake)
[0.429s] -- Found rclcpp: 28.1.21 (/opt/ros/jazzy/share/rclcpp/cmake)
[0.482s] -- Found rosidl_generator_c: 4.6.9 (/opt/ros/jazzy/share/rosidl_generator_c/cmake)
[0.490s] -- Found rosidl_generator_cpp: 4.6.9 (/opt/ros/jazzy/share/rosidl_generator_cpp/cmake)
[0.501s] -- Using all available rosidl_typesupport_c: rosidl_typesupport_fastrtps_c;rosidl_typesupport_introspection_c
[0.513s] -- Using all available rosidl_typesupport_cpp: rosidl_typesupport_fastrtps_cpp;rosidl_typesupport_introspection_cpp
[0.570s] -- Found rmw_implementation_cmake: 7.3.3 (/opt/ros/jazzy/share/rmw_implementation_cmake/cmake)
[0.571s] -- Found rmw_fastrtps_cpp: 8.4.4 (/opt/ros/jazzy/share/rmw_fastrtps_cpp/cmake)
[0.636s] -- Using RMW implementation 'rmw_fastrtps_cpp' as default
[0.704s] -- Found moveit: 2.12.4 (/opt/ros/jazzy/share/moveit/cmake)
[0.704s] -- Found std_msgs: 5.3.8 (/opt/ros/jazzy/share/std_msgs/cmake)
[0.716s] -- Found moveit_msgs: 2.6.0 (/opt/ros/jazzy/share/moveit_msgs/cmake)
[0.949s] -- Found moveit_ros_planning_interface: 2.12.4 (/opt/ros/jazzy/share/moveit_ros_planning_interface/cmake)
[0.962s] -- Found Boost: /usr/lib/x86_64-linux-gnu/cmake/Boost-1.83.0/BoostConfig.cmake (found version "1.83.0") found components: date_time filesystem program_options system thread 
[0.975s] -- Found Boost: /usr/lib/x86_64-linux-gnu/cmake/Boost-1.83.0/BoostConfig.cmake (found version "1.83.0") found components: chrono date_time filesystem iostreams program_options regex serialization system thread 
[1.004s] -- Found parameter_traits: 0.7.3 (/opt/ros/jazzy/share/parameter_traits/cmake)
[1.009s] [0mCMake Deprecation Warning at /opt/ros/jazzy/share/tl_expected/cmake/tl_expectedConfig.cmake:37 (message):
[1.009s]   Package 'tl_expected' is deprecated (This package will be removed in ROS 2
[1.009s]   Lyrical Luth.
[1.009s] 
[1.009s]         Use tl/expected.hpp from libexpected-dev,
[1.009s]         or rcpputils/tl_expected/expected.hpp if the system header is not available)
[1.009s] Call Stack (most recent call first):
[1.009s]   /opt/ros/jazzy/share/parameter_traits/cmake/ament_cmake_export_dependencies-extras.cmake:21 (find_package)
[1.010s]   /opt/ros/jazzy/share/parameter_traits/cmake/parameter_traitsConfig.cmake:41 (include)
[1.010s]   /opt/ros/jazzy/share/generate_parameter_library/cmake/generate_parameter_library-extras.cmake:30 (find_package)
[1.010s]   /opt/ros/jazzy/share/generate_parameter_library/cmake/generate_parameter_libraryConfig.cmake:41 (include)
[1.010s]   /opt/ros/jazzy/share/moveit_core/cmake/ament_cmake_export_dependencies-extras.cmake:21 (find_package)
[1.010s]   /opt/ros/jazzy/share/moveit_core/cmake/moveit_coreConfig.cmake:41 (include)
[1.010s]   /opt/ros/jazzy/share/moveit_ros_planning_interface/cmake/ament_cmake_export_dependencies-extras.cmake:21 (find_package)
[1.010s]   /opt/ros/jazzy/share/moveit_ros_planning_interface/cmake/moveit_ros_planning_interfaceConfig.cmake:41 (include)
[1.010s]   CMakeLists.txt:15 (find_package)
[1.011s] 
[1.011s] [0m
[1.011s] -- Found rclcpp_lifecycle: 28.1.21 (/opt/ros/jazzy/share/rclcpp_lifecycle/cmake)
[1.080s] -- Ensuring Eigen3 include directory is part of orocos-kdl CMake target
[1.199s] -- Found Boost: /usr/lib/x86_64-linux-gnu/cmake/Boost-1.83.0/BoostConfig.cmake (found version "1.83.0") found components: system filesystem date_time program_options thread chrono 
[1.246s] -- Found Boost: /usr/lib/x86_64-linux-gnu/cmake/Boost-1.83.0/BoostConfig.cmake (found version "1.83.0") found components: thread system filesystem regex date_time program_options 
[1.269s] -- Found Boost: /usr/lib/x86_64-linux-gnu/cmake/Boost-1.83.0/BoostConfig.cmake (found version "1.83.0") found components: system filesystem date_time program_options thread 
[1.307s] -- Found Boost: /usr/lib/x86_64-linux-gnu/cmake/Boost-1.83.0/BoostConfig.cmake (found version "1.83.0") found components: thread 
[1.308s] -- Looking for sdformat14 -- found version 14.9.0
[1.312s] -- Searching for dependencies of sdformat14
[1.319s] -- Checking for module 'tinyxml2'
[1.338s] --   Found tinyxml2, version 10.0.0
[1.379s] -- Looking for gz-math7 -- found version 7.6.0
[1.379s] -- Searching for dependencies of gz-math7
[1.379s] -- Looking for gz-utils2 -- found version 2.2.1
[1.379s] -- Searching for dependencies of gz-utils2
[1.381s] -- Looking for gz-utils2 -- found version 2.2.1
[1.381s] -- Searching for dependencies of gz-utils2
[1.381s] -- Searching for <gz-utils2> component [cli]
[1.381s] -- Looking for gz-utils2-cli -- found version 2.2.1
[1.381s] -- Searching for dependencies of gz-utils2-cli
[1.386s] -- Found ament_lint_auto: 0.17.5 (/opt/ros/jazzy/share/ament_lint_auto/cmake)
[1.464s] -- Added test 'cppcheck' to perform static code analysis on C / C++ code
[1.464s] -- Configured cppcheck include dirs: 
[1.464s] -- Configured cppcheck exclude dirs and/or files: 
[1.464s] -- Added test 'flake8' to check Python code syntax and style conventions
[1.464s] -- Configured 'flake8' exclude dirs and/or files: 
[1.464s] -- Added test 'lint_cmake' to check CMake code style
[1.465s] -- Added test 'pep257' to check Python code against some of the docstring style conventions in PEP 257
[1.466s] -- Added test 'uncrustify' to check C / C++ code style
[1.466s] -- Configured uncrustify additional arguments: 
[1.466s] -- Added test 'xmllint' to check XML markup files
[1.467s] -- Configuring done (1.2s)
[1.510s] -- Generating done (0.0s)
[1.519s] -- Build files have been written to: /home/mario/master_ws/build/estun_control
[1.586s] [ 25%] [32mBuilding CXX object CMakeFiles/cartesian_planner.dir/src/cartesian_planner.cpp.o[0m
[1.597s] [ 50%] [32mBuilding CXX object CMakeFiles/obstacle_planner.dir/src/obstacle_planner.cpp.o[0m
[2.245s] In file included from [01m[K/home/mario/master_ws/src/estun_control/src/cartesian_planner.cpp:1[m[K:
[2.245s] [01m[K/opt/ros/jazzy/include/moveit_ros_planning_interface/moveit/move_group_interface/move_group_interface.h:51:77:[m[K [01;36m[Knote: [m[K‘[01m[K#pragma message: .h header is obsolete. Please use the .hpp header instead.[m[K’
[2.245s]    51 | #pragma message(".h header is obsolete. Please use the .hpp header instead."[01;36m[K)[m[K
[2.245s]       |                                                                             [01;36m[K^[m[K
[3.277s] In file included from [01m[K/opt/ros/jazzy/opt/sdformat_vendor/include/gz/sdformat14/sdformat.hh:23[m[K,
[3.277s]                  from [01m[K/opt/ros/jazzy/opt/sdformat_vendor/include/gz/sdformat14/sdf/sdf.hh:23[m[K,
[3.277s]                  from [01m[K/home/mario/master_ws/src/estun_control/src/obstacle_planner.cpp:20[m[K:
[3.277s] [01m[K/opt/ros/jazzy/opt/sdformat_vendor/include/gz/sdformat14/sdf/Actor.hh:23:10:[m[K [01;31m[Kfatal error: [m[Kgz/math/Pose3.hh: Datei oder Verzeichnis nicht gefunden
[3.277s]    23 | #include [01;31m[K<gz/math/Pose3.hh>[m[K
[3.277s]       |          [01;31m[K^~~~~~~~~~~~~~~~~~[m[K
[3.278s] compilation terminated.
[3.300s] gmake[2]: *** [CMakeFiles/obstacle_planner.dir/build.make:76: CMakeFiles/obstacle_planner.dir/src/obstacle_planner.cpp.o] Fehler 1
[3.300s] gmake[1]: *** [CMakeFiles/Makefile2:165: CMakeFiles/obstacle_planner.dir/all] Fehler 2
[3.300s] gmake[1]: *** Auf noch nicht beendete Prozesse wird gewartet …
[5.245s] In file included from [01m[K/home/mario/master_ws/src/estun_control/src/cartesian_planner.cpp:2[m[K:
[5.245s] [01m[K/opt/ros/jazzy/include/moveit_ros_planning_interface/moveit/planning_scene_interface/planning_scene_interface.h:50:77:[m[K [01;36m[Knote: [m[K‘[01m[K#pragma message: .h header is obsolete. Please use the .hpp header instead.[m[K’
[5.246s]    50 | #pragma message(".h header is obsolete. Please use the .hpp header instead."[01;36m[K)[m[K
[5.246s]       |                                                                             [01;36m[K^[m[K
[5.288s] [01m[K/home/mario/master_ws/src/estun_control/src/cartesian_planner.cpp:[m[K In member function ‘[01m[Kvoid CartesianPlanner::[01;32m[Kplan[m[K()[m[K’:
[5.288s] [01m[K/home/mario/master_ws/src/estun_control/src/cartesian_planner.cpp:82:54:[m[K [01;35m[Kwarning: [m[K‘[01m[Kdouble moveit::planning_interface::MoveGroupInterface::[01;32m[KcomputeCartesianPath[m[K(const std::vector<geometry_msgs::msg::Pose_<std::allocator<void> > >&, double, double, moveit_msgs::msg::RobotTrajectory&, bool, moveit_msgs::msg::MoveItErrorCodes*)[m[K’ is deprecated: Drop jump_threshold [[01;35m[K]8;;https://gcc.gnu.org/onlinedocs/gcc/Warning-Options.html#index-Wdeprecated-declarations-Wdeprecated-declarations]8;;[m[K]
[5.288s]    82 |     double fraction = [01;35m[Kmove_group.computeCartesianPath(waypoints, step, jump_th, traj)[m[K; //Funktion gibt werte zwischen 0 und 1 zurück oder -1 für failed
[5.289s]       |                       [01;35m[K~~~~~~~~~~~~~~~~~~~~~~~~~~~~~~~^~~~~~~~~~~~~~~~~~~~~~~~~~~~~~~~[m[K
[5.289s] In file included from [01m[K/opt/ros/jazzy/include/moveit_ros_planning_interface/moveit/move_group_interface/move_group_interface.h:52[m[K:
[5.289s] [01m[K/opt/ros/jazzy/include/moveit_ros_planning_interface/moveit/move_group_interface/move_group_interface.hpp:765:3:[m[K [01;36m[Knote: [m[Kdeclared here
[5.289s]   765 |   [01;36m[KcomputeCartesianPath[m[K(const std::vector<geometry_msgs::msg::Pose>& waypoints, double eef_step,
[5.289s]       |   [01;36m[K^~~~~~~~~~~~~~~~~~~~[m[K
[5.289s] In file included from [01m[K/opt/ros/jazzy/include/rclcpp/rclcpp/logging.hpp:24[m[K,
[5.290s]                  from [01m[K/opt/ros/jazzy/include/moveit_core/moveit/kinematics_base/kinematics_base.hpp:42[m[K,
[5.290s]                  from [01m[K/opt/ros/jazzy/include/moveit_core/moveit/robot_model/joint_model_group.hpp:42[m[K,
[5.290s]                  from [01m[K/opt/ros/jazzy/include/moveit_core/moveit/robot_model/robot_model.hpp:45[m[K,
[5.290s]                  from [01m[K/opt/ros/jazzy/include/moveit_core/moveit/robot_state/robot_state.hpp:40[m[K,
[5.290s]                  from [01m[K/opt/ros/jazzy/include/moveit_ros_planning_interface/moveit/move_group_interface/move_group_interface.hpp:41[m[K:
[5.290s] [01m[K/home/mario/master_ws/src/estun_control/src/cartesian_planner.cpp:87:61:[m[K [01;35m[Kwarning: [m[Kformat ‘[01m[K%d[m[K’ expects argument of type ‘[01m[Kint[m[K’, but argument 5 has type ‘[01m[Kdouble[m[K’ [[01;35m[K]8;;https://gcc.gnu.org/onlinedocs/gcc/Warning-Options.html#index-Wformat=-Wformat=]8;;[m[K]
[5.290s]    87 |         RCLCPP_ERROR(rclcpp::get_logger("moveit_executor"), [01;35m[K"Trajectory calculation failed | fraction: %d"[m[K, [32m[Kfraction[m[K);
[5.291s]       |                                                             [01;35m[K^~~~~~~~~~~~~~~~~~~~~~~~~~~~~~~~~~~~~~~~~~~~~~[m[K  [32m[K~~~~~~~~[m[K
[5.291s]       |                                                                                                             [32m[K|[m[K
[5.291s]       |                                                                                                             [32m[Kdouble[m[K
[5.291s] [01m[K/home/mario/master_ws/src/estun_control/src/cartesian_planner.cpp:87:105:[m[K [01;36m[Knote: [m[Kformat string is defined here
[5.291s]    87 |     RCLCPP_ERROR(rclcpp::get_logger("moveit_executor"), "Trajectory calculation failed | fraction: [01;36m[K%d[m[K", fraction);
[5.291s]       |                                                                                                    [01;36m[K~^[m[K
[5.291s]       |                                                                                                     [01;36m[K|[m[K
[5.292s]       |                                                                                                     [01;36m[Kint[m[K
[5.292s]       |                                                                                                    [32m[K%f[m[K
[7.551s] [ 75%] [32m[1mLinking CXX executable cartesian_planner[0m
[7.875s] [ 75%] Built target cartesian_planner
[7.876s] gmake: *** [Makefile:146: all] Fehler 2
[7.879s] Invoked command in '/home/mario/master_ws/build/estun_control' returned '2': CMAKE_PREFIX_PATH=${CMAKE_PREFIX_PATH}:/home/mario/master_ws/install/estun_description:/home/mario/master_ws/install/Estun_description:/opt/ros/jazzy DEBUGINFOD_URLS=https://debuginfod.ubuntu.com /usr/bin/cmake --build /home/mario/master_ws/build/estun_control -- -j12 -l12
