[0.025s] Invoking command in '/home/mario/master_ws/build/estun_control': CMAKE_PREFIX_PATH=/home/mario/master_ws/install/moveit_task_constructor_core:/home/mario/master_ws/install/rviz_marker_tools:/home/mario/master_ws/install/robot_interfaces:/home/mario/master_ws/install/moveit_task_constructor_msgs:/home/mario/master_ws/install/vision_control:/home/mario/master_ws/install/moveit_task_constructor_demo:/home/mario/master_ws/install/moveit_task_constructor_visualization:/home/mario/master_ws/install/moveit_task_constructor_capabilities:/home/mario/master_ws/install/estun_control:/home/mario/master_ws/install/estun_moveit:/opt/ros/jazzy/opt/gz_sim_vendor:/opt/ros/jazzy/opt/gz_sensors_vendor:/opt/ros/jazzy/opt/gz_physics_vendor:/opt/ros/jazzy/opt/sdformat_vendor:/opt/ros/jazzy/opt/gz_gui_vendor:/opt/ros/jazzy/opt/gz_transport_vendor:/opt/ros/jazzy/opt/gz_rendering_vendor:/opt/ros/jazzy/opt/gz_plugin_vendor:/opt/ros/jazzy/opt/gz_fuel_tools_vendor:/opt/ros/jazzy/opt/gz_msgs_vendor:/opt/ros/jazzy/opt/gz_common_vendor:/opt/ros/jazzy/opt/gz_math_vendor:/opt/ros/jazzy/opt/gz_utils_vendor:/opt/ros/jazzy/opt/gz_tools_vendor:/opt/ros/jazzy/opt/gz_ogre_next_vendor:/opt/ros/jazzy/opt/gz_dartsim_vendor:/opt/ros/jazzy/opt/gz_cmake_vendor:/home/mario/master_ws/install/estun_description:/opt/ros/jazzy DEBUGINFOD_URLS=https://debuginfod.ubuntu.com LD_LIBRARY_PATH=/home/mario/master_ws/install/moveit_task_constructor_core/lib:/home/mario/master_ws/install/rviz_marker_tools/lib:/home/mario/master_ws/install/robot_interfaces/lib:/home/mario/master_ws/install/moveit_task_constructor_msgs/lib:/home/mario/master_ws/install/moveit_task_constructor_demo/lib:/home/mario/master_ws/install/moveit_task_constructor_visualization/lib:/home/mario/master_ws/install/moveit_task_constructor_capabilities/lib:/opt/ros/jazzy/opt/gz_sim_vendor/lib:/opt/ros/jazzy/opt/gz_sensors_vendor/lib:/opt/ros/jazzy/opt/gz_physics_vendor/lib:/opt/ros/jazzy/opt/sdformat_vendor/lib:/opt/ros/jazzy/opt/rviz_ogre_vendor/lib:/opt/ros/jazzy/lib/x86_64-linux-gnu:/opt/ros/jazzy/opt/gz_gui_vendor/lib:/opt/ros/jazzy/opt/gz_transport_vendor/lib:/opt/ros/jazzy/opt/gz_rendering_vendor/lib:/opt/ros/jazzy/opt/gz_plugin_vendor/lib:/opt/ros/jazzy/opt/gz_fuel_tools_vendor/lib:/opt/ros/jazzy/opt/gz_msgs_vendor/lib:/opt/ros/jazzy/opt/gz_common_vendor/lib:/opt/ros/jazzy/opt/gz_math_vendor/lib:/opt/ros/jazzy/opt/gz_utils_vendor/lib:/opt/ros/jazzy/opt/gz_tools_vendor/lib:/opt/ros/jazzy/opt/gz_ogre_next_vendor/lib:/opt/ros/jazzy/opt/gz_dartsim_vendor/lib:/opt/ros/jazzy/opt/gz_cmake_vendor/lib:/opt/ros/jazzy/lib /usr/bin/cmake --build /home/mario/master_ws/build/estun_control -- -j12 -l12
[0.097s] [ 33%] Built target cartesian_planner
[0.098s] [ 66%] Built target mtc_estun
[0.131s] [ 83%] [32mBuilding CXX object CMakeFiles/obstacle_planner.dir/src/obstacle_planner.cpp.o[0m
[2.034s] In file included from [01m[K/home/mario/master_ws/src/estun_control/src/obstacle_planner.cpp:1[m[K:
[2.034s] [01m[K/opt/ros/jazzy/include/moveit_ros_planning_interface/moveit/move_group_interface/move_group_interface.h:51:77:[m[K [01;36m[Knote: [m[K‘[01m[K#pragma message: .h header is obsolete. Please use the .hpp header instead.[m[K’
[2.035s]    51 | #pragma message(".h header is obsolete. Please use the .hpp header instead."[01;36m[K)[m[K
[2.035s]       |                                                                             [01;36m[K^[m[K
[5.283s] In file included from [01m[K/home/mario/master_ws/src/estun_control/src/obstacle_planner.cpp:2[m[K:
[5.283s] [01m[K/opt/ros/jazzy/include/moveit_ros_planning_interface/moveit/planning_scene_interface/planning_scene_interface.h:50:77:[m[K [01;36m[Knote: [m[K‘[01m[K#pragma message: .h header is obsolete. Please use the .hpp header instead.[m[K’
[5.283s]    50 | #pragma message(".h header is obsolete. Please use the .hpp header instead."[01;36m[K)[m[K
[5.284s]       |                                                                             [01;36m[K^[m[K
[6.764s] In file included from [01m[K/opt/ros/jazzy/include/rclcpp/rclcpp/logging.hpp:24[m[K,
[6.765s]                  from [01m[K/opt/ros/jazzy/include/moveit_core/moveit/kinematics_base/kinematics_base.hpp:42[m[K,
[6.765s]                  from [01m[K/opt/ros/jazzy/include/moveit_core/moveit/robot_model/joint_model_group.hpp:42[m[K,
[6.765s]                  from [01m[K/opt/ros/jazzy/include/moveit_core/moveit/robot_model/robot_model.hpp:45[m[K,
[6.765s]                  from [01m[K/opt/ros/jazzy/include/moveit_core/moveit/robot_state/robot_state.hpp:40[m[K,
[6.765s]                  from [01m[K/opt/ros/jazzy/include/moveit_ros_planning_interface/moveit/move_group_interface/move_group_interface.hpp:41[m[K,
[6.765s]                  from [01m[K/opt/ros/jazzy/include/moveit_ros_planning_interface/moveit/move_group_interface/move_group_interface.h:52[m[K:
[6.766s] [01m[K/home/mario/master_ws/src/estun_control/src/obstacle_planner.cpp:[m[K In member function ‘[01m[Kvoid ObstaclePlanner::[01;32m[KaddProbekoerper[m[K(robot_interfaces::msg::ObjectPose)[m[K’:
[6.766s] [01m[K/home/mario/master_ws/src/estun_control/src/obstacle_planner.cpp:155:40:[m[K [01;35m[Kwarning: [m[Kformat ‘[01m[K%i[m[K’ expects argument of type ‘[01m[Kint[m[K’, but argument 5 has type ‘[01m[Kstd::vector<robot_interfaces::msg::ObjectPose_<std::allocator<void> > >::size_type[m[K’ {aka ‘[01m[Klong unsigned int[m[K’} [[01;35m[K]8;;https://gcc.gnu.org/onlinedocs/gcc/Warning-Options.html#index-Wformat=-Wformat=]8;;[m[K]
[6.766s]   155 |         RCLCPP_INFO(this->get_logger(),[01;35m[K"Message_new_size: %i"[m[K, [32m[Kmsg_vector_new.size()[m[K);
[6.766s]       |                                        [01;35m[K^~~~~~~~~~~~~~~~~~~~~~[m[K  [32m[K~~~~~~~~~~~~~~~~~~~~~[m[K
[6.766s]       |                                                                                   [32m[K|[m[K
[6.766s]       |                                                                                   [32m[Kstd::vector<robot_interfaces::msg::ObjectPose_<std::allocator<void> > >::size_type {aka long unsigned int}[m[K
[6.767s] [01m[K/home/mario/master_ws/src/estun_control/src/obstacle_planner.cpp:155:60:[m[K [01;36m[Knote: [m[Kformat string is defined here
[6.767s]   155 |         RCLCPP_INFO(this->get_logger(),"Message_new_size: [01;36m[K%i[m[K", msg_vector_new.size());
[6.767s]       |                                                           [01;36m[K~^[m[K
[6.767s]       |                                                            [01;36m[K|[m[K
[6.767s]       |                                                            [01;36m[Kint[m[K
[6.767s]       |                                                           [32m[K%li[m[K
[6.768s] [01m[K/home/mario/master_ws/src/estun_control/src/obstacle_planner.cpp:166:40:[m[K [01;35m[Kwarning: [m[Kformat ‘[01m[K%i[m[K’ expects argument of type ‘[01m[Kint[m[K’, but argument 5 has type ‘[01m[Kstd::vector<robot_interfaces::msg::ObjectPose_<std::allocator<void> > >::size_type[m[K’ {aka ‘[01m[Klong unsigned int[m[K’} [[01;35m[K]8;;https://gcc.gnu.org/onlinedocs/gcc/Warning-Options.html#index-Wformat=-Wformat=]8;;[m[K]
[6.768s]   166 |         RCLCPP_INFO(this->get_logger(),[01;35m[K"Message_old_size: %i"[m[K, [32m[Kmsg_vector_old.size()[m[K);
[6.768s]       |                                        [01;35m[K^~~~~~~~~~~~~~~~~~~~~~[m[K  [32m[K~~~~~~~~~~~~~~~~~~~~~[m[K
[6.768s]       |                                                                                   [32m[K|[m[K
[6.768s]       |                                                                                   [32m[Kstd::vector<robot_interfaces::msg::ObjectPose_<std::allocator<void> > >::size_type {aka long unsigned int}[m[K
[6.768s] [01m[K/home/mario/master_ws/src/estun_control/src/obstacle_planner.cpp:166:60:[m[K [01;36m[Knote: [m[Kformat string is defined here
[6.768s]   166 |         RCLCPP_INFO(this->get_logger(),"Message_old_size: [01;36m[K%i[m[K", msg_vector_old.size());
[6.769s]       |                                                           [01;36m[K~^[m[K
[6.769s]       |                                                            [01;36m[K|[m[K
[6.769s]       |                                                            [01;36m[Kint[m[K
[6.769s]       |                                                           [32m[K%li[m[K
[6.769s] [01m[K/home/mario/master_ws/src/estun_control/src/obstacle_planner.cpp:219:49:[m[K [01;31m[Kerror: [m[Kredeclaration of ‘[01m[Kshape_msgs::msg::SolidPrimitive primitive[m[K’
[6.769s]   219 |                 shape_msgs::msg::SolidPrimitive [01;31m[Kprimitive[m[K;
[6.769s]       |                                                 [01;31m[K^~~~~~~~~[m[K
[6.770s] [01m[K/home/mario/master_ws/src/estun_control/src/obstacle_planner.cpp:185:53:[m[K [01;36m[Knote: [m[K‘[01m[Kshape_msgs::msg::SolidPrimitive primitive[m[K’ previously declared here
[6.770s]   185 |                     shape_msgs::msg::SolidPrimitive [01;36m[Kprimitive[m[K;
[6.770s]       |                                                     [01;36m[K^~~~~~~~~[m[K
[10.150s] gmake[2]: *** [CMakeFiles/obstacle_planner.dir/build.make:76: CMakeFiles/obstacle_planner.dir/src/obstacle_planner.cpp.o] Fehler 1
[10.151s] gmake[1]: *** [CMakeFiles/Makefile2:167: CMakeFiles/obstacle_planner.dir/all] Fehler 2
[10.151s] gmake: *** [Makefile:146: all] Fehler 2
[10.154s] Invoked command in '/home/mario/master_ws/build/estun_control' returned '2': CMAKE_PREFIX_PATH=/home/mario/master_ws/install/moveit_task_constructor_core:/home/mario/master_ws/install/rviz_marker_tools:/home/mario/master_ws/install/robot_interfaces:/home/mario/master_ws/install/moveit_task_constructor_msgs:/home/mario/master_ws/install/vision_control:/home/mario/master_ws/install/moveit_task_constructor_demo:/home/mario/master_ws/install/moveit_task_constructor_visualization:/home/mario/master_ws/install/moveit_task_constructor_capabilities:/home/mario/master_ws/install/estun_control:/home/mario/master_ws/install/estun_moveit:/opt/ros/jazzy/opt/gz_sim_vendor:/opt/ros/jazzy/opt/gz_sensors_vendor:/opt/ros/jazzy/opt/gz_physics_vendor:/opt/ros/jazzy/opt/sdformat_vendor:/opt/ros/jazzy/opt/gz_gui_vendor:/opt/ros/jazzy/opt/gz_transport_vendor:/opt/ros/jazzy/opt/gz_rendering_vendor:/opt/ros/jazzy/opt/gz_plugin_vendor:/opt/ros/jazzy/opt/gz_fuel_tools_vendor:/opt/ros/jazzy/opt/gz_msgs_vendor:/opt/ros/jazzy/opt/gz_common_vendor:/opt/ros/jazzy/opt/gz_math_vendor:/opt/ros/jazzy/opt/gz_utils_vendor:/opt/ros/jazzy/opt/gz_tools_vendor:/opt/ros/jazzy/opt/gz_ogre_next_vendor:/opt/ros/jazzy/opt/gz_dartsim_vendor:/opt/ros/jazzy/opt/gz_cmake_vendor:/home/mario/master_ws/install/estun_description:/opt/ros/jazzy DEBUGINFOD_URLS=https://debuginfod.ubuntu.com LD_LIBRARY_PATH=/home/mario/master_ws/install/moveit_task_constructor_core/lib:/home/mario/master_ws/install/rviz_marker_tools/lib:/home/mario/master_ws/install/robot_interfaces/lib:/home/mario/master_ws/install/moveit_task_constructor_msgs/lib:/home/mario/master_ws/install/moveit_task_constructor_demo/lib:/home/mario/master_ws/install/moveit_task_constructor_visualization/lib:/home/mario/master_ws/install/moveit_task_constructor_capabilities/lib:/opt/ros/jazzy/opt/gz_sim_vendor/lib:/opt/ros/jazzy/opt/gz_sensors_vendor/lib:/opt/ros/jazzy/opt/gz_physics_vendor/lib:/opt/ros/jazzy/opt/sdformat_vendor/lib:/opt/ros/jazzy/opt/rviz_ogre_vendor/lib:/opt/ros/jazzy/lib/x86_64-linux-gnu:/opt/ros/jazzy/opt/gz_gui_vendor/lib:/opt/ros/jazzy/opt/gz_transport_vendor/lib:/opt/ros/jazzy/opt/gz_rendering_vendor/lib:/opt/ros/jazzy/opt/gz_plugin_vendor/lib:/opt/ros/jazzy/opt/gz_fuel_tools_vendor/lib:/opt/ros/jazzy/opt/gz_msgs_vendor/lib:/opt/ros/jazzy/opt/gz_common_vendor/lib:/opt/ros/jazzy/opt/gz_math_vendor/lib:/opt/ros/jazzy/opt/gz_utils_vendor/lib:/opt/ros/jazzy/opt/gz_tools_vendor/lib:/opt/ros/jazzy/opt/gz_ogre_next_vendor/lib:/opt/ros/jazzy/opt/gz_dartsim_vendor/lib:/opt/ros/jazzy/opt/gz_cmake_vendor/lib:/opt/ros/jazzy/lib /usr/bin/cmake --build /home/mario/master_ws/build/estun_control -- -j12 -l12
