[0.018s] Invoking command in '/home/mario/master_ws/build/rviz_marker_tools': CMAKE_PREFIX_PATH=${CMAKE_PREFIX_PATH}:/home/mario/master_ws/install/estun_description:/opt/ros/jazzy DEBUGINFOD_URLS=https://debuginfod.ubuntu.com /usr/bin/cmake /home/mario/master_ws/src/moveit_task_constructor/rviz_marker_tools -DCMAKE_EXPORT_COMPILE_COMMANDS=ON -DCMAKE_INSTALL_PREFIX=/home/mario/master_ws/install/rviz_marker_tools
[0.238s] -- Found ament_cmake: 2.5.6 (/opt/ros/jazzy/share/ament_cmake/cmake)
[0.239s] -- Found moveit_common: 2.12.4 (/opt/ros/jazzy/share/moveit_common/cmake)
[0.301s] [0mrviz_marker_tools: You did not request a specific build type: Choosing 'Release' for maximum performance[0m
[0.301s] -- Found rclcpp: 28.1.22 (/opt/ros/jazzy/share/rclcpp/cmake)
[0.331s] -- Found rosidl_generator_c: 4.6.9 (/opt/ros/jazzy/share/rosidl_generator_c/cmake)
[0.339s] -- Found rosidl_generator_cpp: 4.6.9 (/opt/ros/jazzy/share/rosidl_generator_cpp/cmake)
[0.350s] -- Using all available rosidl_typesupport_c: rosidl_typesupport_fastrtps_c;rosidl_typesupport_introspection_c
[0.364s] -- Using all available rosidl_typesupport_cpp: rosidl_typesupport_fastrtps_cpp;rosidl_typesupport_introspection_cpp
[0.435s] -- Found rmw_implementation_cmake: 7.3.3 (/opt/ros/jazzy/share/rmw_implementation_cmake/cmake)
[0.437s] -- Found rmw_fastrtps_cpp: 8.4.4 (/opt/ros/jazzy/share/rmw_fastrtps_cpp/cmake)
[0.508s] -- Using RMW implementation 'rmw_fastrtps_cpp' as default
[0.586s] -- Found tf2_eigen: 0.36.22 (/opt/ros/jazzy/share/tf2_eigen/cmake)
[0.759s] -- Found visualization_msgs: 5.3.8 (/opt/ros/jazzy/share/visualization_msgs/cmake)
[0.819s] -- Configuring done (0.8s)
[0.833s] -- Generating done (0.0s)
[0.840s] -- Build files have been written to: /home/mario/master_ws/build/rviz_marker_tools
[0.850s] Invoked command in '/home/mario/master_ws/build/rviz_marker_tools' returned '0': CMAKE_PREFIX_PATH=${CMAKE_PREFIX_PATH}:/home/mario/master_ws/install/estun_description:/opt/ros/jazzy DEBUGINFOD_URLS=https://debuginfod.ubuntu.com /usr/bin/cmake /home/mario/master_ws/src/moveit_task_constructor/rviz_marker_tools -DCMAKE_EXPORT_COMPILE_COMMANDS=ON -DCMAKE_INSTALL_PREFIX=/home/mario/master_ws/install/rviz_marker_tools
[0.852s] Invoking command in '/home/mario/master_ws/build/rviz_marker_tools': CMAKE_PREFIX_PATH=${CMAKE_PREFIX_PATH}:/home/mario/master_ws/install/estun_description:/opt/ros/jazzy DEBUGINFOD_URLS=https://debuginfod.ubuntu.com /usr/bin/cmake --build /home/mario/master_ws/build/rviz_marker_tools -- -j12 -l12
[0.923s] [100%] Built target rviz_marker_tools
[0.936s] Invoked command in '/home/mario/master_ws/build/rviz_marker_tools' returned '0': CMAKE_PREFIX_PATH=${CMAKE_PREFIX_PATH}:/home/mario/master_ws/install/estun_description:/opt/ros/jazzy DEBUGINFOD_URLS=https://debuginfod.ubuntu.com /usr/bin/cmake --build /home/mario/master_ws/build/rviz_marker_tools -- -j12 -l12
[0.947s] Invoking command in '/home/mario/master_ws/build/rviz_marker_tools': CMAKE_PREFIX_PATH=${CMAKE_PREFIX_PATH}:/home/mario/master_ws/install/estun_description:/opt/ros/jazzy DEBUGINFOD_URLS=https://debuginfod.ubuntu.com /usr/bin/cmake --install /home/mario/master_ws/build/rviz_marker_tools
[0.956s] -- Install configuration: "Release"
[0.956s] -- Up-to-date: /home/mario/master_ws/install/rviz_marker_tools/include
[0.956s] -- Up-to-date: /home/mario/master_ws/install/rviz_marker_tools/include/rviz_marker_tools
[0.956s] -- Up-to-date: /home/mario/master_ws/install/rviz_marker_tools/include/rviz_marker_tools/marker_creation.h
[0.956s] -- Up-to-date: /home/mario/master_ws/install/rviz_marker_tools/lib/librviz_marker_tools.so
[0.956s] -- Up-to-date: /home/mario/master_ws/install/rviz_marker_tools/share/rviz_marker_tools/environment/library_path.sh
[0.957s] -- Up-to-date: /home/mario/master_ws/install/rviz_marker_tools/share/rviz_marker_tools/environment/library_path.dsv
[0.957s] -- Up-to-date: /home/mario/master_ws/install/rviz_marker_tools/share/ament_index/resource_index/package_run_dependencies/rviz_marker_tools
[0.957s] -- Installing: /home/mario/master_ws/install/rviz_marker_tools/share/ament_index/resource_index/parent_prefix_path/rviz_marker_tools
[0.957s] -- Up-to-date: /home/mario/master_ws/install/rviz_marker_tools/share/rviz_marker_tools/environment/ament_prefix_path.sh
[0.957s] -- Up-to-date: /home/mario/master_ws/install/rviz_marker_tools/share/rviz_marker_tools/environment/ament_prefix_path.dsv
[0.957s] -- Up-to-date: /home/mario/master_ws/install/rviz_marker_tools/share/rviz_marker_tools/environment/path.sh
[0.957s] -- Up-to-date: /home/mario/master_ws/install/rviz_marker_tools/share/rviz_marker_tools/environment/path.dsv
[0.957s] -- Up-to-date: /home/mario/master_ws/install/rviz_marker_tools/share/rviz_marker_tools/local_setup.bash
[0.958s] -- Up-to-date: /home/mario/master_ws/install/rviz_marker_tools/share/rviz_marker_tools/local_setup.sh
[0.958s] -- Up-to-date: /home/mario/master_ws/install/rviz_marker_tools/share/rviz_marker_tools/local_setup.zsh
[0.958s] -- Up-to-date: /home/mario/master_ws/install/rviz_marker_tools/share/rviz_marker_tools/local_setup.dsv
[0.958s] -- Installing: /home/mario/master_ws/install/rviz_marker_tools/share/rviz_marker_tools/package.dsv
[0.958s] -- Up-to-date: /home/mario/master_ws/install/rviz_marker_tools/share/ament_index/resource_index/packages/rviz_marker_tools
[0.958s] -- Up-to-date: /home/mario/master_ws/install/rviz_marker_tools/share/rviz_marker_tools/cmake/rviz_marker_toolsTargetsExport.cmake
[0.958s] -- Up-to-date: /home/mario/master_ws/install/rviz_marker_tools/share/rviz_marker_tools/cmake/rviz_marker_toolsTargetsExport-release.cmake
[0.958s] -- Up-to-date: /home/mario/master_ws/install/rviz_marker_tools/share/rviz_marker_tools/cmake/ament_cmake_export_targets-extras.cmake
[0.958s] -- Up-to-date: /home/mario/master_ws/install/rviz_marker_tools/share/rviz_marker_tools/cmake/ament_cmake_export_dependencies-extras.cmake
[0.958s] -- Up-to-date: /home/mario/master_ws/install/rviz_marker_tools/share/rviz_marker_tools/cmake/rviz_marker_toolsConfig.cmake
[0.958s] -- Up-to-date: /home/mario/master_ws/install/rviz_marker_tools/share/rviz_marker_tools/cmake/rviz_marker_toolsConfig-version.cmake
[0.958s] -- Up-to-date: /home/mario/master_ws/install/rviz_marker_tools/share/rviz_marker_tools/package.xml
[0.960s] Invoked command in '/home/mario/master_ws/build/rviz_marker_tools' returned '0': CMAKE_PREFIX_PATH=${CMAKE_PREFIX_PATH}:/home/mario/master_ws/install/estun_description:/opt/ros/jazzy DEBUGINFOD_URLS=https://debuginfod.ubuntu.com /usr/bin/cmake --install /home/mario/master_ws/build/rviz_marker_tools
