[0.011s] Invoking command in '/home/mario/master_ws/build/estun_moveit': AMENT_PREFIX_PATH=/home/mario/master_ws/install/Estun_description:${AMENT_PREFIX_PATH} CMAKE_PREFIX_PATH=${CMAKE_PREFIX_PATH}:/opt/ros/jazzy DEBUGINFOD_URLS=https://debuginfod.ubuntu.com PYTHONPATH=/home/mario/master_ws/install/Estun_description/lib/python3.12/site-packages:${PYTHONPATH} /usr/bin/cmake /home/mario/master_ws/src/estun_moveit -DCMAKE_INSTALL_PREFIX=/home/mario/master_ws/install/estun_moveit
[0.062s] -- The C compiler identification is GNU 13.3.0
[0.117s] -- The CXX compiler identification is GNU 13.3.0
[0.134s] -- Detecting C compiler ABI info
[0.215s] -- Detecting C compiler ABI info - done
[0.224s] -- Check for working C compiler: /usr/bin/cc - skipped
[0.224s] -- Detecting C compile features
[0.224s] -- Detecting C compile features - done
[0.232s] -- Detecting CXX compiler ABI info
[0.332s] -- Detecting CXX compiler ABI info - done
[0.341s] -- Check for working CXX compiler: /usr/bin/c++ - skipped
[0.341s] -- Detecting CXX compile features
[0.342s] -- Detecting CXX compile features - done
[0.347s] -- Found ament_cmake: 2.5.6 (/opt/ros/jazzy/share/ament_cmake/cmake)
[0.482s] -- Found Python3: /usr/bin/python3 (found version "3.12.3") found components: Interpreter 
[0.671s] -- Configuring done (0.7s)
[0.674s] -- Generating done (0.0s)
[0.676s] -- Build files have been written to: /home/mario/master_ws/build/estun_moveit
[0.681s] Invoked command in '/home/mario/master_ws/build/estun_moveit' returned '0': AMENT_PREFIX_PATH=/home/mario/master_ws/install/Estun_description:${AMENT_PREFIX_PATH} CMAKE_PREFIX_PATH=${CMAKE_PREFIX_PATH}:/opt/ros/jazzy DEBUGINFOD_URLS=https://debuginfod.ubuntu.com PYTHONPATH=/home/mario/master_ws/install/Estun_description/lib/python3.12/site-packages:${PYTHONPATH} /usr/bin/cmake /home/mario/master_ws/src/estun_moveit -DCMAKE_INSTALL_PREFIX=/home/mario/master_ws/install/estun_moveit
[0.682s] Invoking command in '/home/mario/master_ws/build/estun_moveit': AMENT_PREFIX_PATH=/home/mario/master_ws/install/Estun_description:${AMENT_PREFIX_PATH} CMAKE_PREFIX_PATH=${CMAKE_PREFIX_PATH}:/opt/ros/jazzy DEBUGINFOD_URLS=https://debuginfod.ubuntu.com PYTHONPATH=/home/mario/master_ws/install/Estun_description/lib/python3.12/site-packages:${PYTHONPATH} /usr/bin/cmake --build /home/mario/master_ws/build/estun_moveit -- -j12 -l12
[0.719s] Invoked command in '/home/mario/master_ws/build/estun_moveit' returned '0': AMENT_PREFIX_PATH=/home/mario/master_ws/install/Estun_description:${AMENT_PREFIX_PATH} CMAKE_PREFIX_PATH=${CMAKE_PREFIX_PATH}:/opt/ros/jazzy DEBUGINFOD_URLS=https://debuginfod.ubuntu.com PYTHONPATH=/home/mario/master_ws/install/Estun_description/lib/python3.12/site-packages:${PYTHONPATH} /usr/bin/cmake --build /home/mario/master_ws/build/estun_moveit -- -j12 -l12
[0.730s] Invoking command in '/home/mario/master_ws/build/estun_moveit': AMENT_PREFIX_PATH=/home/mario/master_ws/install/Estun_description:${AMENT_PREFIX_PATH} CMAKE_PREFIX_PATH=${CMAKE_PREFIX_PATH}:/opt/ros/jazzy DEBUGINFOD_URLS=https://debuginfod.ubuntu.com PYTHONPATH=/home/mario/master_ws/install/Estun_description/lib/python3.12/site-packages:${PYTHONPATH} /usr/bin/cmake --install /home/mario/master_ws/build/estun_moveit
[0.738s] -- Install configuration: ""
[0.738s] -- Installing: /home/mario/master_ws/install/estun_moveit/share/ament_index/resource_index/package_run_dependencies/estun_moveit
[0.738s] -- Installing: /home/mario/master_ws/install/estun_moveit/share/ament_index/resource_index/parent_prefix_path/estun_moveit
[0.738s] -- Installing: /home/mario/master_ws/install/estun_moveit/share/estun_moveit/environment/ament_prefix_path.sh
[0.739s] -- Installing: /home/mario/master_ws/install/estun_moveit/share/estun_moveit/environment/ament_prefix_path.dsv
[0.739s] -- Installing: /home/mario/master_ws/install/estun_moveit/share/estun_moveit/environment/path.sh
[0.739s] -- Installing: /home/mario/master_ws/install/estun_moveit/share/estun_moveit/environment/path.dsv
[0.739s] -- Installing: /home/mario/master_ws/install/estun_moveit/share/estun_moveit/local_setup.bash
[0.739s] -- Installing: /home/mario/master_ws/install/estun_moveit/share/estun_moveit/local_setup.sh
[0.739s] -- Installing: /home/mario/master_ws/install/estun_moveit/share/estun_moveit/local_setup.zsh
[0.739s] -- Installing: /home/mario/master_ws/install/estun_moveit/share/estun_moveit/local_setup.dsv
[0.740s] -- Installing: /home/mario/master_ws/install/estun_moveit/share/estun_moveit/package.dsv
[0.740s] -- Installing: /home/mario/master_ws/install/estun_moveit/share/ament_index/resource_index/packages/estun_moveit
[0.740s] -- Installing: /home/mario/master_ws/install/estun_moveit/share/estun_moveit/cmake/estun_moveitConfig.cmake
[0.740s] -- Installing: /home/mario/master_ws/install/estun_moveit/share/estun_moveit/cmake/estun_moveitConfig-version.cmake
[0.740s] -- Installing: /home/mario/master_ws/install/estun_moveit/share/estun_moveit/package.xml
[0.740s] -- Installing: /home/mario/master_ws/install/estun_moveit/share/estun_moveit/launch
[0.741s] -- Installing: /home/mario/master_ws/install/estun_moveit/share/estun_moveit/launch/spawn_controllers.launch.py
[0.741s] -- Installing: /home/mario/master_ws/install/estun_moveit/share/estun_moveit/launch/demo.launch.py
[0.741s] -- Installing: /home/mario/master_ws/install/estun_moveit/share/estun_moveit/launch/rsp.launch.py
[0.741s] -- Installing: /home/mario/master_ws/install/estun_moveit/share/estun_moveit/launch/setup_assistant.launch.py
[0.741s] -- Installing: /home/mario/master_ws/install/estun_moveit/share/estun_moveit/launch/moveit_rviz.launch.py
[0.741s] -- Installing: /home/mario/master_ws/install/estun_moveit/share/estun_moveit/launch/warehouse_db.launch.py
[0.741s] -- Installing: /home/mario/master_ws/install/estun_moveit/share/estun_moveit/launch/estun_moveit.launch.py
[0.742s] -- Installing: /home/mario/master_ws/install/estun_moveit/share/estun_moveit/launch/move_group.launch.py
[0.742s] -- Installing: /home/mario/master_ws/install/estun_moveit/share/estun_moveit/launch/static_virtual_joint_tfs.launch.py
[0.742s] -- Installing: /home/mario/master_ws/install/estun_moveit/share/estun_moveit/config
[0.742s] -- Installing: /home/mario/master_ws/install/estun_moveit/share/estun_moveit/config/kinematics.yaml
[0.742s] -- Installing: /home/mario/master_ws/install/estun_moveit/share/estun_moveit/config/moveit_controllers.yaml
[0.742s] -- Installing: /home/mario/master_ws/install/estun_moveit/share/estun_moveit/config/custom_world.sdf
[0.742s] -- Installing: /home/mario/master_ws/install/estun_moveit/share/estun_moveit/config/joint_limits.yaml
[0.742s] -- Installing: /home/mario/master_ws/install/estun_moveit/share/estun_moveit/config/estun.urdf
[0.743s] -- Installing: /home/mario/master_ws/install/estun_moveit/share/estun_moveit/config/Estun.ros2_control.xacro
[0.743s] -- Installing: /home/mario/master_ws/install/estun_moveit/share/estun_moveit/config/initial_positions.yaml
[0.743s] -- Installing: /home/mario/master_ws/install/estun_moveit/share/estun_moveit/config/moveit.rviz
[0.743s] -- Installing: /home/mario/master_ws/install/estun_moveit/share/estun_moveit/config/Estun.srdf
[0.743s] -- Installing: /home/mario/master_ws/install/estun_moveit/share/estun_moveit/config/Estun.urdf.xacro
[0.743s] -- Installing: /home/mario/master_ws/install/estun_moveit/share/estun_moveit/config/ros2_controllers.yaml
[0.743s] -- Installing: /home/mario/master_ws/install/estun_moveit/share/estun_moveit/config/pilz_cartesian_limits.yaml
[0.744s] -- Installing: /home/mario/master_ws/install/estun_moveit/share/estun_moveit/.setup_assistant
[0.746s] Invoked command in '/home/mario/master_ws/build/estun_moveit' returned '0': AMENT_PREFIX_PATH=/home/mario/master_ws/install/Estun_description:${AMENT_PREFIX_PATH} CMAKE_PREFIX_PATH=${CMAKE_PREFIX_PATH}:/opt/ros/jazzy DEBUGINFOD_URLS=https://debuginfod.ubuntu.com PYTHONPATH=/home/mario/master_ws/install/Estun_description/lib/python3.12/site-packages:${PYTHONPATH} /usr/bin/cmake --install /home/mario/master_ws/build/estun_moveit
