[0.014s] Invoking command in '/home/mario/master_ws/build/vision_control': CMAKE_PREFIX_PATH=${CMAKE_PREFIX_PATH}:/home/mario/master_ws/install/estun_description:/opt/ros/jazzy DEBUGINFOD_URLS=https://debuginfod.ubuntu.com /usr/bin/cmake --build /home/mario/master_ws/build/vision_control -- -j12 -l12
[0.134s] [ 50%] [32mBuilding CXX object CMakeFiles/pcl_pose_estimation.dir/src/pcl_pose_estimation.cpp.o[0m
[7.450s] [01m[K/home/mario/master_ws/src/vision_control/src/pcl_pose_estimation.cpp:[m[K In member function ‘[01m[Kvoid PointCloudProcessor::[01;32m[Kgenerate_cylinder_master[m[K()[m[K’:
[7.451s] [01m[K/home/mario/master_ws/src/vision_control/src/pcl_pose_estimation.cpp:101:13:[m[K [01;35m[Kwarning: [m[Kunused variable ‘[01m[Kcurrent_height[m[K’ [[01;35m[K]8;;https://gcc.gnu.org/onlinedocs/gcc/Warning-Options.html#index-Wunused-variable-Wunused-variable]8;;[m[K]
[7.451s]   101 |       float [01;35m[Kcurrent_height[m[K = j * spacing_z;
[7.451s]       |             [01;35m[K^~~~~~~~~~~~~~[m[K
[7.582s] [01m[K/home/mario/master_ws/src/vision_control/src/pcl_pose_estimation.cpp:[m[K In member function ‘[01m[Kvoid PointCloudProcessor::[01;32m[KprocessPointCloud[m[K()[m[K’:
[7.582s] [01m[K/home/mario/master_ws/src/vision_control/src/pcl_pose_estimation.cpp:424:19:[m[K [01;35m[Kwarning: [m[Kvariable ‘[01m[Ktransform_3_inv[m[K’ set but not used [[01;35m[K]8;;https://gcc.gnu.org/onlinedocs/gcc/Warning-Options.html#index-Wunused-but-set-variable-Wunused-but-set-variable]8;;[m[K]
[7.582s]   424 |   Eigen::Affine3f [01;35m[Ktransform_3_inv[m[K = Eigen::Affine3f::Identity();
[7.583s]       |                   [01;35m[K^~~~~~~~~~~~~~~[m[K
[16.172s] [100%] [32m[1mLinking CXX executable pcl_pose_estimation[0m
[18.865s] [100%] Built target pcl_pose_estimation
[18.881s] Invoked command in '/home/mario/master_ws/build/vision_control' returned '0': CMAKE_PREFIX_PATH=${CMAKE_PREFIX_PATH}:/home/mario/master_ws/install/estun_description:/opt/ros/jazzy DEBUGINFOD_URLS=https://debuginfod.ubuntu.com /usr/bin/cmake --build /home/mario/master_ws/build/vision_control -- -j12 -l12
[18.894s] Invoking command in '/home/mario/master_ws/build/vision_control': CMAKE_PREFIX_PATH=${CMAKE_PREFIX_PATH}:/home/mario/master_ws/install/estun_description:/opt/ros/jazzy DEBUGINFOD_URLS=https://debuginfod.ubuntu.com /usr/bin/cmake --install /home/mario/master_ws/build/vision_control
[18.904s] -- Install configuration: ""
[18.904s] -- Installing: /home/mario/master_ws/install/vision_control/lib/vision_control/pcl_pose_estimation
[18.914s] -- Set non-toolchain portion of runtime path of "/home/mario/master_ws/install/vision_control/lib/vision_control/pcl_pose_estimation" to ""
[18.914s] -- Up-to-date: /home/mario/master_ws/install/vision_control/share/ament_index/resource_index/package_run_dependencies/vision_control
[18.914s] -- Up-to-date: /home/mario/master_ws/install/vision_control/share/ament_index/resource_index/parent_prefix_path/vision_control
[18.914s] -- Up-to-date: /home/mario/master_ws/install/vision_control/share/vision_control/environment/ament_prefix_path.sh
[18.914s] -- Up-to-date: /home/mario/master_ws/install/vision_control/share/vision_control/environment/ament_prefix_path.dsv
[18.915s] -- Up-to-date: /home/mario/master_ws/install/vision_control/share/vision_control/environment/path.sh
[18.915s] -- Up-to-date: /home/mario/master_ws/install/vision_control/share/vision_control/environment/path.dsv
[18.915s] -- Up-to-date: /home/mario/master_ws/install/vision_control/share/vision_control/local_setup.bash
[18.915s] -- Up-to-date: /home/mario/master_ws/install/vision_control/share/vision_control/local_setup.sh
[18.915s] -- Up-to-date: /home/mario/master_ws/install/vision_control/share/vision_control/local_setup.zsh
[18.915s] -- Up-to-date: /home/mario/master_ws/install/vision_control/share/vision_control/local_setup.dsv
[18.915s] -- Installing: /home/mario/master_ws/install/vision_control/share/vision_control/package.dsv
[18.915s] -- Up-to-date: /home/mario/master_ws/install/vision_control/share/ament_index/resource_index/packages/vision_control
[18.915s] -- Up-to-date: /home/mario/master_ws/install/vision_control/share/vision_control/cmake/vision_controlConfig.cmake
[18.916s] -- Up-to-date: /home/mario/master_ws/install/vision_control/share/vision_control/cmake/vision_controlConfig-version.cmake
[18.916s] -- Up-to-date: /home/mario/master_ws/install/vision_control/share/vision_control/package.xml
[18.917s] Invoked command in '/home/mario/master_ws/build/vision_control' returned '0': CMAKE_PREFIX_PATH=${CMAKE_PREFIX_PATH}:/home/mario/master_ws/install/estun_description:/opt/ros/jazzy DEBUGINFOD_URLS=https://debuginfod.ubuntu.com /usr/bin/cmake --install /home/mario/master_ws/build/vision_control
