[0.013s] Invoking command in '/home/mario/master_ws/build/moveit_task_constructor_core': CMAKE_PREFIX_PATH=/home/mario/master_ws/install/rviz_marker_tools:/home/mario/master_ws/install/moveit_task_constructor_msgs:/home/mario/master_ws/install/vision_control:/home/mario/master_ws/install/moveit_task_constructor_demo:/home/mario/master_ws/install/moveit_task_constructor_visualization:/home/mario/master_ws/install/moveit_task_constructor_capabilities:/home/mario/master_ws/install/estun_control:/home/mario/master_ws/install/moveit_task_constructor_core:/home/mario/master_ws/install/estun_moveit:/opt/ros/jazzy/opt/gz_sim_vendor:/opt/ros/jazzy/opt/gz_sensors_vendor:/opt/ros/jazzy/opt/gz_physics_vendor:/opt/ros/jazzy/opt/sdformat_vendor:/opt/ros/jazzy/opt/gz_gui_vendor:/opt/ros/jazzy/opt/gz_transport_vendor:/opt/ros/jazzy/opt/gz_rendering_vendor:/opt/ros/jazzy/opt/gz_plugin_vendor:/opt/ros/jazzy/opt/gz_fuel_tools_vendor:/opt/ros/jazzy/opt/gz_msgs_vendor:/opt/ros/jazzy/opt/gz_common_vendor:/opt/ros/jazzy/opt/gz_math_vendor:/opt/ros/jazzy/opt/gz_utils_vendor:/opt/ros/jazzy/opt/gz_tools_vendor:/opt/ros/jazzy/opt/gz_ogre_next_vendor:/opt/ros/jazzy/opt/gz_dartsim_vendor:/opt/ros/jazzy/opt/gz_cmake_vendor:/home/mario/master_ws/install/estun_description:/opt/ros/jazzy DEBUGINFOD_URLS=https://debuginfod.ubuntu.com LD_LIBRARY_PATH=/home/mario/master_ws/install/rviz_marker_tools/lib:/home/mario/master_ws/install/moveit_task_constructor_msgs/lib:/home/mario/master_ws/install/moveit_task_constructor_demo/lib:/home/mario/master_ws/install/moveit_task_constructor_visualization/lib:/home/mario/master_ws/install/moveit_task_constructor_capabilities/lib:/home/mario/master_ws/install/moveit_task_constructor_core/lib:/opt/ros/jazzy/opt/gz_sim_vendor/lib:/opt/ros/jazzy/opt/gz_sensors_vendor/lib:/opt/ros/jazzy/opt/gz_physics_vendor/lib:/opt/ros/jazzy/opt/sdformat_vendor/lib:/opt/ros/jazzy/opt/rviz_ogre_vendor/lib:/opt/ros/jazzy/lib/x86_64-linux-gnu:/opt/ros/jazzy/opt/gz_gui_vendor/lib:/opt/ros/jazzy/opt/gz_transport_vendor/lib:/opt/ros/jazzy/opt/gz_rendering_vendor/lib:/opt/ros/jazzy/opt/gz_plugin_vendor/lib:/opt/ros/jazzy/opt/gz_fuel_tools_vendor/lib:/opt/ros/jazzy/opt/gz_msgs_vendor/lib:/opt/ros/jazzy/opt/gz_common_vendor/lib:/opt/ros/jazzy/opt/gz_math_vendor/lib:/opt/ros/jazzy/opt/gz_utils_vendor/lib:/opt/ros/jazzy/opt/gz_tools_vendor/lib:/opt/ros/jazzy/opt/gz_ogre_next_vendor/lib:/opt/ros/jazzy/opt/gz_dartsim_vendor/lib:/opt/ros/jazzy/opt/gz_cmake_vendor/lib:/opt/ros/jazzy/lib PYTHONPATH=/home/mario/master_ws/install/moveit_task_constructor_msgs/lib/python3.12/site-packages:/home/mario/master_ws/install/moveit_task_constructor_core/lib/python3.12/site-packages:/home/mario/master_ws/install/estun_description/lib/python3.12/site-packages:/opt/ros/jazzy/opt/gz_sim_vendor/lib/python:/opt/ros/jazzy/opt/sdformat_vendor/lib/python:/opt/ros/jazzy/opt/gz_transport_vendor/lib/python:/opt/ros/jazzy/opt/gz_msgs_vendor/lib/python:/opt/ros/jazzy/opt/gz_math_vendor/lib/python:/opt/ros/jazzy/lib/python3.12/site-packages /usr/bin/cmake --build /home/mario/master_ws/build/moveit_task_constructor_core -- -j12 -l12
[0.077s] [  2%] Built target gtest_main
[0.081s] [  4%] Built target gtest
[0.081s] [  8%] Built target gmock
[0.081s] [ 10%] Built target gmock_main
[0.086s] [ 10%] Built target ament_cmake_python_copy_moveit
[0.123s] [ 29%] Built target moveit_task_constructor_core
[0.164s] [ 33%] Built target gtest_utils
[0.206s] [ 55%] Built target moveit_task_constructor_core_stages
[0.249s] [ 58%] Built target moveit_task_constructor_core-test-properties
[0.254s] [ 60%] Built target moveit_task_constructor_core-test-limit-solutions
[0.258s] [ 62%] Built target moveit_task_constructor_core-test-serial
[0.262s] [ 66%] Built target moveit_task_constructor_core_stage_plugins
[0.262s] [ 67%] Built target moveit_task_constructor_core-test-stage
[0.274s] [ 69%] Built target moveit_task_constructor_core-test-container
[0.276s] [ 72%] Built target moveit_task_constructor_core-test-pruning
[0.283s] [ 74%] Built target moveit_task_constructor_core-test-mockups
[0.283s] [ 76%] Built target moveit_task_constructor_core-test-storage
[0.293s] [ 79%] Built target moveit_task_constructor_core-test-cost-terms
[0.295s] [ 81%] Built target moveit_task_constructor_core-test-fallback
[0.298s] [ 83%] Built target moveit_task_constructor_core-test-cost-queue
[0.308s] [ 86%] Built target moveit_task_constructor_core-test-interface-state
[0.309s] [ 88%] Built target moveit_task_constructor_core-test-move-to
[0.309s] [ 90%] Built target moveit_task_constructor_core-test-move-relative
[0.314s] [ 93%] Built target moveit_task_constructor_core-test-pipeline-planner
[0.322s] [ 95%] Built target pick_pr2
[0.328s] [ 97%] Built target pick_pa10
[0.328s] [100%] Built target pick_ur5
[0.352s] running egg_info
[0.380s] writing moveit.egg-info/PKG-INFO
[0.380s] writing dependency_links to moveit.egg-info/dependency_links.txt
[0.380s] writing top-level names to moveit.egg-info/top_level.txt
[0.460s] reading manifest file 'moveit.egg-info/SOURCES.txt'
[0.460s] writing manifest file 'moveit.egg-info/SOURCES.txt'
[0.487s] [100%] Built target ament_cmake_python_build_moveit_egg
