[0.020s] Invoking command in '/home/mario/master_ws/build/estun_control': AMENT_PREFIX_PATH=/home/mario/master_ws/install/moveit_task_constructor_core:/home/mario/master_ws/install/rviz_marker_tools:/home/mario/master_ws/install/robot_interfaces:/home/mario/master_ws/install/moveit_task_constructor_msgs:${AMENT_PREFIX_PATH} CMAKE_PREFIX_PATH=/home/mario/master_ws/install/moveit_task_constructor_core:/home/mario/master_ws/install/rviz_marker_tools:/home/mario/master_ws/install/robot_interfaces:/home/mario/master_ws/install/moveit_task_constructor_msgs:/opt/ros/jazzy/opt/gz_sim_vendor:/opt/ros/jazzy/opt/gz_sensors_vendor:/opt/ros/jazzy/opt/gz_physics_vendor:/opt/ros/jazzy/opt/sdformat_vendor:/opt/ros/jazzy/opt/gz_gui_vendor:/opt/ros/jazzy/opt/gz_transport_vendor:/opt/ros/jazzy/opt/gz_rendering_vendor:/opt/ros/jazzy/opt/gz_plugin_vendor:/opt/ros/jazzy/opt/gz_fuel_tools_vendor:/opt/ros/jazzy/opt/gz_msgs_vendor:/opt/ros/jazzy/opt/gz_common_vendor:/opt/ros/jazzy/opt/gz_math_vendor:/opt/ros/jazzy/opt/gz_utils_vendor:/opt/ros/jazzy/opt/gz_tools_vendor:/opt/ros/jazzy/opt/gz_ogre_next_vendor:/opt/ros/jazzy/opt/gz_dartsim_vendor:/opt/ros/jazzy/opt/gz_cmake_vendor:/opt/ros/jazzy DEBUGINFOD_URLS=https://debuginfod.ubuntu.com LD_LIBRARY_PATH=/home/mario/master_ws/install/moveit_task_constructor_core/lib:/home/mario/master_ws/install/rviz_marker_tools/lib:/home/mario/master_ws/install/robot_interfaces/lib:/home/mario/master_ws/install/moveit_task_constructor_msgs/lib:${LD_LIBRARY_PATH} PYTHONPATH=/home/mario/master_ws/install/moveit_task_constructor_core/lib/python3.12/site-packages:/home/mario/master_ws/install/robot_interfaces/lib/python3.12/site-packages:/home/mario/master_ws/install/moveit_task_constructor_msgs/lib/python3.12/site-packages:${PYTHONPATH} /usr/bin/cmake --build /home/mario/master_ws/build/estun_control -- -j12 -l12
[0.048s] -- Found ament_cmake: 2.5.6 (/opt/ros/jazzy/share/ament_cmake/cmake)
[0.248s] -- Found rclcpp: 28.1.22 (/opt/ros/jazzy/share/rclcpp/cmake)
[0.299s] -- Found rosidl_generator_c: 4.6.9 (/opt/ros/jazzy/share/rosidl_generator_c/cmake)
[0.307s] -- Found rosidl_generator_cpp: 4.6.9 (/opt/ros/jazzy/share/rosidl_generator_cpp/cmake)
[0.317s] -- Using all available rosidl_typesupport_c: rosidl_typesupport_fastrtps_c;rosidl_typesupport_introspection_c
[0.329s] -- Using all available rosidl_typesupport_cpp: rosidl_typesupport_fastrtps_cpp;rosidl_typesupport_introspection_cpp
[0.394s] -- Found rmw_implementation_cmake: 7.3.3 (/opt/ros/jazzy/share/rmw_implementation_cmake/cmake)
[0.395s] -- Found rmw_fastrtps_cpp: 8.4.4 (/opt/ros/jazzy/share/rmw_fastrtps_cpp/cmake)
[0.464s] -- Using RMW implementation 'rmw_fastrtps_cpp' as default
[0.530s] -- Found moveit: 2.12.4 (/opt/ros/jazzy/share/moveit/cmake)
[0.530s] -- Found std_msgs: 5.3.8 (/opt/ros/jazzy/share/std_msgs/cmake)
[0.542s] -- Found moveit_msgs: 2.6.0 (/opt/ros/jazzy/share/moveit_msgs/cmake)
[0.767s] -- Found moveit_ros_planning_interface: 2.12.4 (/opt/ros/jazzy/share/moveit_ros_planning_interface/cmake)
[0.777s] -- Found Boost: /usr/lib/x86_64-linux-gnu/cmake/Boost-1.83.0/BoostConfig.cmake (found version "1.83.0") found components: date_time filesystem program_options system thread 
[0.788s] -- Found Boost: /usr/lib/x86_64-linux-gnu/cmake/Boost-1.83.0/BoostConfig.cmake (found version "1.83.0") found components: chrono date_time filesystem iostreams program_options regex serialization system thread 
[0.823s] -- Found tcb_span: 1.3.2 (/opt/ros/jazzy/share/tcb_span/cmake)
[0.824s] -- Found rclcpp_lifecycle: 28.1.22 (/opt/ros/jazzy/share/rclcpp_lifecycle/cmake)
[0.851s] -- Found parameter_traits: 0.7.6 (/opt/ros/jazzy/share/parameter_traits/cmake)
[0.897s] -- Ensuring Eigen3 include directory is part of orocos-kdl CMake target
[1.017s] -- Found Boost: /usr/lib/x86_64-linux-gnu/cmake/Boost-1.83.0/BoostConfig.cmake (found version "1.83.0") found components: system filesystem date_time program_options thread chrono 
[1.064s] -- Found Boost: /usr/lib/x86_64-linux-gnu/cmake/Boost-1.83.0/BoostConfig.cmake (found version "1.83.0") found components: thread system filesystem regex date_time program_options 
[1.086s] -- Found Boost: /usr/lib/x86_64-linux-gnu/cmake/Boost-1.83.0/BoostConfig.cmake (found version "1.83.0") found components: system filesystem date_time program_options thread 
[1.126s] -- Found Boost: /usr/lib/x86_64-linux-gnu/cmake/Boost-1.83.0/BoostConfig.cmake (found version "1.83.0") found components: thread 
[1.126s] -- Looking for sdformat14 -- found version 14.9.0
[1.131s] -- Searching for dependencies of sdformat14
[1.136s] -- Checking for module 'tinyxml2'
[1.153s] --   Found tinyxml2, version 10.0.0
[1.189s] -- Looking for gz-math7 -- found version 7.7.0
[1.189s] -- Searching for dependencies of gz-math7
[1.189s] -- Looking for gz-utils2 -- found version 2.2.1
[1.190s] -- Searching for dependencies of gz-utils2
[1.191s] -- Looking for gz-utils2 -- found version 2.2.1
[1.191s] -- Searching for dependencies of gz-utils2
[1.191s] -- Searching for <gz-utils2> component [cli]
[1.191s] -- Looking for gz-utils2-cli -- found version 2.2.1
[1.192s] -- Searching for dependencies of gz-utils2-cli
[1.193s] -- Found moveit_task_constructor_core: 0.2.0 (/home/mario/master_ws/install/moveit_task_constructor_core/share/moveit_task_constructor_core/cmake)
[1.256s] -- Found robot_interfaces: 0.0.0 (/home/mario/master_ws/install/robot_interfaces/share/robot_interfaces/cmake)
[1.271s] -- Found ament_lint_auto: 0.17.5 (/opt/ros/jazzy/share/ament_lint_auto/cmake)
[1.350s] -- Added test 'cppcheck' to perform static code analysis on C / C++ code
[1.351s] -- Configured cppcheck include dirs: $<BUILD_INTERFACE:/home/mario/master_ws/src/estun_control/include>
[1.351s] -- Configured cppcheck exclude dirs and/or files: 
[1.351s] -- Added test 'flake8' to check Python code syntax and style conventions
[1.351s] -- Configured 'flake8' exclude dirs and/or files: 
[1.352s] -- Added test 'lint_cmake' to check CMake code style
[1.352s] -- Added test 'pep257' to check Python code against some of the docstring style conventions in PEP 257
[1.353s] -- Added test 'uncrustify' to check C / C++ code style
[1.354s] -- Configured uncrustify additional arguments: 
[1.354s] -- Added test 'xmllint' to check XML markup files
[1.355s] -- Configuring done (1.3s)
[1.427s] -- Generating done (0.1s)
[1.446s] -- Build files have been written to: /home/mario/master_ws/build/estun_control
[1.546s] [ 33%] Built target mtc_estun
[1.546s] [ 66%] Built target cartesian_planner
[1.553s] [ 83%] [32mBuilding CXX object CMakeFiles/obstacle_planner.dir/src/obstacle_planner.cpp.o[0m
[3.387s] In file included from [01m[K/home/mario/master_ws/src/estun_control/src/obstacle_planner.cpp:1[m[K:
[3.388s] [01m[K/opt/ros/jazzy/include/moveit_ros_planning_interface/moveit/move_group_interface/move_group_interface.h:51:77:[m[K [01;36m[Knote: [m[K‘[01m[K#pragma message: .h header is obsolete. Please use the .hpp header instead.[m[K’
[3.388s]    51 | #pragma message(".h header is obsolete. Please use the .hpp header instead."[01;36m[K)[m[K
[3.388s]       |                                                                             [01;36m[K^[m[K
[6.223s] In file included from [01m[K/home/mario/master_ws/src/estun_control/src/obstacle_planner.cpp:2[m[K:
[6.224s] [01m[K/opt/ros/jazzy/include/moveit_ros_planning_interface/moveit/planning_scene_interface/planning_scene_interface.h:50:77:[m[K [01;36m[Knote: [m[K‘[01m[K#pragma message: .h header is obsolete. Please use the .hpp header instead.[m[K’
[6.224s]    50 | #pragma message(".h header is obsolete. Please use the .hpp header instead."[01;36m[K)[m[K
[6.224s]       |                                                                             [01;36m[K^[m[K
[7.093s] [01m[K/home/mario/master_ws/src/estun_control/src/obstacle_planner.cpp:49:30:[m[K [01;31m[Kerror: [m[K‘[01m[Krobot_interfaces[m[K’ was not declared in this scope; did you mean ‘[01m[Krcl_interfaces[m[K’?
[7.093s]    49 |         rclcpp::Subscription<[01;31m[Krobot_interfaces[m[K::msg::ObjectPose>::SharedPtr subscription_;
[7.093s]       |                              [01;31m[K^~~~~~~~~~~~~~~~[m[K
[7.093s]       |                              [32m[Krcl_interfaces[m[K
[7.094s] [01m[K/home/mario/master_ws/src/estun_control/src/obstacle_planner.cpp:49:63:[m[K [01;31m[Kerror: [m[Ktemplate argument 1 is invalid
[7.094s]    49 |         rclcpp::Subscription<robot_interfaces::msg::ObjectPose[01;31m[K>[m[K::SharedPtr subscription_;
[7.094s]       |                                                               [01;31m[K^[m[K
[7.094s] [01m[K/home/mario/master_ws/src/estun_control/src/obstacle_planner.cpp:49:63:[m[K [01;31m[Kerror: [m[Ktemplate argument 3 is invalid
[7.094s] [01m[K/home/mario/master_ws/src/estun_control/src/obstacle_planner.cpp:49:63:[m[K [01;31m[Kerror: [m[Ktemplate argument 4 is invalid
[7.094s] [01m[K/home/mario/master_ws/src/estun_control/src/obstacle_planner.cpp:49:63:[m[K [01;31m[Kerror: [m[Ktemplate argument 5 is invalid
[7.094s] [01m[K/home/mario/master_ws/src/estun_control/src/obstacle_planner.cpp:49:66:[m[K [01;31m[Kerror: [m[Kexpected ‘[01m[K;[m[K’ at end of member declaration
[7.094s]    49 |         rclcpp::Subscription<robot_interfaces::msg::ObjectPose>::[01;31m[KSharedPtr[m[K subscription_;
[7.094s]       |                                                                  [01;31m[K^~~~~~~~~[m[K
[7.095s]       |                                                                           [32m[K;[m[K
[7.098s] [01m[K/home/mario/master_ws/src/estun_control/src/obstacle_planner.cpp:49:76:[m[K [01;31m[Kerror: [m[K‘[01m[Ksubscription_[m[K’ does not name a type; did you mean ‘[01m[Krmw_subscription_t[m[K’?
[7.098s]    49 |         rclcpp::Subscription<robot_interfaces::msg::ObjectPose>::SharedPtr [01;31m[Ksubscription_[m[K;
[7.098s]       |                                                                            [01;31m[K^~~~~~~~~~~~~[m[K
[7.098s]       |                                                                            [32m[Krmw_subscription_t[m[K
[7.134s] [01m[K/home/mario/master_ws/src/estun_control/src/obstacle_planner.cpp:[m[K In member function ‘[01m[Kvoid ObstaclePlanner::[01;32m[Kobstacle_parser[m[K()[m[K’:
[7.134s] [01m[K/home/mario/master_ws/src/estun_control/src/obstacle_planner.cpp:321:22:[m[K [01;31m[Kerror: [m[K‘[01m[Kstd::string[m[K’ {aka ‘[01m[Kclass std::__cxx11::basic_string<char>[m[K’} has no member named ‘[01m[Kstarts_with[m[K’
[7.134s]   321 |         if(modelName.[01;31m[Kstarts_with[m[K("Probe") || modelName =="Sensor"){
[7.134s]       |                      [01;31m[K^~~~~~~~~~~[m[K
[9.683s] gmake[2]: *** [CMakeFiles/obstacle_planner.dir/build.make:76: CMakeFiles/obstacle_planner.dir/src/obstacle_planner.cpp.o] Fehler 1
[9.683s] gmake[1]: *** [CMakeFiles/Makefile2:167: CMakeFiles/obstacle_planner.dir/all] Fehler 2
[9.683s] gmake: *** [Makefile:146: all] Fehler 2
[9.686s] Invoked command in '/home/mario/master_ws/build/estun_control' returned '2': AMENT_PREFIX_PATH=/home/mario/master_ws/install/moveit_task_constructor_core:/home/mario/master_ws/install/rviz_marker_tools:/home/mario/master_ws/install/robot_interfaces:/home/mario/master_ws/install/moveit_task_constructor_msgs:${AMENT_PREFIX_PATH} CMAKE_PREFIX_PATH=/home/mario/master_ws/install/moveit_task_constructor_core:/home/mario/master_ws/install/rviz_marker_tools:/home/mario/master_ws/install/robot_interfaces:/home/mario/master_ws/install/moveit_task_constructor_msgs:/opt/ros/jazzy/opt/gz_sim_vendor:/opt/ros/jazzy/opt/gz_sensors_vendor:/opt/ros/jazzy/opt/gz_physics_vendor:/opt/ros/jazzy/opt/sdformat_vendor:/opt/ros/jazzy/opt/gz_gui_vendor:/opt/ros/jazzy/opt/gz_transport_vendor:/opt/ros/jazzy/opt/gz_rendering_vendor:/opt/ros/jazzy/opt/gz_plugin_vendor:/opt/ros/jazzy/opt/gz_fuel_tools_vendor:/opt/ros/jazzy/opt/gz_msgs_vendor:/opt/ros/jazzy/opt/gz_common_vendor:/opt/ros/jazzy/opt/gz_math_vendor:/opt/ros/jazzy/opt/gz_utils_vendor:/opt/ros/jazzy/opt/gz_tools_vendor:/opt/ros/jazzy/opt/gz_ogre_next_vendor:/opt/ros/jazzy/opt/gz_dartsim_vendor:/opt/ros/jazzy/opt/gz_cmake_vendor:/opt/ros/jazzy DEBUGINFOD_URLS=https://debuginfod.ubuntu.com LD_LIBRARY_PATH=/home/mario/master_ws/install/moveit_task_constructor_core/lib:/home/mario/master_ws/install/rviz_marker_tools/lib:/home/mario/master_ws/install/robot_interfaces/lib:/home/mario/master_ws/install/moveit_task_constructor_msgs/lib:${LD_LIBRARY_PATH} PYTHONPATH=/home/mario/master_ws/install/moveit_task_constructor_core/lib/python3.12/site-packages:/home/mario/master_ws/install/robot_interfaces/lib/python3.12/site-packages:/home/mario/master_ws/install/moveit_task_constructor_msgs/lib/python3.12/site-packages:${PYTHONPATH} /usr/bin/cmake --build /home/mario/master_ws/build/estun_control -- -j12 -l12
