[0.257s] Invoking command in '/home/mario/master_ws/build/vision_control': CMAKE_PREFIX_PATH=${CMAKE_PREFIX_PATH}:/home/mario/master_ws/install/estun_description:/opt/ros/jazzy DEBUGINFOD_URLS=https://debuginfod.ubuntu.com /usr/bin/cmake --build /home/mario/master_ws/build/vision_control -- -j12 -l12
[0.403s] [ 50%] [32mBuilding CXX object CMakeFiles/pcl_pose_estimation.dir/src/pcl_pose_estimation.cpp.o[0m
[6.846s] [01m[K/home/mario/master_ws/src/vision_control/src/pcl_pose_estimation.cpp:[m[K In member function ‘[01m[Kvoid PointCloudProcessor::[01;32m[Kgenerate_cylinder_master[m[K()[m[K’:
[6.846s] [01m[K/home/mario/master_ws/src/vision_control/src/pcl_pose_estimation.cpp:64:12:[m[K [01;35m[Kwarning: [m[Kunused variable ‘[01m[Kspacing_z[m[K’ [[01;35m[K]8;;https://gcc.gnu.org/onlinedocs/gcc/Warning-Options.html#index-Wunused-variable-Wunused-variable]8;;[m[K]
[6.846s]    64 |     double [01;35m[Kspacing_z[m[K= cyl_height/spaces_z;
[6.846s]       |            [01;35m[K^~~~~~~~~[m[K
[10.082s] [100%] [32m[1mLinking CXX executable pcl_pose_estimation[0m
[10.901s] [100%] Built target pcl_pose_estimation
[10.913s] Invoked command in '/home/mario/master_ws/build/vision_control' returned '0': CMAKE_PREFIX_PATH=${CMAKE_PREFIX_PATH}:/home/mario/master_ws/install/estun_description:/opt/ros/jazzy DEBUGINFOD_URLS=https://debuginfod.ubuntu.com /usr/bin/cmake --build /home/mario/master_ws/build/vision_control -- -j12 -l12
[10.915s] Invoking command in '/home/mario/master_ws/build/vision_control': CMAKE_PREFIX_PATH=${CMAKE_PREFIX_PATH}:/home/mario/master_ws/install/estun_description:/opt/ros/jazzy DEBUGINFOD_URLS=https://debuginfod.ubuntu.com /usr/bin/cmake --install /home/mario/master_ws/build/vision_control
[10.926s] -- Install configuration: ""
[10.926s] -- Installing: /home/mario/master_ws/install/vision_control/lib/vision_control/pcl_pose_estimation
[10.927s] -- Set non-toolchain portion of runtime path of "/home/mario/master_ws/install/vision_control/lib/vision_control/pcl_pose_estimation" to ""
[10.927s] -- Up-to-date: /home/mario/master_ws/install/vision_control/share/ament_index/resource_index/package_run_dependencies/vision_control
[10.927s] -- Up-to-date: /home/mario/master_ws/install/vision_control/share/ament_index/resource_index/parent_prefix_path/vision_control
[10.927s] -- Up-to-date: /home/mario/master_ws/install/vision_control/share/vision_control/environment/ament_prefix_path.sh
[10.928s] -- Up-to-date: /home/mario/master_ws/install/vision_control/share/vision_control/environment/ament_prefix_path.dsv
[10.928s] -- Up-to-date: /home/mario/master_ws/install/vision_control/share/vision_control/environment/path.sh
[10.928s] -- Up-to-date: /home/mario/master_ws/install/vision_control/share/vision_control/environment/path.dsv
[10.928s] -- Up-to-date: /home/mario/master_ws/install/vision_control/share/vision_control/local_setup.bash
[10.928s] -- Up-to-date: /home/mario/master_ws/install/vision_control/share/vision_control/local_setup.sh
[10.928s] -- Up-to-date: /home/mario/master_ws/install/vision_control/share/vision_control/local_setup.zsh
[10.928s] -- Up-to-date: /home/mario/master_ws/install/vision_control/share/vision_control/local_setup.dsv
[10.928s] -- Installing: /home/mario/master_ws/install/vision_control/share/vision_control/package.dsv
[10.928s] -- Up-to-date: /home/mario/master_ws/install/vision_control/share/ament_index/resource_index/packages/vision_control
[10.928s] -- Up-to-date: /home/mario/master_ws/install/vision_control/share/vision_control/cmake/vision_controlConfig.cmake
[10.928s] -- Up-to-date: /home/mario/master_ws/install/vision_control/share/vision_control/cmake/vision_controlConfig-version.cmake
[10.928s] -- Up-to-date: /home/mario/master_ws/install/vision_control/share/vision_control/package.xml
[10.930s] Invoked command in '/home/mario/master_ws/build/vision_control' returned '0': CMAKE_PREFIX_PATH=${CMAKE_PREFIX_PATH}:/home/mario/master_ws/install/estun_description:/opt/ros/jazzy DEBUGINFOD_URLS=https://debuginfod.ubuntu.com /usr/bin/cmake --install /home/mario/master_ws/build/vision_control
