[0.212s] Invoking command in '/home/mario/master_ws/build/estun_control': CMAKE_PREFIX_PATH=${CMAKE_PREFIX_PATH}:/home/mario/master_ws/install/estun_description:/home/mario/master_ws/install/Estun_description:/opt/ros/jazzy DEBUGINFOD_URLS=https://debuginfod.ubuntu.com /usr/bin/cmake --build /home/mario/master_ws/build/estun_control -- -j12 -l12
[0.275s] [ 50%] Built target cartesian_planner
[0.307s] [100%] Built target obstacle_planner
[0.318s] Invoked command in '/home/mario/master_ws/build/estun_control' returned '0': CMAKE_PREFIX_PATH=${CMAKE_PREFIX_PATH}:/home/mario/master_ws/install/estun_description:/home/mario/master_ws/install/Estun_description:/opt/ros/jazzy DEBUGINFOD_URLS=https://debuginfod.ubuntu.com /usr/bin/cmake --build /home/mario/master_ws/build/estun_control -- -j12 -l12
[0.328s] Invoking command in '/home/mario/master_ws/build/estun_control': CMAKE_PREFIX_PATH=${CMAKE_PREFIX_PATH}:/home/mario/master_ws/install/estun_description:/home/mario/master_ws/install/Estun_description:/opt/ros/jazzy DEBUGINFOD_URLS=https://debuginfod.ubuntu.com /usr/bin/cmake --install /home/mario/master_ws/build/estun_control
[0.335s] -- Install configuration: ""
[0.335s] -- Up-to-date: /home/mario/master_ws/install/estun_control/share/estun_control/launch
[0.335s] -- Up-to-date: /home/mario/master_ws/install/estun_control/share/estun_control/launch/estun_obstacle_planner.launch.py
[0.335s] -- Up-to-date: /home/mario/master_ws/install/estun_control/share/estun_control/launch/estun_cartesian.launch.py
[0.336s] -- Up-to-date: /home/mario/master_ws/install/estun_control/share/estun_control/meshes
[0.336s] -- Up-to-date: /home/mario/master_ws/install/estun_control/share/estun_control/meshes/arm_01_1.stl
[0.336s] -- Up-to-date: /home/mario/master_ws/install/estun_control/share/estun_control/meshes/test_part.stl
[0.336s] -- Up-to-date: /home/mario/master_ws/install/estun_control/lib/estun_control/cartesian_planner
[0.336s] -- Up-to-date: /home/mario/master_ws/install/estun_control/lib/estun_control/obstacle_planner
[0.336s] -- Up-to-date: /home/mario/master_ws/install/estun_control/share/ament_index/resource_index/package_run_dependencies/estun_control
[0.336s] -- Up-to-date: /home/mario/master_ws/install/estun_control/share/ament_index/resource_index/parent_prefix_path/estun_control
[0.337s] -- Up-to-date: /home/mario/master_ws/install/estun_control/share/estun_control/environment/ament_prefix_path.sh
[0.337s] -- Up-to-date: /home/mario/master_ws/install/estun_control/share/estun_control/environment/ament_prefix_path.dsv
[0.337s] -- Up-to-date: /home/mario/master_ws/install/estun_control/share/estun_control/environment/path.sh
[0.337s] -- Up-to-date: /home/mario/master_ws/install/estun_control/share/estun_control/environment/path.dsv
[0.337s] -- Up-to-date: /home/mario/master_ws/install/estun_control/share/estun_control/local_setup.bash
[0.337s] -- Up-to-date: /home/mario/master_ws/install/estun_control/share/estun_control/local_setup.sh
[0.337s] -- Up-to-date: /home/mario/master_ws/install/estun_control/share/estun_control/local_setup.zsh
[0.337s] -- Up-to-date: /home/mario/master_ws/install/estun_control/share/estun_control/local_setup.dsv
[0.337s] -- Installing: /home/mario/master_ws/install/estun_control/share/estun_control/package.dsv
[0.338s] -- Up-to-date: /home/mario/master_ws/install/estun_control/share/ament_index/resource_index/packages/estun_control
[0.338s] -- Up-to-date: /home/mario/master_ws/install/estun_control/share/estun_control/cmake/estun_controlConfig.cmake
[0.338s] -- Up-to-date: /home/mario/master_ws/install/estun_control/share/estun_control/cmake/estun_controlConfig-version.cmake
[0.338s] -- Up-to-date: /home/mario/master_ws/install/estun_control/share/estun_control/package.xml
[0.339s] Invoked command in '/home/mario/master_ws/build/estun_control' returned '0': CMAKE_PREFIX_PATH=${CMAKE_PREFIX_PATH}:/home/mario/master_ws/install/estun_description:/home/mario/master_ws/install/Estun_description:/opt/ros/jazzy DEBUGINFOD_URLS=https://debuginfod.ubuntu.com /usr/bin/cmake --install /home/mario/master_ws/build/estun_control
