[0.213s] Invoking command in '/home/mario/master_ws/build/estun_control': CMAKE_PREFIX_PATH=${CMAKE_PREFIX_PATH}:/home/mario/master_ws/install/estun_description:/home/mario/master_ws/install/Estun_description:/opt/ros/jazzy DEBUGINFOD_URLS=https://debuginfod.ubuntu.com /usr/bin/cmake --build /home/mario/master_ws/build/estun_control -- -j12 -l12
[0.277s] [ 50%] Built target cartesian_planner
[0.314s] [ 75%] [32mBuilding CXX object CMakeFiles/obstacle_planner.dir/src/obstacle_planner.cpp.o[0m
[2.233s] In file included from [01m[K/home/mario/master_ws/src/estun_control/src/obstacle_planner.cpp:1[m[K:
[2.233s] [01m[K/opt/ros/jazzy/include/moveit_ros_planning_interface/moveit/move_group_interface/move_group_interface.h:51:77:[m[K [01;36m[Knote: [m[K‘[01m[K#pragma message: .h header is obsolete. Please use the .hpp header instead.[m[K’
[2.233s]    51 | #pragma message(".h header is obsolete. Please use the .hpp header instead."[01;36m[K)[m[K
[2.233s]       |                                                                             [01;36m[K^[m[K
[5.172s] In file included from [01m[K/home/mario/master_ws/src/estun_control/src/obstacle_planner.cpp:2[m[K:
[5.172s] [01m[K/opt/ros/jazzy/include/moveit_ros_planning_interface/moveit/planning_scene_interface/planning_scene_interface.h:50:77:[m[K [01;36m[Knote: [m[K‘[01m[K#pragma message: .h header is obsolete. Please use the .hpp header instead.[m[K’
[5.173s]    50 | #pragma message(".h header is obsolete. Please use the .hpp header instead."[01;36m[K)[m[K
[5.173s]       |                                                                             [01;36m[K^[m[K
[9.490s] [100%] [32m[1mLinking CXX executable obstacle_planner[0m
[9.909s] [100%] Built target obstacle_planner
[9.921s] Invoked command in '/home/mario/master_ws/build/estun_control' returned '0': CMAKE_PREFIX_PATH=${CMAKE_PREFIX_PATH}:/home/mario/master_ws/install/estun_description:/home/mario/master_ws/install/Estun_description:/opt/ros/jazzy DEBUGINFOD_URLS=https://debuginfod.ubuntu.com /usr/bin/cmake --build /home/mario/master_ws/build/estun_control -- -j12 -l12
[9.922s] Invoking command in '/home/mario/master_ws/build/estun_control': CMAKE_PREFIX_PATH=${CMAKE_PREFIX_PATH}:/home/mario/master_ws/install/estun_description:/home/mario/master_ws/install/Estun_description:/opt/ros/jazzy DEBUGINFOD_URLS=https://debuginfod.ubuntu.com /usr/bin/cmake --install /home/mario/master_ws/build/estun_control
[9.931s] -- Install configuration: ""
[9.931s] -- Up-to-date: /home/mario/master_ws/install/estun_control/share/estun_control/launch
[9.931s] -- Up-to-date: /home/mario/master_ws/install/estun_control/share/estun_control/launch/estun_obstacle_planner.launch.py
[9.931s] -- Up-to-date: /home/mario/master_ws/install/estun_control/share/estun_control/launch/estun_cartesian.launch.py
[9.931s] -- Up-to-date: /home/mario/master_ws/install/estun_control/share/estun_control/meshes
[9.931s] -- Up-to-date: /home/mario/master_ws/install/estun_control/share/estun_control/meshes/arm_01_1.stl
[9.932s] -- Up-to-date: /home/mario/master_ws/install/estun_control/share/estun_control/meshes/test_part.stl
[9.932s] -- Up-to-date: /home/mario/master_ws/install/estun_control/lib/estun_control/cartesian_planner
[9.932s] -- Installing: /home/mario/master_ws/install/estun_control/lib/estun_control/obstacle_planner
[9.933s] -- Set non-toolchain portion of runtime path of "/home/mario/master_ws/install/estun_control/lib/estun_control/obstacle_planner" to ""
[9.934s] -- Up-to-date: /home/mario/master_ws/install/estun_control/share/ament_index/resource_index/package_run_dependencies/estun_control
[9.934s] -- Up-to-date: /home/mario/master_ws/install/estun_control/share/ament_index/resource_index/parent_prefix_path/estun_control
[9.934s] -- Up-to-date: /home/mario/master_ws/install/estun_control/share/estun_control/environment/ament_prefix_path.sh
[9.934s] -- Up-to-date: /home/mario/master_ws/install/estun_control/share/estun_control/environment/ament_prefix_path.dsv
[9.934s] -- Up-to-date: /home/mario/master_ws/install/estun_control/share/estun_control/environment/path.sh
[9.934s] -- Up-to-date: /home/mario/master_ws/install/estun_control/share/estun_control/environment/path.dsv
[9.934s] -- Up-to-date: /home/mario/master_ws/install/estun_control/share/estun_control/local_setup.bash
[9.934s] -- Up-to-date: /home/mario/master_ws/install/estun_control/share/estun_control/local_setup.sh
[9.935s] -- Up-to-date: /home/mario/master_ws/install/estun_control/share/estun_control/local_setup.zsh
[9.935s] -- Up-to-date: /home/mario/master_ws/install/estun_control/share/estun_control/local_setup.dsv
[9.935s] -- Installing: /home/mario/master_ws/install/estun_control/share/estun_control/package.dsv
[9.935s] -- Up-to-date: /home/mario/master_ws/install/estun_control/share/ament_index/resource_index/packages/estun_control
[9.935s] -- Up-to-date: /home/mario/master_ws/install/estun_control/share/estun_control/cmake/estun_controlConfig.cmake
[9.935s] -- Up-to-date: /home/mario/master_ws/install/estun_control/share/estun_control/cmake/estun_controlConfig-version.cmake
[9.936s] -- Up-to-date: /home/mario/master_ws/install/estun_control/share/estun_control/package.xml
[9.937s] Invoked command in '/home/mario/master_ws/build/estun_control' returned '0': CMAKE_PREFIX_PATH=${CMAKE_PREFIX_PATH}:/home/mario/master_ws/install/estun_description:/home/mario/master_ws/install/Estun_description:/opt/ros/jazzy DEBUGINFOD_URLS=https://debuginfod.ubuntu.com /usr/bin/cmake --install /home/mario/master_ws/build/estun_control
