[0.014s] Invoking command in '/home/mario/master_ws/build/estun_moveit': AMENT_PREFIX_PATH=/home/mario/master_ws/install/estun_description:/home/mario/master_ws/install/moveit_task_constructor_demo:/home/mario/master_ws/install/moveit_task_constructor_visualization:/home/mario/master_ws/install/moveit_task_constructor_capabilities:/home/mario/master_ws/install/estun_control:/home/mario/master_ws/install/moveit_task_constructor_core:/home/mario/master_ws/install/rviz_marker_tools:/home/mario/master_ws/install/pcl_processing:/home/mario/master_ws/install/moveit_task_constructor_msgs:/home/mario/master_ws/install/estun_moveit:/opt/ros/jazzy CMAKE_PREFIX_PATH=${CMAKE_PREFIX_PATH}:/home/mario/master_ws/install/estun_description:/opt/ros/jazzy DEBUGINFOD_URLS=https://debuginfod.ubuntu.com PYTHONPATH=/home/mario/master_ws/install/estun_description/lib/python3.12/site-packages:/home/mario/master_ws/install/moveit_task_constructor_core/lib/python3.12/site-packages:/home/mario/master_ws/install/moveit_task_constructor_msgs/lib/python3.12/site-packages:/opt/ros/jazzy/opt/gz_sim_vendor/lib/python:/opt/ros/jazzy/opt/sdformat_vendor/lib/python:/opt/ros/jazzy/opt/gz_transport_vendor/lib/python:/opt/ros/jazzy/opt/gz_msgs_vendor/lib/python:/opt/ros/jazzy/opt/gz_math_vendor/lib/python:/opt/ros/jazzy/lib/python3.12/site-packages /usr/bin/cmake /home/mario/master_ws/src/estun_moveit -DCMAKE_INSTALL_PREFIX=/home/mario/master_ws/install/estun_moveit
[0.073s] -- The C compiler identification is GNU 13.3.0
[0.129s] -- The CXX compiler identification is GNU 13.3.0
[0.148s] -- Detecting C compiler ABI info
[0.252s] -- Detecting C compiler ABI info - done
[0.263s] -- Check for working C compiler: /usr/bin/cc - skipped
[0.263s] -- Detecting C compile features
[0.263s] -- Detecting C compile features - done
[0.276s] -- Detecting CXX compiler ABI info
[0.394s] -- Detecting CXX compiler ABI info - done
[0.404s] -- Check for working CXX compiler: /usr/bin/c++ - skipped
[0.405s] -- Detecting CXX compile features
[0.405s] -- Detecting CXX compile features - done
[0.411s] -- Found ament_cmake: 2.5.6 (/opt/ros/jazzy/share/ament_cmake/cmake)
[0.581s] -- Found Python3: /usr/bin/python3 (found version "3.12.3") found components: Interpreter 
[0.812s] -- Configuring done (0.8s)
[0.814s] -- Generating done (0.0s)
[0.816s] -- Build files have been written to: /home/mario/master_ws/build/estun_moveit
[0.821s] Invoked command in '/home/mario/master_ws/build/estun_moveit' returned '0': AMENT_PREFIX_PATH=/home/mario/master_ws/install/estun_description:/home/mario/master_ws/install/moveit_task_constructor_demo:/home/mario/master_ws/install/moveit_task_constructor_visualization:/home/mario/master_ws/install/moveit_task_constructor_capabilities:/home/mario/master_ws/install/estun_control:/home/mario/master_ws/install/moveit_task_constructor_core:/home/mario/master_ws/install/rviz_marker_tools:/home/mario/master_ws/install/pcl_processing:/home/mario/master_ws/install/moveit_task_constructor_msgs:/home/mario/master_ws/install/estun_moveit:/opt/ros/jazzy CMAKE_PREFIX_PATH=${CMAKE_PREFIX_PATH}:/home/mario/master_ws/install/estun_description:/opt/ros/jazzy DEBUGINFOD_URLS=https://debuginfod.ubuntu.com PYTHONPATH=/home/mario/master_ws/install/estun_description/lib/python3.12/site-packages:/home/mario/master_ws/install/moveit_task_constructor_core/lib/python3.12/site-packages:/home/mario/master_ws/install/moveit_task_constructor_msgs/lib/python3.12/site-packages:/opt/ros/jazzy/opt/gz_sim_vendor/lib/python:/opt/ros/jazzy/opt/sdformat_vendor/lib/python:/opt/ros/jazzy/opt/gz_transport_vendor/lib/python:/opt/ros/jazzy/opt/gz_msgs_vendor/lib/python:/opt/ros/jazzy/opt/gz_math_vendor/lib/python:/opt/ros/jazzy/lib/python3.12/site-packages /usr/bin/cmake /home/mario/master_ws/src/estun_moveit -DCMAKE_INSTALL_PREFIX=/home/mario/master_ws/install/estun_moveit
[0.822s] Invoking command in '/home/mario/master_ws/build/estun_moveit': AMENT_PREFIX_PATH=/home/mario/master_ws/install/estun_description:/home/mario/master_ws/install/moveit_task_constructor_demo:/home/mario/master_ws/install/moveit_task_constructor_visualization:/home/mario/master_ws/install/moveit_task_constructor_capabilities:/home/mario/master_ws/install/estun_control:/home/mario/master_ws/install/moveit_task_constructor_core:/home/mario/master_ws/install/rviz_marker_tools:/home/mario/master_ws/install/pcl_processing:/home/mario/master_ws/install/moveit_task_constructor_msgs:/home/mario/master_ws/install/estun_moveit:/opt/ros/jazzy CMAKE_PREFIX_PATH=${CMAKE_PREFIX_PATH}:/home/mario/master_ws/install/estun_description:/opt/ros/jazzy DEBUGINFOD_URLS=https://debuginfod.ubuntu.com PYTHONPATH=/home/mario/master_ws/install/estun_description/lib/python3.12/site-packages:/home/mario/master_ws/install/moveit_task_constructor_core/lib/python3.12/site-packages:/home/mario/master_ws/install/moveit_task_constructor_msgs/lib/python3.12/site-packages:/opt/ros/jazzy/opt/gz_sim_vendor/lib/python:/opt/ros/jazzy/opt/sdformat_vendor/lib/python:/opt/ros/jazzy/opt/gz_transport_vendor/lib/python:/opt/ros/jazzy/opt/gz_msgs_vendor/lib/python:/opt/ros/jazzy/opt/gz_math_vendor/lib/python:/opt/ros/jazzy/lib/python3.12/site-packages /usr/bin/cmake --build /home/mario/master_ws/build/estun_moveit -- -j12 -l12
[0.864s] Invoked command in '/home/mario/master_ws/build/estun_moveit' returned '0': AMENT_PREFIX_PATH=/home/mario/master_ws/install/estun_description:/home/mario/master_ws/install/moveit_task_constructor_demo:/home/mario/master_ws/install/moveit_task_constructor_visualization:/home/mario/master_ws/install/moveit_task_constructor_capabilities:/home/mario/master_ws/install/estun_control:/home/mario/master_ws/install/moveit_task_constructor_core:/home/mario/master_ws/install/rviz_marker_tools:/home/mario/master_ws/install/pcl_processing:/home/mario/master_ws/install/moveit_task_constructor_msgs:/home/mario/master_ws/install/estun_moveit:/opt/ros/jazzy CMAKE_PREFIX_PATH=${CMAKE_PREFIX_PATH}:/home/mario/master_ws/install/estun_description:/opt/ros/jazzy DEBUGINFOD_URLS=https://debuginfod.ubuntu.com PYTHONPATH=/home/mario/master_ws/install/estun_description/lib/python3.12/site-packages:/home/mario/master_ws/install/moveit_task_constructor_core/lib/python3.12/site-packages:/home/mario/master_ws/install/moveit_task_constructor_msgs/lib/python3.12/site-packages:/opt/ros/jazzy/opt/gz_sim_vendor/lib/python:/opt/ros/jazzy/opt/sdformat_vendor/lib/python:/opt/ros/jazzy/opt/gz_transport_vendor/lib/python:/opt/ros/jazzy/opt/gz_msgs_vendor/lib/python:/opt/ros/jazzy/opt/gz_math_vendor/lib/python:/opt/ros/jazzy/lib/python3.12/site-packages /usr/bin/cmake --build /home/mario/master_ws/build/estun_moveit -- -j12 -l12
[0.874s] Invoking command in '/home/mario/master_ws/build/estun_moveit': AMENT_PREFIX_PATH=/home/mario/master_ws/install/estun_description:/home/mario/master_ws/install/moveit_task_constructor_demo:/home/mario/master_ws/install/moveit_task_constructor_visualization:/home/mario/master_ws/install/moveit_task_constructor_capabilities:/home/mario/master_ws/install/estun_control:/home/mario/master_ws/install/moveit_task_constructor_core:/home/mario/master_ws/install/rviz_marker_tools:/home/mario/master_ws/install/pcl_processing:/home/mario/master_ws/install/moveit_task_constructor_msgs:/home/mario/master_ws/install/estun_moveit:/opt/ros/jazzy CMAKE_PREFIX_PATH=${CMAKE_PREFIX_PATH}:/home/mario/master_ws/install/estun_description:/opt/ros/jazzy DEBUGINFOD_URLS=https://debuginfod.ubuntu.com PYTHONPATH=/home/mario/master_ws/install/estun_description/lib/python3.12/site-packages:/home/mario/master_ws/install/moveit_task_constructor_core/lib/python3.12/site-packages:/home/mario/master_ws/install/moveit_task_constructor_msgs/lib/python3.12/site-packages:/opt/ros/jazzy/opt/gz_sim_vendor/lib/python:/opt/ros/jazzy/opt/sdformat_vendor/lib/python:/opt/ros/jazzy/opt/gz_transport_vendor/lib/python:/opt/ros/jazzy/opt/gz_msgs_vendor/lib/python:/opt/ros/jazzy/opt/gz_math_vendor/lib/python:/opt/ros/jazzy/lib/python3.12/site-packages /usr/bin/cmake --install /home/mario/master_ws/build/estun_moveit
[0.881s] -- Install configuration: ""
[0.882s] -- Installing: /home/mario/master_ws/install/estun_moveit/share/ament_index/resource_index/package_run_dependencies/estun_moveit
[0.882s] -- Installing: /home/mario/master_ws/install/estun_moveit/share/ament_index/resource_index/parent_prefix_path/estun_moveit
[0.882s] -- Installing: /home/mario/master_ws/install/estun_moveit/share/estun_moveit/environment/ament_prefix_path.sh
[0.882s] -- Installing: /home/mario/master_ws/install/estun_moveit/share/estun_moveit/environment/ament_prefix_path.dsv
[0.882s] -- Installing: /home/mario/master_ws/install/estun_moveit/share/estun_moveit/environment/path.sh
[0.882s] -- Installing: /home/mario/master_ws/install/estun_moveit/share/estun_moveit/environment/path.dsv
[0.882s] -- Installing: /home/mario/master_ws/install/estun_moveit/share/estun_moveit/local_setup.bash
[0.883s] -- Installing: /home/mario/master_ws/install/estun_moveit/share/estun_moveit/local_setup.sh
[0.883s] -- Installing: /home/mario/master_ws/install/estun_moveit/share/estun_moveit/local_setup.zsh
[0.883s] -- Installing: /home/mario/master_ws/install/estun_moveit/share/estun_moveit/local_setup.dsv
[0.883s] -- Installing: /home/mario/master_ws/install/estun_moveit/share/estun_moveit/package.dsv
[0.883s] -- Installing: /home/mario/master_ws/install/estun_moveit/share/ament_index/resource_index/packages/estun_moveit
[0.883s] -- Installing: /home/mario/master_ws/install/estun_moveit/share/estun_moveit/cmake/estun_moveitConfig.cmake
[0.883s] -- Installing: /home/mario/master_ws/install/estun_moveit/share/estun_moveit/cmake/estun_moveitConfig-version.cmake
[0.884s] -- Installing: /home/mario/master_ws/install/estun_moveit/share/estun_moveit/package.xml
[0.884s] -- Installing: /home/mario/master_ws/install/estun_moveit/share/estun_moveit/launch
[0.884s] -- Installing: /home/mario/master_ws/install/estun_moveit/share/estun_moveit/launch/spawn_controllers.launch.py
[0.884s] -- Installing: /home/mario/master_ws/install/estun_moveit/share/estun_moveit/launch/demo.launch.py
[0.884s] -- Installing: /home/mario/master_ws/install/estun_moveit/share/estun_moveit/launch/rsp.launch.py
[0.884s] -- Installing: /home/mario/master_ws/install/estun_moveit/share/estun_moveit/launch/setup_assistant.launch.py
[0.884s] -- Installing: /home/mario/master_ws/install/estun_moveit/share/estun_moveit/launch/moveit_rviz.launch.py
[0.884s] -- Installing: /home/mario/master_ws/install/estun_moveit/share/estun_moveit/launch/warehouse_db.launch.py
[0.884s] -- Installing: /home/mario/master_ws/install/estun_moveit/share/estun_moveit/launch/estun_moveit.launch.py
[0.884s] -- Installing: /home/mario/master_ws/install/estun_moveit/share/estun_moveit/launch/move_group.launch.py
[0.885s] -- Installing: /home/mario/master_ws/install/estun_moveit/share/estun_moveit/launch/static_virtual_joint_tfs.launch.py
[0.885s] -- Installing: /home/mario/master_ws/install/estun_moveit/share/estun_moveit/config
[0.885s] -- Installing: /home/mario/master_ws/install/estun_moveit/share/estun_moveit/config/kinematics.yaml
[0.885s] -- Installing: /home/mario/master_ws/install/estun_moveit/share/estun_moveit/config/moveit_controllers.yaml
[0.885s] -- Installing: /home/mario/master_ws/install/estun_moveit/share/estun_moveit/config/joint_limits.yaml
[0.885s] -- Installing: /home/mario/master_ws/install/estun_moveit/share/estun_moveit/config/initial_positions.yaml
[0.885s] -- Installing: /home/mario/master_ws/install/estun_moveit/share/estun_moveit/config/moveit.rviz
[0.886s] -- Installing: /home/mario/master_ws/install/estun_moveit/share/estun_moveit/config/ros2_controllers.yaml
[0.886s] -- Installing: /home/mario/master_ws/install/estun_moveit/share/estun_moveit/config/pilz_cartesian_limits.yaml
[0.886s] -- Installing: /home/mario/master_ws/install/estun_moveit/share/estun_moveit/urdf
[0.886s] -- Installing: /home/mario/master_ws/install/estun_moveit/share/estun_moveit/urdf/custom_world.sdf
[0.886s] -- Installing: /home/mario/master_ws/install/estun_moveit/share/estun_moveit/urdf/estun.urdf.xacro
[0.886s] -- Installing: /home/mario/master_ws/install/estun_moveit/share/estun_moveit/urdf/estun.ros2_control.xacro
[0.887s] -- Installing: /home/mario/master_ws/install/estun_moveit/share/estun_moveit/urdf/estun.urdf
[0.887s] -- Installing: /home/mario/master_ws/install/estun_moveit/share/estun_moveit/urdf/estun.srdf
[0.887s] -- Installing: /home/mario/master_ws/install/estun_moveit/share/estun_moveit/.setup_assistant
[0.889s] Invoked command in '/home/mario/master_ws/build/estun_moveit' returned '0': AMENT_PREFIX_PATH=/home/mario/master_ws/install/estun_description:/home/mario/master_ws/install/moveit_task_constructor_demo:/home/mario/master_ws/install/moveit_task_constructor_visualization:/home/mario/master_ws/install/moveit_task_constructor_capabilities:/home/mario/master_ws/install/estun_control:/home/mario/master_ws/install/moveit_task_constructor_core:/home/mario/master_ws/install/rviz_marker_tools:/home/mario/master_ws/install/pcl_processing:/home/mario/master_ws/install/moveit_task_constructor_msgs:/home/mario/master_ws/install/estun_moveit:/opt/ros/jazzy CMAKE_PREFIX_PATH=${CMAKE_PREFIX_PATH}:/home/mario/master_ws/install/estun_description:/opt/ros/jazzy DEBUGINFOD_URLS=https://debuginfod.ubuntu.com PYTHONPATH=/home/mario/master_ws/install/estun_description/lib/python3.12/site-packages:/home/mario/master_ws/install/moveit_task_constructor_core/lib/python3.12/site-packages:/home/mario/master_ws/install/moveit_task_constructor_msgs/lib/python3.12/site-packages:/opt/ros/jazzy/opt/gz_sim_vendor/lib/python:/opt/ros/jazzy/opt/sdformat_vendor/lib/python:/opt/ros/jazzy/opt/gz_transport_vendor/lib/python:/opt/ros/jazzy/opt/gz_msgs_vendor/lib/python:/opt/ros/jazzy/opt/gz_math_vendor/lib/python:/opt/ros/jazzy/lib/python3.12/site-packages /usr/bin/cmake --install /home/mario/master_ws/build/estun_moveit
