[0.214s] Invoking command in '/home/mario/master_ws/build/estun_control': CMAKE_PREFIX_PATH=${CMAKE_PREFIX_PATH}:/home/mario/master_ws/install/estun_description:/home/mario/master_ws/install/Estun_description:/opt/ros/jazzy DEBUGINFOD_URLS=https://debuginfod.ubuntu.com /usr/bin/cmake /home/mario/master_ws/src/estun_control -DCMAKE_INSTALL_PREFIX=/home/mario/master_ws/install/estun_control
[0.302s] -- The C compiler identification is GNU 13.3.0
[0.357s] -- The CXX compiler identification is GNU 13.3.0
[0.380s] -- Detecting C compiler ABI info
[0.471s] -- Detecting C compiler ABI info - done
[0.479s] -- Check for working C compiler: /usr/bin/cc - skipped
[0.480s] -- Detecting C compile features
[0.480s] -- Detecting C compile features - done
[0.489s] -- Detecting CXX compiler ABI info
[0.590s] -- Detecting CXX compiler ABI info - done
[0.608s] -- Check for working CXX compiler: /usr/bin/c++ - skipped
[0.609s] -- Detecting CXX compile features
[0.610s] -- Detecting CXX compile features - done
[0.628s] -- Found ament_cmake: 2.5.6 (/opt/ros/jazzy/share/ament_cmake/cmake)
[0.781s] -- Found Python3: /usr/bin/python3 (found version "3.12.3") found components: Interpreter 
[0.928s] -- Found rclcpp: 28.1.21 (/opt/ros/jazzy/share/rclcpp/cmake)
[1.009s] -- Found rosidl_generator_c: 4.6.9 (/opt/ros/jazzy/share/rosidl_generator_c/cmake)
[1.032s] -- Found rosidl_generator_cpp: 4.6.9 (/opt/ros/jazzy/share/rosidl_generator_cpp/cmake)
[1.060s] -- Using all available rosidl_typesupport_c: rosidl_typesupport_fastrtps_c;rosidl_typesupport_introspection_c
[1.089s] -- Using all available rosidl_typesupport_cpp: rosidl_typesupport_fastrtps_cpp;rosidl_typesupport_introspection_cpp
[1.204s] -- Found rmw_implementation_cmake: 7.3.3 (/opt/ros/jazzy/share/rmw_implementation_cmake/cmake)
[1.211s] -- Found rmw_fastrtps_cpp: 8.4.4 (/opt/ros/jazzy/share/rmw_fastrtps_cpp/cmake)
[1.330s] -- Found OpenSSL: /usr/lib/x86_64-linux-gnu/libcrypto.so (found version "3.0.13")  
[1.355s] -- Found FastRTPS: /opt/ros/jazzy/include (Required is at least version "2.13") 
[1.377s] -- Using RMW implementation 'rmw_fastrtps_cpp' as default
[1.494s] -- Found moveit: 2.12.4 (/opt/ros/jazzy/share/moveit/cmake)
[1.499s] -- Found std_msgs: 5.3.8 (/opt/ros/jazzy/share/std_msgs/cmake)
[1.526s] -- Found moveit_msgs: 2.6.0 (/opt/ros/jazzy/share/moveit_msgs/cmake)
[1.813s] -- Found moveit_ros_planning_interface: 2.12.4 (/opt/ros/jazzy/share/moveit_ros_planning_interface/cmake)
[1.959s] -- Found Boost: /usr/lib/x86_64-linux-gnu/cmake/Boost-1.83.0/BoostConfig.cmake (found version "1.83.0") found components: date_time filesystem program_options system thread 
[1.998s] -- Found Boost: /usr/lib/x86_64-linux-gnu/cmake/Boost-1.83.0/BoostConfig.cmake (found version "1.83.0") found components: chrono date_time filesystem iostreams program_options regex serialization system thread 
[2.108s] -- Found parameter_traits: 0.7.3 (/opt/ros/jazzy/share/parameter_traits/cmake)
[2.143s] [0mCMake Deprecation Warning at /opt/ros/jazzy/share/tl_expected/cmake/tl_expectedConfig.cmake:37 (message):
[2.143s]   Package 'tl_expected' is deprecated (This package will be removed in ROS 2
[2.143s]   Lyrical Luth.
[2.144s] 
[2.144s]         Use tl/expected.hpp from libexpected-dev,
[2.144s]         or rcpputils/tl_expected/expected.hpp if the system header is not available)
[2.144s] Call Stack (most recent call first):
[2.144s]   /opt/ros/jazzy/share/parameter_traits/cmake/ament_cmake_export_dependencies-extras.cmake:21 (find_package)
[2.144s]   /opt/ros/jazzy/share/parameter_traits/cmake/parameter_traitsConfig.cmake:41 (include)
[2.144s]   /opt/ros/jazzy/share/generate_parameter_library/cmake/generate_parameter_library-extras.cmake:30 (find_package)
[2.144s]   /opt/ros/jazzy/share/generate_parameter_library/cmake/generate_parameter_libraryConfig.cmake:41 (include)
[2.144s]   /opt/ros/jazzy/share/moveit_core/cmake/ament_cmake_export_dependencies-extras.cmake:21 (find_package)
[2.144s]   /opt/ros/jazzy/share/moveit_core/cmake/moveit_coreConfig.cmake:41 (include)
[2.144s]   /opt/ros/jazzy/share/moveit_ros_planning_interface/cmake/ament_cmake_export_dependencies-extras.cmake:21 (find_package)
[2.144s]   /opt/ros/jazzy/share/moveit_ros_planning_interface/cmake/moveit_ros_planning_interfaceConfig.cmake:41 (include)
[2.145s]   CMakeLists.txt:15 (find_package)
[2.145s] 
[2.145s] [0m
[2.151s] -- Found rclcpp_lifecycle: 28.1.21 (/opt/ros/jazzy/share/rclcpp_lifecycle/cmake)
[2.300s] -- Found Eigen3: TRUE (found version "3.4.0") 
[2.301s] -- Ensuring Eigen3 include directory is part of orocos-kdl CMake target
[2.545s] -- Found Boost: /usr/lib/x86_64-linux-gnu/cmake/Boost-1.83.0/BoostConfig.cmake (found version "1.83.0") found components: system filesystem date_time program_options thread chrono 
[2.604s] -- Found Boost: /usr/lib/x86_64-linux-gnu/cmake/Boost-1.83.0/BoostConfig.cmake (found version "1.83.0") found components: thread system filesystem regex date_time program_options 
[2.638s] -- Found Boost: /usr/lib/x86_64-linux-gnu/cmake/Boost-1.83.0/BoostConfig.cmake (found version "1.83.0") found components: system filesystem date_time program_options thread 
[2.685s] -- Found Boost: /usr/lib/x86_64-linux-gnu/cmake/Boost-1.83.0/BoostConfig.cmake (found version "1.83.0") found components: thread 
[2.687s] -- Looking for sdformat14 -- found version 14.9.0
[2.696s] -- Searching for dependencies of sdformat14
[2.704s] -- Checking for module 'tinyxml2'
[2.723s] --   Found tinyxml2, version 10.0.0
[2.765s] -- Looking for gz-math7 -- found version 7.6.0
[2.765s] -- Searching for dependencies of gz-math7
[2.767s] -- Looking for gz-utils2 -- found version 2.2.1
[2.767s] -- Searching for dependencies of gz-utils2
[2.769s] -- Looking for gz-utils2 -- found version 2.2.1
[2.769s] -- Searching for dependencies of gz-utils2
[2.769s] -- Searching for <gz-utils2> component [cli]
[2.771s] -- Looking for gz-utils2-cli -- found version 2.2.1
[2.771s] -- Searching for dependencies of gz-utils2-cli
[2.781s] -- Found ament_lint_auto: 0.17.5 (/opt/ros/jazzy/share/ament_lint_auto/cmake)
[2.890s] -- Added test 'cppcheck' to perform static code analysis on C / C++ code
[2.890s] -- Configured cppcheck include dirs: 
[2.890s] -- Configured cppcheck exclude dirs and/or files: 
[2.891s] -- Added test 'flake8' to check Python code syntax and style conventions
[2.891s] -- Configured 'flake8' exclude dirs and/or files: 
[2.892s] -- Added test 'lint_cmake' to check CMake code style
[2.893s] -- Added test 'pep257' to check Python code against some of the docstring style conventions in PEP 257
[2.895s] -- Added test 'uncrustify' to check C / C++ code style
[2.895s] -- Configured uncrustify additional arguments: 
[2.895s] -- Added test 'xmllint' to check XML markup files
[2.897s] -- Configuring done (2.7s)
[2.937s] -- Generating done (0.0s)
[2.946s] -- Build files have been written to: /home/mario/master_ws/build/estun_control
[2.961s] Invoked command in '/home/mario/master_ws/build/estun_control' returned '0': CMAKE_PREFIX_PATH=${CMAKE_PREFIX_PATH}:/home/mario/master_ws/install/estun_description:/home/mario/master_ws/install/Estun_description:/opt/ros/jazzy DEBUGINFOD_URLS=https://debuginfod.ubuntu.com /usr/bin/cmake /home/mario/master_ws/src/estun_control -DCMAKE_INSTALL_PREFIX=/home/mario/master_ws/install/estun_control
[2.962s] Invoking command in '/home/mario/master_ws/build/estun_control': CMAKE_PREFIX_PATH=${CMAKE_PREFIX_PATH}:/home/mario/master_ws/install/estun_description:/home/mario/master_ws/install/Estun_description:/opt/ros/jazzy DEBUGINFOD_URLS=https://debuginfod.ubuntu.com /usr/bin/cmake --build /home/mario/master_ws/build/estun_control -- -j12 -l12
[3.024s] [ 50%] [32mBuilding CXX object CMakeFiles/obstacle_planner.dir/src/obstacle_planner.cpp.o[0m
[3.024s] [ 50%] [32mBuilding CXX object CMakeFiles/cartesian_planner.dir/src/cartesian_planner.cpp.o[0m
[3.700s] In file included from [01m[K/home/mario/master_ws/src/estun_control/src/cartesian_planner.cpp:1[m[K:
[3.700s] [01m[K/opt/ros/jazzy/include/moveit_ros_planning_interface/moveit/move_group_interface/move_group_interface.h:51:77:[m[K [01;36m[Knote: [m[K‘[01m[K#pragma message: .h header is obsolete. Please use the .hpp header instead.[m[K’
[3.701s]    51 | #pragma message(".h header is obsolete. Please use the .hpp header instead."[01;36m[K)[m[K
[3.701s]       |                                                                             [01;36m[K^[m[K
[4.895s] In file included from [01m[K/home/mario/master_ws/src/estun_control/src/obstacle_planner.cpp:1[m[K:
[4.896s] [01m[K/opt/ros/jazzy/include/moveit_ros_planning_interface/moveit/move_group_interface/move_group_interface.h:51:77:[m[K [01;36m[Knote: [m[K‘[01m[K#pragma message: .h header is obsolete. Please use the .hpp header instead.[m[K’
[4.896s]    51 | #pragma message(".h header is obsolete. Please use the .hpp header instead."[01;36m[K)[m[K
[4.896s]       |                                                                             [01;36m[K^[m[K
[6.669s] In file included from [01m[K/home/mario/master_ws/src/estun_control/src/cartesian_planner.cpp:2[m[K:
[6.669s] [01m[K/opt/ros/jazzy/include/moveit_ros_planning_interface/moveit/planning_scene_interface/planning_scene_interface.h:50:77:[m[K [01;36m[Knote: [m[K‘[01m[K#pragma message: .h header is obsolete. Please use the .hpp header instead.[m[K’
[6.669s]    50 | #pragma message(".h header is obsolete. Please use the .hpp header instead."[01;36m[K)[m[K
[6.669s]       |                                                                             [01;36m[K^[m[K
[6.714s] [01m[K/home/mario/master_ws/src/estun_control/src/cartesian_planner.cpp:[m[K In member function ‘[01m[Kvoid CartesianPlanner::[01;32m[Kplan[m[K()[m[K’:
[6.714s] [01m[K/home/mario/master_ws/src/estun_control/src/cartesian_planner.cpp:82:54:[m[K [01;35m[Kwarning: [m[K‘[01m[Kdouble moveit::planning_interface::MoveGroupInterface::[01;32m[KcomputeCartesianPath[m[K(const std::vector<geometry_msgs::msg::Pose_<std::allocator<void> > >&, double, double, moveit_msgs::msg::RobotTrajectory&, bool, moveit_msgs::msg::MoveItErrorCodes*)[m[K’ is deprecated: Drop jump_threshold [[01;35m[K]8;;https://gcc.gnu.org/onlinedocs/gcc/Warning-Options.html#index-Wdeprecated-declarations-Wdeprecated-declarations]8;;[m[K]
[6.714s]    82 |     double fraction = [01;35m[Kmove_group.computeCartesianPath(waypoints, step, jump_th, traj)[m[K; //Funktion gibt werte zwischen 0 und 1 zurück oder -1 für failed
[6.714s]       |                       [01;35m[K~~~~~~~~~~~~~~~~~~~~~~~~~~~~~~~^~~~~~~~~~~~~~~~~~~~~~~~~~~~~~~~[m[K
[6.714s] In file included from [01m[K/opt/ros/jazzy/include/moveit_ros_planning_interface/moveit/move_group_interface/move_group_interface.h:52[m[K:
[6.715s] [01m[K/opt/ros/jazzy/include/moveit_ros_planning_interface/moveit/move_group_interface/move_group_interface.hpp:765:3:[m[K [01;36m[Knote: [m[Kdeclared here
[6.715s]   765 |   [01;36m[KcomputeCartesianPath[m[K(const std::vector<geometry_msgs::msg::Pose>& waypoints, double eef_step,
[6.715s]       |   [01;36m[K^~~~~~~~~~~~~~~~~~~~[m[K
[6.715s] In file included from [01m[K/opt/ros/jazzy/include/rclcpp/rclcpp/logging.hpp:24[m[K,
[6.715s]                  from [01m[K/opt/ros/jazzy/include/moveit_core/moveit/kinematics_base/kinematics_base.hpp:42[m[K,
[6.715s]                  from [01m[K/opt/ros/jazzy/include/moveit_core/moveit/robot_model/joint_model_group.hpp:42[m[K,
[6.715s]                  from [01m[K/opt/ros/jazzy/include/moveit_core/moveit/robot_model/robot_model.hpp:45[m[K,
[6.715s]                  from [01m[K/opt/ros/jazzy/include/moveit_core/moveit/robot_state/robot_state.hpp:40[m[K,
[6.715s]                  from [01m[K/opt/ros/jazzy/include/moveit_ros_planning_interface/moveit/move_group_interface/move_group_interface.hpp:41[m[K:
[6.715s] [01m[K/home/mario/master_ws/src/estun_control/src/cartesian_planner.cpp:87:61:[m[K [01;35m[Kwarning: [m[Kformat ‘[01m[K%d[m[K’ expects argument of type ‘[01m[Kint[m[K’, but argument 5 has type ‘[01m[Kdouble[m[K’ [[01;35m[K]8;;https://gcc.gnu.org/onlinedocs/gcc/Warning-Options.html#index-Wformat=-Wformat=]8;;[m[K]
[6.716s]    87 |         RCLCPP_ERROR(rclcpp::get_logger("moveit_executor"), [01;35m[K"Trajectory calculation failed | fraction: %d"[m[K, [32m[Kfraction[m[K);
[6.716s]       |                                                             [01;35m[K^~~~~~~~~~~~~~~~~~~~~~~~~~~~~~~~~~~~~~~~~~~~~~[m[K  [32m[K~~~~~~~~[m[K
[6.716s]       |                                                                                                             [32m[K|[m[K
[6.716s]       |                                                                                                             [32m[Kdouble[m[K
[6.716s] [01m[K/home/mario/master_ws/src/estun_control/src/cartesian_planner.cpp:87:105:[m[K [01;36m[Knote: [m[Kformat string is defined here
[6.716s]    87 |     RCLCPP_ERROR(rclcpp::get_logger("moveit_executor"), "Trajectory calculation failed | fraction: [01;36m[K%d[m[K", fraction);
[6.716s]       |                                                                                                    [01;36m[K~^[m[K
[6.716s]       |                                                                                                     [01;36m[K|[m[K
[6.716s]       |                                                                                                     [01;36m[Kint[m[K
[6.716s]       |                                                                                                    [32m[K%f[m[K
[7.835s] In file included from [01m[K/home/mario/master_ws/src/estun_control/src/obstacle_planner.cpp:2[m[K:
[7.836s] [01m[K/opt/ros/jazzy/include/moveit_ros_planning_interface/moveit/planning_scene_interface/planning_scene_interface.h:50:77:[m[K [01;36m[Knote: [m[K‘[01m[K#pragma message: .h header is obsolete. Please use the .hpp header instead.[m[K’
[7.836s]    50 | #pragma message(".h header is obsolete. Please use the .hpp header instead."[01;36m[K)[m[K
[7.836s]       |                                                                             [01;36m[K^[m[K
[9.013s] [ 75%] [32m[1mLinking CXX executable cartesian_planner[0m
[9.354s] [ 75%] Built target cartesian_planner
[12.440s] [100%] [32m[1mLinking CXX executable obstacle_planner[0m
[12.853s] [100%] Built target obstacle_planner
[12.865s] Invoked command in '/home/mario/master_ws/build/estun_control' returned '0': CMAKE_PREFIX_PATH=${CMAKE_PREFIX_PATH}:/home/mario/master_ws/install/estun_description:/home/mario/master_ws/install/Estun_description:/opt/ros/jazzy DEBUGINFOD_URLS=https://debuginfod.ubuntu.com /usr/bin/cmake --build /home/mario/master_ws/build/estun_control -- -j12 -l12
[12.867s] Invoking command in '/home/mario/master_ws/build/estun_control': CMAKE_PREFIX_PATH=${CMAKE_PREFIX_PATH}:/home/mario/master_ws/install/estun_description:/home/mario/master_ws/install/Estun_description:/opt/ros/jazzy DEBUGINFOD_URLS=https://debuginfod.ubuntu.com /usr/bin/cmake --install /home/mario/master_ws/build/estun_control
[12.874s] -- Install configuration: ""
[12.874s] -- Up-to-date: /home/mario/master_ws/install/estun_control/share/estun_control/launch
[12.874s] -- Up-to-date: /home/mario/master_ws/install/estun_control/share/estun_control/launch/estun_obstacle_planner.launch.py
[12.874s] -- Up-to-date: /home/mario/master_ws/install/estun_control/share/estun_control/launch/estun_cartesian.launch.py
[12.874s] -- Up-to-date: /home/mario/master_ws/install/estun_control/share/estun_control/meshes
[12.874s] -- Up-to-date: /home/mario/master_ws/install/estun_control/share/estun_control/meshes/arm_01_1.stl
[12.874s] -- Up-to-date: /home/mario/master_ws/install/estun_control/share/estun_control/meshes/test_part.stl
[12.874s] -- Up-to-date: /home/mario/master_ws/install/estun_control/share/estun_control/meshes/Palettenwagen.stl
[12.875s] -- Installing: /home/mario/master_ws/install/estun_control/lib/estun_control/cartesian_planner
[12.875s] -- Set non-toolchain portion of runtime path of "/home/mario/master_ws/install/estun_control/lib/estun_control/cartesian_planner" to ""
[12.876s] -- Installing: /home/mario/master_ws/install/estun_control/lib/estun_control/obstacle_planner
[12.878s] -- Set non-toolchain portion of runtime path of "/home/mario/master_ws/install/estun_control/lib/estun_control/obstacle_planner" to ""
[12.878s] -- Installing: /home/mario/master_ws/install/estun_control/share/ament_index/resource_index/package_run_dependencies/estun_control
[12.878s] -- Installing: /home/mario/master_ws/install/estun_control/share/ament_index/resource_index/parent_prefix_path/estun_control
[12.878s] -- Up-to-date: /home/mario/master_ws/install/estun_control/share/estun_control/environment/ament_prefix_path.sh
[12.878s] -- Installing: /home/mario/master_ws/install/estun_control/share/estun_control/environment/ament_prefix_path.dsv
[12.878s] -- Up-to-date: /home/mario/master_ws/install/estun_control/share/estun_control/environment/path.sh
[12.878s] -- Installing: /home/mario/master_ws/install/estun_control/share/estun_control/environment/path.dsv
[12.879s] -- Installing: /home/mario/master_ws/install/estun_control/share/estun_control/local_setup.bash
[12.879s] -- Installing: /home/mario/master_ws/install/estun_control/share/estun_control/local_setup.sh
[12.879s] -- Installing: /home/mario/master_ws/install/estun_control/share/estun_control/local_setup.zsh
[12.879s] -- Installing: /home/mario/master_ws/install/estun_control/share/estun_control/local_setup.dsv
[12.879s] -- Installing: /home/mario/master_ws/install/estun_control/share/estun_control/package.dsv
[12.879s] -- Installing: /home/mario/master_ws/install/estun_control/share/ament_index/resource_index/packages/estun_control
[12.879s] -- Installing: /home/mario/master_ws/install/estun_control/share/estun_control/cmake/estun_controlConfig.cmake
[12.880s] -- Installing: /home/mario/master_ws/install/estun_control/share/estun_control/cmake/estun_controlConfig-version.cmake
[12.880s] -- Up-to-date: /home/mario/master_ws/install/estun_control/share/estun_control/package.xml
[12.882s] Invoked command in '/home/mario/master_ws/build/estun_control' returned '0': CMAKE_PREFIX_PATH=${CMAKE_PREFIX_PATH}:/home/mario/master_ws/install/estun_description:/home/mario/master_ws/install/Estun_description:/opt/ros/jazzy DEBUGINFOD_URLS=https://debuginfod.ubuntu.com /usr/bin/cmake --install /home/mario/master_ws/build/estun_control
