[0.214s] Invoking command in '/home/mario/master_ws/build/estun_control': CMAKE_PREFIX_PATH=${CMAKE_PREFIX_PATH}:/home/mario/master_ws/install/estun_description:/home/mario/master_ws/install/Estun_description:/opt/ros/jazzy DEBUGINFOD_URLS=https://debuginfod.ubuntu.com /usr/bin/cmake --build /home/mario/master_ws/build/estun_control -- -j12 -l12
[0.279s] [ 50%] Built target cartesian_planner
[0.313s] [ 75%] [32mBuilding CXX object CMakeFiles/obstacle_planner.dir/src/obstacle_planner.cpp.o[0m
[2.182s] In file included from [01m[K/home/mario/master_ws/src/estun_control/src/obstacle_planner.cpp:1[m[K:
[2.183s] [01m[K/opt/ros/jazzy/include/moveit_ros_planning_interface/moveit/move_group_interface/move_group_interface.h:51:77:[m[K [01;36m[Knote: [m[K‘[01m[K#pragma message: .h header is obsolete. Please use the .hpp header instead.[m[K’
[2.183s]    51 | #pragma message(".h header is obsolete. Please use the .hpp header instead."[01;36m[K)[m[K
[2.183s]       |                                                                             [01;36m[K^[m[K
[5.194s] In file included from [01m[K/home/mario/master_ws/src/estun_control/src/obstacle_planner.cpp:2[m[K:
[5.194s] [01m[K/opt/ros/jazzy/include/moveit_ros_planning_interface/moveit/planning_scene_interface/planning_scene_interface.h:50:77:[m[K [01;36m[Knote: [m[K‘[01m[K#pragma message: .h header is obsolete. Please use the .hpp header instead.[m[K’
[5.194s]    50 | #pragma message(".h header is obsolete. Please use the .hpp header instead."[01;36m[K)[m[K
[5.195s]       |                                                                             [01;36m[K^[m[K
[9.653s] [100%] [32m[1mLinking CXX executable obstacle_planner[0m
[10.073s] [100%] Built target obstacle_planner
[10.085s] Invoked command in '/home/mario/master_ws/build/estun_control' returned '0': CMAKE_PREFIX_PATH=${CMAKE_PREFIX_PATH}:/home/mario/master_ws/install/estun_description:/home/mario/master_ws/install/Estun_description:/opt/ros/jazzy DEBUGINFOD_URLS=https://debuginfod.ubuntu.com /usr/bin/cmake --build /home/mario/master_ws/build/estun_control -- -j12 -l12
[10.087s] Invoking command in '/home/mario/master_ws/build/estun_control': CMAKE_PREFIX_PATH=${CMAKE_PREFIX_PATH}:/home/mario/master_ws/install/estun_description:/home/mario/master_ws/install/Estun_description:/opt/ros/jazzy DEBUGINFOD_URLS=https://debuginfod.ubuntu.com /usr/bin/cmake --install /home/mario/master_ws/build/estun_control
[10.094s] -- Install configuration: ""
[10.095s] -- Up-to-date: /home/mario/master_ws/install/estun_control/share/estun_control/launch
[10.095s] -- Up-to-date: /home/mario/master_ws/install/estun_control/share/estun_control/launch/estun_obstacle_planner.launch.py
[10.095s] -- Up-to-date: /home/mario/master_ws/install/estun_control/share/estun_control/launch/estun_cartesian.launch.py
[10.095s] -- Up-to-date: /home/mario/master_ws/install/estun_control/share/estun_control/meshes
[10.095s] -- Up-to-date: /home/mario/master_ws/install/estun_control/share/estun_control/meshes/arm_01_1.stl
[10.095s] -- Up-to-date: /home/mario/master_ws/install/estun_control/share/estun_control/meshes/test_part.stl
[10.096s] -- Up-to-date: /home/mario/master_ws/install/estun_control/lib/estun_control/cartesian_planner
[10.096s] -- Installing: /home/mario/master_ws/install/estun_control/lib/estun_control/obstacle_planner
[10.098s] -- Set non-toolchain portion of runtime path of "/home/mario/master_ws/install/estun_control/lib/estun_control/obstacle_planner" to ""
[10.098s] -- Up-to-date: /home/mario/master_ws/install/estun_control/share/ament_index/resource_index/package_run_dependencies/estun_control
[10.098s] -- Up-to-date: /home/mario/master_ws/install/estun_control/share/ament_index/resource_index/parent_prefix_path/estun_control
[10.098s] -- Up-to-date: /home/mario/master_ws/install/estun_control/share/estun_control/environment/ament_prefix_path.sh
[10.098s] -- Up-to-date: /home/mario/master_ws/install/estun_control/share/estun_control/environment/ament_prefix_path.dsv
[10.098s] -- Up-to-date: /home/mario/master_ws/install/estun_control/share/estun_control/environment/path.sh
[10.099s] -- Up-to-date: /home/mario/master_ws/install/estun_control/share/estun_control/environment/path.dsv
[10.099s] -- Up-to-date: /home/mario/master_ws/install/estun_control/share/estun_control/local_setup.bash
[10.099s] -- Up-to-date: /home/mario/master_ws/install/estun_control/share/estun_control/local_setup.sh
[10.099s] -- Up-to-date: /home/mario/master_ws/install/estun_control/share/estun_control/local_setup.zsh
[10.099s] -- Up-to-date: /home/mario/master_ws/install/estun_control/share/estun_control/local_setup.dsv
[10.099s] -- Installing: /home/mario/master_ws/install/estun_control/share/estun_control/package.dsv
[10.100s] -- Up-to-date: /home/mario/master_ws/install/estun_control/share/ament_index/resource_index/packages/estun_control
[10.101s] -- Up-to-date: /home/mario/master_ws/install/estun_control/share/estun_control/cmake/estun_controlConfig.cmake
[10.101s] -- Up-to-date: /home/mario/master_ws/install/estun_control/share/estun_control/cmake/estun_controlConfig-version.cmake
[10.101s] -- Up-to-date: /home/mario/master_ws/install/estun_control/share/estun_control/package.xml
[10.101s] Invoked command in '/home/mario/master_ws/build/estun_control' returned '0': CMAKE_PREFIX_PATH=${CMAKE_PREFIX_PATH}:/home/mario/master_ws/install/estun_description:/home/mario/master_ws/install/Estun_description:/opt/ros/jazzy DEBUGINFOD_URLS=https://debuginfod.ubuntu.com /usr/bin/cmake --install /home/mario/master_ws/build/estun_control
