[0.012s] Invoking command in '/home/mario/master_ws/build/vision_control': CMAKE_PREFIX_PATH=${CMAKE_PREFIX_PATH}:/home/mario/master_ws/install/estun_description:/opt/ros/jazzy DEBUGINFOD_URLS=https://debuginfod.ubuntu.com /usr/bin/cmake --build /home/mario/master_ws/build/vision_control -- -j12 -l12
[0.125s] [ 50%] [32mBuilding CXX object CMakeFiles/pcl_pose_estimation.dir/src/pcl_pose_estimation.cpp.o[0m
[21.100s] [100%] [32m[1mLinking CXX executable pcl_pose_estimation[0m
[26.530s] [100%] Built target pcl_pose_estimation
[26.546s] Invoked command in '/home/mario/master_ws/build/vision_control' returned '0': CMAKE_PREFIX_PATH=${CMAKE_PREFIX_PATH}:/home/mario/master_ws/install/estun_description:/opt/ros/jazzy DEBUGINFOD_URLS=https://debuginfod.ubuntu.com /usr/bin/cmake --build /home/mario/master_ws/build/vision_control -- -j12 -l12
[26.560s] Invoking command in '/home/mario/master_ws/build/vision_control': CMAKE_PREFIX_PATH=${CMAKE_PREFIX_PATH}:/home/mario/master_ws/install/estun_description:/opt/ros/jazzy DEBUGINFOD_URLS=https://debuginfod.ubuntu.com /usr/bin/cmake --install /home/mario/master_ws/build/vision_control
[26.569s] -- Install configuration: ""
[26.570s] -- Installing: /home/mario/master_ws/install/vision_control/lib/vision_control/pcl_pose_estimation
[26.583s] -- Set non-toolchain portion of runtime path of "/home/mario/master_ws/install/vision_control/lib/vision_control/pcl_pose_estimation" to ""
[26.583s] -- Up-to-date: /home/mario/master_ws/install/vision_control/share/ament_index/resource_index/package_run_dependencies/vision_control
[26.583s] -- Up-to-date: /home/mario/master_ws/install/vision_control/share/ament_index/resource_index/parent_prefix_path/vision_control
[26.583s] -- Up-to-date: /home/mario/master_ws/install/vision_control/share/vision_control/environment/ament_prefix_path.sh
[26.584s] -- Up-to-date: /home/mario/master_ws/install/vision_control/share/vision_control/environment/ament_prefix_path.dsv
[26.584s] -- Up-to-date: /home/mario/master_ws/install/vision_control/share/vision_control/environment/path.sh
[26.584s] -- Up-to-date: /home/mario/master_ws/install/vision_control/share/vision_control/environment/path.dsv
[26.584s] -- Up-to-date: /home/mario/master_ws/install/vision_control/share/vision_control/local_setup.bash
[26.584s] -- Up-to-date: /home/mario/master_ws/install/vision_control/share/vision_control/local_setup.sh
[26.584s] -- Up-to-date: /home/mario/master_ws/install/vision_control/share/vision_control/local_setup.zsh
[26.584s] -- Up-to-date: /home/mario/master_ws/install/vision_control/share/vision_control/local_setup.dsv
[26.585s] -- Installing: /home/mario/master_ws/install/vision_control/share/vision_control/package.dsv
[26.585s] -- Up-to-date: /home/mario/master_ws/install/vision_control/share/ament_index/resource_index/packages/vision_control
[26.585s] -- Up-to-date: /home/mario/master_ws/install/vision_control/share/vision_control/cmake/vision_controlConfig.cmake
[26.585s] -- Up-to-date: /home/mario/master_ws/install/vision_control/share/vision_control/cmake/vision_controlConfig-version.cmake
[26.585s] -- Up-to-date: /home/mario/master_ws/install/vision_control/share/vision_control/package.xml
[26.587s] Invoked command in '/home/mario/master_ws/build/vision_control' returned '0': CMAKE_PREFIX_PATH=${CMAKE_PREFIX_PATH}:/home/mario/master_ws/install/estun_description:/opt/ros/jazzy DEBUGINFOD_URLS=https://debuginfod.ubuntu.com /usr/bin/cmake --install /home/mario/master_ws/build/vision_control
