[0.267s] Invoking command in '/home/mario/master_ws/build/vision_control': CMAKE_PREFIX_PATH=${CMAKE_PREFIX_PATH}:/home/mario/master_ws/install/estun_description:/opt/ros/jazzy DEBUGINFOD_URLS=https://debuginfod.ubuntu.com /usr/bin/cmake --build /home/mario/master_ws/build/vision_control -- -j12 -l12
[0.307s] -- Found ament_cmake: 2.5.6 (/opt/ros/jazzy/share/ament_cmake/cmake)
[0.521s] -- Found rclcpp: 28.1.22 (/opt/ros/jazzy/share/rclcpp/cmake)
[0.584s] -- Found rosidl_generator_c: 4.6.9 (/opt/ros/jazzy/share/rosidl_generator_c/cmake)
[0.585s] -- Found rosidl_generator_cpp: 4.6.9 (/opt/ros/jazzy/share/rosidl_generator_cpp/cmake)
[0.593s] -- Using all available rosidl_typesupport_c: rosidl_typesupport_fastrtps_c;rosidl_typesupport_introspection_c
[0.610s] -- Using all available rosidl_typesupport_cpp: rosidl_typesupport_fastrtps_cpp;rosidl_typesupport_introspection_cpp
[0.677s] -- Found rmw_implementation_cmake: 7.3.3 (/opt/ros/jazzy/share/rmw_implementation_cmake/cmake)
[0.680s] -- Found rmw_fastrtps_cpp: 8.4.4 (/opt/ros/jazzy/share/rmw_fastrtps_cpp/cmake)
[0.772s] -- Using RMW implementation 'rmw_fastrtps_cpp' as default
[0.876s] -- Found pcl_ros: 2.6.5 (/opt/ros/jazzy/share/pcl_ros/cmake)
[1.035s] [33mCMake Warning (dev) at /usr/lib/x86_64-linux-gnu/cmake/pcl/Modules/FindFLANN.cmake:45 (find_package):
[1.036s]   Policy CMP0144 is not set: find_package uses upper-case <PACKAGENAME>_ROOT
[1.036s]   variables.  Run "cmake --help-policy CMP0144" for policy details.  Use the
[1.036s]   cmake_policy command to set the policy and suppress this warning.
[1.036s] 
[1.036s]   CMake variable FLANN_ROOT is set to:
[1.036s] 
[1.036s]     /usr
[1.036s] 
[1.036s]   For compatibility, find_package is ignoring the variable, but code in a
[1.036s]   .cmake module might still use it.
[1.036s] Call Stack (most recent call first):
[1.036s]   /usr/lib/x86_64-linux-gnu/cmake/pcl/PCLConfig.cmake:261 (find_package)
[1.037s]   /usr/lib/x86_64-linux-gnu/cmake/pcl/PCLConfig.cmake:306 (find_flann)
[1.037s]   /usr/lib/x86_64-linux-gnu/cmake/pcl/PCLConfig.cmake:570 (find_external_library)
[1.037s]   /opt/ros/jazzy/share/pcl_conversions/cmake/ament_cmake_export_dependencies-extras.cmake:21 (find_package)
[1.037s]   /opt/ros/jazzy/share/pcl_conversions/cmake/pcl_conversionsConfig.cmake:41 (include)
[1.037s]   /opt/ros/jazzy/share/pcl_ros/cmake/ament_cmake_export_dependencies-extras.cmake:21 (find_package)
[1.037s]   /opt/ros/jazzy/share/pcl_ros/cmake/pcl_rosConfig.cmake:41 (include)
[1.037s]   CMakeLists.txt:14 (find_package)
[1.037s] This warning is for project developers.  Use -Wno-dev to suppress it.
[1.037s] [0m
[1.037s] -- Found flann version 1.9.2
[1.785s] -- OpenNI found (version: 1.5.4.0, include: /usr/include/ni, lib: /usr/lib/libOpenNI.so;libusb::libusb)
[1.793s] -- OpenNI2 found (version: 2.2.0.33, include: /usr/include/openni2, lib: /usr/lib/x86_64-linux-gnu/libOpenNI2.so;libusb::libusb)
[1.797s] -- Could NOT find Pcap (missing: PCAP_LIBRARIES PCAP_INCLUDE_DIRS) 
[2.398s] -- OpenNI found (version: 1.5.4.0, include: /usr/include/ni, lib: /usr/lib/libOpenNI.so;libusb::libusb)
[2.405s] -- OpenNI2 found (version: 2.2.0.33, include: /usr/include/openni2, lib: /usr/lib/x86_64-linux-gnu/libOpenNI2.so;libusb::libusb)
[2.928s] -- Found Qhull version 8.0.2
[3.441s] -- OpenNI found (version: 1.5.4.0, include: /usr/include/ni, lib: /usr/lib/libOpenNI.so;libusb::libusb)
[4.062s] -- Found eigen3_cmake_module: 0.3.1 (/opt/ros/jazzy/share/eigen3_cmake_module/cmake)
[4.063s] -- Ensuring Eigen3 include directory is part of orocos-kdl CMake target
[4.071s] -- Found ament_lint_auto: 0.17.5 (/opt/ros/jazzy/share/ament_lint_auto/cmake)
[4.155s] -- Added test 'cppcheck' to perform static code analysis on C / C++ code
[4.155s] -- Configured cppcheck include dirs: 
[4.155s] -- Configured cppcheck exclude dirs and/or files: 
[4.156s] -- Added test 'lint_cmake' to check CMake code style
[4.157s] -- Added test 'uncrustify' to check C / C++ code style
[4.157s] -- Configured uncrustify additional arguments: 
[4.157s] -- Added test 'xmllint' to check XML markup files
[4.158s] -- Configuring done (3.9s)
[4.223s] -- Generating done (0.0s)
[4.229s] -- Build files have been written to: /home/mario/master_ws/build/vision_control
[4.298s] [ 50%] [32mBuilding CXX object CMakeFiles/pcl_pose_estimation.dir/src/pcl_pose_estimation.cpp.o[0m
[13.448s] [100%] [32m[1mLinking CXX executable pcl_pose_estimation[0m
[14.205s] [100%] Built target pcl_pose_estimation
