[0mmoveit_task_constructor_capabilities: You did not request a specific build type: Choosing 'Release' for maximum performance[0m
[0mCMake Deprecation Warning at /opt/ros/jazzy/share/tl_expected/cmake/tl_expectedConfig.cmake:37 (message):
  Package 'tl_expected' is deprecated (This package will be removed in ROS 2
  Lyrical Luth.

        Use tl/expected.hpp from libexpected-dev,
        or rcpputils/tl_expected/expected.hpp if the system header is not available)
Call Stack (most recent call first):
  /opt/ros/jazzy/share/parameter_traits/cmake/ament_cmake_export_dependencies-extras.cmake:21 (find_package)
  /opt/ros/jazzy/share/parameter_traits/cmake/parameter_traitsConfig.cmake:41 (include)
  /opt/ros/jazzy/share/generate_parameter_library/cmake/generate_parameter_library-extras.cmake:30 (find_package)
  /opt/ros/jazzy/share/generate_parameter_library/cmake/generate_parameter_libraryConfig.cmake:41 (include)
  /opt/ros/jazzy/share/moveit_core/cmake/ament_cmake_export_dependencies-extras.cmake:21 (find_package)
  /opt/ros/jazzy/share/moveit_core/cmake/moveit_coreConfig.cmake:41 (include)
  CMakeLists.txt:10 (find_package)

[0m
In file included from [01m[K/opt/ros/jazzy/include/parameter_traits/parameter_traits/parameter_traits.hpp:37[m[K,
                 from [01m[K/opt/ros/jazzy/include/moveit_ros_planning/kinematics_parameters.hpp:26[m[K,
                 from [01m[K/opt/ros/jazzy/include/moveit_ros_planning/moveit/kinematics_plugin_loader/kinematics_plugin_loader.hpp:43[m[K,
                 from [01m[K/opt/ros/jazzy/include/moveit_ros_planning/moveit/robot_model_loader/robot_model_loader.hpp:42[m[K,
                 from [01m[K/opt/ros/jazzy/include/moveit_ros_planning/moveit/planning_scene_monitor/planning_scene_monitor.hpp:44[m[K,
                 from [01m[K/opt/ros/jazzy/include/moveit_ros_move_group/moveit/move_group/move_group_capability.hpp:40[m[K,
                 from [01m[K/home/mario/master_ws/src/moveit_task_constructor/capabilities/src/execute_task_solution_capability.h:44[m[K,
                 from [01m[K/home/mario/master_ws/src/moveit_task_constructor/capabilities/src/execute_task_solution_capability.cpp:37[m[K:
[01m[K/opt/ros/jazzy/include/tl_expected/expected.hpp:18:167:[m[K [01;36m[Knote: [m[K‘[01m[K#pragma message: tl_expected/expected.hpp is deprecated. Use <tl/expected.hpp> from libexpected-dev, or <rcpputils/tl_expected/expected.hpp> if the system header is not available.[m[K’
   18 | tils/tl_expected/expected.hpp> if the system header is not available."[01;36m[K)[m[K // NOLINT
      |                                                                       [01;36m[K^[m[K

